\BOOKMARK [0][-]{chapter.1}{\376\377\000C\000o\000n\000t\000e\000x\000t\000o\000\040\000h\000i\000s\000t\000\363\000r\000i\000c\000o\000\040\000y\000\040\000c\000u\000l\000t\000u\000r\000a\000l\000\040\000d\000e\000\040\000l\000a\000\040\000o\000r\000a\000l\000i\000d\000a\000d\000\040\000p\000r\000o\000c\000e\000s\000a\000l}{}% 1
\BOOKMARK [1][-]{section.1.1}{\376\377\000A\000n\000t\000e\000c\000e\000d\000e\000n\000t\000e\000s\000\040\000h\000i\000s\000t\000\363\000r\000i\000c\000o\000s\000\040\000d\000e\000\040\000l\000a\000\040\000o\000r\000a\000l\000i\000d\000a\000d\000\040\000e\000n\000\040\000e\000l\000\040\000p\000r\000o\000c\000e\000s\000o\000\040\000c\000i\000v\000i\000l\000\040\000a\000r\000g\000e\000n\000t\000i\000n\000o}{chapter.1}% 2
\BOOKMARK [2][-]{subsection.1.1.1}{\376\377\000L\000a\000\040\000d\000e\000u\000d\000a\000\040\000p\000e\000n\000d\000i\000e\000n\000t\000e\000\040\000c\000o\000n\000\040\000l\000a\000\040\000o\000r\000a\000l\000i\000d\000a\000d}{section.1.1}% 3
\BOOKMARK [2][-]{subsection.1.1.2}{\376\377\000C\000r\000o\000n\000o\000l\000o\000g\000\355\000a\000\040\000d\000e\000\040\000l\000o\000s\000\040\000i\000n\000t\000e\000n\000t\000o\000s\000\040\000d\000e\000\040\000r\000e\000f\000o\000r\000m\000a}{section.1.1}% 4
\BOOKMARK [1][-]{section.1.2}{\376\377\000C\000o\000m\000p\000a\000r\000a\000c\000i\000\363\000n\000:\000\040\000C\000\363\000d\000i\000g\000o\000\040\000N\000a\000c\000i\000o\000n\000a\000l\000\040\000y\000\040\000C\000\363\000d\000i\000g\000o\000\040\000d\000e\000\040\000l\000a\000\040\000P\000r\000o\000v\000i\000n\000c\000i\000a\000\040\000d\000e\000\040\000B\000u\000e\000n\000o\000s\000\040\000A\000i\000r\000e\000s}{chapter.1}% 5
\BOOKMARK [1][-]{section.1.3}{\376\377\000E\000l\000\040\000c\000o\000n\000d\000i\000c\000i\000o\000n\000a\000m\000i\000e\000n\000t\000o\000\040\000c\000u\000l\000t\000u\000r\000a\000l\000\040\000c\000o\000m\000o\000\040\000v\000e\000r\000d\000a\000d\000e\000r\000a\000\040\000b\000a\000r\000r\000e\000r\000a}{chapter.1}% 6
\BOOKMARK [0][-]{chapter.2}{\376\377\000L\000a\000\040\000a\000u\000d\000i\000e\000n\000c\000i\000a\000\040\000p\000r\000e\000l\000i\000m\000i\000n\000a\000r}{}% 7
\BOOKMARK [1][-]{section.2.1}{\376\377\000C\000o\000n\000c\000e\000p\000t\000o\000\040\000y\000\040\000f\000i\000n\000a\000l\000i\000d\000a\000d\000\040\000d\000e\000\040\000l\000a\000\040\000a\000u\000d\000i\000e\000n\000c\000i\000a\000\040\000p\000r\000e\000l\000i\000m\000i\000n\000a\000r}{chapter.2}% 8
\BOOKMARK [1][-]{section.2.2}{\376\377\000E\000l\000\040\000a\000r\000t\000\355\000c\000u\000l\000o\000\040\0003\0006\0000\000\040\000d\000e\000l\000\040\000C\000P\000C\000C\000N\000\040\000y\000\040\000l\000a\000\040\000o\000b\000l\000i\000g\000a\000t\000o\000r\000i\000e\000d\000a\000d\000\040\000d\000e\000\040\000l\000a\000\040\000a\000u\000d\000i\000e\000n\000c\000i\000a}{chapter.2}% 9
\BOOKMARK [1][-]{section.2.3}{\376\377\000P\000r\000o\000b\000l\000e\000m\000a\000s\000\040\000p\000r\000\341\000c\000t\000i\000c\000o\000s\000:\000\040\000l\000a\000\040\000r\000e\000s\000i\000s\000t\000e\000n\000c\000i\000a\000\040\000j\000u\000d\000i\000c\000i\000a\000l\000\040\000y\000\040\000s\000u\000\040\000c\000o\000n\000t\000e\000x\000t\000o}{chapter.2}% 10
\BOOKMARK [2][-]{subsection.2.3.1}{\376\377\000\277\000P\000o\000r\000\040\000q\000u\000\351\000\040\000l\000o\000s\000\040\000a\000b\000o\000g\000a\000d\000o\000s\000\040\000n\000o\000\040\000c\000o\000n\000t\000r\000o\000l\000a\000n\000\040\000e\000l\000\040\000c\000u\000m\000p\000l\000i\000m\000i\000e\000n\000t\000o\000?}{section.2.3}% 11
\BOOKMARK [2][-]{subsection.2.3.2}{\376\377\000L\000a\000\040\000s\000o\000l\000u\000c\000i\000\363\000n\000\040\000v\000i\000r\000t\000u\000o\000s\000a\000:\000\040\000e\000s\000t\000a\000d\000\355\000s\000t\000i\000c\000a\000s\000\040\000y\000\040\000c\000o\000m\000p\000e\000t\000e\000n\000c\000i\000a\000\040\000s\000a\000n\000a}{section.2.3}% 12
\BOOKMARK [0][-]{chapter.3}{\376\377\000L\000o\000s\000\040\000i\000n\000c\000i\000s\000o\000s\000\040\000d\000e\000l\000\040\000a\000r\000t\000\355\000c\000u\000l\000o\000\040\0003\0006\0000\000\040\000e\000n\000\040\000d\000e\000t\000a\000l\000l\000e}{}% 13
\BOOKMARK [1][-]{section.3.1}{\376\377\000I\000n\000c\000i\000s\000o\000\040\0001\000\040\040\024\000\040\000C\000o\000n\000c\000i\000l\000i\000a\000c\000i\000\363\000n}{chapter.3}% 14
\BOOKMARK [1][-]{section.3.2}{\376\377\000I\000n\000c\000i\000s\000o\000\040\0002\000\040\040\024\000\040\000R\000e\000e\000n\000v\000\355\000o\000\040\000a\000\040\000m\000e\000d\000i\000a\000c\000i\000\363\000n\000\040\000p\000r\000e\000j\000u\000d\000i\000c\000i\000a\000l}{chapter.3}% 15
\BOOKMARK [1][-]{section.3.3}{\376\377\000I\000n\000c\000i\000s\000o\000\040\0003\000\040\040\024\000\040\000F\000i\000j\000a\000c\000i\000\363\000n\000\040\000d\000e\000\040\000h\000e\000c\000h\000o\000s\000\040\000c\000o\000n\000d\000u\000c\000e\000n\000t\000e\000s}{chapter.3}% 16
\BOOKMARK [2][-]{subsection.3.3.1}{\376\377\000D\000e\000c\000l\000a\000r\000a\000c\000i\000\363\000n\000\040\000d\000e\000\040\000p\000u\000r\000o\000\040\000d\000e\000r\000e\000c\000h\000o\000\040\040\024\000\040\000a\000r\000t\000\355\000c\000u\000l\000o\000\040\0003\0005\0009}{section.3.3}% 17
\BOOKMARK [1][-]{section.3.4}{\376\377\000I\000n\000c\000i\000s\000o\000\040\0004\000\040\040\024\000\040\000P\000r\000u\000e\000b\000a\000\040\000c\000o\000n\000f\000e\000s\000i\000o\000n\000a\000l\000\040\000e\000n\000\040\000l\000a\000\040\000a\000u\000d\000i\000e\000n\000c\000i\000a}{chapter.3}% 18
\BOOKMARK [1][-]{section.3.5}{\376\377\000I\000n\000c\000i\000s\000o\000\040\0005\000\040\040\024\000\040\000O\000r\000d\000e\000n\000a\000m\000i\000e\000n\000t\000o\000\040\000d\000e\000\040\000l\000o\000s\000\040\000m\000e\000d\000i\000o\000s\000\040\000d\000e\000\040\000p\000r\000u\000e\000b\000a}{chapter.3}% 19
\BOOKMARK [1][-]{section.3.6}{\376\377\000I\000n\000c\000i\000s\000o\000\040\0006\000\040\040\024\000\040\000D\000e\000c\000l\000a\000r\000a\000c\000i\000\363\000n\000\040\000d\000e\000\040\000p\000u\000r\000o\000\040\000d\000e\000r\000e\000c\000h\000o\000\040\000e\000n\000\040\000l\000a\000\040\000a\000u\000d\000i\000e\000n\000c\000i\000a}{chapter.3}% 20
\BOOKMARK [0][-]{chapter.4}{\376\377\000H\000e\000c\000h\000o\000s\000\040\000e\000x\000i\000m\000i\000d\000o\000s\000\040\000d\000e\000\040\000p\000r\000u\000e\000b\000a}{}% 21
\BOOKMARK [1][-]{section.4.1}{\376\377\000H\000e\000c\000h\000o\000s\000\040\000r\000e\000c\000o\000n\000o\000c\000i\000d\000o\000s}{chapter.4}% 22
\BOOKMARK [1][-]{section.4.2}{\376\377\000H\000e\000c\000h\000o\000s\000\040\000p\000r\000e\000s\000u\000m\000i\000d\000o\000s\000\040\000l\000e\000g\000a\000l\000m\000e\000n\000t\000e}{chapter.4}% 23
\BOOKMARK [1][-]{section.4.3}{\376\377\000H\000e\000c\000h\000o\000s\000\040\000n\000o\000t\000o\000r\000i\000o\000s\000\040\000y\000\040\000h\000e\000c\000h\000o\000s\000\040\000e\000v\000i\000d\000e\000n\000t\000e\000s}{chapter.4}% 24
\BOOKMARK [1][-]{section.4.4}{\376\377\000H\000e\000c\000h\000o\000s\000\040\000i\000m\000p\000o\000s\000i\000b\000l\000e\000s\000\040\000y\000\040\000m\000\341\000x\000i\000m\000a\000s\000\040\000d\000e\000\040\000e\000x\000p\000e\000r\000i\000e\000n\000c\000i\000a}{chapter.4}% 25
\BOOKMARK [1][-]{section.4.5}{\376\377\000L\000a\000\040\000l\000e\000y\000\040\000y\000\040\000e\000l\000\040\000d\000e\000r\000e\000c\000h\000o\000\040\000e\000x\000t\000r\000a\000n\000j\000e\000r\000o}{chapter.4}% 26
\BOOKMARK [0][-]{chapter.5}{\376\377\000R\000e\000p\000a\000s\000o\000\040\000g\000e\000n\000e\000r\000a\000l\000:\000\040\000c\000u\000a\000d\000r\000o\000\040\000C\000o\000r\000n\000e\000l\000l}{}% 27
