\BOOKMARK [0][-]{chapter*.2}{\376\377\000P\000r\000e\000s\000e\000n\000t\000a\000c\000i\000\363\000n}{}% 1
\BOOKMARK [0][-]{chapter*.3}{\376\377\000T\000e\000m\000a\000s\000\040\000T\000r\000a\000t\000a\000d\000o\000s}{}% 2
\BOOKMARK [0][-]{chapter*.4}{\376\377\000R\000e\000l\000e\000v\000a\000n\000c\000i\000a\000\040\000P\000r\000o\000f\000e\000s\000i\000o\000n\000a\000l}{}% 3
\BOOKMARK [0][-]{chapter*.6}{\376\377\000\315\000n\000d\000i\000c\000e\000\040\000T\000e\000m\000\341\000t\000i\000c\000o}{}% 4
\BOOKMARK [0][-]{chapter.1}{\376\377\000E\000l\000\040\000D\000e\000r\000e\000c\000h\000o\000\040\000C\000o\000m\000o\000\040\000L\000e\000n\000g\000u\000a\000j\000e}{}% 5
\BOOKMARK [1][-]{section.1.1}{\376\377\000U\000n\000i\000d\000a\000d\000\040\0001\000:\000\040\000L\000a\000\040\000P\000a\000l\000a\000b\000r\000a\000\040\000C\000o\000m\000o\000\040\000H\000e\000r\000r\000a\000m\000i\000e\000n\000t\000a\000\040\000d\000e\000\040\000T\000r\000a\000b\000a\000j\000o\000\040\000d\000e\000l\000\040\000A\000b\000o\000g\000a\000d\000o}{chapter.1}% 6
\BOOKMARK [1][-]{section.1.2}{\376\377\000U\000n\000i\000d\000a\000d\000\040\0002\000:\000\040\000E\000s\000t\000r\000u\000c\000t\000u\000r\000a\000\040\000L\000\363\000g\000i\000c\000a\000\040\000d\000e\000\040\000l\000a\000s\000\040\000N\000o\000r\000m\000a\000s\000:\000\040\000M\000a\000n\000d\000a\000t\000o\000\040\000y\000\040\000P\000e\000r\000m\000i\000s\000o}{chapter.1}% 7
\BOOKMARK [1][-]{section.1.3}{\376\377\000U\000n\000i\000d\000a\000d\000\040\0003\000:\000\040\000L\000a\000\040\000S\000a\000n\000c\000i\000\363\000n\000\040\000C\000o\000m\000o\000\040\000E\000l\000e\000m\000e\000n\000t\000o\000\040\000E\000s\000e\000n\000c\000i\000a\000l\000\040\000d\000e\000\040\000T\000o\000d\000a\000\040\000N\000o\000r\000m\000a}{chapter.1}% 8
\BOOKMARK [0][-]{chapter.2}{\376\377\000T\000i\000p\000o\000s\000\040\000d\000e\000\040\000P\000r\000o\000c\000e\000s\000o\000\040\000J\000u\000d\000i\000c\000i\000a\000l}{}% 9
\BOOKMARK [1][-]{section.2.1}{\376\377\000U\000n\000i\000d\000a\000d\000\040\0004\000:\000\040\000O\000r\000g\000a\000n\000i\000z\000a\000c\000i\000\363\000n\000\040\000d\000e\000l\000\040\000C\000\363\000d\000i\000g\000o\000\040\000P\000r\000o\000c\000e\000s\000a\000l}{chapter.2}% 10
\BOOKMARK [1][-]{section.2.2}{\376\377\000U\000n\000i\000d\000a\000d\000\040\0005\000:\000\040\000P\000r\000o\000c\000e\000s\000o\000\040\000d\000e\000\040\000C\000o\000n\000o\000c\000i\000m\000i\000e\000n\000t\000o\000\040\000y\000\040\000P\000r\000o\000c\000e\000s\000o\000\040\000E\000j\000e\000c\000u\000t\000i\000v\000o}{chapter.2}% 11
\BOOKMARK [1][-]{section.2.3}{\376\377\000U\000n\000i\000d\000a\000d\000\040\0006\000:\000\040\000C\000o\000s\000a\000\040\000J\000u\000z\000g\000a\000d\000a\000\040\000F\000o\000r\000m\000a\000l\000\040\000y\000\040\000C\000o\000s\000a\000\040\000J\000u\000z\000g\000a\000d\000a\000\040\000M\000a\000t\000e\000r\000i\000a\000l}{chapter.2}% 12
\BOOKMARK [1][-]{section.2.4}{\376\377\000U\000n\000i\000d\000a\000d\000\040\0007\000:\000\040\000O\000r\000d\000i\000n\000a\000r\000i\000o\000,\000\040\000S\000u\000m\000a\000r\000i\000o\000\040\000y\000\040\000S\000u\000m\000a\000r\000\355\000s\000i\000m\000o}{chapter.2}% 13
\BOOKMARK [1][-]{section.2.5}{\376\377\000U\000n\000i\000d\000a\000d\000\040\0008\000:\000\040\000E\000l\000\040\000P\000r\000o\000c\000e\000s\000o\000\040\000d\000e\000\040\000E\000j\000e\000c\000u\000c\000i\000\363\000n\000\040\000d\000e\000\040\000S\000e\000n\000t\000e\000n\000c\000i\000a}{chapter.2}% 14
\BOOKMARK [0][-]{chapter.3}{\376\377\000L\000a\000\040\000C\000o\000n\000s\000t\000r\000u\000c\000c\000i\000\363\000n\000\040\000d\000e\000\040\000l\000a\000\040\000D\000e\000m\000a\000n\000d\000a}{}% 15
\BOOKMARK [1][-]{section.3.1}{\376\377\000U\000n\000i\000d\000a\000d\000\040\0009\000:\000\040\000D\000e\000\040\000l\000o\000s\000\040\000H\000e\000c\000h\000o\000s\000\040\000a\000l\000\040\000P\000r\000o\000c\000e\000s\000o}{chapter.3}% 16
\BOOKMARK [1][-]{section.3.2}{\376\377\000U\000n\000i\000d\000a\000d\000\040\0001\0000\000:\000\040\000L\000a\000\040\000E\000n\000t\000r\000e\000v\000i\000s\000t\000a\000\040\000c\000o\000n\000\040\000e\000l\000\040\000C\000l\000i\000e\000n\000t\000e\000\040\000y\000\040\000l\000a\000\040\000R\000e\000c\000o\000n\000s\000t\000r\000u\000c\000c\000i\000\363\000n\000\040\000d\000e\000l\000\040\000R\000e\000l\000a\000t\000o}{chapter.3}% 17
\BOOKMARK [1][-]{section.3.3}{\376\377\000U\000n\000i\000d\000a\000d\000\040\0001\0001\000:\000\040\000E\000s\000t\000r\000a\000t\000e\000g\000i\000a\000\040\000P\000r\000o\000c\000e\000s\000a\000l\000\040\000y\000\040\000S\000e\000l\000e\000c\000c\000i\000\363\000n\000\040\000d\000e\000\040\000l\000o\000s\000\040\000H\000e\000c\000h\000o\000s}{chapter.3}% 18
\BOOKMARK [1][-]{section.3.4}{\376\377\000U\000n\000i\000d\000a\000d\000\040\0001\0002\000:\000\040\000V\000e\000r\000d\000a\000d\000\040\000R\000e\000a\000l\000\040\000y\000\040\000V\000e\000r\000d\000a\000d\000\040\000P\000r\000o\000c\000e\000s\000a\000l}{chapter.3}% 19
\BOOKMARK [0][-]{chapter.4}{\376\377\000I\000n\000i\000c\000i\000o\000\040\000d\000e\000l\000\040\000P\000r\000o\000c\000e\000s\000o\000,\000\040\000C\000o\000m\000p\000e\000t\000e\000n\000c\000i\000a\000\040\000e\000\040\000I\000n\000c\000i\000d\000e\000n\000t\000e\000s}{}% 20
\BOOKMARK [1][-]{section.4.1}{\376\377\000U\000n\000i\000d\000a\000d\000\040\0001\0003\000:\000\040\000M\000e\000d\000i\000a\000c\000i\000\363\000n\000\040\000P\000r\000e\000j\000u\000d\000i\000c\000i\000a\000l\000\040\000e\000\040\000I\000n\000i\000c\000i\000o\000\040\000d\000e\000l\000\040\000P\000r\000o\000c\000e\000s\000o}{chapter.4}% 21
\BOOKMARK [1][-]{section.4.2}{\376\377\000U\000n\000i\000d\000a\000d\000\040\0001\0004\000:\000\040\000E\000f\000e\000c\000t\000o\000s\000\040\000d\000e\000\040\000l\000a\000\040\000I\000n\000t\000e\000r\000p\000o\000s\000i\000c\000i\000\363\000n\000\040\000d\000e\000\040\000l\000a\000\040\000D\000e\000m\000a\000n\000d\000a}{chapter.4}% 22
\BOOKMARK [1][-]{section.4.3}{\376\377\000U\000n\000i\000d\000a\000d\000\040\0001\0005\000:\000\040\000L\000o\000s\000\040\000I\000n\000c\000i\000d\000e\000n\000t\000e\000s}{chapter.4}% 23
\BOOKMARK [0][-]{chapter.5}{\376\377\000T\000a\000l\000l\000e\000r\000\040\000d\000e\000\040\000R\000e\000d\000a\000c\000c\000i\000\363\000n\000\040\000d\000e\000\040\000E\000s\000c\000r\000i\000t\000o\000s\000\040\000J\000u\000d\000i\000c\000i\000a\000l\000e\000s}{}% 24
\BOOKMARK [1][-]{section.5.1}{\376\377\000U\000n\000i\000d\000a\000d\000\040\0001\0006\000:\000\040\000E\000s\000t\000r\000u\000c\000t\000u\000r\000a\000\040\000F\000o\000r\000m\000a\000l\000\040\000d\000e\000\040\000u\000n\000\040\000E\000s\000c\000r\000i\000t\000o\000\040\000J\000u\000d\000i\000c\000i\000a\000l}{chapter.5}% 25
\BOOKMARK [1][-]{section.5.2}{\376\377\000U\000n\000i\000d\000a\000d\000\040\0001\0007\000:\000\040\000E\000j\000e\000r\000c\000i\000c\000i\000o\000\040\000d\000e\000\040\000R\000e\000d\000a\000c\000c\000i\000\363\000n\000:\000\040\000E\000s\000c\000r\000i\000t\000o\000\040\000d\000e\000\040\000M\000e\000r\000o\000\040\000T\000r\000\341\000m\000i\000t\000e}{chapter.5}% 26
\BOOKMARK [1][-]{section.5.3}{\376\377\000U\000n\000i\000d\000a\000d\000\040\0001\0008\000:\000\040\000E\000j\000e\000r\000c\000i\000c\000i\000o\000\040\000d\000e\000\040\000R\000e\000d\000a\000c\000c\000i\000\363\000n\000:\000\040\000E\000s\000c\000r\000i\000t\000o\000\040\000F\000u\000n\000d\000a\000d\000o}{chapter.5}% 27
\BOOKMARK [0][-]{chapter.6}{\376\377\000R\000\351\000g\000i\000m\000e\000n\000\040\000d\000e\000\040\000N\000o\000t\000i\000f\000i\000c\000a\000c\000i\000o\000n\000e\000s\000\040\000y\000\040\000P\000l\000a\000z\000o\000s\000\040\000P\000r\000o\000c\000e\000s\000a\000l\000e\000s}{}% 28
\BOOKMARK [1][-]{section.6.1}{\376\377\000U\000n\000i\000d\000a\000d\000\040\0001\0009\000:\000\040\000F\000o\000r\000m\000a\000s\000\040\000d\000e\000\040\000N\000o\000t\000i\000f\000i\000c\000a\000c\000i\000\363\000n}{chapter.6}% 29
\BOOKMARK [1][-]{section.6.2}{\376\377\000U\000n\000i\000d\000a\000d\000\040\0002\0000\000:\000\040\000C\000\363\000m\000p\000u\000t\000o\000\040\000d\000e\000\040\000P\000l\000a\000z\000o\000s\000\040\000y\000\040\000P\000r\000e\000c\000l\000u\000s\000i\000\363\000n\000\040\000P\000r\000o\000c\000e\000s\000a\000l}{chapter.6}% 30
\BOOKMARK [0][-]{chapter.7}{\376\377\000C\000u\000a\000d\000r\000o\000\040\000d\000e\000\040\000R\000e\000p\000a\000s\000o\000:\000\040\000M\000\351\000t\000o\000d\000o\000\040\000C\000o\000r\000n\000e\000l\000l}{}% 31
