This is pdfTeX, Version 3.14159265-2.6-1.40.20 (TeX Live 2019/Debian) (preloaded format=pdflatex 2022.2.24)  14 MAR 2022 13:57
entering extended mode
 restricted \write18 enabled.
 %&-line parsing enabled.
**Doc.tex
(./Doc.tex
LaTeX2e <2020-02-02> patch level 2
L3 programming layer <2020-02-14>
(/usr/share/texlive/texmf-dist/tex/latex/base/book.cls
Document Class: book 2019/12/20 v1.4l Standard LaTeX document class
(/usr/share/texlive/texmf-dist/tex/latex/base/bk12.clo
File: bk12.clo 2019/12/20 v1.4l Standard LaTeX file (size option)
)
\c@part=\count167
\c@chapter=\count168
\c@section=\count169
\c@subsection=\count170
\c@subsubsection=\count171
\c@paragraph=\count172
\c@subparagraph=\count173
\c@figure=\count174
\c@table=\count175
\abovecaptionskip=\skip47
\belowcaptionskip=\skip48
\bibindent=\dimen134
)
(/usr/share/texlive/texmf-dist/tex/latex/base/fontenc.sty
Package: fontenc 2020/02/11 v2.0o Standard LaTeX package
)
(/usr/share/texmf/tex/latex/lm/lmodern.sty
Package: lmodern 2009/10/30 v1.6 Latin Modern Fonts
LaTeX Font Info:    Overwriting symbol font `operators' in version `normal'
(Font)                  OT1/cmr/m/n --> OT1/lmr/m/n on input line 22.
LaTeX Font Info:    Overwriting symbol font `letters' in version `normal'
(Font)                  OML/cmm/m/it --> OML/lmm/m/it on input line 23.
LaTeX Font Info:    Overwriting symbol font `symbols' in version `normal'
(Font)                  OMS/cmsy/m/n --> OMS/lmsy/m/n on input line 24.
LaTeX Font Info:    Overwriting symbol font `largesymbols' in version `normal'
(Font)                  OMX/cmex/m/n --> OMX/lmex/m/n on input line 25.
LaTeX Font Info:    Overwriting symbol font `operators' in version `bold'
(Font)                  OT1/cmr/bx/n --> OT1/lmr/bx/n on input line 26.
LaTeX Font Info:    Overwriting symbol font `letters' in version `bold'
(Font)                  OML/cmm/b/it --> OML/lmm/b/it on input line 27.
LaTeX Font Info:    Overwriting symbol font `symbols' in version `bold'
(Font)                  OMS/cmsy/b/n --> OMS/lmsy/b/n on input line 28.
LaTeX Font Info:    Overwriting symbol font `largesymbols' in version `bold'
(Font)                  OMX/cmex/m/n --> OMX/lmex/m/n on input line 29.
LaTeX Font Info:    Overwriting math alphabet `\mathbf' in version `normal'
(Font)                  OT1/cmr/bx/n --> OT1/lmr/bx/n on input line 31.
LaTeX Font Info:    Overwriting math alphabet `\mathsf' in version `normal'
(Font)                  OT1/cmss/m/n --> OT1/lmss/m/n on input line 32.
LaTeX Font Info:    Overwriting math alphabet `\mathit' in version `normal'
(Font)                  OT1/cmr/m/it --> OT1/lmr/m/it on input line 33.
LaTeX Font Info:    Overwriting math alphabet `\mathtt' in version `normal'
(Font)                  OT1/cmtt/m/n --> OT1/lmtt/m/n on input line 34.
LaTeX Font Info:    Overwriting math alphabet `\mathbf' in version `bold'
(Font)                  OT1/cmr/bx/n --> OT1/lmr/bx/n on input line 35.
LaTeX Font Info:    Overwriting math alphabet `\mathsf' in version `bold'
(Font)                  OT1/cmss/bx/n --> OT1/lmss/bx/n on input line 36.
LaTeX Font Info:    Overwriting math alphabet `\mathit' in version `bold'
(Font)                  OT1/cmr/bx/it --> OT1/lmr/bx/it on input line 37.
LaTeX Font Info:    Overwriting math alphabet `\mathtt' in version `bold'
(Font)                  OT1/cmtt/m/n --> OT1/lmtt/m/n on input line 38.
)
(/usr/share/texlive/texmf-dist/tex/latex/geometry/geometry.sty
Package: geometry 2020/01/02 v5.9 Page Geometry

(/usr/share/texlive/texmf-dist/tex/latex/graphics/keyval.sty
Package: keyval 2014/10/28 v1.15 key=value parser (DPC)
\KV@toks@=\toks14
)
(/usr/share/texlive/texmf-dist/tex/generic/iftex/ifvtex.sty
Package: ifvtex 2019/10/25 v1.7 ifvtex legacy package. Use iftex instead.

(/usr/share/texlive/texmf-dist/tex/generic/iftex/iftex.sty
Package: iftex 2019/11/07 v1.0c TeX engine tests
))
\Gm@cnth=\count176
\Gm@cntv=\count177
\c@Gm@tempcnt=\count178
\Gm@bindingoffset=\dimen135
\Gm@wd@mp=\dimen136
\Gm@odd@mp=\dimen137
\Gm@even@mp=\dimen138
\Gm@layoutwidth=\dimen139
\Gm@layoutheight=\dimen140
\Gm@layouthoffset=\dimen141
\Gm@layoutvoffset=\dimen142
\Gm@dimlist=\toks15
)
(/usr/share/texlive/texmf-dist/tex/latex/amsfonts/amssymb.sty
Package: amssymb 2013/01/14 v3.01 AMS font symbols

(/usr/share/texlive/texmf-dist/tex/latex/amsfonts/amsfonts.sty
Package: amsfonts 2013/01/14 v3.01 Basic AMSFonts support
\@emptytoks=\toks16
\symAMSa=\mathgroup4
\symAMSb=\mathgroup5
LaTeX Font Info:    Redeclaring math symbol \hbar on input line 98.
LaTeX Font Info:    Overwriting math alphabet `\mathfrak' in version `bold'
(Font)                  U/euf/m/n --> U/euf/b/n on input line 106.
))
(/usr/share/texlive/texmf-dist/tex/latex/amsmath/amsmath.sty
Package: amsmath 2020/01/20 v2.17e AMS math features
\@mathmargin=\skip49

For additional information on amsmath, use the `?' option.
(/usr/share/texlive/texmf-dist/tex/latex/amsmath/amstext.sty
Package: amstext 2000/06/29 v2.01 AMS text

(/usr/share/texlive/texmf-dist/tex/latex/amsmath/amsgen.sty
File: amsgen.sty 1999/11/30 v2.0 generic functions
\@emptytoks=\toks17
\ex@=\dimen143
))
(/usr/share/texlive/texmf-dist/tex/latex/amsmath/amsbsy.sty
Package: amsbsy 1999/11/29 v1.2d Bold Symbols
\pmbraise@=\dimen144
)
(/usr/share/texlive/texmf-dist/tex/latex/amsmath/amsopn.sty
Package: amsopn 2016/03/08 v2.02 operator names
)
\inf@bad=\count179
LaTeX Info: Redefining \frac on input line 227.
\uproot@=\count180
\leftroot@=\count181
LaTeX Info: Redefining \overline on input line 389.
\classnum@=\count182
\DOTSCASE@=\count183
LaTeX Info: Redefining \ldots on input line 486.
LaTeX Info: Redefining \dots on input line 489.
LaTeX Info: Redefining \cdots on input line 610.
\Mathstrutbox@=\box45
\strutbox@=\box46
\big@size=\dimen145
LaTeX Font Info:    Redeclaring font encoding OML on input line 733.
LaTeX Font Info:    Redeclaring font encoding OMS on input line 734.
\macc@depth=\count184
\c@MaxMatrixCols=\count185
\dotsspace@=\muskip16
\c@parentequation=\count186
\dspbrk@lvl=\count187
\tag@help=\toks18
\row@=\count188
\column@=\count189
\maxfields@=\count190
\andhelp@=\toks19
\eqnshift@=\dimen146
\alignsep@=\dimen147
\tagshift@=\dimen148
\tagwidth@=\dimen149
\totwidth@=\dimen150
\lineht@=\dimen151
\@envbody=\toks20
\multlinegap=\skip50
\multlinetaggap=\skip51
\mathdisplay@stack=\toks21
LaTeX Info: Redefining \[ on input line 2859.
LaTeX Info: Redefining \] on input line 2860.
)
(/usr/share/texlive/texmf-dist/tex/latex/graphics/graphicx.sty
Package: graphicx 2019/11/30 v1.2a Enhanced LaTeX Graphics (DPC,SPQR)

(/usr/share/texlive/texmf-dist/tex/latex/graphics/graphics.sty
Package: graphics 2019/11/30 v1.4a Standard LaTeX Graphics (DPC,SPQR)

(/usr/share/texlive/texmf-dist/tex/latex/graphics/trig.sty
Package: trig 2016/01/03 v1.10 sin cos tan (DPC)
)
(/usr/share/texlive/texmf-dist/tex/latex/graphics-cfg/graphics.cfg
File: graphics.cfg 2016/06/04 v1.11 sample graphics configuration
)
Package graphics Info: Driver file: pdftex.def on input line 105.

(/usr/share/texlive/texmf-dist/tex/latex/graphics-def/pdftex.def
File: pdftex.def 2018/01/08 v1.0l Graphics/color driver for pdftex
))
\Gin@req@height=\dimen152
\Gin@req@width=\dimen153
)
(/usr/share/texlive/texmf-dist/tex/latex/hyperref/hyperref.sty
Package: hyperref 2020/01/14 v7.00d Hypertext links for LaTeX

(/usr/share/texlive/texmf-dist/tex/generic/ltxcmds/ltxcmds.sty
Package: ltxcmds 2019/12/15 v1.24 LaTeX kernel commands for general use (HO)
)
(/usr/share/texlive/texmf-dist/tex/latex/pdftexcmds/pdftexcmds.sty
Package: pdftexcmds 2019/11/24 v0.31 Utility functions of pdfTeX for LuaTeX (HO
)

(/usr/share/texlive/texmf-dist/tex/generic/infwarerr/infwarerr.sty
Package: infwarerr 2019/12/03 v1.5 Providing info/warning/error messages (HO)
)
Package pdftexcmds Info: \pdf@primitive is available.
Package pdftexcmds Info: \pdf@ifprimitive is available.
Package pdftexcmds Info: \pdfdraftmode found.
)
(/usr/share/texlive/texmf-dist/tex/generic/kvsetkeys/kvsetkeys.sty
Package: kvsetkeys 2019/12/15 v1.18 Key value parser (HO)
)
(/usr/share/texlive/texmf-dist/tex/generic/kvdefinekeys/kvdefinekeys.sty
Package: kvdefinekeys 2019-12-19 v1.6 Define keys (HO)
)
(/usr/share/texlive/texmf-dist/tex/generic/pdfescape/pdfescape.sty
Package: pdfescape 2019/12/09 v1.15 Implements pdfTeX's escape features (HO)
)
(/usr/share/texlive/texmf-dist/tex/latex/hycolor/hycolor.sty
Package: hycolor 2020-01-27 v1.10 Color options for hyperref/bookmark (HO)
)
(/usr/share/texlive/texmf-dist/tex/latex/letltxmacro/letltxmacro.sty
Package: letltxmacro 2019/12/03 v1.6 Let assignment for LaTeX macros (HO)
)
(/usr/share/texlive/texmf-dist/tex/latex/auxhook/auxhook.sty
Package: auxhook 2019-12-17 v1.6 Hooks for auxiliary files (HO)
)
(/usr/share/texlive/texmf-dist/tex/latex/kvoptions/kvoptions.sty
Package: kvoptions 2019/11/29 v3.13 Key value format for package options (HO)
)
\@linkdim=\dimen154
\Hy@linkcounter=\count191
\Hy@pagecounter=\count192

(/usr/share/texlive/texmf-dist/tex/latex/hyperref/pd1enc.def
File: pd1enc.def 2020/01/14 v7.00d Hyperref: PDFDocEncoding definition (HO)
Now handling font encoding PD1 ...
... no UTF-8 mapping file for font encoding PD1
)
(/usr/share/texlive/texmf-dist/tex/generic/intcalc/intcalc.sty
Package: intcalc 2019/12/15 v1.3 Expandable calculations with integers (HO)
)
(/usr/share/texlive/texmf-dist/tex/generic/etexcmds/etexcmds.sty
Package: etexcmds 2019/12/15 v1.7 Avoid name clashes with e-TeX commands (HO)
)
\Hy@SavedSpaceFactor=\count193
\pdfmajorversion=\count194
Package hyperref Info: Hyper figures OFF on input line 4547.
Package hyperref Info: Link nesting OFF on input line 4552.
Package hyperref Info: Hyper index ON on input line 4555.
Package hyperref Info: Plain pages OFF on input line 4562.
Package hyperref Info: Backreferencing OFF on input line 4567.
Package hyperref Info: Implicit mode ON; LaTeX internals redefined.
Package hyperref Info: Bookmarks ON on input line 4800.
\c@Hy@tempcnt=\count195

(/usr/share/texlive/texmf-dist/tex/latex/url/url.sty
\Urlmuskip=\muskip17
Package: url 2013/09/16  ver 3.4  Verb mode for urls, etc.
)
LaTeX Info: Redefining \url on input line 5159.
\XeTeXLinkMargin=\dimen155

(/usr/share/texlive/texmf-dist/tex/generic/bitset/bitset.sty
Package: bitset 2019/12/09 v1.3 Handle bit-vector datatype (HO)

(/usr/share/texlive/texmf-dist/tex/generic/bigintcalc/bigintcalc.sty
Package: bigintcalc 2019/12/15 v1.5 Expandable calculations on big integers (HO
)
))
\Fld@menulength=\count196
\Field@Width=\dimen156
\Fld@charsize=\dimen157
Package hyperref Info: Hyper figures OFF on input line 6430.
Package hyperref Info: Link nesting OFF on input line 6435.
Package hyperref Info: Hyper index ON on input line 6438.
Package hyperref Info: backreferencing OFF on input line 6445.
Package hyperref Info: Link coloring OFF on input line 6450.
Package hyperref Info: Link coloring with OCG OFF on input line 6455.
Package hyperref Info: PDF/A mode OFF on input line 6460.
LaTeX Info: Redefining \ref on input line 6500.
LaTeX Info: Redefining \pageref on input line 6504.

(/usr/share/texlive/texmf-dist/tex/generic/atbegshi/atbegshi.sty
Package: atbegshi 2019/12/05 v1.19 At begin shipout hook (HO)
)
\Hy@abspage=\count197
\c@Item=\count198
\c@Hfootnote=\count199
)
Package hyperref Info: Driver (autodetected): hpdftex.

(/usr/share/texlive/texmf-dist/tex/latex/hyperref/hpdftex.def
File: hpdftex.def 2020/01/14 v7.00d Hyperref driver for pdfTeX

(/usr/share/texlive/texmf-dist/tex/latex/atveryend/atveryend.sty
Package: atveryend 2019-12-11 v1.11 Hooks at the very end of document (HO)
Package atveryend Info: \enddocument detected (standard20110627).
)
\Fld@listcount=\count266
\c@bookmark@seq@number=\count267

(/usr/share/texlive/texmf-dist/tex/latex/rerunfilecheck/rerunfilecheck.sty
Package: rerunfilecheck 2019/12/05 v1.9 Rerun checks for auxiliary files (HO)

(/usr/share/texlive/texmf-dist/tex/generic/uniquecounter/uniquecounter.sty
Package: uniquecounter 2019/12/15 v1.4 Provide unlimited unique counter (HO)
)
Package uniquecounter Info: New unique counter `rerunfilecheck' on input line 2
86.
)
\Hy@SectionHShift=\skip52
)
(/usr/share/texlive/texmf-dist/tex/generic/babel/babel.sty
Package: babel 2020/02/14 3.40 The Babel package

(/usr/share/texlive/texmf-dist/tex/generic/babel/switch.def
File: switch.def 2020/02/14 3.40 Babel switching mechanism
)
(/usr/share/texlive/texmf-dist/tex/generic/babel-spanish/spanish.ldf
Language: spanish.ldf 2016/03/03 v5.0p Spanish support from the babel system

(/usr/share/texlive/texmf-dist/tex/generic/babel/babel.def
File: babel.def 2020/02/14 3.40 Babel common definitions
\babel@savecnt=\count268
\U@D=\dimen158

(/usr/share/texlive/texmf-dist/tex/generic/babel/txtbabel.def)
\bbl@readstream=\read2
\bbl@dirlevel=\count269
)
\es@quottoks=\toks22
\es@quotdepth=\count270
Package babel Info: Making " an active character on input line 561.
Package babel Info: Making . an active character on input line 662.
Package babel Info: Making < an active character on input line 707.
Package babel Info: Making > an active character on input line 707.
))
(/usr/share/texlive/texmf-dist/tex/latex/graphics/color.sty
Package: color 2019/11/23 v1.2a Standard LaTeX Color (DPC)

(/usr/share/texlive/texmf-dist/tex/latex/graphics-cfg/color.cfg
File: color.cfg 2016/01/02 v1.6 sample color configuration
)
Package color Info: Driver file: pdftex.def on input line 147.
)
(/usr/share/texlive/texmf-dist/tex/latex/pdfpages/pdfpages.sty
Package: pdfpages 2020/01/28 v0.5q Insert pages of external PDF documents (AM)

(/usr/share/texlive/texmf-dist/tex/latex/base/ifthen.sty
Package: ifthen 2014/09/29 v1.1c Standard LaTeX ifthen package (DPC)
)
(/usr/share/texlive/texmf-dist/tex/latex/tools/calc.sty
Package: calc 2017/05/25 v4.3 Infix arithmetic (KKT,FJ)
\calc@Acount=\count271
\calc@Bcount=\count272
\calc@Adimen=\dimen159
\calc@Bdimen=\dimen160
\calc@Askip=\skip53
\calc@Bskip=\skip54
LaTeX Info: Redefining \setlength on input line 80.
LaTeX Info: Redefining \addtolength on input line 81.
\calc@Ccount=\count273
\calc@Cskip=\skip55
)
(/usr/share/texlive/texmf-dist/tex/latex/eso-pic/eso-pic.sty
Package: eso-pic 2018/04/12 v2.0h eso-pic (RN)
)
\AM@pagewidth=\dimen161
\AM@pageheight=\dimen162

(/usr/share/texlive/texmf-dist/tex/latex/pdfpages/pppdftex.def
File: pppdftex.def 2020/01/28 v0.5q Pdfpages driver for pdfTeX (AM)
)
\AM@pagebox=\box47
\AM@global@opts=\toks23
\AM@pagecnt=\count274
\AM@toc@title=\toks24
\c@AM@survey=\count275
\AM@templatesizebox=\box48
)
(/usr/share/texlive/texmf-dist/tex/latex/tools/enumerate.sty
Package: enumerate 2015/07/23 v3.00 enumerate extensions (DPC)
\@enLab=\toks25
)
(/usr/share/texlive/texmf-dist/tex/latex/framed/framed.sty
Package: framed 2011/10/22 v 0.96: framed or shaded text with page breaks
\OuterFrameSep=\skip56
\fb@frw=\dimen163
\fb@frh=\dimen164
\FrameRule=\dimen165
\FrameSep=\dimen166
)
(/usr/share/texlive/texmf-dist/tex/latex/wrapfig/wrapfig.sty
\wrapoverhang=\dimen167
\WF@size=\dimen168
\c@WF@wrappedlines=\count276
\WF@box=\box49
\WF@everypar=\toks26
Package: wrapfig 2003/01/31  v 3.6
)
Package hyperref Info: Option `colorlinks' set `true' on input line 33.


Package hyperref Warning: Option `bookmarks' has already been used,
(hyperref)                setting the option has no effect on input line 33.

(/usr/share/texlive/texmf-dist/tex/latex/l3backend/l3backend-pdfmode.def
File: l3backend-pdfmode.def 2020-02-03 L3 backend support: PDF mode
\l__kernel_color_stack_int=\count277
\l__pdf_internal_box=\box50
)
(./Doc.aux
LaTeX Info: Redefining \. on input line 24.
LaTeX Info: Redefining \% on input line 24.
)
\openout1 = `Doc.aux'.

LaTeX Font Info:    Checking defaults for OML/cmm/m/it on input line 35.
LaTeX Font Info:    ... okay on input line 35.
LaTeX Font Info:    Checking defaults for OMS/cmsy/m/n on input line 35.
LaTeX Font Info:    ... okay on input line 35.
LaTeX Font Info:    Checking defaults for OT1/cmr/m/n on input line 35.
LaTeX Font Info:    ... okay on input line 35.
LaTeX Font Info:    Checking defaults for T1/cmr/m/n on input line 35.
LaTeX Font Info:    ... okay on input line 35.
LaTeX Font Info:    Checking defaults for TS1/cmr/m/n on input line 35.
LaTeX Font Info:    ... okay on input line 35.
LaTeX Font Info:    Checking defaults for OMX/cmex/m/n on input line 35.
LaTeX Font Info:    ... okay on input line 35.
LaTeX Font Info:    Checking defaults for U/cmr/m/n on input line 35.
LaTeX Font Info:    ... okay on input line 35.
LaTeX Font Info:    Checking defaults for PD1/pdf/m/n on input line 35.
LaTeX Font Info:    ... okay on input line 35.
LaTeX Font Info:    Trying to load font information for T1+lmr on input line 35
.
 (/usr/share/texmf/tex/latex/lm/t1lmr.fd
File: t1lmr.fd 2009/10/30 v1.6 Font defs for Latin Modern
)
*geometry* driver: auto-detecting
*geometry* detected driver: pdftex
*geometry* verbose mode - [ preamble ] result:
* driver: pdftex
* paper: <default>
* layout: <same size as paper>
* layoutoffset:(h,v)=(0.0pt,0.0pt)
* modes: twoside 
* h-part:(L,W,R)=(28.45274pt, 557.38951pt, 28.45274pt)
* v-part:(T,H,B)=(56.9055pt, 681.15898pt, 56.9055pt)
* \paperwidth=614.295pt
* \paperheight=794.96999pt
* \textwidth=557.38951pt
* \textheight=681.15898pt
* \oddsidemargin=-43.81725pt
* \evensidemargin=-43.81725pt
* \topmargin=-47.23828pt
* \headheight=12.0pt
* \headsep=19.8738pt
* \topskip=12.0pt
* \footskip=30.0pt
* \marginparwidth=98.0pt
* \marginparsep=7.0pt
* \columnsep=10.0pt
* \skip\footins=10.8pt plus 4.0pt minus 2.0pt
* \hoffset=0.0pt
* \voffset=0.0pt
* \mag=1000
* \@twocolumnfalse
* \@twosidetrue
* \@mparswitchtrue
* \@reversemarginfalse
* (1in=72.27pt=25.4mm, 1cm=28.453pt)

(/usr/share/texlive/texmf-dist/tex/context/base/mkii/supp-pdf.mkii
[Loading MPS to PDF converter (version 2006.09.02).]
\scratchcounter=\count278
\scratchdimen=\dimen169
\scratchbox=\box51
\nofMPsegments=\count279
\nofMParguments=\count280
\everyMPshowfont=\toks27
\MPscratchCnt=\count281
\MPscratchDim=\dimen170
\MPnumerator=\count282
\makeMPintoPDFobject=\count283
\everyMPtoPDFconversion=\toks28
) (/usr/share/texlive/texmf-dist/tex/latex/epstopdf-pkg/epstopdf-base.sty
Package: epstopdf-base 2020-01-24 v2.11 Base part for package epstopdf
Package epstopdf-base Info: Redefining graphics rule for `.eps' on input line 4
85.

(/usr/share/texlive/texmf-dist/tex/latex/latexconfig/epstopdf-sys.cfg
File: epstopdf-sys.cfg 2010/07/13 v1.3 Configuration of (r)epstopdf for TeX Liv
e
))
\AtBeginShipoutBox=\box52
Package hyperref Info: Link coloring ON on input line 35.

(/usr/share/texlive/texmf-dist/tex/latex/hyperref/nameref.sty
Package: nameref 2019/09/16 v2.46 Cross-referencing by name of section

(/usr/share/texlive/texmf-dist/tex/latex/refcount/refcount.sty
Package: refcount 2019/12/15 v3.6 Data extraction from label references (HO)
)
(/usr/share/texlive/texmf-dist/tex/generic/gettitlestring/gettitlestring.sty
Package: gettitlestring 2019/12/15 v1.6 Cleanup title references (HO)
)
\c@section@level=\count284
)
LaTeX Info: Redefining \ref on input line 35.
LaTeX Info: Redefining \pageref on input line 35.
LaTeX Info: Redefining \nameref on input line 35.

(./Doc.out) (./Doc.out)
\@outlinefile=\write3
\openout3 = `Doc.out'.

LaTeX Info: Redefining \. on input line 35.
LaTeX Info: Redefining \% on input line 35.

(/usr/share/texlive/texmf-dist/tex/latex/pdflscape/pdflscape.sty
Package: pdflscape 2019/12/05 v0.12 Display of landscape pages in PDF (HO)

(/usr/share/texlive/texmf-dist/tex/latex/graphics/lscape.sty
Package: lscape 2000/10/22 v3.01 Landscape Pages (DPC)
)
Package pdflscape Info: Auto-detected driver: pdftex on input line 81.
)
<Logo-fcenuba.png, id=104, 295.16434pt x 296.7967pt>
File: Logo-fcenuba.png Graphic file (type png)
<use Logo-fcenuba.png>
Package pdftex.def Info: Logo-fcenuba.png  used on input line 40.
(pdftex.def)             Requested size: 118.06363pt x 118.71657pt.
 [1

{/var/lib/texmf/fonts/map/pdftex/updmap/pdftex.map} <./Logo-fcenuba.png>] [2

] (./Doc.toc
LaTeX Info: Redefining \. on input line 1.
LaTeX Info: Redefining \% on input line 1.
LaTeX Font Info:    Trying to load font information for OT1+lmr on input line 3
.

(/usr/share/texmf/tex/latex/lm/ot1lmr.fd
File: ot1lmr.fd 2009/10/30 v1.6 Font defs for Latin Modern
)
LaTeX Font Info:    Trying to load font information for OML+lmm on input line 3
.

(/usr/share/texmf/tex/latex/lm/omllmm.fd
File: omllmm.fd 2009/10/30 v1.6 Font defs for Latin Modern
)
LaTeX Font Info:    Trying to load font information for OMS+lmsy on input line 
3.

(/usr/share/texmf/tex/latex/lm/omslmsy.fd
File: omslmsy.fd 2009/10/30 v1.6 Font defs for Latin Modern
)
LaTeX Font Info:    Trying to load font information for OMX+lmex on input line 
3.

(/usr/share/texmf/tex/latex/lm/omxlmex.fd
File: omxlmex.fd 2009/10/30 v1.6 Font defs for Latin Modern
)
LaTeX Font Info:    External font `lmex10' loaded for size
(Font)              <12> on input line 3.
LaTeX Font Info:    External font `lmex10' loaded for size
(Font)              <8> on input line 3.
LaTeX Font Info:    External font `lmex10' loaded for size
(Font)              <6> on input line 3.
LaTeX Font Info:    Trying to load font information for U+msa on input line 3.

(/usr/share/texlive/texmf-dist/tex/latex/amsfonts/umsa.fd
File: umsa.fd 2013/01/14 v3.01 AMS symbols A
)
LaTeX Font Info:    Trying to load font information for U+msb on input line 3.

(/usr/share/texlive/texmf-dist/tex/latex/amsfonts/umsb.fd
File: umsb.fd 2013/01/14 v3.01 AMS symbols B
))
\tf@toc=\write4
\openout4 = `Doc.toc'.

 [3]
LaTeX Info: Redefining \. on input line 80.
LaTeX Info: Redefining \% on input line 80.
 [4

]
Cap\'{\i }tulo 1.

Underfull \hbox (badness 10000) in paragraph at lines 100--103

 []


Underfull \hbox (badness 10000) in paragraph at lines 104--107

 []

[5]

LaTeX Warning: Command \' invalid in math mode on input line 141.


LaTeX Warning: Command \' invalid in math mode on input line 141.

LaTeX Info: Redefining \. on input line 168.
LaTeX Info: Redefining \% on input line 168.
[6]
LaTeX Info: Redefining \. on input line 200.
LaTeX Info: Redefining \% on input line 200.
 [7]
LaTeX Info: Redefining \. on input line 200.
LaTeX Info: Redefining \% on input line 200.
 [8

]
Cap\'{\i }tulo 2.
[9]
LaTeX Info: Redefining \. on input line 296.
LaTeX Info: Redefining \% on input line 296.
 [10]
LaTeX Info: Redefining \. on input line 300.
LaTeX Info: Redefining \% on input line 300.
 [11]
LaTeX Info: Redefining \. on input line 300.
LaTeX Info: Redefining \% on input line 300.
 [12

]
Cap\'{\i }tulo 3.
<./pdfs/Practica3.pdf, id=283, 614.295pt x 794.97pt>
File: ./pdfs/Practica3.pdf Graphic file (type pdf)
<use ./pdfs/Practica3.pdf>
Package pdftex.def Info: ./pdfs/Practica3.pdf  used on input line 302.
(pdftex.def)             Requested size: 614.29349pt x 794.96806pt.
File: ./pdfs/Practica3.pdf Graphic file (type pdf)
<use ./pdfs/Practica3.pdf>
Package pdftex.def Info: ./pdfs/Practica3.pdf  used on input line 302.
(pdftex.def)             Requested size: 614.29349pt x 794.96806pt.
<./pdfs/Practica3.pdf, id=286, page=1, 614.295pt x 794.97pt>
File: ./pdfs/Practica3.pdf Graphic file (type pdf)
<use ./pdfs/Practica3.pdf, page 1>
Package pdftex.def Info: ./pdfs/Practica3.pdf , page1 used on input line 302.
(pdftex.def)             Requested size: 614.29349pt x 794.96806pt.
File: ./pdfs/Practica3.pdf Graphic file (type pdf)
<use ./pdfs/Practica3.pdf, page 1>
Package pdftex.def Info: ./pdfs/Practica3.pdf , page1 used on input line 302.
(pdftex.def)             Requested size: 614.58406pt x 795.3441pt.
[13]
File: ./pdfs/Practica3.pdf Graphic file (type pdf)
<use ./pdfs/Practica3.pdf, page 1>
Package pdftex.def Info: ./pdfs/Practica3.pdf , page1 used on input line 302.
(pdftex.def)             Requested size: 614.58406pt x 795.3441pt.
File: ./pdfs/Practica3.pdf Graphic file (type pdf)
<use ./pdfs/Practica3.pdf, page 1>
Package pdftex.def Info: ./pdfs/Practica3.pdf , page1 used on input line 302.
(pdftex.def)             Requested size: 614.58406pt x 795.3441pt.
File: ./pdfs/Practica3.pdf Graphic file (type pdf)
<use ./pdfs/Practica3.pdf, page 1>
Package pdftex.def Info: ./pdfs/Practica3.pdf , page1 used on input line 302.
(pdftex.def)             Requested size: 614.58406pt x 795.3441pt.
 [14 <./pdfs/Practica3.pdf>]
<./pdfs/Practica3.pdf, id=332, page=2, 614.295pt x 794.97pt>
File: ./pdfs/Practica3.pdf Graphic file (type pdf)
<use ./pdfs/Practica3.pdf, page 2>
Package pdftex.def Info: ./pdfs/Practica3.pdf , page2 used on input line 302.
(pdftex.def)             Requested size: 614.58406pt x 795.3441pt.
File: ./pdfs/Practica3.pdf Graphic file (type pdf)
<use ./pdfs/Practica3.pdf, page 2>
Package pdftex.def Info: ./pdfs/Practica3.pdf , page2 used on input line 302.
(pdftex.def)             Requested size: 614.58406pt x 795.3441pt.
File: ./pdfs/Practica3.pdf Graphic file (type pdf)
<use ./pdfs/Practica3.pdf, page 2>
Package pdftex.def Info: ./pdfs/Practica3.pdf , page2 used on input line 302.
(pdftex.def)             Requested size: 614.58406pt x 795.3441pt.
 [15 <./pdfs/Practica3.pdf>]
<./pdfs/Practica3.pdf, id=362, page=3, 614.295pt x 794.97pt>
File: ./pdfs/Practica3.pdf Graphic file (type pdf)
<use ./pdfs/Practica3.pdf, page 3>
Package pdftex.def Info: ./pdfs/Practica3.pdf , page3 used on input line 302.
(pdftex.def)             Requested size: 614.58406pt x 795.3441pt.
File: ./pdfs/Practica3.pdf Graphic file (type pdf)
<use ./pdfs/Practica3.pdf, page 3>
Package pdftex.def Info: ./pdfs/Practica3.pdf , page3 used on input line 302.
(pdftex.def)             Requested size: 614.58406pt x 795.3441pt.
File: ./pdfs/Practica3.pdf Graphic file (type pdf)
<use ./pdfs/Practica3.pdf, page 3>
Package pdftex.def Info: ./pdfs/Practica3.pdf , page3 used on input line 302.
(pdftex.def)             Requested size: 614.58406pt x 795.3441pt.
 [16 <./pdfs/Practica3.pdf>]
LaTeX Info: Redefining \. on input line 309.
LaTeX Info: Redefining \% on input line 309.
 [17]
LaTeX Info: Redefining \. on input line 309.
LaTeX Info: Redefining \% on input line 309.
 [18

]
Cap\'{\i }tulo 4.
<./pdfs/Practica4.pdf, id=375, 614.295pt x 794.97pt>
File: ./pdfs/Practica4.pdf Graphic file (type pdf)
<use ./pdfs/Practica4.pdf>
Package pdftex.def Info: ./pdfs/Practica4.pdf  used on input line 311.
(pdftex.def)             Requested size: 614.29349pt x 794.96806pt.
File: ./pdfs/Practica4.pdf Graphic file (type pdf)
<use ./pdfs/Practica4.pdf>
Package pdftex.def Info: ./pdfs/Practica4.pdf  used on input line 311.
(pdftex.def)             Requested size: 614.29349pt x 794.96806pt.
<./pdfs/Practica4.pdf, id=378, page=1, 614.295pt x 794.97pt>
File: ./pdfs/Practica4.pdf Graphic file (type pdf)
<use ./pdfs/Practica4.pdf, page 1>
Package pdftex.def Info: ./pdfs/Practica4.pdf , page1 used on input line 311.
(pdftex.def)             Requested size: 614.29349pt x 794.96806pt.
File: ./pdfs/Practica4.pdf Graphic file (type pdf)
<use ./pdfs/Practica4.pdf, page 1>
Package pdftex.def Info: ./pdfs/Practica4.pdf , page1 used on input line 311.
(pdftex.def)             Requested size: 614.58406pt x 795.3441pt.
[19]
File: ./pdfs/Practica4.pdf Graphic file (type pdf)
<use ./pdfs/Practica4.pdf, page 1>
Package pdftex.def Info: ./pdfs/Practica4.pdf , page1 used on input line 311.
(pdftex.def)             Requested size: 614.58406pt x 795.3441pt.
File: ./pdfs/Practica4.pdf Graphic file (type pdf)
<use ./pdfs/Practica4.pdf, page 1>
Package pdftex.def Info: ./pdfs/Practica4.pdf , page1 used on input line 311.
(pdftex.def)             Requested size: 614.58406pt x 795.3441pt.
File: ./pdfs/Practica4.pdf Graphic file (type pdf)
<use ./pdfs/Practica4.pdf, page 1>
Package pdftex.def Info: ./pdfs/Practica4.pdf , page1 used on input line 311.
(pdftex.def)             Requested size: 614.58406pt x 795.3441pt.
 [20 <./pdfs/Practica4.pdf>]
<./pdfs/Practica4.pdf, id=425, page=2, 614.295pt x 794.97pt>
File: ./pdfs/Practica4.pdf Graphic file (type pdf)
<use ./pdfs/Practica4.pdf, page 2>
Package pdftex.def Info: ./pdfs/Practica4.pdf , page2 used on input line 311.
(pdftex.def)             Requested size: 614.58406pt x 795.3441pt.
File: ./pdfs/Practica4.pdf Graphic file (type pdf)
<use ./pdfs/Practica4.pdf, page 2>
Package pdftex.def Info: ./pdfs/Practica4.pdf , page2 used on input line 311.
(pdftex.def)             Requested size: 614.58406pt x 795.3441pt.
File: ./pdfs/Practica4.pdf Graphic file (type pdf)
<use ./pdfs/Practica4.pdf, page 2>
Package pdftex.def Info: ./pdfs/Practica4.pdf , page2 used on input line 311.
(pdftex.def)             Requested size: 614.58406pt x 795.3441pt.
 [21 <./pdfs/Practica4.pdf>]
<./pdfs/Practica4.pdf, id=433, page=3, 614.295pt x 794.97pt>
File: ./pdfs/Practica4.pdf Graphic file (type pdf)
<use ./pdfs/Practica4.pdf, page 3>
Package pdftex.def Info: ./pdfs/Practica4.pdf , page3 used on input line 311.
(pdftex.def)             Requested size: 614.58406pt x 795.3441pt.
File: ./pdfs/Practica4.pdf Graphic file (type pdf)
<use ./pdfs/Practica4.pdf, page 3>
Package pdftex.def Info: ./pdfs/Practica4.pdf , page3 used on input line 311.
(pdftex.def)             Requested size: 614.58406pt x 795.3441pt.
File: ./pdfs/Practica4.pdf Graphic file (type pdf)
<use ./pdfs/Practica4.pdf, page 3>
Package pdftex.def Info: ./pdfs/Practica4.pdf , page3 used on input line 311.
(pdftex.def)             Requested size: 614.58406pt x 795.3441pt.
 [22 <./pdfs/Practica4.pdf>]
<./pdfs/Practica4.pdf, id=438, page=4, 614.295pt x 794.97pt>
File: ./pdfs/Practica4.pdf Graphic file (type pdf)
<use ./pdfs/Practica4.pdf, page 4>
Package pdftex.def Info: ./pdfs/Practica4.pdf , page4 used on input line 311.
(pdftex.def)             Requested size: 614.58406pt x 795.3441pt.
File: ./pdfs/Practica4.pdf Graphic file (type pdf)
<use ./pdfs/Practica4.pdf, page 4>
Package pdftex.def Info: ./pdfs/Practica4.pdf , page4 used on input line 311.
(pdftex.def)             Requested size: 614.58406pt x 795.3441pt.
File: ./pdfs/Practica4.pdf Graphic file (type pdf)
<use ./pdfs/Practica4.pdf, page 4>
Package pdftex.def Info: ./pdfs/Practica4.pdf , page4 used on input line 311.
(pdftex.def)             Requested size: 614.58406pt x 795.3441pt.
 [23 <./pdfs/Practica4.pdf>]

LaTeX Warning: Command \' invalid in math mode on input line 319.


LaTeX Warning: Command \' invalid in math mode on input line 319.


LaTeX Warning: Command \' invalid in math mode on input line 319.

LaTeX Info: Redefining \. on input line 325.
LaTeX Info: Redefining \% on input line 325.
[24]
Cap\'{\i }tulo 5.
<./pdfs/Practica5.pdf, id=450, 614.295pt x 794.97pt>
File: ./pdfs/Practica5.pdf Graphic file (type pdf)
<use ./pdfs/Practica5.pdf>
Package pdftex.def Info: ./pdfs/Practica5.pdf  used on input line 327.
(pdftex.def)             Requested size: 614.29349pt x 794.96806pt.
File: ./pdfs/Practica5.pdf Graphic file (type pdf)
<use ./pdfs/Practica5.pdf>
Package pdftex.def Info: ./pdfs/Practica5.pdf  used on input line 327.
(pdftex.def)             Requested size: 614.29349pt x 794.96806pt.
<./pdfs/Practica5.pdf, id=453, page=1, 614.295pt x 794.97pt>
File: ./pdfs/Practica5.pdf Graphic file (type pdf)
<use ./pdfs/Practica5.pdf, page 1>
Package pdftex.def Info: ./pdfs/Practica5.pdf , page1 used on input line 327.
(pdftex.def)             Requested size: 614.29349pt x 794.96806pt.
File: ./pdfs/Practica5.pdf Graphic file (type pdf)
<use ./pdfs/Practica5.pdf, page 1>
Package pdftex.def Info: ./pdfs/Practica5.pdf , page1 used on input line 327.
(pdftex.def)             Requested size: 614.58406pt x 795.3441pt.
[25

]
File: ./pdfs/Practica5.pdf Graphic file (type pdf)
<use ./pdfs/Practica5.pdf, page 1>
Package pdftex.def Info: ./pdfs/Practica5.pdf , page1 used on input line 327.
(pdftex.def)             Requested size: 614.58406pt x 795.3441pt.
File: ./pdfs/Practica5.pdf Graphic file (type pdf)
<use ./pdfs/Practica5.pdf, page 1>
Package pdftex.def Info: ./pdfs/Practica5.pdf , page1 used on input line 327.
(pdftex.def)             Requested size: 614.58406pt x 795.3441pt.
File: ./pdfs/Practica5.pdf Graphic file (type pdf)
<use ./pdfs/Practica5.pdf, page 1>
Package pdftex.def Info: ./pdfs/Practica5.pdf , page1 used on input line 327.
(pdftex.def)             Requested size: 614.58406pt x 795.3441pt.
 [26 <./pdfs/Practica5.pdf>]
<./pdfs/Practica5.pdf, id=491, page=2, 614.295pt x 794.97pt>
File: ./pdfs/Practica5.pdf Graphic file (type pdf)
<use ./pdfs/Practica5.pdf, page 2>
Package pdftex.def Info: ./pdfs/Practica5.pdf , page2 used on input line 327.
(pdftex.def)             Requested size: 614.58406pt x 795.3441pt.
File: ./pdfs/Practica5.pdf Graphic file (type pdf)
<use ./pdfs/Practica5.pdf, page 2>
Package pdftex.def Info: ./pdfs/Practica5.pdf , page2 used on input line 327.
(pdftex.def)             Requested size: 614.58406pt x 795.3441pt.
File: ./pdfs/Practica5.pdf Graphic file (type pdf)
<use ./pdfs/Practica5.pdf, page 2>
Package pdftex.def Info: ./pdfs/Practica5.pdf , page2 used on input line 327.
(pdftex.def)             Requested size: 614.58406pt x 795.3441pt.
 [27 <./pdfs/Practica5.pdf>]
<./pdfs/Practica5.pdf, id=505, page=3, 614.295pt x 794.97pt>
File: ./pdfs/Practica5.pdf Graphic file (type pdf)
<use ./pdfs/Practica5.pdf, page 3>
Package pdftex.def Info: ./pdfs/Practica5.pdf , page3 used on input line 327.
(pdftex.def)             Requested size: 614.58406pt x 795.3441pt.
File: ./pdfs/Practica5.pdf Graphic file (type pdf)
<use ./pdfs/Practica5.pdf, page 3>
Package pdftex.def Info: ./pdfs/Practica5.pdf , page3 used on input line 327.
(pdftex.def)             Requested size: 614.58406pt x 795.3441pt.
File: ./pdfs/Practica5.pdf Graphic file (type pdf)
<use ./pdfs/Practica5.pdf, page 3>
Package pdftex.def Info: ./pdfs/Practica5.pdf , page3 used on input line 327.
(pdftex.def)             Requested size: 614.58406pt x 795.3441pt.
 [28 <./pdfs/Practica5.pdf>]
LaTeX Font Info:    External font `lmex10' loaded for size
(Font)              <17.28> on input line 358.
LaTeX Font Info:    External font `lmex10' loaded for size
(Font)              <10> on input line 358.


Package hyperref Warning: Token not allowed in a PDF string (PDFDocEncoding):
(hyperref)                removing `math shift' on input line 358.


Package hyperref Warning: Token not allowed in a PDF string (PDFDocEncoding):
(hyperref)                removing `math shift' on input line 358.

LaTeX Font Info:    External font `lmex10' loaded for size
(Font)              <14.4> on input line 370.
LaTeX Font Info:    External font `lmex10' loaded for size
(Font)              <7> on input line 370.

Package hyperref Warning: Token not allowed in a PDF string (PDFDocEncoding):
(hyperref)                removing `math shift' on input line 370.


Package hyperref Warning: Token not allowed in a PDF string (PDFDocEncoding):
(hyperref)                removing `\Rightarrow' on input line 370.


Package hyperref Warning: Token not allowed in a PDF string (PDFDocEncoding):
(hyperref)                removing `math shift' on input line 370.


Underfull \vbox (badness 10000) has occurred while \output is active []

LaTeX Info: Redefining \. on input line 383.
LaTeX Info: Redefining \% on input line 383.
 [29]

Package hyperref Warning: Token not allowed in a PDF string (PDFDocEncoding):
(hyperref)                removing `math shift' on input line 390.


Package hyperref Warning: Token not allowed in a PDF string (PDFDocEncoding):
(hyperref)                removing `\Rightarrow' on input line 390.


Package hyperref Warning: Token not allowed in a PDF string (PDFDocEncoding):
(hyperref)                removing `math shift' on input line 390.


Overfull \hbox (9.61696pt too wide) detected at line 401
[]
 []


Underfull \vbox (badness 4954) has occurred while \output is active []

LaTeX Info: Redefining \. on input line 415.
LaTeX Info: Redefining \% on input line 415.
 [30]
LaTeX Info: Redefining \. on input line 426.
LaTeX Info: Redefining \% on input line 426.

[31]
LaTeX Info: Redefining \. on input line 426.
LaTeX Info: Redefining \% on input line 426.
 [32

]
Cap\'{\i }tulo 6.

Package hyperref Warning: Difference (2) between bookmark levels is greater 
(hyperref)                than one, level fixed on input line 427.


Package hyperref Warning: Token not allowed in a PDF string (PDFDocEncoding):
(hyperref)                removing `math shift' on input line 427.


Package hyperref Warning: Token not allowed in a PDF string (PDFDocEncoding):
(hyperref)                removing `\Rightarrow' on input line 427.


Package hyperref Warning: Token not allowed in a PDF string (PDFDocEncoding):
(hyperref)                removing `math shift' on input line 427.


Underfull \hbox (badness 10000) in paragraph at lines 429--431

 []


Package hyperref Warning: Token not allowed in a PDF string (PDFDocEncoding):
(hyperref)                removing `math shift' on input line 440.


Package hyperref Warning: Token not allowed in a PDF string (PDFDocEncoding):
(hyperref)                removing `\rightarrow' on input line 440.


Package hyperref Warning: Token not allowed in a PDF string (PDFDocEncoding):
(hyperref)                removing `math shift' on input line 440.


Package hyperref Warning: Token not allowed in a PDF string (PDFDocEncoding):
(hyperref)                removing `math shift' on input line 449.


Package hyperref Warning: Token not allowed in a PDF string (PDFDocEncoding):
(hyperref)                removing `\land' on input line 449.


Package hyperref Warning: Token not allowed in a PDF string (PDFDocEncoding):
(hyperref)                removing `\neg' on input line 449.


Package hyperref Warning: Token not allowed in a PDF string (PDFDocEncoding):
(hyperref)                removing `\rightarrow' on input line 449.


Package hyperref Warning: Token not allowed in a PDF string (PDFDocEncoding):
(hyperref)                removing `math shift' on input line 449.


Underfull \vbox (badness 10000) has occurred while \output is active []

 [33]

Package hyperref Warning: Token not allowed in a PDF string (PDFDocEncoding):
(hyperref)                removing `math shift' on input line 459.


Package hyperref Warning: Token not allowed in a PDF string (PDFDocEncoding):
(hyperref)                removing `\land' on input line 459.


Package hyperref Warning: Token not allowed in a PDF string (PDFDocEncoding):
(hyperref)                removing `math shift' on input line 459.


Package hyperref Warning: Token not allowed in a PDF string (PDFDocEncoding):
(hyperref)                removing `math shift' on input line 459.


Package hyperref Warning: Token not allowed in a PDF string (PDFDocEncoding):
(hyperref)                removing `math shift' on input line 459.


Underfull \hbox (badness 10000) in paragraph at lines 484--486

 []

LaTeX Info: Redefining \. on input line 486.
LaTeX Info: Redefining \% on input line 486.
[34] [35]
Underfull \hbox (badness 10000) in paragraph at lines 522--526

 []


Underfull \hbox (badness 10000) in paragraph at lines 522--526

 []


Underfull \hbox (badness 10000) in paragraph at lines 551--552

 []

LaTeX Info: Redefining \. on input line 560.
LaTeX Info: Redefining \% on input line 560.
[36]

Package hyperref Warning: Token not allowed in a PDF string (PDFDocEncoding):
(hyperref)                removing `math shift' on input line 580.


Package hyperref Warning: Token not allowed in a PDF string (PDFDocEncoding):
(hyperref)                removing `\land' on input line 580.


Package hyperref Warning: Token not allowed in a PDF string (PDFDocEncoding):
(hyperref)                removing `subscript' on input line 580.


Package hyperref Warning: Token not allowed in a PDF string (PDFDocEncoding):
(hyperref)                removing `\leq' on input line 580.


Package hyperref Warning: Token not allowed in a PDF string (PDFDocEncoding):
(hyperref)                removing `\rightarrow' on input line 580.


Package hyperref Warning: Token not allowed in a PDF string (PDFDocEncoding):
(hyperref)                removing `\neg' on input line 580.


Package hyperref Warning: Token not allowed in a PDF string (PDFDocEncoding):
(hyperref)                removing `math shift' on input line 580.

[37]

Package hyperref Warning: Token not allowed in a PDF string (PDFDocEncoding):
(hyperref)                removing `math shift' on input line 599.


Package hyperref Warning: Token not allowed in a PDF string (PDFDocEncoding):
(hyperref)                removing `\wedge' on input line 599.


Package hyperref Warning: Token not allowed in a PDF string (PDFDocEncoding):
(hyperref)                removing `\wedge' on input line 599.


Package hyperref Warning: Token not allowed in a PDF string (PDFDocEncoding):
(hyperref)                removing `subscript' on input line 599.


Package hyperref Warning: Token not allowed in a PDF string (PDFDocEncoding):
(hyperref)                removing `subscript' on input line 599.


Package hyperref Warning: Token not allowed in a PDF string (PDFDocEncoding):
(hyperref)                removing `math shift' on input line 599.

LaTeX Info: Redefining \. on input line 635.
LaTeX Info: Redefining \% on input line 635.
[38] [39]
LaTeX Info: Redefining \. on input line 648.
LaTeX Info: Redefining \% on input line 648.
 [40

]
Cap\'{\i }tulo 7.
Package atveryend Info: Empty hook `BeforeClearDocument' on input line 651.
[41]
Package atveryend Info: Empty hook `AfterLastShipout' on input line 651.
 (./Doc.aux
LaTeX Info: Redefining \. on input line 24.
LaTeX Info: Redefining \% on input line 24.
)
Package atveryend Info: Executing hook `AtVeryEndDocument' on input line 651.
Package atveryend Info: Executing hook `AtEndAfterFileList' on input line 651.
Package rerunfilecheck Info: File `Doc.out' has not changed.
(rerunfilecheck)             Checksum: 08781E48D0771C39758EA4A9E87B73CE;1800.
Package atveryend Info: Empty hook `AtVeryVeryEnd' on input line 651.
 ) 
Here is how much of TeX's memory you used:
 9287 strings out of 483080
 135096 string characters out of 5963339
 413236 words of memory out of 5000000
 23935 multiletter control sequences out of 15000+600000
 620345 words of font info for 84 fonts, out of 8000000 for 9000
 62 hyphenation exceptions out of 8191
 40i,18n,46p,404b,525s stack positions out of 5000i,500n,10000p,200000b,80000s
{/usr/share/texmf/fonts/enc/dvips/lm/lm-rm.enc}{/usr/share/texmf/fonts/enc/dv
ips/lm/lm-mathit.enc}{/usr/share/texmf/fonts/enc/dvips/lm/lm-ec.enc}{/usr/share
/texmf/fonts/enc/dvips/lm/lm-mathsy.enc}{/usr/share/texmf/fonts/enc/dvips/lm/lm
-mathex.enc}</usr/share/texlive/texmf-dist/fonts/type1/public/amsfonts/cm/cmbx1
0.pfb></usr/share/texlive/texmf-dist/fonts/type1/public/amsfonts/cm/cmbx12.pfb>
</usr/share/texlive/texmf-dist/fonts/type1/public/amsfonts/cm/cmex10.pfb></usr/
share/texlive/texmf-dist/fonts/type1/public/amsfonts/cm/cmmi10.pfb></usr/share/
texlive/texmf-dist/fonts/type1/public/amsfonts/cm/cmmi5.pfb></usr/share/texlive
/texmf-dist/fonts/type1/public/amsfonts/cm/cmmi7.pfb></usr/share/texlive/texmf-
dist/fonts/type1/public/amsfonts/cm/cmr10.pfb></usr/share/texlive/texmf-dist/fo
nts/type1/public/amsfonts/cm/cmr7.pfb></usr/share/texlive/texmf-dist/fonts/type
1/public/amsfonts/cm/cmsy10.pfb></usr/share/texlive/texmf-dist/fonts/type1/publ
ic/amsfonts/cm/cmsy7.pfb></usr/share/texlive/texmf-dist/fonts/type1/public/amsf
onts/cm/cmti10.pfb></usr/share/texmf/fonts/type1/public/lm/lmbx12.pfb></usr/sha
re/texmf/fonts/type1/public/lm/lmcsc10.pfb></usr/share/texmf/fonts/type1/public
/lm/lmex10.pfb></usr/share/texmf/fonts/type1/public/lm/lmmi10.pfb></usr/share/t
exmf/fonts/type1/public/lm/lmmi12.pfb></usr/share/texmf/fonts/type1/public/lm/l
mmi6.pfb></usr/share/texmf/fonts/type1/public/lm/lmmi8.pfb></usr/share/texmf/fo
nts/type1/public/lm/lmr10.pfb></usr/share/texmf/fonts/type1/public/lm/lmr12.pfb
></usr/share/texmf/fonts/type1/public/lm/lmr6.pfb></usr/share/texmf/fonts/type1
/public/lm/lmr8.pfb></usr/share/texmf/fonts/type1/public/lm/lmri12.pfb></usr/sh
are/texmf/fonts/type1/public/lm/lmro12.pfb></usr/share/texmf/fonts/type1/public
/lm/lmsy10.pfb></usr/share/texmf/fonts/type1/public/lm/lmsy8.pfb></usr/share/te
xlive/texmf-dist/fonts/type1/public/amsfonts/symbols/msam10.pfb></usr/share/tex
live/texmf-dist/fonts/type1/public/amsfonts/symbols/msbm10.pfb></usr/share/texl
ive/texmf-dist/fonts/type1/public/amsfonts/symbols/msbm7.pfb>
Output written on Doc.pdf (41 pages, 835701 bytes).
PDF statistics:
 687 PDF objects out of 1000 (max. 8388607)
 588 compressed objects within 6 object streams
 162 named destinations out of 1000 (max. 500000)
 301 words of extra memory for PDF output out of 10000 (max. 10000000)

