\BOOKMARK [0][-]{chapter*.1}{\376\377\000D\000a\000t\000o\000s\000\040\000d\000e\000\040\000l\000a\000\040\000u\000n\000i\000d\000a\000d}{}% 1
\BOOKMARK [0][-]{chapter.1}{\376\377\000T\000e\000o\000r\000\355\000a\000\040\000d\000e\000l\000\040\000c\000o\000n\000f\000l\000i\000c\000t\000o\000:\000\040\000a\000n\000\341\000l\000i\000s\000i\000s\000\040\000e\000s\000t\000\341\000t\000i\000c\000o}{}% 2
\BOOKMARK [1][-]{section.1.1}{\376\377\000E\000l\000\040\000c\000o\000n\000f\000l\000i\000c\000t\000o\000\040\000c\000o\000m\000o\000\040\000m\000a\000t\000e\000r\000i\000a\000\040\000p\000r\000i\000m\000a\000\040\000d\000e\000l\000\040\000o\000p\000e\000r\000a\000d\000o\000r\000\040\000j\000u\000r\000\355\000d\000i\000c\000o}{chapter.1}% 3
\BOOKMARK [1][-]{section.1.2}{\376\377\000D\000e\000f\000i\000n\000i\000c\000i\000\363\000n\000\040\000d\000e\000\040\000c\000o\000n\000f\000l\000i\000c\000t\000o}{chapter.1}% 4
\BOOKMARK [1][-]{section.1.3}{\376\377\000E\000l\000e\000m\000e\000n\000t\000o\000s\000\040\000d\000e\000l\000\040\000c\000o\000n\000f\000l\000i\000c\000t\000o\000:\000\040\000a\000n\000\341\000l\000i\000s\000i\000s\000\040\000e\000s\000t\000\341\000t\000i\000c\000o}{chapter.1}% 5
\BOOKMARK [2][-]{subsection.1.3.1}{\376\377\000L\000o\000s\000\040\000a\000c\000t\000o\000r\000e\000s}{section.1.3}% 6
\BOOKMARK [2][-]{subsection.1.3.2}{\376\377\000L\000o\000s\000\040\000o\000b\000j\000e\000t\000i\000v\000o\000s}{section.1.3}% 7
\BOOKMARK [2][-]{subsection.1.3.3}{\376\377\000L\000a\000s\000\040\000r\000e\000l\000a\000c\000i\000o\000n\000e\000s\000\040\000d\000e\000\040\000p\000o\000d\000e\000r}{section.1.3}% 8
\BOOKMARK [2][-]{subsection.1.3.4}{\376\377\000C\000o\000n\000f\000l\000i\000c\000t\000o\000s\000\040\000d\000e\000\040\000s\000u\000m\000a\000\040\000c\000e\000r\000o\000\040\000y\000\040\000d\000e\000\040\000s\000u\000m\000a\000\040\000v\000a\000r\000i\000a\000b\000l\000e}{section.1.3}% 9
\BOOKMARK [2][-]{subsection.1.3.5}{\376\377\000L\000o\000s\000\040\000t\000e\000r\000c\000e\000r\000o\000s\000\040\000y\000\040\000l\000a\000s\000\040\000c\000o\000a\000l\000i\000c\000i\000o\000n\000e\000s}{section.1.3}% 10
\BOOKMARK [1][-]{section.1.4}{\376\377\000R\000e\000s\000o\000l\000u\000c\000i\000\363\000n\000\040\000v\000e\000r\000s\000u\000s\000\040\000s\000o\000l\000u\000c\000i\000\363\000n\000\040\000d\000e\000l\000\040\000c\000o\000n\000f\000l\000i\000c\000t\000o}{chapter.1}% 11
\BOOKMARK [1][-]{section*.3}{\376\377\000R\000e\000p\000a\000s\000o\000\040\000C\000o\000r\000n\000e\000l\000l\000\040\000d\000e\000l\000\040\000c\000a\000p\000\355\000t\000u\000l\000o}{chapter.1}% 12
\BOOKMARK [0][-]{chapter.2}{\376\377\000S\000i\000s\000t\000e\000m\000a\000s\000\040\000d\000e\000\040\000r\000e\000s\000o\000l\000u\000c\000i\000\363\000n\000\040\000d\000e\000\040\000c\000o\000n\000f\000l\000i\000c\000t\000o\000s}{}% 13
\BOOKMARK [1][-]{section.2.1}{\376\377\000C\000l\000a\000s\000i\000f\000i\000c\000a\000c\000i\000\363\000n\000\040\000g\000e\000n\000e\000r\000a\000l}{chapter.2}% 14
\BOOKMARK [1][-]{section.2.2}{\376\377\000C\000o\000m\000p\000a\000r\000a\000c\000i\000\363\000n\000\040\000e\000n\000t\000r\000e\000\040\000s\000i\000s\000t\000e\000m\000a\000s\000\040\000a\000d\000v\000e\000r\000s\000a\000r\000i\000a\000l\000e\000s\000\040\000y\000\040\000n\000o\000\040\000a\000d\000v\000e\000r\000s\000a\000r\000i\000a\000l\000e\000s}{chapter.2}% 15
\BOOKMARK [1][-]{section.2.3}{\376\377\000A\000c\000l\000a\000r\000a\000c\000i\000\363\000n\000\040\000t\000e\000r\000m\000i\000n\000o\000l\000\363\000g\000i\000c\000a\000:\000\040\000l\000a\000\040\000p\000a\000l\000a\000b\000r\000a\000\040\000`\000`\000a\000l\000t\000e\000r\000n\000a\000t\000i\000v\000o\000s\000'\000'}{chapter.2}% 16
\BOOKMARK [1][-]{section*.6}{\376\377\000R\000e\000p\000a\000s\000o\000\040\000C\000o\000r\000n\000e\000l\000l\000\040\000d\000e\000l\000\040\000c\000a\000p\000\355\000t\000u\000l\000o}{chapter.2}% 17
\BOOKMARK [0][-]{chapter.3}{\376\377\000E\000l\000\040\000M\000\351\000t\000o\000d\000o\000\040\000d\000e\000\040\000H\000a\000r\000v\000a\000r\000d\000:\000\040\000b\000a\000s\000e\000s\000\040\000p\000a\000r\000a\000\040\000l\000a\000\040\000n\000e\000g\000o\000c\000i\000a\000c\000i\000\363\000n}{}% 18
\BOOKMARK [1][-]{section.3.1}{\376\377\000S\000e\000p\000a\000r\000a\000r\000\040\000a\000\040\000l\000a\000s\000\040\000p\000e\000r\000s\000o\000n\000a\000s\000\040\000d\000e\000l\000\040\000p\000r\000o\000b\000l\000e\000m\000a}{chapter.3}% 19
\BOOKMARK [1][-]{section.3.2}{\376\377\000C\000o\000n\000c\000e\000n\000t\000r\000a\000r\000s\000e\000\040\000e\000n\000\040\000l\000o\000s\000\040\000i\000n\000t\000e\000r\000e\000s\000e\000s\000,\000\040\000n\000o\000\040\000e\000n\000\040\000l\000a\000s\000\040\000p\000o\000s\000i\000c\000i\000o\000n\000e\000s}{chapter.3}% 20
\BOOKMARK [1][-]{section.3.3}{\376\377\000G\000e\000n\000e\000r\000a\000r\000\040\000o\000p\000c\000i\000o\000n\000e\000s\000:\000\040\000e\000l\000\040\000t\000o\000r\000b\000e\000l\000l\000i\000n\000o\000\040\000d\000e\000\040\000i\000d\000e\000a\000s}{chapter.3}% 21
\BOOKMARK [1][-]{section.3.4}{\376\377\000B\000u\000s\000c\000a\000r\000\040\000c\000r\000i\000t\000e\000r\000i\000o\000s\000\040\000o\000b\000j\000e\000t\000i\000v\000o\000s}{chapter.3}% 22
\BOOKMARK [1][-]{section*.8}{\376\377\000R\000e\000p\000a\000s\000o\000\040\000C\000o\000r\000n\000e\000l\000l\000\040\000d\000e\000l\000\040\000c\000a\000p\000\355\000t\000u\000l\000o}{chapter.3}% 23
\BOOKMARK [0][-]{chapter.4}{\376\377\000M\000e\000d\000i\000a\000c\000i\000\363\000n\000,\000\040\000c\000o\000n\000c\000i\000l\000i\000a\000c\000i\000\363\000n\000\040\000y\000\040\000a\000r\000b\000i\000t\000r\000a\000j\000e}{}% 24
\BOOKMARK [1][-]{section.4.1}{\376\377\000M\000e\000d\000i\000a\000c\000i\000\363\000n}{chapter.4}% 25
\BOOKMARK [2][-]{subsection.4.1.1}{\376\377\000E\000l\000\040\000m\000e\000d\000i\000a\000d\000o\000r\000:\000\040\000r\000e\000q\000u\000i\000s\000i\000t\000o\000s\000\040\000y\000\040\000f\000u\000n\000c\000i\000\363\000n}{section.4.1}% 26
\BOOKMARK [2][-]{subsection.4.1.2}{\376\377\000P\000r\000i\000n\000c\000i\000p\000i\000o\000\040\000d\000e\000\040\000c\000o\000n\000f\000i\000d\000e\000n\000c\000i\000a\000l\000i\000d\000a\000d}{section.4.1}% 27
\BOOKMARK [2][-]{subsection.4.1.3}{\376\377\000M\000e\000d\000i\000a\000c\000i\000\363\000n\000\040\000o\000f\000i\000c\000i\000a\000l\000\040\000y\000\040\000m\000e\000d\000i\000a\000c\000i\000\363\000n\000\040\000p\000r\000i\000v\000a\000d\000a}{section.4.1}% 28
\BOOKMARK [1][-]{section.4.2}{\376\377\000C\000o\000n\000c\000i\000l\000i\000a\000c\000i\000\363\000n}{chapter.4}% 29
\BOOKMARK [2][-]{subsection.4.2.1}{\376\377\000C\000o\000n\000c\000i\000l\000i\000a\000c\000i\000\363\000n\000\040\000i\000n\000t\000r\000a\000-\000p\000r\000o\000c\000e\000s\000a\000l}{section.4.2}% 30
\BOOKMARK [2][-]{subsection.4.2.2}{\376\377\000L\000a\000\040\000c\000o\000n\000c\000i\000l\000i\000a\000c\000i\000\363\000n\000\040\000c\000o\000m\000o\000\040\000m\000o\000d\000o\000\040\000a\000n\000o\000r\000m\000a\000l\000\040\000d\000e\000\040\000t\000e\000r\000m\000i\000n\000a\000c\000i\000\363\000n\000\040\000d\000e\000l\000\040\000p\000r\000o\000c\000e\000s\000o}{section.4.2}% 31
\BOOKMARK [2][-]{subsection.4.2.3}{\376\377\000S\000E\000C\000L\000O\000:\000\040\000c\000o\000n\000c\000i\000l\000i\000a\000c\000i\000\363\000n\000\040\000l\000a\000b\000o\000r\000a\000l\000\040\000o\000b\000l\000i\000g\000a\000t\000o\000r\000i\000a}{section.4.2}% 32
\BOOKMARK [1][-]{section.4.3}{\376\377\000A\000r\000b\000i\000t\000r\000a\000j\000e}{chapter.4}% 33
\BOOKMARK [2][-]{subsection.4.3.1}{\376\377\000M\000a\000t\000e\000r\000i\000a\000\040\000d\000i\000s\000p\000o\000n\000i\000b\000l\000e\000\040\000p\000a\000r\000a\000\040\000e\000l\000\040\000a\000r\000b\000i\000t\000r\000a\000j\000e}{section.4.3}% 34
\BOOKMARK [2][-]{subsection.4.3.2}{\376\377\000L\000a\000\040\000c\000l\000\341\000u\000s\000u\000l\000a\000\040\000c\000o\000m\000p\000r\000o\000m\000i\000s\000o\000r\000i\000a}{section.4.3}% 35
\BOOKMARK [2][-]{subsection.4.3.3}{\376\377\000T\000i\000p\000o\000s\000\040\000d\000e\000\040\000a\000r\000b\000i\000t\000r\000a\000j\000e}{section.4.3}% 36
\BOOKMARK [2][-]{subsection.4.3.4}{\376\377\000M\000o\000d\000a\000l\000i\000d\000a\000d\000e\000s\000\040\000d\000e\000\040\000a\000r\000b\000i\000t\000r\000a\000j\000e}{section.4.3}% 37
\BOOKMARK [1][-]{section*.11}{\376\377\000R\000e\000p\000a\000s\000o\000\040\000C\000o\000r\000n\000e\000l\000l\000\040\000d\000e\000l\000\040\000c\000a\000p\000\355\000t\000u\000l\000o}{chapter.4}% 38
\BOOKMARK [0][-]{chapter.5}{\376\377\000R\000e\000f\000e\000r\000e\000n\000c\000i\000a\000s\000\040\000b\000i\000b\000l\000i\000o\000g\000r\000\341\000f\000i\000c\000a\000s\000\040\000y\000\040\000n\000o\000r\000m\000a\000t\000i\000v\000a\000s}{}% 39
\BOOKMARK [1][-]{section.5.1}{\376\377\000B\000i\000b\000l\000i\000o\000g\000r\000a\000f\000\355\000a\000\040\000r\000e\000c\000o\000m\000e\000n\000d\000a\000d\000a}{chapter.5}% 40
\BOOKMARK [1][-]{section.5.2}{\376\377\000N\000o\000r\000m\000a\000t\000i\000v\000a\000\040\000c\000i\000t\000a\000d\000a}{chapter.5}% 41
