\BOOKMARK [0][-]{chapter.1}{\376\377\000C\000r\000i\000t\000e\000r\000i\000o\000\040\000d\000e\000\040\000e\000v\000a\000l\000u\000a\000c\000i\000\363\000n\000\040\000y\000\040\000e\000m\000p\000r\000e\000s\000a\000\040\000f\000a\000m\000i\000l\000i\000a\000r}{}% 1
\BOOKMARK [1][-]{section.1.1}{\376\377\000U\000t\000i\000l\000i\000d\000a\000d\000\040\000p\000r\000o\000f\000e\000s\000i\000o\000n\000a\000l\000\040\000d\000e\000\040\000l\000a\000\040\000m\000a\000t\000e\000r\000i\000a}{chapter.1}% 2
\BOOKMARK [1][-]{section.1.2}{\376\377\000C\000\363\000m\000o\000\040\000s\000e\000\040\000r\000e\000l\000a\000c\000i\000o\000n\000a\000n\000\040\000l\000o\000s\000\040\000t\000e\000m\000a\000s\000:\000\040\000l\000a\000\040\000a\000n\000a\000l\000o\000g\000\355\000a\000\040\000d\000e\000\040\000l\000a\000\040\000f\000a\000m\000i\000l\000i\000a\000\040\000y\000\040\000e\000l\000\040\000d\000e\000p\000a\000r\000t\000a\000m\000e\000n\000t\000o}{chapter.1}% 3
\BOOKMARK [1][-]{section.1.3}{\376\377\000L\000a\000\040\000e\000m\000p\000r\000e\000s\000a\000\040\000f\000a\000m\000i\000l\000i\000a\000r\000\040\000y\000\040\000e\000l\000\040\000c\000o\000s\000t\000a\000d\000o\000\040\000h\000u\000m\000a\000n\000o}{chapter.1}% 4
\BOOKMARK [1][-]{section.1.4}{\376\377\000C\000r\000i\000t\000e\000r\000i\000o\000\040\000d\000e\000\040\000e\000v\000a\000l\000u\000a\000c\000i\000\363\000n\000:\000\040\000a\000p\000l\000i\000c\000a\000r\000\040\000e\000l\000\040\000C\000\363\000d\000i\000g\000o}{chapter.1}% 5
\BOOKMARK [1][-]{section.1.5}{\376\377\000C\000u\000a\000d\000r\000o\000\040\000C\000o\000r\000n\000e\000l\000l\000\040\000d\000e\000l\000\040\000c\000a\000p\000\355\000t\000u\000l\000o}{chapter.1}% 6
\BOOKMARK [0][-]{chapter.2}{\376\377\000D\000o\000n\000a\000c\000i\000\363\000n\000\040\000c\000o\000n\000\040\000u\000s\000u\000f\000r\000u\000c\000t\000o\000\040\000y\000\040\000p\000a\000c\000t\000o\000\040\000d\000e\000\040\000r\000e\000v\000e\000r\000s\000i\000\363\000n}{}% 7
\BOOKMARK [1][-]{section.2.1}{\376\377\000E\000l\000\040\000p\000r\000o\000b\000l\000e\000m\000a\000:\000\040\000\277\000r\000i\000g\000e\000\040\000e\000l\000\040\000p\000a\000c\000t\000o\000\040\000d\000e\000\040\000r\000e\000v\000e\000r\000s\000i\000\363\000n\000\040\000d\000e\000s\000p\000u\000\351\000s\000\040\000d\000e\000\040\0001\0000\000\040\000a\000\361\000o\000s\000?}{chapter.2}% 8
\BOOKMARK [2][-]{subsection.2.1.1}{\376\377\000F\000u\000n\000d\000a\000m\000e\000n\000t\000o\000\040\000d\000e\000\040\000l\000a\000\040\000p\000o\000s\000t\000u\000r\000a\000\040\000q\000u\000e\000\040\000l\000i\000m\000i\000t\000a\000\040\000e\000l\000\040\000p\000a\000c\000t\000o\000\040\000a\000\040\0001\0000\000\040\000a\000\361\000o\000s}{section.2.1}% 9
\BOOKMARK [2][-]{subsection.2.1.2}{\376\377\000P\000o\000s\000i\000c\000i\000\363\000n\000\040\000p\000r\000\341\000c\000t\000i\000c\000a}{section.2.1}% 10
\BOOKMARK [1][-]{section.2.2}{\376\377\000C\000\363\000m\000o\000\040\000s\000e\000\040\000r\000e\000s\000u\000e\000l\000v\000e\000\040\000e\000n\000\040\000s\000e\000d\000e\000\040\000r\000e\000g\000i\000s\000t\000r\000a\000l}{chapter.2}% 11
\BOOKMARK [1][-]{section.2.3}{\376\377\000D\000e\000r\000e\000c\000h\000o\000\040\000r\000e\000a\000l\000:\000\040\000t\000\355\000t\000u\000l\000o\000,\000\040\000m\000o\000d\000o\000\040\000y\000\040\000r\000e\000g\000i\000s\000t\000r\000a\000c\000i\000\363\000n}{chapter.2}% 12
\BOOKMARK [1][-]{section.2.4}{\376\377\000C\000a\000s\000o\000\040\000p\000r\000\341\000c\000t\000i\000c\000o\000:\000\040\000p\000l\000a\000n\000i\000f\000i\000c\000a\000c\000i\000\363\000n\000\040\000s\000u\000c\000e\000s\000o\000r\000i\000a\000\040\000y\000\040\000r\000e\000v\000e\000r\000s\000i\000\363\000n}{chapter.2}% 13
\BOOKMARK [1][-]{section.2.5}{\376\377\000E\000l\000\040\000f\000a\000c\000t\000o\000r\000\040\000h\000u\000m\000a\000n\000o\000:\000\040\000f\000a\000m\000i\000l\000i\000a\000s\000\040\000n\000u\000e\000v\000a\000s\000\040\000y\000\040\000s\000i\000s\000t\000e\000m\000a\000s\000\040\000\253\000c\000l\000\341\000n\000i\000c\000o\000s\000\273}{chapter.2}% 14
\BOOKMARK [1][-]{section.2.6}{\376\377\000C\000u\000a\000d\000r\000o\000\040\000C\000o\000r\000n\000e\000l\000l\000\040\000d\000e\000l\000\040\000c\000a\000p\000\355\000t\000u\000l\000o}{chapter.2}% 15
\BOOKMARK [0][-]{chapter.3}{\376\377\000O\000b\000s\000e\000r\000v\000a\000b\000i\000l\000i\000d\000a\000d\000\040\000d\000e\000\040\000l\000a\000s\000\040\000d\000o\000n\000a\000c\000i\000o\000n\000e\000s\000\040\000d\000e\000\040\000i\000n\000m\000u\000e\000b\000l\000e\000s}{}% 16
\BOOKMARK [1][-]{section.3.1}{\376\377\000P\000l\000a\000n\000t\000e\000o\000:\000\040\000e\000l\000\040\000\253\000l\000i\000m\000b\000o\000\273\000\040\000l\000e\000g\000i\000s\000l\000a\000t\000i\000v\000o}{chapter.3}% 17
\BOOKMARK [1][-]{section.3.2}{\376\377\000D\000o\000n\000a\000c\000i\000o\000n\000e\000s\000\040\000a\000n\000t\000e\000r\000i\000o\000r\000e\000s\000\040\000a\000\040\0002\0000\0001\0005}{chapter.3}% 18
\BOOKMARK [1][-]{section.3.3}{\376\377\000E\000l\000\040\000C\000\363\000d\000i\000g\000o\000\040\000d\000e\000\040\0002\0000\0001\0005\000:\000\040\000l\000a\000\040\000p\000a\000r\000t\000e\000\040\000l\000u\000m\000i\000n\000o\000s\000a\000\040\000y\000\040\000l\000a\000\040\000n\000e\000g\000a\000t\000i\000v\000a}{chapter.3}% 19
\BOOKMARK [1][-]{section.3.4}{\376\377\000L\000a\000\040\000r\000e\000f\000o\000r\000m\000a\000\040\000d\000e\000\040\0002\0000\0002\0000\000\040\000y\000\040\000l\000a\000\040\000d\000i\000s\000c\000u\000s\000i\000\363\000n\000\040\000a\000c\000t\000u\000a\000l}{chapter.3}% 20
\BOOKMARK [2][-]{subsection.3.4.1}{\376\377\000C\000u\000a\000d\000r\000o\000\040\000c\000o\000m\000p\000a\000r\000a\000t\000i\000v\000o\000\040\000p\000o\000r\000\040\000\351\000p\000o\000c\000a}{section.3.4}% 21
\BOOKMARK [1][-]{section.3.5}{\376\377\000D\000e\000f\000e\000n\000d\000e\000r\000\040\000u\000n\000a\000\040\000p\000o\000s\000t\000u\000r\000a\000\040\000c\000o\000n\000\040\000f\000u\000n\000d\000a\000m\000e\000n\000t\000o}{chapter.3}% 22
\BOOKMARK [1][-]{section.3.6}{\376\377\000C\000u\000a\000d\000r\000o\000\040\000C\000o\000r\000n\000e\000l\000l\000\040\000d\000e\000l\000\040\000c\000a\000p\000\355\000t\000u\000l\000o}{chapter.3}% 23
\BOOKMARK [0][-]{chapter.4}{\376\377\000T\000o\000k\000e\000n\000i\000z\000a\000c\000i\000\363\000n\000\040\000i\000n\000m\000o\000b\000i\000l\000i\000a\000r\000i\000a\000:\000\040\000c\000o\000n\000c\000e\000p\000t\000o\000\040\000y\000\040\000v\000a\000l\000o\000r}{}% 24
\BOOKMARK [1][-]{section.4.1}{\376\377\000Q\000u\000\351\000\040\000e\000s\000\040\000l\000a\000\040\000t\000o\000k\000e\000n\000i\000z\000a\000c\000i\000\363\000n}{chapter.4}% 25
\BOOKMARK [1][-]{section.4.2}{\376\377\000Q\000u\000\351\000\040\000s\000e\000\040\000c\000o\000m\000p\000r\000a\000\040\000j\000u\000r\000\355\000d\000i\000c\000a\000m\000e\000n\000t\000e}{chapter.4}% 26
\BOOKMARK [1][-]{section.4.3}{\376\377\000N\000o\000\040\000e\000s\000\040\000u\000n\000\040\000e\000s\000q\000u\000e\000m\000a\000\040\000P\000o\000n\000z\000i\000:\000\040\000e\000l\000\040\000v\000a\000l\000o\000r\000\040\000a\000t\000a\000d\000o\000\040\000a\000l\000\040\000i\000n\000m\000u\000e\000b\000l\000e}{chapter.4}% 27
\BOOKMARK [2][-]{subsection.4.3.1}{\376\377\000B\000l\000o\000c\000k\000c\000h\000a\000i\000n\000\040\000c\000o\000m\000o\000\040\000\253\000t\000e\000c\000n\000o\000l\000o\000g\000\355\000a\000\040\000d\000e\000l\000\040\000v\000a\000l\000o\000r\000\273}{section.4.3}% 28
\BOOKMARK [1][-]{section.4.4}{\376\377\000S\000m\000a\000r\000t\000\040\000c\000o\000n\000t\000r\000a\000c\000t\000s\000,\000\040\000w\000h\000i\000t\000e\000\040\000p\000a\000p\000e\000r\000\040\000y\000\040\000r\000e\000s\000e\000r\000v\000a\000\040\000d\000e\000\040\000v\000a\000l\000o\000r}{chapter.4}% 29
\BOOKMARK [1][-]{section.4.5}{\376\377\000Q\000u\000\351\000\040\000c\000a\000m\000b\000i\000a\000\040\000l\000a\000\040\000t\000o\000k\000e\000n\000i\000z\000a\000c\000i\000\363\000n\000\040\000r\000e\000s\000p\000e\000c\000t\000o\000\040\000d\000e\000l\000\040\000f\000i\000d\000e\000i\000c\000o\000m\000i\000s\000o}{chapter.4}% 30
\BOOKMARK [2][-]{subsection.4.5.1}{\376\377\000C\000u\000a\000d\000r\000o\000\040\000c\000o\000m\000p\000a\000r\000a\000t\000i\000v\000o\000:\000\040\000f\000i\000d\000e\000i\000c\000o\000m\000i\000s\000o\000\040\000i\000n\000m\000o\000b\000i\000l\000i\000a\000r\000i\000o\000\040\000v\000s\000.\000\040\000t\000o\000k\000e\000n\000i\000z\000a\000c\000i\000\363\000n}{section.4.5}% 31
\BOOKMARK [1][-]{section.4.6}{\376\377\000C\000u\000a\000d\000r\000o\000\040\000C\000o\000r\000n\000e\000l\000l\000\040\000d\000e\000l\000\040\000c\000a\000p\000\355\000t\000u\000l\000o}{chapter.4}% 32
\BOOKMARK [0][-]{chapter.5}{\376\377\000R\000e\000g\000u\000l\000a\000c\000i\000\363\000n\000:\000\040\000s\000a\000n\000d\000b\000o\000x\000\040\000n\000o\000r\000m\000a\000t\000i\000v\000o\000,\000\040\000C\000N\000V\000\040\000y\000\040\000P\000S\000A\000V}{}% 33
\BOOKMARK [1][-]{section.5.1}{\376\377\000E\000l\000\040\000s\000a\000n\000d\000b\000o\000x\000\040\000n\000o\000r\000m\000a\000t\000i\000v\000o}{chapter.5}% 34
\BOOKMARK [1][-]{section.5.2}{\376\377\000L\000o\000s\000\040\000P\000S\000A\000V\000\040\000y\000\040\000l\000o\000s\000\040\000r\000i\000e\000s\000g\000o\000s\000\040\000q\000u\000e\000\040\000s\000e\000\040\000q\000u\000i\000e\000r\000e\000n\000\040\000e\000v\000i\000t\000a\000r}{chapter.5}% 35
\BOOKMARK [1][-]{section.5.3}{\376\377\000E\000l\000\040\000w\000h\000i\000t\000e\000\040\000p\000a\000p\000e\000r\000\040\000y\000\040\000e\000l\000\040\000r\000o\000l\000\040\000d\000e\000l\000\040\000p\000r\000o\000f\000e\000s\000i\000o\000n\000a\000l}{chapter.5}% 36
\BOOKMARK [1][-]{section.5.4}{\376\377\000O\000r\000g\000a\000n\000i\000s\000m\000o\000s\000\040\000i\000n\000t\000e\000r\000v\000i\000n\000i\000e\000n\000t\000e\000s}{chapter.5}% 37
\BOOKMARK [1][-]{section.5.5}{\376\377\000C\000u\000a\000d\000r\000o\000\040\000C\000o\000r\000n\000e\000l\000l\000\040\000d\000e\000l\000\040\000c\000a\000p\000\355\000t\000u\000l\000o}{chapter.5}% 38
\BOOKMARK [0][-]{chapter.6}{\376\377\000C\000i\000c\000l\000o\000\040\000d\000e\000\040\000v\000i\000d\000a\000\040\000d\000e\000l\000\040\000t\000o\000k\000e\000n\000\040\000y\000\040\000c\000a\000u\000s\000a\000\040\000f\000u\000e\000n\000t\000e}{}% 39
\BOOKMARK [1][-]{section.6.1}{\376\377\000M\000i\000n\000t\000e\000o\000,\000\040\000t\000r\000a\000n\000s\000f\000e\000r\000e\000n\000c\000i\000a\000\040\000y\000\040\000q\000u\000e\000m\000a}{chapter.6}% 40
\BOOKMARK [1][-]{section.6.2}{\376\377\000L\000a\000\040\000c\000a\000u\000s\000a\000\040\000f\000u\000e\000n\000t\000e\000\040\000d\000e\000l\000\040\000d\000e\000r\000e\000c\000h\000o\000\040\000r\000e\000a\000l\000\040\000c\000a\000m\000b\000i\000a}{chapter.6}% 41
\BOOKMARK [1][-]{section.6.3}{\376\377\000C\000o\000m\000p\000a\000r\000a\000c\000i\000\363\000n\000\040\000p\000r\000\341\000c\000t\000i\000c\000a\000:\000\040\000a\000p\000o\000r\000t\000e\000\040\000e\000n\000\040\000e\000l\000\040\000f\000i\000d\000e\000i\000c\000o\000m\000i\000s\000o\000\040\000y\000\040\000c\000o\000m\000p\000r\000a\000\040\000d\000e\000\040\000t\000o\000k\000e\000n\000s}{chapter.6}% 42
\BOOKMARK [1][-]{section.6.4}{\376\377\000M\000e\000r\000c\000a\000d\000o\000\040\000s\000e\000c\000u\000n\000d\000a\000r\000i\000o\000\040\000y\000\040\000t\000e\000c\000n\000o\000l\000o\000g\000\355\000a\000\040\000d\000e\000l\000\040\000v\000a\000l\000o\000r\000:\000\040\000e\000l\000\040\000e\000j\000e\000m\000p\000l\000o\000\040\000d\000e\000\040\000l\000a\000s\000\040\000f\000r\000a\000c\000c\000i\000o\000n\000e\000s}{chapter.6}% 43
\BOOKMARK [2][-]{subsection.6.4.1}{\376\377\000L\000a\000\040\000a\000n\000a\000l\000o\000g\000\355\000a\000\040\000d\000e\000l\000\040\000\341\000l\000b\000u\000m\000\040\000d\000e\000\040\000f\000i\000g\000u\000r\000i\000t\000a\000s}{section.6.4}% 44
\BOOKMARK [1][-]{section.6.5}{\376\377\000R\000e\000a\000l\000\040\000W\000o\000r\000l\000d\000\040\000A\000s\000s\000e\000t\000s\000\040\000y\000\040\000o\000r\000\341\000c\000u\000l\000o\000s}{chapter.6}% 45
\BOOKMARK [1][-]{section.6.6}{\376\377\000C\000u\000a\000d\000r\000o\000\040\000C\000o\000r\000n\000e\000l\000l\000\040\000d\000e\000l\000\040\000c\000a\000p\000\355\000t\000u\000l\000o}{chapter.6}% 46
\BOOKMARK [0][-]{chapter.7}{\376\377\000B\000l\000o\000c\000k\000c\000h\000a\000i\000n\000\040\000a\000p\000l\000i\000c\000a\000d\000a\000\040\000y\000\040\000t\000o\000k\000e\000n\000\040\000d\000e\000\040\000c\000a\000l\000i\000d\000a\000d}{}% 47
\BOOKMARK [1][-]{section.7.1}{\376\377\000N\000o\000d\000o\000s\000\040\000y\000\040\000c\000o\000n\000s\000e\000n\000s\000o}{chapter.7}% 48
\BOOKMARK [1][-]{section.7.2}{\376\377\000E\000l\000\040\000h\000a\000s\000h\000\040\000e\000n\000\040\000u\000n\000\040\000c\000a\000s\000o\000\040\000c\000o\000n\000c\000r\000e\000t\000o}{chapter.7}% 49
\BOOKMARK [1][-]{section.7.3}{\376\377\000P\000\351\000r\000d\000i\000d\000a\000\040\000d\000e\000\040\000u\000s\000u\000a\000r\000i\000o\000\040\000y\000\040\000c\000l\000a\000v\000e\000:\000\040\000d\000i\000f\000e\000r\000e\000n\000c\000i\000a\000\040\000c\000o\000n\000\040\000l\000a\000s\000\040\000c\000r\000i\000p\000t\000o\000m\000o\000n\000e\000d\000a\000s}{chapter.7}% 50
\BOOKMARK [1][-]{section.7.4}{\376\377\000E\000l\000\040\000r\000o\000l\000\040\000d\000e\000l\000\040\000e\000s\000c\000r\000i\000b\000a\000n\000o\000\040\000e\000n\000\040\000e\000l\000\040\000o\000n\000b\000o\000a\000r\000d\000i\000n\000g}{chapter.7}% 51
\BOOKMARK [1][-]{section.7.5}{\376\377\000P\000r\000o\000y\000e\000c\000t\000o\000\040\000c\000o\000n\000\040\000c\000o\000n\000v\000e\000n\000i\000o\000\040\000n\000o\000t\000a\000r\000i\000a\000l\000\040\000y\000\040\000\253\000t\000o\000k\000e\000n\000\040\000d\000e\000\040\000c\000a\000l\000i\000d\000a\000d\000\273}{chapter.7}% 52
\BOOKMARK [1][-]{section.7.6}{\376\377\000T\000o\000k\000e\000n\000i\000z\000a\000c\000i\000\363\000n\000\040\000c\000l\000\341\000s\000i\000c\000a\000\040\000y\000\040\000t\000o\000k\000e\000n\000i\000z\000a\000c\000i\000\363\000n\000\040\000e\000n\000\040\000A\000r\000g\000e\000n\000t\000i\000n\000a}{chapter.7}% 53
\BOOKMARK [1][-]{section.7.7}{\376\377\000D\000i\000l\000u\000c\000i\000\363\000n\000\040\000d\000e\000l\000\040\000v\000a\000l\000o\000r\000\040\000y\000\040\000f\000r\000a\000c\000c\000i\000o\000n\000a\000m\000i\000e\000n\000t\000o}{chapter.7}% 54
\BOOKMARK [1][-]{section.7.8}{\376\377\000E\000l\000\040\000d\000e\000s\000a\000r\000r\000o\000l\000l\000i\000s\000t\000a\000\040\000y\000\040\000l\000a\000\040\000p\000r\000o\000p\000i\000e\000d\000a\000d\000\040\000d\000e\000l\000\040\000i\000n\000m\000u\000e\000b\000l\000e}{chapter.7}% 55
\BOOKMARK [1][-]{section.7.9}{\376\377\000C\000u\000a\000d\000r\000o\000\040\000C\000o\000r\000n\000e\000l\000l\000\040\000d\000e\000l\000\040\000c\000a\000p\000\355\000t\000u\000l\000o}{chapter.7}% 56
\BOOKMARK [0][-]{chapter.8}{\376\377\000R\000o\000l\000\040\000n\000o\000t\000a\000r\000i\000a\000l\000,\000\040\000p\000r\000o\000y\000e\000c\000t\000o\000s\000\040\000y\000\040\000h\000o\000j\000a\000\040\000d\000e\000\040\000r\000u\000t\000a}{}% 57
\BOOKMARK [1][-]{section.8.1}{\376\377\000E\000j\000e\000m\000p\000l\000o\000s\000\040\000d\000e\000\040\000p\000r\000o\000y\000e\000c\000t\000o\000s}{chapter.8}% 58
\BOOKMARK [1][-]{section.8.2}{\376\377\000H\000o\000j\000a\000\040\000d\000e\000\040\000r\000u\000t\000a\000\040\000\050\000r\000o\000a\000d\000m\000a\000p\000\051\000\040\000d\000e\000l\000\040\000e\000s\000c\000r\000i\000b\000a\000n\000o\000\040\000e\000n\000\040\000u\000n\000\040\000p\000r\000o\000y\000e\000c\000t\000o\000\040\000d\000e\000\040\000t\000o\000k\000e\000n\000i\000z\000a\000c\000i\000\363\000n}{chapter.8}% 59
\BOOKMARK [1][-]{section.8.3}{\376\377\000\277\000S\000\363\000l\000o\000\040\000i\000n\000m\000u\000e\000b\000l\000e\000s\000?\000\040\000L\000a\000s\000\040\000o\000b\000l\000i\000g\000a\000c\000i\000o\000n\000e\000s\000\040\000n\000e\000g\000o\000c\000i\000a\000b\000l\000e\000s\000\040\000f\000u\000e\000r\000o\000n\000\040\000l\000o\000\040\000p\000r\000i\000m\000e\000r\000o}{chapter.8}% 60
\BOOKMARK [1][-]{section.8.4}{\376\377\000Q\000u\000\351\000\040\000d\000e\000b\000e\000\040\000l\000l\000e\000v\000a\000r\000s\000e\000\040\000e\000l\000\040\000e\000s\000t\000u\000d\000i\000a\000n\000t\000e}{chapter.8}% 61
\BOOKMARK [1][-]{section.8.5}{\376\377\000C\000u\000a\000d\000r\000o\000\040\000C\000o\000r\000n\000e\000l\000l\000\040\000d\000e\000l\000\040\000c\000a\000p\000\355\000t\000u\000l\000o}{chapter.8}% 62
\BOOKMARK [0][-]{chapter.9}{\376\377\000S\000\355\000n\000t\000e\000s\000i\000s\000\040\000f\000i\000n\000a\000l}{}% 63
