\BOOKMARK [0][-]{chapter*.2}{\376\377\000P\000r\000e\000s\000e\000n\000t\000a\000c\000i\000\363\000n\000\040\000d\000e\000\040\000l\000a\000\040\000c\000l\000a\000s\000e}{}% 1
\BOOKMARK [1][-]{section*.3}{\376\377\000\277\000P\000a\000r\000a\000\040\000q\000u\000\351\000\040\000s\000i\000r\000v\000e\000\040\000e\000s\000t\000a\000\040\000c\000l\000a\000s\000e\000?}{chapter*.2}% 2
\BOOKMARK [1][-]{section*.4}{\376\377\000M\000a\000p\000a\000\040\000e\000s\000t\000r\000u\000c\000t\000u\000r\000a\000l\000\040\000d\000e\000\040\000l\000a\000\040\000c\000l\000a\000s\000e}{chapter*.2}% 3
\BOOKMARK [0][-]{chapter.1}{\376\377\000L\000i\000b\000e\000r\000t\000a\000d\000\040\000d\000e\000\040\000e\000x\000p\000r\000e\000s\000i\000\363\000n\000\040\000y\000\040\000r\000e\000s\000p\000o\000n\000s\000a\000b\000i\000l\000i\000d\000a\000d\000\040\000d\000e\000\040\000l\000o\000s\000\040\000m\000e\000d\000i\000o\000s}{}% 4
\BOOKMARK [1][-]{section.1.1}{\376\377\000L\000a\000\040\000d\000o\000b\000l\000e\000\040\000d\000i\000m\000e\000n\000s\000i\000\363\000n\000\040\000d\000e\000\040\000l\000a\000\040\000l\000i\000b\000e\000r\000t\000a\000d\000\040\000d\000e\000\040\000e\000x\000p\000r\000e\000s\000i\000\363\000n}{chapter.1}% 5
\BOOKMARK [1][-]{section.1.2}{\376\377\000L\000a\000\040\000d\000o\000c\000t\000r\000i\000n\000a\000\040\000d\000e\000\040\000l\000a\000\040\000R\000e\000a\000l\000\040\000M\000a\000l\000i\000c\000i\000a}{chapter.1}% 6
\BOOKMARK [1][-]{section.1.3}{\376\377\000L\000a\000\040\000d\000o\000c\000t\000r\000i\000n\000a\000\040\000C\000a\000m\000p\000i\000l\000l\000a\000y}{chapter.1}% 7
\BOOKMARK [1][-]{section.1.4}{\376\377\000E\000s\000t\000\341\000n\000d\000a\000r\000\040\000g\000e\000n\000e\000r\000a\000l\000\040\000d\000e\000\040\000r\000e\000s\000p\000o\000n\000s\000a\000b\000i\000l\000i\000d\000a\000d\000\040\000d\000e\000\040\000l\000o\000s\000\040\000m\000e\000d\000i\000o\000s}{chapter.1}% 8
\BOOKMARK [0][-]{chapter.2}{\376\377\000L\000i\000b\000e\000r\000t\000a\000d\000\040\000r\000e\000l\000i\000g\000i\000o\000s\000a\000\040\000y\000\040\000s\000o\000s\000t\000e\000n\000i\000m\000i\000e\000n\000t\000o\000\040\000d\000e\000l\000\040\000c\000u\000l\000t\000o}{}% 9
\BOOKMARK [1][-]{section.2.1}{\376\377\000L\000a\000\040\000I\000g\000l\000e\000s\000i\000a\000\040\000c\000o\000m\000o\000\040\000p\000e\000r\000s\000o\000n\000a\000\040\000j\000u\000r\000\355\000d\000i\000c\000a\000\040\000d\000e\000\040\000d\000e\000r\000e\000c\000h\000o\000\040\000p\000\372\000b\000l\000i\000c\000o}{chapter.2}% 10
\BOOKMARK [1][-]{section.2.2}{\376\377\000C\000a\000t\000e\000g\000o\000r\000\355\000a\000s\000\040\000s\000o\000s\000p\000e\000c\000h\000o\000s\000a\000s}{chapter.2}% 11
\BOOKMARK [0][-]{chapter.3}{\376\377\000E\000d\000u\000c\000a\000c\000i\000\363\000n\000\040\000r\000e\000l\000i\000g\000i\000o\000s\000a\000\040\000e\000n\000\040\000S\000a\000l\000t\000a}{}% 12
\BOOKMARK [1][-]{section.3.1}{\376\377\000L\000o\000s\000\040\000h\000e\000c\000h\000o\000s\000\040\000d\000e\000l\000\040\000c\000a\000s\000o}{chapter.3}% 13
\BOOKMARK [1][-]{section.3.2}{\376\377\000E\000l\000\040\000p\000l\000a\000n\000t\000e\000o\000\040\000d\000e\000\040\000l\000a\000\040\000a\000s\000o\000c\000i\000a\000c\000i\000\363\000n\000\040\000d\000e\000m\000a\000n\000d\000a\000n\000t\000e}{chapter.3}% 14
\BOOKMARK [1][-]{section.3.3}{\376\377\000L\000a\000\040\000d\000e\000c\000i\000s\000i\000\363\000n\000\040\000d\000e\000\040\000l\000a\000\040\000C\000o\000r\000t\000e}{chapter.3}% 15
\BOOKMARK [1][-]{section.3.4}{\376\377\000E\000l\000\040\000a\000r\000g\000u\000m\000e\000n\000t\000o\000\040\000d\000e\000\040\000l\000a\000\040\000a\000u\000t\000o\000n\000o\000m\000\355\000a\000\040\000p\000r\000o\000v\000i\000n\000c\000i\000a\000l}{chapter.3}% 16
\BOOKMARK [1][-]{section.3.5}{\376\377\000S\000\355\000n\000t\000e\000s\000i\000s\000\040\000d\000e\000l\000\040\000c\000a\000s\000o}{chapter.3}% 17
\BOOKMARK [0][-]{chapter.4}{\376\377\000L\000i\000b\000e\000r\000t\000a\000d\000\040\000r\000e\000l\000i\000g\000i\000o\000s\000a\000\040\000e\000n\000\040\000c\000a\000s\000o\000s\000\040\000p\000a\000r\000t\000i\000c\000u\000l\000a\000r\000e\000s}{}% 18
\BOOKMARK [1][-]{section.4.1}{\376\377\000T\000e\000s\000t\000i\000g\000o\000s\000\040\000d\000e\000\040\000J\000e\000h\000o\000v\000\341\000\040\000y\000\040\000t\000r\000a\000n\000s\000f\000u\000s\000i\000o\000n\000e\000s\000\040\000d\000e\000\040\000s\000a\000n\000g\000r\000e}{chapter.4}% 19
\BOOKMARK [1][-]{section.4.2}{\376\377\000E\000d\000u\000c\000a\000c\000i\000\363\000n\000\040\000e\000n\000\040\000e\000l\000\040\000h\000o\000g\000a\000r\000\040\000\050\000h\000o\000m\000e\000s\000c\000h\000o\000o\000l\000i\000n\000g\000\051}{chapter.4}% 20
\BOOKMARK [1][-]{section.4.3}{\376\377\000C\000o\000m\000u\000n\000i\000d\000a\000d\000e\000s\000\040\000m\000e\000n\000o\000n\000i\000t\000a\000s}{chapter.4}% 21
\BOOKMARK [1][-]{section.4.4}{\376\377\000S\000e\000r\000v\000i\000c\000i\000o\000\040\000m\000i\000l\000i\000t\000a\000r\000\040\000o\000b\000l\000i\000g\000a\000t\000o\000r\000i\000o\000\040\000y\000\040\000o\000b\000j\000e\000c\000i\000\363\000n\000\040\000r\000e\000l\000i\000g\000i\000o\000s\000a}{chapter.4}% 22
\BOOKMARK [0][-]{chapter.5}{\376\377\000D\000e\000r\000e\000c\000h\000o\000s\000\040\000p\000o\000l\000\355\000t\000i\000c\000o\000s\000\040\000y\000\040\000p\000a\000r\000t\000i\000d\000o\000s\000\040\000p\000o\000l\000\355\000t\000i\000c\000o\000s}{}% 23
\BOOKMARK [1][-]{section.5.1}{\376\377\000C\000o\000n\000c\000e\000p\000t\000o\000\040\000d\000e\000\040\000d\000e\000r\000e\000c\000h\000o\000s\000\040\000p\000o\000l\000\355\000t\000i\000c\000o\000s}{chapter.5}% 24
\BOOKMARK [1][-]{section.5.2}{\376\377\000L\000o\000s\000\040\000p\000a\000r\000t\000i\000d\000o\000s\000\040\000p\000o\000l\000\355\000t\000i\000c\000o\000s\000\040\000c\000o\000m\000o\000\040\000i\000n\000s\000t\000i\000t\000u\000c\000i\000\363\000n\000\040\000f\000u\000n\000d\000a\000m\000e\000n\000t\000a\000l}{chapter.5}% 25
\BOOKMARK [0][-]{chapter.6}{\376\377\000D\000e\000r\000e\000c\000h\000o\000\040\000a\000l\000\040\000v\000o\000t\000o\000\040\000y\000\040\000s\000i\000s\000t\000e\000m\000a\000s\000\040\000e\000l\000e\000c\000t\000o\000r\000a\000l\000e\000s}{}% 26
\BOOKMARK [1][-]{section.6.1}{\376\377\000E\000l\000\040\000d\000e\000r\000e\000c\000h\000o\000\040\000a\000l\000\040\000v\000o\000t\000o}{chapter.6}% 27
\BOOKMARK [1][-]{section.6.2}{\376\377\000S\000i\000s\000t\000e\000m\000a\000s\000\040\000y\000\040\000f\000\363\000r\000m\000u\000l\000a\000s\000\040\000e\000l\000e\000c\000t\000o\000r\000a\000l\000e\000s}{chapter.6}% 28
\BOOKMARK [1][-]{section.6.3}{\376\377\000L\000a\000\040\000l\000e\000y\000\040\000d\000e\000\040\000l\000e\000m\000a\000s}{chapter.6}% 29
\BOOKMARK [0][-]{chapter.7}{\376\377\000S\000\355\000n\000t\000e\000s\000i\000s\000\040\000y\000\040\000r\000e\000p\000a\000s\000o}{}% 30
\BOOKMARK [1][-]{section.7.1}{\376\377\000C\000u\000a\000d\000r\000o\000\040\000g\000e\000n\000e\000r\000a\000l\000\040\000d\000e\000\040\000d\000o\000c\000t\000r\000i\000n\000a\000s\000\040\000y\000\040\000f\000a\000l\000l\000o\000s\000\040\000m\000e\000n\000c\000i\000o\000n\000a\000d\000o\000s}{chapter.7}% 31
\BOOKMARK [1][-]{section.7.2}{\376\377\000C\000u\000a\000d\000r\000o\000\040\000C\000o\000r\000n\000e\000l\000l}{chapter.7}% 32
\BOOKMARK [1][-]{section.7.3}{\376\377\000P\000r\000e\000g\000u\000n\000t\000a\000s\000\040\000d\000e\000\040\000r\000e\000p\000a\000s\000o\000\040\000a\000c\000t\000i\000v\000o}{chapter.7}% 33
\BOOKMARK [2][-]{section*.9}{\376\377\000N\000i\000v\000e\000l\000\040\0001\000\040\040\024\000\040\000R\000e\000c\000o\000n\000o\000c\000i\000m\000i\000e\000n\000t\000o}{section.7.3}% 34
\BOOKMARK [2][-]{section*.10}{\376\377\000N\000i\000v\000e\000l\000\040\0002\000\040\040\024\000\040\000C\000o\000m\000p\000r\000e\000n\000s\000i\000\363\000n}{section.7.3}% 35
\BOOKMARK [2][-]{section*.11}{\376\377\000N\000i\000v\000e\000l\000\040\0003\000\040\040\024\000\040\000A\000p\000l\000i\000c\000a\000c\000i\000\363\000n}{section.7.3}% 36
\BOOKMARK [2][-]{section*.12}{\376\377\000N\000i\000v\000e\000l\000\040\0004\000\040\040\024\000\040\000D\000i\000f\000e\000r\000e\000n\000c\000i\000a\000c\000i\000\363\000n}{section.7.3}% 37
\BOOKMARK [2][-]{section*.13}{\376\377\000N\000i\000v\000e\000l\000\040\0005\000\040\040\024\000\040\000I\000n\000t\000e\000g\000r\000a\000c\000i\000\363\000n}{section.7.3}% 38
\BOOKMARK [1][-]{section.7.4}{\376\377\000S\000\355\000n\000t\000e\000s\000i\000s\000\040\000g\000e\000n\000e\000r\000a\000l}{chapter.7}% 39
