\BOOKMARK [0][-]{chapter*.2}{\376\377\000I\000n\000t\000r\000o\000d\000u\000c\000c\000i\000\363\000n\000\040\000g\000e\000n\000e\000r\000a\000l}{}% 1
\BOOKMARK [-1][-]{part.1}{\376\377\000I\000\040\000E\000l\000\040\000d\000e\000r\000e\000c\000h\000o\000,\000\040\000l\000a\000\040\000j\000u\000s\000t\000i\000c\000i\000a\000\040\000y\000\040\000e\000l\000\040\000d\000e\000r\000e\000c\000h\000o\000\040\000c\000i\000v\000i\000l}{}% 2
\BOOKMARK [0][-]{chapter.1}{\376\377\000L\000a\000\040\000n\000o\000c\000i\000\363\000n\000\040\000d\000e\000\040\000d\000e\000r\000e\000c\000h\000o\000\040\000y\000\040\000d\000e\000\040\000j\000u\000s\000t\000i\000c\000i\000a}{part.1}% 3
\BOOKMARK [1][-]{section.1.1}{\376\377\000O\000r\000i\000g\000e\000n\000\040\000e\000t\000i\000m\000o\000l\000\363\000g\000i\000c\000o\000\040\000d\000e\000\040\000l\000a\000\040\000p\000a\000l\000a\000b\000r\000a\000\040\000d\000e\000r\000e\000c\000h\000o}{chapter.1}% 4
\BOOKMARK [1][-]{section.1.2}{\376\377\000L\000a\000\040\000j\000u\000s\000t\000i\000c\000i\000a\000\040\000c\000o\000m\000o\000\040\000d\000a\000r\000\040\000a\000\040\000c\000a\000d\000a\000\040\000u\000n\000o\000\040\000l\000o\000\040\000s\000u\000y\000o}{chapter.1}% 5
\BOOKMARK [2][-]{subsection.1.2.1}{\376\377\000T\000i\000p\000o\000s\000\040\000d\000e\000\040\000j\000u\000s\000t\000i\000c\000i\000a}{section.1.2}% 6
\BOOKMARK [1][-]{section.1.3}{\376\377\000O\000p\000c\000i\000\363\000n\000\040\000m\000e\000t\000o\000d\000o\000l\000\363\000g\000i\000c\000a\000:\000\040\000e\000l\000\040\000i\000u\000s\000n\000a\000t\000u\000r\000a\000l\000i\000s\000m\000o}{chapter.1}% 7
\BOOKMARK [1][-]{section.1.4}{\376\377\000D\000i\000g\000n\000i\000d\000a\000d\000\040\000d\000e\000\040\000l\000a\000\040\000p\000e\000r\000s\000o\000n\000a\000\040\000y\000\040\000b\000i\000e\000n\000\040\000c\000o\000m\000\372\000n}{chapter.1}% 8
\BOOKMARK [0][-]{chapter.2}{\376\377\000D\000e\000r\000e\000c\000h\000o\000\040\000o\000b\000j\000e\000t\000i\000v\000o\000,\000\040\000s\000u\000b\000j\000e\000t\000i\000v\000o\000\040\000y\000\040\000n\000o\000r\000m\000a\000t\000i\000v\000o}{part.1}% 9
\BOOKMARK [1][-]{section.2.1}{\376\377\000L\000a\000s\000\040\000t\000r\000e\000s\000\040\000d\000i\000m\000e\000n\000s\000i\000o\000n\000e\000s\000\040\000d\000e\000\040\000l\000a\000\040\000p\000a\000l\000a\000b\000r\000a\000\040\000d\000e\000r\000e\000c\000h\000o}{chapter.2}% 10
\BOOKMARK [1][-]{section.2.2}{\376\377\000T\000e\000o\000r\000\355\000a\000s\000\040\000c\000l\000\341\000s\000i\000c\000a\000s\000\040\000d\000e\000l\000\040\000d\000e\000r\000e\000c\000h\000o\000\040\000s\000u\000b\000j\000e\000t\000i\000v\000o}{chapter.2}% 11
\BOOKMARK [1][-]{section.2.3}{\376\377\000C\000r\000\355\000t\000i\000c\000a\000s\000\040\000c\000o\000l\000e\000c\000t\000i\000v\000i\000s\000t\000a\000\040\000y\000\040\000p\000o\000s\000i\000t\000i\000v\000i\000s\000t\000a\000\040\000a\000l\000\040\000d\000e\000r\000e\000c\000h\000o\000\040\000s\000u\000b\000j\000e\000t\000i\000v\000o}{chapter.2}% 12
\BOOKMARK [1][-]{section.2.4}{\376\377\000L\000a\000\040\000t\000e\000o\000r\000\355\000a\000\040\000d\000e\000\040\000J\000o\000h\000n\000\040\000F\000i\000n\000n\000i\000s}{chapter.2}% 13
\BOOKMARK [0][-]{chapter.3}{\376\377\000L\000a\000s\000\040\000g\000r\000a\000n\000d\000e\000s\000\040\000d\000i\000v\000i\000s\000i\000o\000n\000e\000s\000\040\000d\000e\000l\000\040\000d\000e\000r\000e\000c\000h\000o}{part.1}% 14
\BOOKMARK [1][-]{section.3.1}{\376\377\000D\000e\000r\000e\000c\000h\000o\000\040\000n\000a\000t\000u\000r\000a\000l\000\040\000y\000\040\000d\000e\000r\000e\000c\000h\000o\000\040\000p\000o\000s\000i\000t\000i\000v\000o}{chapter.3}% 15
\BOOKMARK [1][-]{section.3.2}{\376\377\000D\000e\000r\000e\000c\000h\000o\000\040\000p\000\372\000b\000l\000i\000c\000o\000\040\000y\000\040\000d\000e\000r\000e\000c\000h\000o\000\040\000p\000r\000i\000v\000a\000d\000o}{chapter.3}% 16
\BOOKMARK [0][-]{chapter.4}{\376\377\000E\000l\000\040\000d\000e\000r\000e\000c\000h\000o\000\040\000c\000i\000v\000i\000l\000,\000\040\000l\000a\000\040\000r\000e\000l\000a\000c\000i\000\363\000n\000\040\000j\000u\000r\000\355\000d\000i\000c\000a\000\040\000y\000\040\000s\000u\000\040\000P\000a\000r\000t\000e\000\040\000G\000e\000n\000e\000r\000a\000l}{part.1}% 17
\BOOKMARK [1][-]{section.4.1}{\376\377\000E\000l\000\040\000d\000e\000r\000e\000c\000h\000o\000\040\000c\000i\000v\000i\000l\000\040\000c\000o\000m\000o\000\040\000r\000a\000m\000a\000\040\000m\000a\000d\000r\000e\000\040\000d\000e\000l\000\040\000d\000e\000r\000e\000c\000h\000o\000\040\000p\000r\000i\000v\000a\000d\000o}{chapter.4}% 18
\BOOKMARK [1][-]{section.4.2}{\376\377\000L\000a\000\040\000r\000e\000l\000a\000c\000i\000\363\000n\000\040\000j\000u\000r\000\355\000d\000i\000c\000a\000:\000\040\000s\000u\000j\000e\000t\000o\000,\000\040\000o\000b\000j\000e\000t\000o\000\040\000y\000\040\000c\000a\000u\000s\000a}{chapter.4}% 19
\BOOKMARK [2][-]{subsection.4.2.1}{\376\377\000S\000u\000j\000e\000t\000o\000s\000\040\000\050\000e\000l\000e\000m\000e\000n\000t\000o\000\040\000p\000e\000r\000s\000o\000n\000a\000l\000\051}{section.4.2}% 20
\BOOKMARK [2][-]{subsection.4.2.2}{\376\377\000O\000b\000j\000e\000t\000o\000\040\000\050\000e\000l\000e\000m\000e\000n\000t\000o\000\040\000r\000e\000a\000l\000\051}{section.4.2}% 21
\BOOKMARK [2][-]{subsection.4.2.3}{\376\377\000C\000a\000u\000s\000a\000\040\000\050\000e\000l\000e\000m\000e\000n\000t\000o\000\040\000n\000o\000r\000m\000a\000t\000i\000v\000o\000\051}{section.4.2}% 22
\BOOKMARK [1][-]{section.4.3}{\376\377\000L\000a\000\040\000P\000a\000r\000t\000e\000\040\000G\000e\000n\000e\000r\000a\000l\000\040\000e\000n\000\040\000e\000l\000\040\000C\000\363\000d\000i\000g\000o\000\040\000C\000i\000v\000i\000l\000\040\000y\000\040\000C\000o\000m\000e\000r\000c\000i\000a\000l}{chapter.4}% 23
\BOOKMARK [-1][-]{part.2}{\376\377\000I\000I\000\040\000L\000a\000\040\000c\000o\000d\000i\000f\000i\000c\000a\000c\000i\000\363\000n\000\040\000d\000e\000l\000\040\000d\000e\000r\000e\000c\000h\000o\000\040\000c\000i\000v\000i\000l}{}% 24
\BOOKMARK [0][-]{chapter.5}{\376\377\000L\000a\000\040\000c\000o\000d\000i\000f\000i\000c\000a\000c\000i\000\363\000n\000:\000\040\000c\000o\000n\000c\000e\000p\000t\000o\000,\000\040\000c\000a\000r\000a\000c\000t\000e\000r\000e\000s\000\040\000y\000\040\000o\000r\000\355\000g\000e\000n\000e\000s}{part.2}% 25
\BOOKMARK [1][-]{section.5.1}{\376\377\000C\000o\000n\000c\000e\000p\000t\000o\000\040\000y\000\040\000c\000a\000r\000a\000c\000t\000e\000r\000e\000s\000\040\000d\000e\000\040\000l\000a\000\040\000c\000o\000d\000i\000f\000i\000c\000a\000c\000i\000\363\000n}{chapter.5}% 26
\BOOKMARK [1][-]{section.5.2}{\376\377\000V\000e\000n\000t\000a\000j\000a\000s\000\040\000e\000\040\000i\000n\000c\000o\000n\000v\000e\000n\000i\000e\000n\000t\000e\000s\000\040\000d\000e\000\040\000l\000a\000\040\000c\000o\000d\000i\000f\000i\000c\000a\000c\000i\000\363\000n}{chapter.5}% 27
\BOOKMARK [1][-]{section.5.3}{\376\377\000O\000r\000\355\000g\000e\000n\000e\000s\000\040\000h\000i\000s\000t\000\363\000r\000i\000c\000o\000s\000\040\000d\000e\000\040\000l\000a\000\040\000c\000o\000d\000i\000f\000i\000c\000a\000c\000i\000\363\000n\000\040\000m\000o\000d\000e\000r\000n\000a}{chapter.5}% 28
\BOOKMARK [0][-]{chapter.6}{\376\377\000E\000l\000\040\000C\000\363\000d\000i\000g\000o\000\040\000d\000e\000\040\000V\000\351\000l\000e\000z\000\040\000S\000a\000r\000s\000f\000i\000e\000l\000d\000\040\000y\000\040\000l\000a\000\040\000r\000e\000f\000o\000r\000m\000a\000\040\000d\000e\000\040\000l\000a\000\040\000L\000e\000y\000\040\0001\0007\000.\0007\0001\0001}{part.2}% 29
\BOOKMARK [1][-]{section.6.1}{\376\377\000C\000o\000n\000t\000e\000x\000t\000o\000\040\000c\000o\000n\000s\000t\000i\000t\000u\000c\000i\000o\000n\000a\000l\000\040\000y\000\040\000e\000l\000a\000b\000o\000r\000a\000c\000i\000\363\000n\000\040\000d\000e\000l\000\040\000C\000\363\000d\000i\000g\000o\000\040\000d\000e\000\040\000V\000\351\000l\000e\000z}{chapter.6}% 30
\BOOKMARK [1][-]{section.6.2}{\376\377\000F\000u\000e\000n\000t\000e\000s\000\040\000d\000e\000l\000\040\000C\000\363\000d\000i\000g\000o\000\040\000d\000e\000\040\000V\000\351\000l\000e\000z}{chapter.6}% 31
\BOOKMARK [1][-]{section.6.3}{\376\377\000M\000\351\000t\000o\000d\000o\000\040\000d\000e\000l\000\040\000C\000\363\000d\000i\000g\000o\000\040\000d\000e\000\040\000V\000\351\000l\000e\000z}{chapter.6}% 32
\BOOKMARK [1][-]{section.6.4}{\376\377\000P\000r\000o\000y\000e\000c\000t\000o\000s\000\040\000d\000e\000\040\000r\000e\000f\000o\000r\000m\000a\000\040\000a\000n\000t\000e\000r\000i\000o\000r\000e\000s\000\040\000a\000\040\0001\0009\0006\0008}{chapter.6}% 33
\BOOKMARK [1][-]{section.6.5}{\376\377\000L\000a\000\040\000L\000e\000y\000\040\0001\0007\000.\0007\0001\0001\000\040\000\050\0001\0009\0006\0008\000\051\000:\000\040\000p\000r\000i\000m\000e\000r\000a\000\040\000r\000e\000f\000o\000r\000m\000a\000\040\000i\000n\000t\000e\000g\000r\000a\000l}{chapter.6}% 34
\BOOKMARK [2][-]{subsection.6.5.1}{\376\377\000I\000n\000s\000t\000i\000t\000u\000t\000o\000s\000\040\000i\000n\000c\000o\000r\000p\000o\000r\000a\000d\000o\000s}{section.6.5}% 35
\BOOKMARK [2][-]{subsection.6.5.2}{\376\377\000R\000e\000f\000o\000r\000m\000a\000s\000\040\000p\000o\000s\000t\000e\000r\000i\000o\000r\000e\000s\000\040\000y\000\040\000p\000r\000o\000y\000e\000c\000t\000o\000s\000\040\000d\000e\000\040\000u\000n\000i\000f\000i\000c\000a\000c\000i\000\363\000n}{section.6.5}% 36
\BOOKMARK [0][-]{chapter.7}{\376\377\000E\000l\000\040\000C\000\363\000d\000i\000g\000o\000\040\000C\000i\000v\000i\000l\000\040\000y\000\040\000C\000o\000m\000e\000r\000c\000i\000a\000l\000\040\000d\000e\000\040\000l\000a\000\040\000N\000a\000c\000i\000\363\000n}{part.2}% 37
\BOOKMARK [1][-]{section.7.1}{\376\377\000C\000o\000m\000i\000s\000i\000\363\000n\000\040\000r\000e\000d\000a\000c\000t\000o\000r\000a\000\040\000y\000\040\000e\000l\000a\000b\000o\000r\000a\000c\000i\000\363\000n\000\040\000d\000e\000l\000\040\000a\000n\000t\000e\000p\000r\000o\000y\000e\000c\000t\000o}{chapter.7}% 38
\BOOKMARK [1][-]{section.7.2}{\376\377\000T\000r\000\341\000m\000i\000t\000e\000\040\000p\000a\000r\000l\000a\000m\000e\000n\000t\000a\000r\000i\000o}{chapter.7}% 39
\BOOKMARK [1][-]{section.7.3}{\376\377\000M\000\351\000t\000o\000d\000o\000\040\000d\000e\000l\000\040\000C\000\363\000d\000i\000g\000o\000\040\000C\000i\000v\000i\000l\000\040\000y\000\040\000C\000o\000m\000e\000r\000c\000i\000a\000l\000\040\000f\000r\000e\000n\000t\000e\000\040\000a\000l\000\040\000C\000\363\000d\000i\000g\000o\000\040\000d\000e\000\040\000V\000\351\000l\000e\000z}{chapter.7}% 40
\BOOKMARK [1][-]{section.7.4}{\376\377\000G\000r\000a\000n\000d\000e\000s\000\040\000l\000\355\000n\000e\000a\000s\000\040\000d\000e\000l\000\040\000C\000\363\000d\000i\000g\000o\000\040\000C\000i\000v\000i\000l\000\040\000y\000\040\000C\000o\000m\000e\000r\000c\000i\000a\000l}{chapter.7}% 41
\BOOKMARK [2][-]{subsection.7.4.1}{\376\377\000E\000n\000\040\000m\000a\000t\000e\000r\000i\000a\000\040\000d\000e\000\040\000p\000e\000r\000s\000o\000n\000a\000\040\000y\000\040\000f\000a\000m\000i\000l\000i\000a}{section.7.4}% 42
\BOOKMARK [2][-]{subsection.7.4.2}{\376\377\000E\000n\000\040\000m\000a\000t\000e\000r\000i\000a\000\040\000d\000e\000\040\000d\000e\000r\000e\000c\000h\000o\000\040\000p\000r\000i\000v\000a\000d\000o\000\040\000p\000a\000t\000r\000i\000m\000o\000n\000i\000a\000l}{section.7.4}% 43
\BOOKMARK [-1][-]{part.3}{\376\377\000I\000I\000I\000\040\000E\000l\000\040\000m\000a\000r\000c\000o\000\040\000g\000e\000n\000e\000r\000a\000l\000\040\000d\000e\000l\000\040\000C\000\363\000d\000i\000g\000o\000\040\000C\000i\000v\000i\000l\000\040\000y\000\040\000C\000o\000m\000e\000r\000c\000i\000a\000l}{}% 44
\BOOKMARK [0][-]{chapter.8}{\376\377\000L\000a\000\040\000c\000o\000n\000s\000t\000i\000t\000u\000c\000i\000o\000n\000a\000l\000i\000z\000a\000c\000i\000\363\000n\000\040\000d\000e\000l\000\040\000d\000e\000r\000e\000c\000h\000o\000\040\000p\000r\000i\000v\000a\000d\000o}{part.3}% 45
\BOOKMARK [1][-]{section.8.1}{\376\377\000Q\000u\000\351\000\040\000s\000i\000g\000n\000i\000f\000i\000c\000a\000\040\000c\000o\000n\000s\000t\000i\000t\000u\000c\000i\000o\000n\000a\000l\000i\000z\000a\000r\000\040\000e\000l\000\040\000d\000e\000r\000e\000c\000h\000o\000\040\000p\000r\000i\000v\000a\000d\000o}{chapter.8}% 46
\BOOKMARK [1][-]{section.8.2}{\376\377\000L\000a\000s\000\040\000t\000r\000e\000s\000\040\000v\000\355\000a\000s\000\040\000d\000e\000\040\000c\000o\000n\000s\000t\000i\000t\000u\000c\000i\000o\000n\000a\000l\000i\000z\000a\000c\000i\000\363\000n}{chapter.8}% 47
\BOOKMARK [2][-]{subsection.8.2.1}{\376\377\000L\000a\000\040\000v\000\355\000a\000\040\000r\000e\000f\000o\000r\000m\000a\000d\000o\000r\000a}{section.8.2}% 48
\BOOKMARK [2][-]{subsection.8.2.2}{\376\377\000L\000a\000\040\000v\000\355\000a\000\040\000h\000e\000r\000m\000e\000n\000\351\000u\000t\000i\000c\000a}{section.8.2}% 49
\BOOKMARK [2][-]{subsection.8.2.3}{\376\377\000L\000a\000\040\000v\000\355\000a\000\040\000d\000e\000\040\000a\000p\000l\000i\000c\000a\000c\000i\000\363\000n\000\040\000d\000i\000r\000e\000c\000t\000a}{section.8.2}% 50
\BOOKMARK [1][-]{section.8.3}{\376\377\000V\000e\000n\000t\000a\000j\000a\000s\000\040\000y\000\040\000r\000i\000e\000s\000g\000o\000s\000\040\000d\000e\000\040\000l\000a\000\040\000c\000o\000n\000s\000t\000i\000t\000u\000c\000i\000o\000n\000a\000l\000i\000z\000a\000c\000i\000\363\000n}{chapter.8}% 51
\BOOKMARK [2][-]{subsection.8.3.1}{\376\377\000V\000e\000n\000t\000a\000j\000a\000s}{section.8.3}% 52
\BOOKMARK [2][-]{subsection.8.3.2}{\376\377\000R\000i\000e\000s\000g\000o\000s}{section.8.3}% 53
\BOOKMARK [0][-]{chapter.9}{\376\377\000E\000l\000\040\000T\000\355\000t\000u\000l\000o\000\040\000P\000r\000e\000l\000i\000m\000i\000n\000a\000r\000\040\000y\000\040\000l\000a\000\040\000u\000n\000i\000f\000i\000c\000a\000c\000i\000\363\000n\000\040\000c\000i\000v\000i\000l\000\040\000y\000\040\000c\000o\000m\000e\000r\000c\000i\000a\000l}{part.3}% 54
\BOOKMARK [1][-]{section.9.1}{\376\377\000I\000m\000p\000o\000r\000t\000a\000n\000c\000i\000a\000\040\000y\000\040\000e\000s\000t\000r\000u\000c\000t\000u\000r\000a\000\040\000d\000e\000l\000\040\000T\000\355\000t\000u\000l\000o\000\040\000P\000r\000e\000l\000i\000m\000i\000n\000a\000r}{chapter.9}% 55
\BOOKMARK [1][-]{section.9.2}{\376\377\000L\000a\000\040\000d\000i\000s\000t\000i\000n\000c\000i\000\363\000n\000\040\000e\000n\000t\000r\000e\000\040\000d\000e\000r\000e\000c\000h\000o\000\040\000y\000\040\000l\000e\000y}{chapter.9}% 56
\BOOKMARK [1][-]{section.9.3}{\376\377\000U\000n\000i\000f\000i\000c\000a\000c\000i\000\363\000n\000\040\000d\000e\000\040\000l\000a\000\040\000m\000a\000t\000e\000r\000i\000a\000\040\000c\000i\000v\000i\000l\000\040\000y\000\040\000c\000o\000m\000e\000r\000c\000i\000a\000l}{chapter.9}% 57
\BOOKMARK [2][-]{subsection.9.3.1}{\376\377\000M\000a\000t\000e\000r\000i\000a\000s\000\040\000q\000u\000e\000\040\000p\000e\000r\000m\000a\000n\000e\000c\000e\000n\000\040\000f\000u\000e\000r\000a\000\040\000d\000e\000l\000\040\000c\000\363\000d\000i\000g\000o}{section.9.3}% 58
\BOOKMARK [2][-]{subsection.9.3.2}{\376\377\000C\000o\000n\000t\000e\000n\000i\000d\000o\000\040\000c\000o\000m\000e\000r\000c\000i\000a\000l\000\040\000i\000n\000c\000o\000r\000p\000o\000r\000a\000d\000o}{section.9.3}% 59
\BOOKMARK [0][-]{chapter.10}{\376\377\000P\000r\000i\000n\000c\000i\000p\000i\000o\000s\000\040\000d\000e\000l\000\040\000d\000e\000r\000e\000c\000h\000o\000\040\000c\000i\000v\000i\000l\000:\000\040\000b\000u\000e\000n\000a\000\040\000f\000e\000\040\000y\000\040\000e\000q\000u\000i\000d\000a\000d}{part.3}% 60
\BOOKMARK [1][-]{section.10.1}{\376\377\000E\000l\000\040\000p\000r\000i\000n\000c\000i\000p\000i\000o\000\040\000d\000e\000\040\000b\000u\000e\000n\000a\000\040\000f\000e}{chapter.10}% 61
\BOOKMARK [1][-]{section.10.2}{\376\377\000E\000l\000\040\000p\000r\000i\000n\000c\000i\000p\000i\000o\000\040\000d\000e\000\040\000e\000q\000u\000i\000d\000a\000d}{chapter.10}% 62
\BOOKMARK [0][-]{chapter.11}{\376\377\000L\000o\000s\000\040\000e\000f\000e\000c\000t\000o\000s\000\040\000d\000e\000\040\000l\000a\000\040\000l\000e\000y\000\040\000c\000o\000n\000\040\000r\000e\000l\000a\000c\000i\000\363\000n\000\040\000a\000l\000\040\000t\000i\000e\000m\000p\000o}{part.3}% 63
\BOOKMARK [1][-]{section.11.1}{\376\377\000P\000l\000a\000n\000t\000e\000a\000m\000i\000e\000n\000t\000o\000\040\000d\000e\000l\000\040\000p\000r\000o\000b\000l\000e\000m\000a}{chapter.11}% 64
\BOOKMARK [2][-]{subsection.11.1.1}{\376\377\000T\000r\000e\000s\000\040\000m\000o\000d\000o\000s\000\040\000d\000e\000\040\000a\000p\000l\000i\000c\000a\000c\000i\000\363\000n\000\040\000d\000e\000\040\000l\000a\000\040\000l\000e\000y\000\040\000e\000n\000\040\000e\000l\000\040\000t\000i\000e\000m\000p\000o}{section.11.1}% 65
\BOOKMARK [1][-]{section.11.2}{\376\377\000E\000l\000\040\000s\000i\000s\000t\000e\000m\000a\000\040\000d\000e\000l\000\040\000C\000\363\000d\000i\000g\000o\000\040\000d\000e\000\040\000V\000\351\000l\000e\000z\000\040\000\050\0001\0008\0007\0001\000\051}{chapter.11}% 66
\BOOKMARK [2][-]{subsection.11.2.1}{\376\377\000E\000l\000\040\000d\000e\000r\000e\000c\000h\000o\000\040\000e\000n\000\040\000e\000x\000p\000e\000c\000t\000a\000t\000i\000v\000a\000\040\000\050\000a\000r\000t\000.\000\040\0004\0000\0004\0004\000\051}{section.11.2}% 67
\BOOKMARK [2][-]{subsection.11.2.2}{\376\377\000L\000a\000\040\000m\000e\000r\000a\000\040\000f\000a\000c\000u\000l\000t\000a\000d\000\040\000\050\000a\000r\000t\000.\000\040\0004\0000\0004\0005\000\051}{section.11.2}% 68
\BOOKMARK [2][-]{subsection.11.2.3}{\376\377\000L\000a\000s\000\040\000e\000x\000c\000e\000p\000c\000i\000o\000n\000e\000s\000\040\000d\000e\000l\000\040\000s\000i\000s\000t\000e\000m\000a}{section.11.2}% 69
\BOOKMARK [2][-]{subsection.11.2.4}{\376\377\000C\000r\000\355\000t\000i\000c\000a\000\040\000a\000l\000\040\000s\000i\000s\000t\000e\000m\000a\000\040\000d\000e\000\040\000V\000\351\000l\000e\000z}{section.11.2}% 70
\BOOKMARK [1][-]{section.11.3}{\376\377\000L\000a\000\040\000r\000e\000f\000o\000r\000m\000a\000\040\000d\000e\000\040\000l\000a\000\040\000L\000e\000y\000\040\0001\0007\000.\0007\0001\0001\000\040\000\050\0001\0009\0006\0008\000\051}{chapter.11}% 71
\BOOKMARK [2][-]{subsection.11.3.1}{\376\377\000P\000r\000i\000m\000e\000r\000\040\000p\000r\000i\000n\000c\000i\000p\000i\000o\000:\000\040\000e\000f\000e\000c\000t\000o\000\040\000i\000n\000m\000e\000d\000i\000a\000t\000o\000\040\000d\000e\000\040\000l\000a\000\040\000n\000u\000e\000v\000a\000\040\000l\000e\000y\000\040\000i\000m\000p\000e\000r\000a\000t\000i\000v\000a}{section.11.3}% 72
\BOOKMARK [2][-]{subsection.11.3.2}{\376\377\000S\000e\000g\000u\000n\000d\000o\000\040\000p\000r\000i\000n\000c\000i\000p\000i\000o\000:\000\040\000i\000r\000r\000e\000t\000r\000o\000a\000c\000t\000i\000v\000i\000d\000a\000d\000\040\000d\000e\000\040\000l\000a\000\040\000l\000e\000y}{section.11.3}% 73
\BOOKMARK [2][-]{subsection.11.3.3}{\376\377\000T\000e\000r\000c\000e\000r\000\040\000p\000r\000i\000n\000c\000i\000p\000i\000o\000:\000\040\000e\000f\000e\000c\000t\000o\000\040\000d\000i\000f\000e\000r\000i\000d\000o\000\040\000d\000e\000\040\000l\000a\000\040\000n\000u\000e\000v\000a\000\040\000l\000e\000y\000\040\000s\000u\000p\000l\000e\000t\000o\000r\000i\000a}{section.11.3}% 74
\BOOKMARK [1][-]{section.11.4}{\376\377\000E\000l\000\040\000r\000\351\000g\000i\000m\000e\000n\000\040\000v\000i\000g\000e\000n\000t\000e\000:\000\040\000a\000r\000t\000\355\000c\000u\000l\000o\000\040\0007\000\040\000d\000e\000l\000\040\000C\000C\000y\000C}{chapter.11}% 75
\BOOKMARK [0][-]{chapter.12}{\376\377\000E\000l\000\040\000o\000r\000d\000e\000n\000\040\000p\000\372\000b\000l\000i\000c\000o}{part.3}% 76
\BOOKMARK [1][-]{section.12.1}{\376\377\000P\000u\000n\000t\000o\000\040\000d\000e\000\040\000p\000a\000r\000t\000i\000d\000a\000:\000\040\000l\000a\000\040\000l\000i\000b\000e\000r\000t\000a\000d\000\040\000d\000e\000\040\000c\000o\000n\000t\000r\000a\000t\000a\000r}{chapter.12}% 77
\BOOKMARK [1][-]{section.12.2}{\376\377\000T\000e\000o\000r\000\355\000a\000s\000\040\000s\000o\000b\000r\000e\000\040\000e\000l\000\040\000o\000r\000d\000e\000n\000\040\000p\000\372\000b\000l\000i\000c\000o}{chapter.12}% 78
\BOOKMARK [2][-]{subsection.12.2.1}{\376\377\000L\000e\000y\000e\000s\000\040\000i\000m\000p\000e\000r\000a\000t\000i\000v\000a\000s\000\040\000y\000\040\000l\000e\000y\000e\000s\000\040\000s\000u\000p\000l\000e\000t\000o\000r\000i\000a\000s}{section.12.2}% 79
\BOOKMARK [2][-]{subsection.12.2.2}{\376\377\000G\000\351\000n\000e\000r\000o\000\040\000y\000\040\000e\000s\000p\000e\000c\000i\000e\000:\000\040\000l\000a\000\040\000c\000r\000\355\000t\000i\000c\000a\000\040\000a\000\040\000l\000a\000\040\000t\000e\000o\000r\000\355\000a\000\040\000d\000e\000\040\000B\000o\000r\000d\000a\000s}{section.12.2}% 80
\BOOKMARK [2][-]{subsection.12.2.3}{\376\377\000D\000e\000f\000i\000n\000i\000c\000i\000\363\000n\000\040\000m\000a\000y\000o\000r\000i\000t\000a\000r\000i\000a\000\040\000y\000\040\000c\000a\000r\000a\000c\000t\000e\000r\000e\000s\000\040\000d\000e\000l\000\040\000o\000r\000d\000e\000n\000\040\000p\000\372\000b\000l\000i\000c\000o}{section.12.2}% 81
\BOOKMARK [1][-]{section.12.3}{\376\377\000T\000r\000e\000s\000\040\000g\000r\000a\000n\000d\000e\000s\000\040\000s\000u\000p\000u\000e\000s\000t\000o\000s\000\040\000d\000e\000\040\000a\000p\000l\000i\000c\000a\000c\000i\000\363\000n}{chapter.12}% 82
\BOOKMARK [2][-]{subsection.12.3.1}{\376\377\000O\000r\000d\000e\000n\000\040\000p\000\372\000b\000l\000i\000c\000o\000\040\000y\000\040\000a\000u\000t\000o\000n\000o\000m\000\355\000a\000\040\000d\000e\000\040\000l\000a\000\040\000v\000o\000l\000u\000n\000t\000a\000d}{section.12.3}% 83
\BOOKMARK [2][-]{subsection.12.3.2}{\376\377\000E\000l\000\040\000f\000r\000a\000u\000d\000e\000\040\000a\000\040\000l\000a\000\040\000l\000e\000y}{section.12.3}% 84
\BOOKMARK [2][-]{subsection.12.3.3}{\376\377\000L\000a\000\040\000r\000e\000n\000u\000n\000c\000i\000a\000\040\000g\000e\000n\000e\000r\000a\000l\000\040\000a\000\040\000l\000a\000s\000\040\000l\000e\000y\000e\000s}{section.12.3}% 85
\BOOKMARK [2][-]{subsection.12.3.4}{\376\377\000O\000r\000d\000e\000n\000\040\000p\000\372\000b\000l\000i\000c\000o\000\040\000y\000\040\000l\000e\000y\000\040\000e\000x\000t\000r\000a\000n\000j\000e\000r\000a}{section.12.3}% 86
\BOOKMARK [2][-]{subsection.12.3.5}{\376\377\000O\000r\000d\000e\000n\000\040\000p\000\372\000b\000l\000i\000c\000o\000\040\000y\000\040\000e\000f\000e\000c\000t\000o\000s\000\040\000d\000e\000\040\000l\000a\000\040\000l\000e\000y\000\040\000e\000n\000\040\000e\000l\000\040\000t\000i\000e\000m\000p\000o}{section.12.3}% 87
\BOOKMARK [1][-]{section.12.4}{\376\377\000C\000u\000e\000s\000t\000i\000o\000n\000e\000s\000\040\000f\000r\000e\000c\000u\000e\000n\000t\000e\000s\000\040\000s\000o\000b\000r\000e\000\040\000e\000l\000\040\000o\000r\000d\000e\000n\000\040\000p\000\372\000b\000l\000i\000c\000o}{chapter.12}% 88
\BOOKMARK [-1][-]{part.4}{\376\377\000I\000V\000\040\000L\000a\000\040\000p\000e\000r\000s\000o\000n\000a\000\040\000h\000u\000m\000a\000n\000a}{}% 89
\BOOKMARK [0][-]{chapter.13}{\376\377\000L\000a\000\040\000p\000e\000r\000s\000o\000n\000a\000\040\000h\000u\000m\000a\000n\000a\000:\000\040\000f\000u\000n\000d\000a\000m\000e\000n\000t\000o\000\040\000y\000\040\000r\000e\000c\000o\000n\000o\000c\000i\000m\000i\000e\000n\000t\000o\000\040\000j\000u\000r\000\355\000d\000i\000c\000o}{part.4}% 90
\BOOKMARK [1][-]{section.13.1}{\376\377\000F\000u\000n\000d\000a\000m\000e\000n\000t\000o\000s\000\040\000f\000i\000l\000o\000s\000\363\000f\000i\000c\000o\000s\000\040\000y\000\040\000e\000t\000i\000m\000o\000l\000\363\000g\000i\000c\000o\000s}{chapter.13}% 91
\BOOKMARK [2][-]{subsection.13.1.1}{\376\377\000E\000l\000\040\000o\000r\000i\000g\000e\000n\000\040\000e\000t\000i\000m\000o\000l\000\363\000g\000i\000c\000o\000\040\000d\000e\000\040\000p\000e\000r\000s\000o\000n\000a}{section.13.1}% 92
\BOOKMARK [2][-]{subsection.13.1.2}{\376\377\000L\000a\000\040\000d\000e\000f\000i\000n\000i\000c\000i\000\363\000n\000\040\000f\000i\000l\000o\000s\000\363\000f\000i\000c\000a\000\040\000d\000e\000\040\000B\000o\000e\000c\000i\000o}{section.13.1}% 93
\BOOKMARK [2][-]{subsection.13.1.3}{\376\377\000E\000l\000\040\000s\000e\000r\000\040\000h\000u\000m\000a\000n\000o\000\040\000c\000o\000m\000o\000\040\000s\000e\000r\000\040\000e\000n\000\040\000r\000e\000l\000a\000c\000i\000\363\000n}{section.13.1}% 94
\BOOKMARK [2][-]{subsection.13.1.4}{\376\377\000T\000o\000d\000o\000\040\000s\000e\000r\000\040\000h\000u\000m\000a\000n\000o\000\040\000e\000s\000\040\000p\000e\000r\000s\000o\000n\000a}{section.13.1}% 95
\BOOKMARK [1][-]{section.13.2}{\376\377\000L\000a\000\040\000p\000e\000r\000s\000o\000n\000a\000\040\000e\000n\000\040\000l\000o\000s\000\040\000t\000r\000a\000t\000a\000d\000o\000s\000\040\000i\000n\000t\000e\000r\000n\000a\000c\000i\000o\000n\000a\000l\000e\000s\000\040\000d\000e\000\040\000d\000e\000r\000e\000c\000h\000o\000s\000\040\000h\000u\000m\000a\000n\000o\000s}{chapter.13}% 96
\BOOKMARK [2][-]{subsection.13.2.1}{\376\377\000L\000a\000\040\000D\000e\000c\000l\000a\000r\000a\000c\000i\000\363\000n\000\040\000U\000n\000i\000v\000e\000r\000s\000a\000l\000\040\000d\000e\000\040\000D\000e\000r\000e\000c\000h\000o\000s\000\040\000H\000u\000m\000a\000n\000o\000s\000\040\000\050\0001\0009\0004\0008\000\051}{section.13.2}% 97
\BOOKMARK [2][-]{subsection.13.2.2}{\376\377\000E\000l\000\040\000P\000a\000c\000t\000o\000\040\000d\000e\000\040\000S\000a\000n\000\040\000J\000o\000s\000\351\000\040\000d\000e\000\040\000C\000o\000s\000t\000a\000\040\000R\000i\000c\000a}{section.13.2}% 98
\BOOKMARK [2][-]{subsection.13.2.3}{\376\377\000L\000a\000\040\000d\000i\000g\000n\000i\000d\000a\000d\000\040\000h\000u\000m\000a\000n\000a\000:\000\040\000c\000o\000n\000c\000e\000p\000t\000o\000\040\000y\000\040\000d\000i\000m\000e\000n\000s\000i\000o\000n\000e\000s}{section.13.2}% 99
\BOOKMARK [1][-]{section.13.3}{\376\377\000L\000a\000\040\000p\000e\000r\000s\000o\000n\000a\000\040\000h\000u\000m\000a\000n\000a\000\040\000e\000n\000\040\000e\000l\000\040\000C\000\363\000d\000i\000g\000o\000\040\000C\000i\000v\000i\000l\000\040\000y\000\040\000C\000o\000m\000e\000r\000c\000i\000a\000l}{chapter.13}% 100
\BOOKMARK [2][-]{subsection.13.3.1}{\376\377\000L\000o\000s\000\040\000t\000e\000x\000t\000o\000s\000\040\000d\000e\000r\000o\000g\000a\000d\000o\000s\000\040\000d\000e\000\040\000V\000\351\000l\000e\000z}{section.13.3}% 101
\BOOKMARK [2][-]{subsection.13.3.2}{\376\377\000E\000l\000\040\000a\000r\000t\000\355\000c\000u\000l\000o\000\040\0005\0001\000\040\000v\000i\000g\000e\000n\000t\000e}{section.13.3}% 102
\BOOKMARK [1][-]{section.13.4}{\376\377\000C\000u\000e\000s\000t\000i\000o\000n\000e\000s\000\040\000f\000r\000e\000c\000u\000e\000n\000t\000e\000s\000\040\000s\000o\000b\000r\000e\000\040\000e\000l\000\040\000c\000o\000n\000c\000e\000p\000t\000o\000\040\000d\000e\000\040\000p\000e\000r\000s\000o\000n\000a}{chapter.13}% 103
\BOOKMARK [0][-]{chapter.14}{\376\377\000E\000l\000\040\000c\000o\000m\000i\000e\000n\000z\000o\000\040\000d\000e\000\040\000l\000a\000\040\000e\000x\000i\000s\000t\000e\000n\000c\000i\000a\000:\000\040\000l\000a\000\040\000p\000e\000r\000s\000o\000n\000a\000\040\000p\000o\000r\000\040\000n\000a\000c\000e\000r}{part.4}% 104
\BOOKMARK [1][-]{section.14.1}{\376\377\000L\000a\000\040\000t\000r\000a\000d\000i\000c\000i\000\363\000n\000\040\000r\000o\000m\000a\000n\000a}{chapter.14}% 105
\BOOKMARK [1][-]{section.14.2}{\376\377\000E\000l\000\040\000C\000\363\000d\000i\000g\000o\000\040\000d\000e\000\040\000V\000\351\000l\000e\000z\000\040\000\050\0001\0008\0007\0001\000\051}{chapter.14}% 106
\BOOKMARK [1][-]{section.14.3}{\376\377\000L\000a\000\040\000r\000e\000f\000o\000r\000m\000a\000\040\000c\000o\000n\000s\000t\000i\000t\000u\000c\000i\000o\000n\000a\000l\000\040\000d\000e\000\040\0001\0009\0009\0004\000\040\000y\000\040\000l\000o\000s\000\040\000t\000r\000a\000t\000a\000d\000o\000s}{chapter.14}% 107
\BOOKMARK [1][-]{section.14.4}{\376\377\000E\000l\000\040\000C\000\363\000d\000i\000g\000o\000\040\000C\000i\000v\000i\000l\000\040\000y\000\040\000C\000o\000m\000e\000r\000c\000i\000a\000l}{chapter.14}% 108
\BOOKMARK [2][-]{subsection.14.4.1}{\376\377\000E\000l\000\040\000d\000e\000b\000a\000t\000e\000\040\000d\000e\000\040\000e\000l\000a\000b\000o\000r\000a\000c\000i\000\363\000n\000\040\000y\000\040\000e\000l\000\040\000t\000e\000x\000t\000o\000\040\000d\000e\000l\000\040\000a\000r\000t\000\355\000c\000u\000l\000o\000\040\0001\0009}{section.14.4}% 109
\BOOKMARK [2][-]{subsection.14.4.2}{\376\377\000C\000o\000n\000c\000e\000p\000c\000i\000\363\000n\000:\000\040\000\277\000f\000e\000c\000u\000n\000d\000a\000c\000i\000\363\000n\000\040\000o\000\040\000i\000m\000p\000l\000a\000n\000t\000a\000c\000i\000\363\000n\000?}{section.14.4}% 110
\BOOKMARK [2][-]{subsection.14.4.3}{\376\377\000O\000t\000r\000a\000s\000\040\000c\000u\000e\000s\000t\000i\000o\000n\000e\000s\000\040\000s\000o\000b\000r\000e\000\040\000e\000m\000b\000r\000i\000o\000n\000e\000s}{section.14.4}% 111
\BOOKMARK [1][-]{section.14.5}{\376\377\000L\000a\000\040\000\351\000p\000o\000c\000a\000\040\000d\000e\000\040\000l\000a\000\040\000c\000o\000n\000c\000e\000p\000c\000i\000\363\000n\000\040\000\050\000a\000r\000t\000.\000\040\0002\0000\000\040\000C\000C\000y\000C\000\051}{chapter.14}% 112
\BOOKMARK [1][-]{section.14.6}{\376\377\000E\000l\000\040\000n\000a\000c\000i\000m\000i\000e\000n\000t\000o\000\040\000c\000o\000n\000\040\000v\000i\000d\000a\000\040\000\050\000a\000r\000t\000.\000\040\0002\0001\000\040\000C\000C\000y\000C\000\051}{chapter.14}% 113
\BOOKMARK [2][-]{subsection.14.6.1}{\376\377\000Q\000u\000\351\000\040\000s\000i\000g\000n\000i\000f\000i\000c\000a\000\040\000n\000a\000c\000e\000r\000\040\000c\000o\000n\000\040\000v\000i\000d\000a}{section.14.6}% 114
\BOOKMARK [1][-]{section.14.7}{\376\377\000E\000l\000\040\000r\000\351\000g\000i\000m\000e\000n\000\040\000j\000u\000r\000\355\000d\000i\000c\000o\000\040\000d\000e\000\040\000l\000a\000\040\000p\000e\000r\000s\000o\000n\000a\000\040\000p\000o\000r\000\040\000n\000a\000c\000e\000r}{chapter.14}% 115
\BOOKMARK [1][-]{section.14.8}{\376\377\000E\000v\000o\000l\000u\000c\000i\000\363\000n\000\040\000d\000e\000l\000\040\000r\000e\000c\000o\000n\000o\000c\000i\000m\000i\000e\000n\000t\000o\000\040\000d\000e\000\040\000l\000a\000\040\000p\000e\000r\000s\000o\000n\000a\000\040\000p\000o\000r\000\040\000n\000a\000c\000e\000r}{chapter.14}% 116
\BOOKMARK [-1][-]{part.5}{\376\377\000V\000\040\000L\000o\000s\000\040\000a\000t\000r\000i\000b\000u\000t\000o\000s\000\040\000d\000e\000\040\000l\000a\000\040\000p\000e\000r\000s\000o\000n\000a\000\040\000h\000u\000m\000a\000n\000a}{}% 117
\BOOKMARK [0][-]{chapter.15}{\376\377\000L\000o\000s\000\040\000a\000t\000r\000i\000b\000u\000t\000o\000s\000\040\000d\000e\000\040\000l\000a\000\040\000p\000e\000r\000s\000o\000n\000a\000\040\000h\000u\000m\000a\000n\000a}{part.5}% 118
\BOOKMARK [1][-]{section.15.1}{\376\377\000E\000n\000u\000m\000e\000r\000a\000c\000i\000\363\000n\000\040\000d\000e\000\040\000l\000o\000s\000\040\000a\000t\000r\000i\000b\000u\000t\000o\000s}{chapter.15}% 119
\BOOKMARK [0][-]{chapter.16}{\376\377\000E\000l\000\040\000n\000o\000m\000b\000r\000e}{part.5}% 120
\BOOKMARK [1][-]{section.16.1}{\376\377\000C\000o\000n\000c\000e\000p\000t\000o\000\040\000y\000\040\000c\000a\000r\000a\000c\000t\000e\000r\000e\000s}{chapter.16}% 121
\BOOKMARK [1][-]{section.16.2}{\376\377\000R\000\351\000g\000i\000m\000e\000n\000\040\000l\000e\000g\000a\000l\000:\000\040\000e\000v\000o\000l\000u\000c\000i\000\363\000n\000\040\000l\000e\000g\000i\000s\000l\000a\000t\000i\000v\000a}{chapter.16}% 122
\BOOKMARK [1][-]{section.16.3}{\376\377\000E\000l\000\040\000n\000o\000m\000b\000r\000e\000\040\000c\000o\000m\000o\000\040\000d\000e\000r\000e\000c\000h\000o\000\040\000y\000\040\000c\000o\000m\000o\000\040\000d\000e\000b\000e\000r\000\040\000\050\000a\000r\000t\000.\000\040\0006\0002\000\051}{chapter.16}% 123
\BOOKMARK [1][-]{section.16.4}{\376\377\000E\000l\000\040\000p\000r\000e\000n\000o\000m\000b\000r\000e\000\040\000\050\000a\000r\000t\000.\000\040\0006\0003\000\051}{chapter.16}% 124
\BOOKMARK [2][-]{subsection.16.4.1}{\376\377\000A\000d\000q\000u\000i\000s\000i\000c\000i\000\363\000n\000\040\000y\000\040\000o\000r\000d\000e\000n\000\040\000d\000e\000\040\000e\000l\000e\000c\000c\000i\000\363\000n}{section.16.4}% 125
\BOOKMARK [2][-]{subsection.16.4.2}{\376\377\000R\000e\000g\000l\000a\000s\000\040\000y\000\040\000l\000\355\000m\000i\000t\000e\000s}{section.16.4}% 126
\BOOKMARK [1][-]{section.16.5}{\376\377\000E\000l\000\040\000a\000p\000e\000l\000l\000i\000d\000o}{chapter.16}% 127
\BOOKMARK [2][-]{subsection.16.5.1}{\376\377\000F\000i\000l\000i\000a\000c\000i\000\363\000n\000\040\000m\000a\000t\000r\000i\000m\000o\000n\000i\000a\000l\000\040\000\050\000a\000r\000t\000.\000\040\0006\0004\000\051}{section.16.5}% 128
\BOOKMARK [2][-]{subsection.16.5.2}{\376\377\000F\000i\000l\000i\000a\000c\000i\000\363\000n\000\040\000e\000x\000t\000r\000a\000m\000a\000t\000r\000i\000m\000o\000n\000i\000a\000l}{section.16.5}% 129
\BOOKMARK [2][-]{subsection.16.5.3}{\376\377\000P\000e\000r\000s\000o\000n\000a\000\040\000s\000i\000n\000\040\000f\000i\000l\000i\000a\000c\000i\000\363\000n\000\040\000d\000e\000t\000e\000r\000m\000i\000n\000a\000d\000a\000\040\000\050\000a\000r\000t\000.\000\040\0006\0006\000\051}{section.16.5}% 130
\BOOKMARK [2][-]{subsection.16.5.4}{\376\377\000A\000p\000e\000l\000l\000i\000d\000o\000\040\000d\000e\000\040\000l\000o\000s\000\040\000c\000\363\000n\000y\000u\000g\000e\000s\000,\000\040\000v\000i\000u\000d\000e\000z\000\040\000y\000\040\000a\000d\000o\000p\000c\000i\000\363\000n}{section.16.5}% 131
\BOOKMARK [1][-]{section.16.6}{\376\377\000C\000a\000m\000b\000i\000o\000\040\000d\000e\000\040\000n\000o\000m\000b\000r\000e\000\040\000y\000\040\000a\000c\000c\000i\000o\000n\000e\000s\000\040\000d\000e\000\040\000p\000r\000o\000t\000e\000c\000c\000i\000\363\000n}{chapter.16}% 132
\BOOKMARK [2][-]{subsection.16.6.1}{\376\377\000V\000\355\000a\000\040\000j\000u\000d\000i\000c\000i\000a\000l\000:\000\040\000j\000u\000s\000t\000o\000s\000\040\000m\000o\000t\000i\000v\000o\000s\000\040\000\050\000a\000r\000t\000.\000\040\0006\0009\000\051}{section.16.6}% 133
\BOOKMARK [2][-]{subsection.16.6.2}{\376\377\000V\000\355\000a\000\040\000a\000d\000m\000i\000n\000i\000s\000t\000r\000a\000t\000i\000v\000a}{section.16.6}% 134
\BOOKMARK [2][-]{subsection.16.6.3}{\376\377\000P\000r\000o\000c\000e\000d\000i\000m\000i\000e\000n\000t\000o\000\040\000y\000\040\000a\000c\000c\000i\000o\000n\000e\000s\000\040\000d\000e\000\040\000p\000r\000o\000t\000e\000c\000c\000i\000\363\000n}{section.16.6}% 135
\BOOKMARK [1][-]{section.16.7}{\376\377\000L\000a\000\040\000f\000i\000l\000i\000a\000c\000i\000\363\000n\000\040\000y\000\040\000e\000l\000\040\000n\000o\000m\000b\000r\000e}{chapter.16}% 136
\BOOKMARK [0][-]{chapter.17}{\376\377\000E\000l\000\040\000d\000o\000m\000i\000c\000i\000l\000i\000o}{part.5}% 137
\BOOKMARK [1][-]{section.17.1}{\376\377\000C\000o\000n\000c\000e\000p\000t\000o\000,\000\040\000f\000i\000n\000a\000l\000i\000d\000a\000d\000\040\000y\000\040\000u\000b\000i\000c\000a\000c\000i\000\363\000n\000\040\000n\000o\000r\000m\000a\000t\000i\000v\000a}{chapter.17}% 138
\BOOKMARK [2][-]{subsection.17.1.1}{\376\377\000D\000o\000m\000i\000c\000i\000l\000i\000o\000\040\000c\000i\000v\000i\000l\000\040\000y\000\040\000d\000o\000m\000i\000c\000i\000l\000i\000o\000\040\000c\000o\000n\000s\000t\000i\000t\000u\000c\000i\000o\000n\000a\000l}{section.17.1}% 139
\BOOKMARK [2][-]{subsection.17.1.2}{\376\377\000D\000o\000m\000i\000c\000i\000l\000i\000o\000\040\000y\000\040\000r\000e\000s\000i\000d\000e\000n\000c\000i\000a}{section.17.1}% 140
\BOOKMARK [1][-]{section.17.2}{\376\377\000C\000l\000a\000s\000i\000f\000i\000c\000a\000c\000i\000\363\000n\000:\000\040\000d\000o\000m\000i\000c\000i\000l\000i\000o\000\040\000g\000e\000n\000e\000r\000a\000l\000\040\000y\000\040\000e\000s\000p\000e\000c\000i\000a\000l}{chapter.17}% 141
\BOOKMARK [1][-]{section.17.3}{\376\377\000E\000l\000\040\000d\000o\000m\000i\000c\000i\000l\000i\000o\000\040\000r\000e\000a\000l\000\040\000\050\000a\000r\000t\000.\000\040\0007\0003\000\051}{chapter.17}% 142
\BOOKMARK [1][-]{section.17.4}{\376\377\000E\000l\000\040\000d\000o\000m\000i\000c\000i\000l\000i\000o\000\040\000l\000e\000g\000a\000l\000\040\000\050\000a\000r\000t\000.\000\040\0007\0004\000\051}{chapter.17}% 143
\BOOKMARK [1][-]{section.17.5}{\376\377\000E\000l\000\040\000d\000o\000m\000i\000c\000i\000l\000i\000o\000\040\000e\000s\000p\000e\000c\000i\000a\000l}{chapter.17}% 144
\BOOKMARK [2][-]{subsection.17.5.1}{\376\377\000D\000o\000m\000i\000c\000i\000l\000i\000o\000\040\000c\000o\000n\000v\000e\000n\000c\000i\000o\000n\000a\000l\000\040\000o\000\040\000d\000e\000\040\000e\000l\000e\000c\000c\000i\000\363\000n}{section.17.5}% 145
\BOOKMARK [2][-]{subsection.17.5.2}{\376\377\000D\000o\000m\000i\000c\000i\000l\000i\000o\000\040\000p\000r\000o\000c\000e\000s\000a\000l}{section.17.5}% 146
\BOOKMARK [2][-]{subsection.17.5.3}{\376\377\000D\000o\000m\000i\000c\000i\000l\000i\000o\000\040\000p\000r\000o\000f\000e\000s\000i\000o\000n\000a\000l\000\040\000\050\000a\000r\000t\000.\000\040\0007\0003\000,\000\040\000s\000e\000g\000u\000n\000d\000o\000\040\000p\000\341\000r\000r\000a\000f\000o\000\051}{section.17.5}% 147
\BOOKMARK [1][-]{section.17.6}{\376\377\000D\000o\000m\000i\000c\000i\000l\000i\000o\000\040\000d\000e\000s\000c\000o\000n\000o\000c\000i\000d\000o\000\040\000\050\000a\000r\000t\000.\000\040\0007\0006\000\051}{chapter.17}% 148
\BOOKMARK [1][-]{section.17.7}{\376\377\000E\000f\000e\000c\000t\000o\000s\000\040\000j\000u\000r\000\355\000d\000i\000c\000o\000s\000\040\000d\000e\000l\000\040\000d\000o\000m\000i\000c\000i\000l\000i\000o\000\040\000\050\000a\000r\000t\000.\000\040\0007\0008\000\051}{chapter.17}% 149
\BOOKMARK [1][-]{section.17.8}{\376\377\000P\000r\000e\000c\000i\000s\000i\000o\000n\000e\000s\000\040\000a\000d\000i\000c\000i\000o\000n\000a\000l\000e\000s}{chapter.17}% 150
\BOOKMARK [0][-]{chapter.18}{\376\377\000E\000l\000\040\000e\000s\000t\000a\000d\000o\000\040\000c\000i\000v\000i\000l}{part.5}% 151
\BOOKMARK [1][-]{section.18.1}{\376\377\000C\000o\000n\000c\000e\000p\000t\000o\000\040\000d\000e\000\040\000e\000s\000t\000a\000d\000o\000\040\000c\000i\000v\000i\000l}{chapter.18}% 152
\BOOKMARK [2][-]{subsection.18.1.1}{\376\377\000A\000n\000t\000e\000c\000e\000d\000e\000n\000t\000e\000s\000\040\000e\000n\000\040\000e\000l\000\040\000d\000e\000r\000e\000c\000h\000o\000\040\000r\000o\000m\000a\000n\000o}{section.18.1}% 153
\BOOKMARK [2][-]{subsection.18.1.2}{\376\377\000E\000l\000\040\000e\000s\000t\000a\000d\000o\000\040\000e\000n\000\040\000l\000a\000\040\000e\000r\000a\000\040\000d\000e\000\040\000l\000o\000s\000\040\000d\000e\000r\000e\000c\000h\000o\000s\000\040\000h\000u\000m\000a\000n\000o\000s}{section.18.1}% 154
\BOOKMARK [2][-]{subsection.18.1.3}{\376\377\000I\000m\000p\000o\000r\000t\000a\000n\000c\000i\000a\000\040\000e\000\040\000i\000n\000c\000i\000d\000e\000n\000c\000i\000a\000\040\000d\000e\000l\000\040\000e\000s\000t\000a\000d\000o\000\040\000c\000i\000v\000i\000l}{section.18.1}% 155
\BOOKMARK [1][-]{section.18.2}{\376\377\000L\000a\000s\000\040\000a\000c\000c\000i\000o\000n\000e\000s\000\040\000d\000e\000\040\000e\000s\000t\000a\000d\000o}{chapter.18}% 156
\BOOKMARK [1][-]{section.18.3}{\376\377\000L\000a\000\040\000p\000o\000s\000e\000s\000i\000\363\000n\000\040\000d\000e\000\040\000e\000s\000t\000a\000d\000o}{chapter.18}% 157
\BOOKMARK [2][-]{subsection.18.3.1}{\376\377\000E\000l\000e\000m\000e\000n\000t\000o\000s\000\040\000h\000i\000s\000t\000\363\000r\000i\000c\000o\000s\000:\000\040\000n\000o\000m\000e\000n\000,\000\040\000t\000r\000a\000c\000t\000a\000t\000u\000s\000\040\000y\000\040\000f\000a\000m\000a}{section.18.3}% 158
\BOOKMARK [2][-]{subsection.18.3.2}{\376\377\000L\000a\000s\000\040\000c\000u\000a\000t\000r\000o\000\040\000a\000p\000l\000i\000c\000a\000c\000i\000o\000n\000e\000s\000\040\000e\000n\000\040\000e\000l\000\040\000C\000C\000y\000C}{section.18.3}% 159
\BOOKMARK [1][-]{section.18.4}{\376\377\000L\000a\000\040\000p\000r\000u\000e\000b\000a\000\040\000d\000e\000l\000\040\000e\000s\000t\000a\000d\000o\000\040\000c\000i\000v\000i\000l}{chapter.18}% 160
\BOOKMARK [2][-]{subsection.18.4.1}{\376\377\000L\000a\000s\000\040\000p\000a\000r\000t\000i\000d\000a\000s}{section.18.4}% 161
\BOOKMARK [2][-]{subsection.18.4.2}{\376\377\000L\000a\000\040\000p\000r\000u\000e\000b\000a\000\040\000s\000u\000p\000l\000e\000t\000o\000r\000i\000a}{section.18.4}% 162
\BOOKMARK [2][-]{subsection.18.4.3}{\376\377\000F\000a\000l\000l\000e\000c\000i\000m\000i\000e\000n\000t\000o\000\040\000s\000i\000n\000\040\000h\000a\000l\000l\000a\000z\000g\000o\000\040\000o\000\040\000i\000d\000e\000n\000t\000i\000f\000i\000c\000a\000c\000i\000\363\000n\000\040\000d\000e\000l\000\040\000c\000a\000d\000\341\000v\000e\000r\000\040\000\050\000a\000r\000t\000.\000\040\0009\0008\000\051}{section.18.4}% 163
\BOOKMARK [-1][-]{part.6}{\376\377\000V\000I\000\040\000L\000a\000\040\000c\000a\000p\000a\000c\000i\000d\000a\000d\000\040\000d\000e\000\040\000l\000a\000\040\000p\000e\000r\000s\000o\000n\000a\000\040\000h\000u\000m\000a\000n\000a}{}% 164
\BOOKMARK [0][-]{chapter.19}{\376\377\000L\000a\000\040\000c\000a\000p\000a\000c\000i\000d\000a\000d\000\040\000j\000u\000r\000\355\000d\000i\000c\000a}{part.6}% 165
\BOOKMARK [1][-]{section.19.1}{\376\377\000C\000o\000n\000c\000e\000p\000t\000o\000\040\000d\000e\000\040\000c\000a\000p\000a\000c\000i\000d\000a\000d\000\040\000j\000u\000r\000\355\000d\000i\000c\000a}{chapter.19}% 166
\BOOKMARK [2][-]{subsection.19.1.1}{\376\377\000C\000a\000p\000a\000c\000i\000d\000a\000d\000\040\000d\000e\000\040\000d\000e\000r\000e\000c\000h\000o}{section.19.1}% 167
\BOOKMARK [2][-]{subsection.19.1.2}{\376\377\000C\000a\000p\000a\000c\000i\000d\000a\000d\000\040\000d\000e\000\040\000e\000j\000e\000r\000c\000i\000c\000i\000o}{section.19.1}% 168
\BOOKMARK [1][-]{section.19.2}{\376\377\000I\000n\000c\000a\000p\000a\000c\000i\000d\000a\000d\000e\000s\000\040\000d\000e\000\040\000d\000e\000r\000e\000c\000h\000o\000:\000\040\000e\000l\000\040\000a\000r\000t\000\355\000c\000u\000l\000o\000\040\0001\0000\0000\0002}{chapter.19}% 169
\BOOKMARK [1][-]{section.19.3}{\376\377\000I\000n\000c\000a\000p\000a\000c\000e\000s\000\040\000d\000e\000\040\000e\000j\000e\000r\000c\000i\000c\000i\000o}{chapter.19}% 170
\BOOKMARK [1][-]{section.19.4}{\376\377\000C\000a\000p\000a\000c\000i\000d\000a\000d\000\040\000r\000e\000s\000t\000r\000i\000n\000g\000i\000d\000a\000\040\000y\000\040\000s\000i\000s\000t\000e\000m\000a\000s\000\040\000d\000e\000\040\000a\000p\000o\000y\000o}{chapter.19}% 171
\BOOKMARK [2][-]{subsection.19.4.1}{\376\377\000P\000e\000r\000s\000o\000n\000a\000s\000\040\000i\000n\000h\000a\000b\000i\000l\000i\000t\000a\000d\000a\000s\000\040\000\050\000p\000r\000\363\000d\000i\000g\000o\000s\000\051}{section.19.4}% 172
\BOOKMARK [2][-]{subsection.19.4.2}{\376\377\000R\000e\000p\000r\000e\000s\000e\000n\000t\000a\000n\000t\000e\000s\000\040\000l\000e\000g\000a\000l\000e\000s\000\040\000\050\000a\000r\000t\000.\000\040\0001\0000\0001\000\051}{section.19.4}% 173
\BOOKMARK [1][-]{section.19.5}{\376\377\000E\000l\000\040\000M\000i\000n\000i\000s\000t\000e\000r\000i\000o\000\040\000P\000\372\000b\000l\000i\000c\000o\000\040\000\050\000a\000r\000t\000.\000\040\0001\0000\0003\000\051}{chapter.19}% 174
\BOOKMARK [0][-]{chapter.20}{\376\377\000E\000l\000\040\000r\000\351\000g\000i\000m\000e\000n\000\040\000d\000e\000\040\000c\000a\000p\000a\000c\000i\000d\000a\000d\000\040\000d\000e\000\040\000l\000a\000s\000\040\000p\000e\000r\000s\000o\000n\000a\000s\000\040\000m\000e\000n\000o\000r\000e\000s\000\040\000d\000e\000\040\000e\000d\000a\000d}{part.6}% 175
\BOOKMARK [1][-]{section.20.1}{\376\377\000R\000\351\000g\000i\000m\000e\000n\000\040\000g\000e\000n\000e\000r\000a\000l}{chapter.20}% 176
\BOOKMARK [2][-]{subsection.20.1.1}{\376\377\000M\000e\000n\000o\000r\000\040\000d\000e\000\040\000e\000d\000a\000d\000\040\000y\000\040\000a\000d\000o\000l\000e\000s\000c\000e\000n\000t\000e}{section.20.1}% 177
\BOOKMARK [2][-]{subsection.20.1.2}{\376\377\000L\000a\000\040\000i\000n\000c\000a\000p\000a\000c\000i\000d\000a\000d\000\040\000d\000e\000\040\000e\000j\000e\000r\000c\000i\000c\000i\000o\000\040\000c\000o\000m\000o\000\040\000m\000e\000d\000i\000d\000a\000\040\000d\000e\000\040\000p\000r\000o\000t\000e\000c\000c\000i\000\363\000n}{section.20.1}% 178
\BOOKMARK [2][-]{subsection.20.1.3}{\376\377\000L\000a\000\040\000m\000a\000y\000o\000r\000\355\000a\000\040\000d\000e\000\040\000e\000d\000a\000d\000\040\000a\000\040\000t\000r\000a\000v\000\351\000s\000\040\000d\000e\000l\000\040\000t\000i\000e\000m\000p\000o}{section.20.1}% 179
\BOOKMARK [2][-]{subsection.20.1.4}{\376\377\000\277\000R\000e\000g\000l\000a\000\040\000d\000e\000\040\000c\000a\000p\000a\000c\000i\000d\000a\000d\000\040\000o\000\040\000d\000e\000\040\000i\000n\000c\000a\000p\000a\000c\000i\000d\000a\000d\000?}{section.20.1}% 180
\BOOKMARK [1][-]{section.20.2}{\376\377\000P\000r\000i\000n\000c\000i\000p\000i\000o\000s\000\040\000r\000e\000c\000t\000o\000r\000e\000s\000\040\000\050\000a\000r\000t\000s\000.\000\040\0002\0006\000\040\000y\000\040\0006\0003\0009\000\051}{chapter.20}% 181
\BOOKMARK [2][-]{subsection.20.2.1}{\376\377\000R\000e\000p\000r\000e\000s\000e\000n\000t\000a\000c\000i\000\363\000n\000\040\000d\000e\000\040\000l\000o\000s\000\040\000m\000e\000n\000o\000r\000e\000s}{section.20.2}% 182
\BOOKMARK [2][-]{subsection.20.2.2}{\376\377\000G\000r\000a\000d\000o\000\040\000d\000e\000\040\000m\000a\000d\000u\000r\000e\000z\000\040\000s\000u\000f\000i\000c\000i\000e\000n\000t\000e}{section.20.2}% 183
\BOOKMARK [1][-]{section.20.3}{\376\377\000A\000c\000t\000o\000s\000\040\000q\000u\000e\000\040\000l\000a\000\040\000l\000e\000y\000\040\000a\000u\000t\000o\000r\000i\000z\000a\000\040\000r\000e\000a\000l\000i\000z\000a\000r\000\040\000s\000e\000g\000\372\000n\000\040\000l\000a\000\040\000e\000d\000a\000d}{chapter.20}% 184
\BOOKMARK [2][-]{subsection.20.3.1}{\376\377\000T\000r\000a\000t\000a\000m\000i\000e\000n\000t\000o\000s\000\040\000m\000\351\000d\000i\000c\000o\000s\000\040\000\050\000a\000r\000t\000.\000\040\0002\0006\000\051}{section.20.3}% 185
\BOOKMARK [2][-]{subsection.20.3.2}{\376\377\000R\000e\000s\000u\000m\000e\000n\000\040\000d\000e\000\040\000a\000c\000t\000o\000s\000\040\000p\000e\000r\000m\000i\000t\000i\000d\000o\000s}{section.20.3}% 186
\BOOKMARK [2][-]{subsection.20.3.3}{\376\377\000E\000l\000\040\000t\000\355\000t\000u\000l\000o\000\040\000h\000a\000b\000i\000l\000i\000t\000a\000n\000t\000e\000\040\000\050\000a\000r\000t\000.\000\040\0003\0000\000\051}{section.20.3}% 187
\BOOKMARK [2][-]{subsection.20.3.4}{\376\377\000E\000l\000\040\000m\000a\000t\000r\000i\000m\000o\000n\000i\000o\000\040\000d\000e\000\040\000p\000e\000r\000s\000o\000n\000a\000s\000\040\000m\000e\000n\000o\000r\000e\000s\000\040\000d\000e\000\040\000e\000d\000a\000d}{section.20.3}% 188
\BOOKMARK [1][-]{section.20.4}{\376\377\000C\000o\000n\000s\000e\000c\000u\000e\000n\000c\000i\000a\000s\000\040\000j\000u\000r\000\355\000d\000i\000c\000a\000s\000\040\000y\000\040\000f\000i\000n\000\040\000d\000e\000\040\000l\000a\000\040\000i\000n\000c\000a\000p\000a\000c\000i\000d\000a\000d}{chapter.20}% 189
\BOOKMARK [2][-]{subsection.20.4.1}{\376\377\000N\000u\000l\000i\000d\000a\000d\000\040\000r\000e\000l\000a\000t\000i\000v\000a\000\040\000d\000e\000\040\000l\000o\000s\000\040\000a\000c\000t\000o\000s\000\040\000c\000e\000l\000e\000b\000r\000a\000d\000o\000s\000\040\000s\000i\000n\000\040\000r\000e\000p\000r\000e\000s\000e\000n\000t\000a\000c\000i\000\363\000n}{section.20.4}% 190
\BOOKMARK [2][-]{subsection.20.4.2}{\376\377\000R\000e\000s\000p\000o\000n\000s\000a\000b\000i\000l\000i\000d\000a\000d\000\040\000c\000i\000v\000i\000l\000\040\000p\000o\000r\000\040\000d\000a\000\361\000o\000s\000\040\000c\000a\000u\000s\000a\000d\000o\000s\000\040\000p\000o\000r\000\040\000m\000e\000n\000o\000r\000e\000s}{section.20.4}% 191
\BOOKMARK [2][-]{subsection.20.4.3}{\376\377\000F\000i\000n\000\040\000d\000e\000\040\000l\000a\000\040\000i\000n\000c\000a\000p\000a\000c\000i\000d\000a\000d\000:\000\040\000l\000a\000\040\000m\000a\000y\000o\000r\000\355\000a\000\040\000d\000e\000\040\000e\000d\000a\000d}{section.20.4}% 192
\BOOKMARK [2][-]{subsection.20.4.4}{\376\377\000F\000i\000n\000\040\000d\000e\000\040\000l\000a\000\040\000i\000n\000c\000a\000p\000a\000c\000i\000d\000a\000d\000:\000\040\000l\000a\000\040\000e\000m\000a\000n\000c\000i\000p\000a\000c\000i\000\363\000n\000\040\000p\000o\000r\000\040\000m\000a\000t\000r\000i\000m\000o\000n\000i\000o}{section.20.4}% 193
\BOOKMARK [2][-]{subsection.20.4.5}{\376\377\000R\000e\000s\000t\000r\000i\000c\000c\000i\000o\000n\000e\000s\000\040\000a\000\040\000l\000a\000\040\000c\000a\000p\000a\000c\000i\000d\000a\000d\000\040\000d\000e\000l\000\040\000e\000m\000a\000n\000c\000i\000p\000a\000d\000o\000\040\000\050\000a\000r\000t\000s\000.\000\040\0002\0008\000\040\000y\000\040\0002\0009\000\051}{section.20.4}% 194
\BOOKMARK [2][-]{subsection.20.4.6}{\376\377\000M\000a\000y\000o\000r\000\355\000a\000\040\000d\000e\000\040\000e\000d\000a\000d\000\040\000a\000n\000t\000i\000c\000i\000p\000a\000d\000a\000\040\000p\000a\000r\000a\000\040\000e\000g\000r\000e\000s\000a\000d\000o\000s\000\040\000d\000e\000\040\000i\000n\000s\000t\000i\000t\000u\000t\000o\000s\000\040\000\050\000L\000e\000y\000\040\0002\0007\000.\0003\0006\0004\000\051}{section.20.4}% 195
\BOOKMARK [0][-]{chapter.21}{\376\377\000L\000a\000s\000\040\000r\000e\000s\000t\000r\000i\000c\000c\000i\000o\000n\000e\000s\000\040\000a\000\040\000l\000a\000\040\000c\000a\000p\000a\000c\000i\000d\000a\000d\000\040\000d\000e\000\040\000l\000a\000s\000\040\000p\000e\000r\000s\000o\000n\000a\000s\000\040\000c\000o\000n\000\040\000d\000i\000s\000c\000a\000p\000a\000c\000i\000d\000a\000d}{part.6}% 196
\BOOKMARK [1][-]{section.21.1}{\376\377\000E\000l\000\040\000m\000a\000r\000c\000o\000\040\000c\000o\000n\000v\000e\000n\000c\000i\000o\000n\000a\000l\000\040\000y\000\040\000l\000o\000s\000\040\000a\000n\000t\000e\000c\000e\000d\000e\000n\000t\000e\000s}{chapter.21}% 197
\BOOKMARK [2][-]{subsection.21.1.1}{\376\377\000L\000a\000\040\000C\000o\000n\000v\000e\000n\000c\000i\000\363\000n\000\040\000s\000o\000b\000r\000e\000\040\000l\000o\000s\000\040\000D\000e\000r\000e\000c\000h\000o\000s\000\040\000d\000e\000\040\000l\000a\000s\000\040\000P\000e\000r\000s\000o\000n\000a\000s\000\040\000c\000o\000n\000\040\000D\000i\000s\000c\000a\000p\000a\000c\000i\000d\000a\000d}{section.21.1}% 198
\BOOKMARK [2][-]{subsection.21.1.2}{\376\377\000E\000l\000\040\000a\000r\000t\000\355\000c\000u\000l\000o\000\040\0001\0002\000\040\000d\000e\000\040\000l\000a\000\040\000C\000D\000P\000D\000:\000\040\000i\000g\000u\000a\000l\000\040\000r\000e\000c\000o\000n\000o\000c\000i\000m\000i\000e\000n\000t\000o\000\040\000c\000o\000m\000o\000\040\000p\000e\000r\000s\000o\000n\000a\000\040\000a\000n\000t\000e\000\040\000l\000a\000\040\000l\000e\000y}{section.21.1}% 199
\BOOKMARK [2][-]{subsection.21.1.3}{\376\377\000E\000l\000\040\000m\000o\000d\000e\000l\000o\000\040\000d\000e\000\040\000a\000p\000o\000y\000o\000\040\000a\000\040\000l\000a\000\040\000d\000e\000c\000i\000s\000i\000\363\000n}{section.21.1}% 200
\BOOKMARK [2][-]{subsection.21.1.4}{\376\377\000E\000l\000\040\000r\000\351\000g\000i\000m\000e\000n\000\040\000d\000e\000r\000o\000g\000a\000d\000o\000:\000\040\000i\000n\000c\000a\000p\000a\000c\000e\000s\000\040\000e\000\040\000i\000n\000h\000a\000b\000i\000l\000i\000t\000a\000d\000o\000s}{section.21.1}% 201
\BOOKMARK [1][-]{section.21.2}{\376\377\000L\000o\000s\000\040\000t\000i\000p\000o\000s\000\040\000d\000e\000\040\000r\000e\000s\000t\000r\000i\000c\000c\000i\000\363\000n\000\040\000e\000n\000\040\000e\000l\000\040\000C\000C\000y\000C}{chapter.21}% 202
\BOOKMARK [2][-]{subsection.21.2.1}{\376\377\000R\000e\000g\000l\000a\000s\000\040\000g\000e\000n\000e\000r\000a\000l\000e\000s\000\040\000\050\000a\000r\000t\000.\000\040\0003\0001\000\051}{section.21.2}% 203
\BOOKMARK [2][-]{subsection.21.2.2}{\376\377\000C\000a\000p\000a\000c\000i\000d\000a\000d\000\040\000r\000e\000s\000t\000r\000i\000n\000g\000i\000d\000a\000\040\000\050\000a\000r\000t\000.\000\040\0003\0002\000,\000\040\000p\000r\000i\000m\000e\000r\000\040\000p\000\341\000r\000r\000a\000f\000o\000\051}{section.21.2}% 204
\BOOKMARK [2][-]{subsection.21.2.3}{\376\377\000I\000n\000c\000a\000p\000a\000c\000i\000d\000a\000d\000\040\000\050\000a\000r\000t\000.\000\040\0003\0002\000,\000\040\000\372\000l\000t\000i\000m\000o\000\040\000p\000\341\000r\000r\000a\000f\000o\000\051}{section.21.2}% 205
\BOOKMARK [2][-]{subsection.21.2.4}{\376\377\000I\000n\000h\000a\000b\000i\000l\000i\000t\000a\000c\000i\000\363\000n\000\040\000p\000o\000r\000\040\000p\000r\000o\000d\000i\000g\000a\000l\000i\000d\000a\000d\000\040\000\050\000a\000r\000t\000.\000\040\0004\0008\000\051}{section.21.2}% 206
\BOOKMARK [1][-]{section.21.3}{\376\377\000E\000l\000\040\000p\000r\000o\000c\000e\000s\000o\000\040\000d\000e\000\040\000d\000e\000t\000e\000r\000m\000i\000n\000a\000c\000i\000\363\000n\000\040\000d\000e\000\040\000l\000a\000\040\000c\000a\000p\000a\000c\000i\000d\000a\000d}{chapter.21}% 207
\BOOKMARK [1][-]{section.21.4}{\376\377\000V\000a\000l\000i\000d\000e\000z\000\040\000d\000e\000\040\000l\000o\000s\000\040\000a\000c\000t\000o\000s\000\040\000y\000\040\000c\000e\000s\000e\000\040\000d\000e\000\040\000l\000a\000s\000\040\000r\000e\000s\000t\000r\000i\000c\000c\000i\000o\000n\000e\000s}{chapter.21}% 208
\BOOKMARK [2][-]{subsection.21.4.1}{\376\377\000A\000c\000t\000o\000s\000\040\000p\000o\000s\000t\000e\000r\000i\000o\000r\000e\000s\000\040\000a\000\040\000l\000a\000\040\000i\000n\000s\000c\000r\000i\000p\000c\000i\000\363\000n\000\040\000\050\000a\000r\000t\000.\000\040\0004\0004\000\051}{section.21.4}% 209
\BOOKMARK [2][-]{subsection.21.4.2}{\376\377\000A\000c\000t\000o\000s\000\040\000a\000n\000t\000e\000r\000i\000o\000r\000e\000s\000\040\000a\000\040\000l\000a\000\040\000s\000e\000n\000t\000e\000n\000c\000i\000a\000\040\000\050\000a\000r\000t\000.\000\040\0004\0005\000\051}{section.21.4}% 210
\BOOKMARK [2][-]{subsection.21.4.3}{\376\377\000C\000e\000s\000e\000\040\000d\000e\000\040\000l\000a\000s\000\040\000r\000e\000s\000t\000r\000i\000c\000c\000i\000o\000n\000e\000s\000\040\000\050\000a\000r\000t\000.\000\040\0004\0007\000\051}{section.21.4}% 211
\BOOKMARK [1][-]{section.21.5}{\376\377\000E\000l\000\040\000s\000i\000s\000t\000e\000m\000a\000\040\000d\000e\000\040\000a\000p\000o\000y\000o\000s\000\040\000\050\000a\000r\000t\000.\000\040\0004\0003\000\051}{chapter.21}% 212
\BOOKMARK [2][-]{subsection.21.5.1}{\376\377\000C\000o\000n\000c\000l\000u\000s\000i\000o\000n\000e\000s}{section.21.5}% 213
\BOOKMARK [0][-]{appendix.Alph1}{\376\377\000N\000o\000r\000m\000a\000t\000i\000v\000a\000\040\000c\000i\000t\000a\000d\000a\000\040\000e\000n\000\040\000l\000a\000s\000\040\000f\000u\000e\000n\000t\000e\000s}{part.6}% 214
