\BOOKMARK [0][-]{chapter*.2}{\376\377\000I\000n\000t\000r\000o\000d\000u\000c\000c\000i\000\363\000n\000\040\000g\000e\000n\000e\000r\000a\000l}{}% 1
\BOOKMARK [-1][-]{part.1}{\376\377\000I\000\040\000F\000u\000n\000d\000a\000m\000e\000n\000t\000o\000s\000\040\000d\000e\000l\000\040\000D\000e\000r\000e\000c\000h\000o\000\040\000P\000r\000o\000c\000e\000s\000a\000l\000\040\000C\000i\000v\000i\000l}{}% 2
\BOOKMARK [0][-]{chapter.1}{\376\377\000E\000l\000\040\000c\000o\000n\000f\000l\000i\000c\000t\000o\000\040\000j\000u\000r\000\355\000d\000i\000c\000o\000\040\000y\000\040\000e\000l\000\040\000D\000e\000r\000e\000c\000h\000o\000\040\000P\000r\000o\000c\000e\000s\000a\000l\000\040\000C\000i\000v\000i\000l}{part.1}% 3
\BOOKMARK [1][-]{section.1.1}{\376\377\000C\000o\000n\000c\000e\000p\000t\000o\000\040\000e\000\040\000i\000m\000p\000o\000r\000t\000a\000n\000c\000i\000a\000\040\000p\000r\000\341\000c\000t\000i\000c\000a}{chapter.1}% 4
\BOOKMARK [1][-]{section.1.2}{\376\377\000E\000l\000\040\000c\000o\000n\000f\000l\000i\000c\000t\000o\000\040\000c\000o\000m\000o\000\040\000o\000r\000i\000g\000e\000n\000\040\000d\000e\000l\000\040\000p\000r\000o\000c\000e\000s\000o}{chapter.1}% 5
\BOOKMARK [2][-]{subsection.1.2.1}{\376\377\000D\000e\000l\000\040\000d\000e\000r\000e\000c\000h\000o\000\040\000s\000u\000s\000t\000a\000n\000c\000i\000a\000l\000\040\000a\000l\000\040\000d\000e\000r\000e\000c\000h\000o\000\040\000p\000r\000o\000c\000e\000s\000a\000l}{section.1.2}% 6
\BOOKMARK [2][-]{subsection.1.2.2}{\376\377\000L\000a\000\040\000n\000u\000e\000v\000a\000\040\000r\000e\000l\000a\000c\000i\000\363\000n\000\040\000j\000u\000r\000\355\000d\000i\000c\000a\000\040\000p\000r\000o\000c\000e\000s\000a\000l}{section.1.2}% 7
\BOOKMARK [1][-]{section.1.3}{\376\377\000A\000u\000t\000o\000n\000o\000m\000\355\000a\000\040\000y\000\040\000u\000n\000i\000d\000a\000d\000\040\000d\000e\000l\000\040\000D\000e\000r\000e\000c\000h\000o\000\040\000P\000r\000o\000c\000e\000s\000a\000l}{chapter.1}% 8
\BOOKMARK [1][-]{section.1.4}{\376\377\000F\000u\000e\000n\000t\000e\000s\000\040\000d\000e\000l\000\040\000D\000e\000r\000e\000c\000h\000o\000\040\000P\000r\000o\000c\000e\000s\000a\000l}{chapter.1}% 9
\BOOKMARK [2][-]{subsection.1.4.1}{\376\377\000D\000i\000n\000\341\000m\000i\000c\000a\000\040\000d\000e\000\040\000l\000a\000\040\000n\000o\000r\000m\000a\000\040\000p\000r\000o\000c\000e\000s\000a\000l}{section.1.4}% 10
\BOOKMARK [1][-]{section.1.5}{\376\377\000B\000r\000e\000v\000e\000\040\000h\000i\000s\000t\000o\000r\000i\000a\000\040\000d\000e\000l\000\040\000D\000e\000r\000e\000c\000h\000o\000\040\000P\000r\000o\000c\000e\000s\000a\000l}{chapter.1}% 11
\BOOKMARK [2][-]{subsection.1.5.1}{\376\377\000E\000l\000\040\000p\000r\000o\000c\000e\000s\000o\000\040\000r\000o\000m\000a\000n\000o\000\040\000y\000\040\000e\000l\000\040\000d\000e\000r\000e\000c\000h\000o\000\040\000g\000e\000r\000m\000\341\000n\000i\000c\000o}{section.1.5}% 12
\BOOKMARK [2][-]{subsection.1.5.2}{\376\377\000E\000l\000\040\000d\000e\000r\000e\000c\000h\000o\000\040\000c\000o\000m\000\372\000n\000\040\000y\000\040\000s\000u\000\040\000l\000l\000e\000g\000a\000d\000a\000\040\000a\000\040\000l\000a\000\040\000A\000r\000g\000e\000n\000t\000i\000n\000a}{section.1.5}% 13
\BOOKMARK [2][-]{subsection.1.5.3}{\376\377\000S\000i\000s\000t\000e\000m\000a\000s\000\040\000d\000e\000\040\000j\000u\000s\000t\000i\000c\000i\000a\000\040\000c\000o\000m\000p\000a\000r\000a\000d\000o\000s}{section.1.5}% 14
\BOOKMARK [2][-]{subsection.1.5.4}{\376\377\000E\000l\000\040\000C\000\363\000d\000i\000g\000o\000\040\000P\000r\000o\000c\000e\000s\000a\000l\000\040\000d\000e\000\040\0001\0009\0006\0007}{section.1.5}% 15
\BOOKMARK [0][-]{chapter.2}{\376\377\000E\000l\000\040\000p\000e\000d\000e\000s\000t\000a\000l\000\040\000b\000\341\000s\000i\000c\000o\000:\000\040\000j\000u\000r\000i\000s\000d\000i\000c\000c\000i\000\363\000n\000,\000\040\000a\000c\000c\000i\000\363\000n\000\040\000y\000\040\000p\000r\000o\000c\000e\000s\000o}{part.1}% 16
\BOOKMARK [1][-]{section.2.1}{\376\377\000J\000u\000r\000i\000s\000d\000i\000c\000c\000i\000\363\000n}{chapter.2}% 17
\BOOKMARK [2][-]{subsection.2.1.1}{\376\377\000J\000u\000r\000i\000s\000d\000i\000c\000c\000i\000\363\000n\000\040\000y\000\040\000c\000o\000m\000p\000e\000t\000e\000n\000c\000i\000a}{section.2.1}% 18
\BOOKMARK [2][-]{subsection.2.1.2}{\376\377\000L\000o\000s\000\040\000m\000o\000m\000e\000n\000t\000o\000s\000\040\000d\000e\000\040\000l\000a\000\040\000j\000u\000r\000i\000s\000d\000i\000c\000c\000i\000\363\000n}{section.2.1}% 19
\BOOKMARK [2][-]{subsection.2.1.3}{\376\377\000I\000m\000p\000e\000r\000i\000o\000\040\000y\000\040\000j\000u\000r\000i\000s\000d\000i\000c\000c\000i\000\363\000n}{section.2.1}% 20
\BOOKMARK [2][-]{subsection.2.1.4}{\376\377\000M\000a\000n\000i\000f\000e\000s\000t\000a\000c\000i\000o\000n\000e\000s\000\040\000d\000e\000\040\000l\000a\000\040\000j\000u\000r\000i\000s\000d\000i\000c\000c\000i\000\363\000n\000\040\000f\000u\000e\000r\000a\000\040\000d\000e\000l\000\040\000P\000o\000d\000e\000r\000\040\000J\000u\000d\000i\000c\000i\000a\000l}{section.2.1}% 21
\BOOKMARK [1][-]{section.2.2}{\376\377\000A\000c\000c\000i\000\363\000n\000\040\000y\000\040\000p\000r\000e\000t\000e\000n\000s\000i\000\363\000n}{chapter.2}% 22
\BOOKMARK [2][-]{subsection.2.2.1}{\376\377\000L\000a\000\040\000e\000v\000o\000l\000u\000c\000i\000\363\000n\000\040\000c\000i\000e\000n\000t\000\355\000f\000i\000c\000a\000\040\000d\000e\000l\000\040\000c\000o\000n\000c\000e\000p\000t\000o}{section.2.2}% 23
\BOOKMARK [2][-]{subsection.2.2.2}{\376\377\000L\000a\000\040\000p\000r\000e\000t\000e\000n\000s\000i\000\363\000n\000\040\000y\000\040\000e\000l\000\040\000t\000r\000i\000\341\000n\000g\000u\000l\000o\000\040\000p\000r\000o\000c\000e\000s\000a\000l}{section.2.2}% 24
\BOOKMARK [1][-]{section.2.3}{\376\377\000P\000r\000o\000c\000e\000s\000o}{chapter.2}% 25
\BOOKMARK [2][-]{subsection.2.3.1}{\376\377\000E\000l\000\040\000p\000r\000o\000c\000e\000s\000o\000\040\000c\000o\000m\000o\000\040\000s\000i\000s\000t\000e\000m\000a}{section.2.3}% 26
\BOOKMARK [1][-]{section.2.4}{\376\377\000L\000o\000s\000\040\000t\000r\000e\000s\000\040\000p\000o\000d\000e\000r\000e\000s\000\040\000d\000e\000l\000\040\000E\000s\000t\000a\000d\000o\000\040\000y\000\040\000l\000a\000\040\000f\000u\000n\000c\000i\000\363\000n\000\040\000j\000u\000r\000i\000s\000d\000i\000c\000c\000i\000o\000n\000a\000l}{chapter.2}% 27
\BOOKMARK [-1][-]{part.2}{\376\377\000I\000I\000\040\000O\000r\000g\000a\000n\000i\000z\000a\000c\000i\000\363\000n\000\040\000j\000u\000d\000i\000c\000i\000a\000l\000\040\000y\000\040\000c\000o\000m\000p\000e\000t\000e\000n\000c\000i\000a}{}% 28
\BOOKMARK [0][-]{chapter.3}{\376\377\000L\000a\000\040\000c\000o\000m\000p\000e\000t\000e\000n\000c\000i\000a\000\040\000j\000u\000d\000i\000c\000i\000a\000l}{part.2}% 29
\BOOKMARK [1][-]{section.3.1}{\376\377\000U\000b\000i\000c\000a\000c\000i\000\363\000n\000\040\000d\000e\000\040\000l\000a\000\040\000c\000o\000m\000p\000e\000t\000e\000n\000c\000i\000a\000\040\000e\000n\000\040\000l\000a\000\040\000t\000e\000o\000r\000\355\000a\000\040\000g\000e\000n\000e\000r\000a\000l}{chapter.3}% 30
\BOOKMARK [1][-]{section.3.2}{\376\377\000C\000a\000r\000a\000c\000t\000e\000r\000e\000s\000\040\000d\000e\000\040\000l\000a\000\040\000c\000o\000m\000p\000e\000t\000e\000n\000c\000i\000a}{chapter.3}% 31
\BOOKMARK [2][-]{subsection.3.2.1}{\376\377\000O\000r\000d\000e\000n\000\040\000p\000\372\000b\000l\000i\000c\000o}{section.3.2}% 32
\BOOKMARK [2][-]{subsection.3.2.2}{\376\377\000I\000m\000p\000r\000o\000r\000r\000o\000g\000a\000b\000i\000l\000i\000d\000a\000d\000\040\000y\000\040\000s\000u\000\040\000e\000x\000c\000e\000p\000c\000i\000\363\000n}{section.3.2}% 33
\BOOKMARK [2][-]{subsection.3.2.3}{\376\377\000I\000n\000d\000e\000l\000e\000g\000a\000b\000i\000l\000i\000d\000a\000d}{section.3.2}% 34
\BOOKMARK [1][-]{section.3.3}{\376\377\000D\000o\000b\000l\000e\000\040\000e\000s\000t\000r\000u\000c\000t\000u\000r\000a\000\040\000d\000e\000l\000\040\000s\000i\000s\000t\000e\000m\000a\000\040\000j\000u\000d\000i\000c\000i\000a\000l\000\040\000a\000r\000g\000e\000n\000t\000i\000n\000o}{chapter.3}% 35
\BOOKMARK [2][-]{subsection.3.3.1}{\376\377\000L\000o\000s\000\040\000t\000r\000i\000b\000u\000n\000a\000l\000e\000s\000\040\000n\000a\000c\000i\000o\000n\000a\000l\000e\000s\000\040\000d\000e\000\040\000l\000a\000\040\000C\000i\000u\000d\000a\000d\000\040\000d\000e\000\040\000B\000u\000e\000n\000o\000s\000\040\000A\000i\000r\000e\000s}{section.3.3}% 36
\BOOKMARK [1][-]{section.3.4}{\376\377\000C\000r\000i\000t\000e\000r\000i\000o\000s\000\040\000d\000e\000\040\000d\000i\000s\000t\000r\000i\000b\000u\000c\000i\000\363\000n\000\040\000d\000e\000\040\000l\000a\000\040\000c\000o\000m\000p\000e\000t\000e\000n\000c\000i\000a}{chapter.3}% 37
\BOOKMARK [1][-]{section.3.5}{\376\377\000C\000o\000m\000p\000e\000t\000e\000n\000c\000i\000a\000\040\000d\000e\000\040\000l\000a\000\040\000C\000o\000r\000t\000e\000\040\000S\000u\000p\000r\000e\000m\000a}{chapter.3}% 38
\BOOKMARK [2][-]{subsection.3.5.1}{\376\377\000C\000o\000m\000p\000e\000t\000e\000n\000c\000i\000a\000\040\000o\000r\000i\000g\000i\000n\000a\000r\000i\000a}{section.3.5}% 39
\BOOKMARK [2][-]{subsection.3.5.2}{\376\377\000P\000o\000l\000\355\000t\000i\000c\000a\000\040\000r\000e\000s\000t\000r\000i\000c\000t\000i\000v\000a\000:\000\040\000e\000l\000\040\000c\000a\000s\000o\000\040\000B\000a\000r\000r\000e\000t\000o}{section.3.5}% 40
\BOOKMARK [2][-]{subsection.3.5.3}{\376\377\000C\000o\000m\000p\000e\000t\000e\000n\000c\000i\000a\000\040\000a\000p\000e\000l\000a\000d\000a}{section.3.5}% 41
\BOOKMARK [1][-]{section.3.6}{\376\377\000M\000e\000c\000a\000n\000i\000s\000m\000o\000s\000\040\000p\000r\000o\000c\000e\000s\000a\000l\000e\000s\000\040\000p\000a\000r\000a\000\040\000d\000i\000s\000c\000u\000t\000i\000r\000\040\000l\000a\000\040\000c\000o\000m\000p\000e\000t\000e\000n\000c\000i\000a}{chapter.3}% 42
\BOOKMARK [2][-]{subsection.3.6.1}{\376\377\000C\000o\000n\000t\000r\000o\000l\000\040\000d\000e\000\040\000o\000f\000i\000c\000i\000o}{section.3.6}% 43
\BOOKMARK [2][-]{subsection.3.6.2}{\376\377\000D\000e\000c\000l\000i\000n\000a\000t\000o\000r\000i\000a\000\040\000e\000\040\000i\000n\000h\000i\000b\000i\000t\000o\000r\000i\000a}{section.3.6}% 44
\BOOKMARK [2][-]{subsection.3.6.3}{\376\377\000C\000o\000n\000t\000i\000e\000n\000d\000a\000s\000\040\000p\000o\000s\000i\000t\000i\000v\000a\000s\000\040\000y\000\040\000n\000e\000g\000a\000t\000i\000v\000a\000s}{section.3.6}% 45
\BOOKMARK [-1][-]{part.3}{\376\377\000I\000I\000I\000\040\000G\000a\000r\000a\000n\000t\000\355\000a\000s\000,\000\040\000s\000u\000j\000e\000t\000o\000s\000\040\000y\000\040\000v\000\355\000a\000s\000\040\000d\000e\000\040\000r\000e\000s\000o\000l\000u\000c\000i\000\363\000n\000\040\000d\000e\000\040\000c\000o\000n\000f\000l\000i\000c\000t\000o\000s}{}% 46
\BOOKMARK [0][-]{chapter.4}{\376\377\000E\000l\000\040\000d\000e\000b\000i\000d\000o\000\040\000p\000r\000o\000c\000e\000s\000o\000\040\000l\000e\000g\000a\000l}{part.3}% 47
\BOOKMARK [1][-]{section.4.1}{\376\377\000I\000m\000p\000o\000r\000t\000a\000n\000c\000i\000a\000\040\000y\000\040\000o\000r\000i\000g\000e\000n\000\040\000h\000i\000s\000t\000\363\000r\000i\000c\000o}{chapter.4}% 48
\BOOKMARK [2][-]{subsection.4.1.1}{\376\377\000I\000m\000p\000o\000r\000t\000a\000n\000c\000i\000a\000\040\000p\000a\000r\000a\000\040\000e\000l\000\040\000a\000b\000o\000g\000a\000d\000o}{section.4.1}% 49
\BOOKMARK [2][-]{subsection.4.1.2}{\376\377\000D\000e\000\040\000l\000a\000\040\000C\000a\000r\000t\000a\000\040\000M\000a\000g\000n\000a\000\040\000a\000l\000\040\000E\000s\000t\000a\000d\000o\000\040\000c\000o\000n\000s\000t\000i\000t\000u\000c\000i\000o\000n\000a\000l\000\040\000d\000e\000\040\000d\000e\000r\000e\000c\000h\000o}{section.4.1}% 50
\BOOKMARK [1][-]{section.4.2}{\376\377\000E\000l\000\040\000d\000e\000b\000i\000d\000o\000\040\000p\000r\000o\000c\000e\000s\000o\000\040\000e\000n\000\040\000l\000a\000\040\000A\000r\000g\000e\000n\000t\000i\000n\000a}{chapter.4}% 51
\BOOKMARK [2][-]{subsection.4.2.1}{\376\377\000L\000o\000s\000\040\000d\000e\000r\000e\000c\000h\000o\000s\000\040\000p\000o\000r\000\040\000g\000e\000n\000e\000r\000a\000c\000i\000o\000n\000e\000s}{section.4.2}% 52
\BOOKMARK [2][-]{subsection.4.2.2}{\376\377\000L\000a\000\040\000r\000e\000f\000o\000r\000m\000a\000\040\000d\000e\000\040\0001\0009\0009\0004\000,\000\040\000e\000l\000\040\000b\000l\000o\000q\000u\000e\000\040\000d\000e\000\040\000c\000o\000n\000s\000t\000i\000t\000u\000c\000i\000o\000n\000a\000l\000i\000d\000a\000d\000\040\000y\000\040\000l\000a\000s\000\040\000R\000e\000g\000l\000a\000s\000\040\000d\000e\000\040\000B\000r\000a\000s\000i\000l\000i\000a}{section.4.2}% 53
\BOOKMARK [2][-]{subsection.4.2.3}{\376\377\000E\000l\000\040\000r\000e\000t\000o\000r\000n\000o\000\040\000a\000\040\000l\000a\000\040\000d\000e\000m\000o\000c\000r\000a\000c\000i\000a\000\040\000e\000n\000\040\0001\0009\0008\0003}{section.4.2}% 54
\BOOKMARK [1][-]{section.4.3}{\376\377\000E\000s\000t\000r\000u\000c\000t\000u\000r\000a\000\040\000d\000e\000l\000\040\000d\000e\000b\000i\000d\000o\000\040\000p\000r\000o\000c\000e\000s\000o\000:\000\040\000v\000e\000r\000t\000i\000e\000n\000t\000e\000s\000,\000\040\000p\000r\000i\000n\000c\000i\000p\000i\000o\000s\000\040\000y\000\040\000s\000i\000s\000t\000e\000m\000a\000s}{chapter.4}% 55
\BOOKMARK [2][-]{subsection.4.3.1}{\376\377\000L\000a\000s\000\040\000d\000o\000s\000\040\000v\000e\000r\000t\000i\000e\000n\000t\000e\000s}{section.4.3}% 56
\BOOKMARK [2][-]{subsection.4.3.2}{\376\377\000L\000o\000s\000\040\000p\000r\000i\000n\000c\000i\000p\000i\000o\000s\000\040\000c\000o\000n\000s\000t\000i\000t\000u\000c\000i\000o\000n\000a\000l\000e\000s}{section.4.3}% 57
\BOOKMARK [2][-]{subsection.4.3.3}{\376\377\000L\000o\000s\000\040\000s\000i\000s\000t\000e\000m\000a\000s\000\040\000p\000r\000o\000c\000e\000s\000a\000l\000e\000s}{section.4.3}% 58
\BOOKMARK [2][-]{subsection.4.3.4}{\376\377\000P\000r\000i\000n\000c\000i\000p\000i\000o\000s\000\040\000y\000\040\000s\000i\000s\000t\000e\000m\000a\000s\000:\000\040\000d\000i\000f\000e\000r\000e\000n\000c\000i\000a\000\040\000c\000o\000n\000c\000e\000p\000t\000u\000a\000l}{section.4.3}% 59
\BOOKMARK [2][-]{subsection.4.3.5}{\376\377\000C\000l\000a\000s\000i\000f\000i\000c\000a\000c\000i\000\363\000n\000\040\000d\000e\000\040\000l\000o\000s\000\040\000p\000r\000i\000n\000c\000i\000p\000i\000o\000s}{section.4.3}% 60
\BOOKMARK [1][-]{section.4.4}{\376\377\000L\000a\000\040\000s\000e\000n\000t\000e\000n\000c\000i\000a\000,\000\040\000l\000a\000\040\000r\000a\000z\000o\000n\000a\000b\000i\000l\000i\000d\000a\000d\000\040\000y\000\040\000l\000a\000\040\000a\000r\000b\000i\000t\000r\000a\000r\000i\000e\000d\000a\000d}{chapter.4}% 61
\BOOKMARK [2][-]{subsection.4.4.1}{\376\377\000L\000a\000\040\000s\000u\000b\000s\000u\000n\000c\000i\000\363\000n\000\040\000j\000u\000r\000\355\000d\000i\000c\000a}{section.4.4}% 62
\BOOKMARK [2][-]{subsection.4.4.2}{\376\377\000L\000a\000\040\000s\000e\000n\000t\000e\000n\000c\000i\000a\000\040\000a\000r\000b\000i\000t\000r\000a\000r\000i\000a}{section.4.4}% 63
\BOOKMARK [2][-]{subsection.4.4.3}{\376\377\000S\000a\000n\000a\000\040\000c\000r\000\355\000t\000i\000c\000a\000,\000\040\000v\000i\000c\000i\000o\000s\000\040\000y\000\040\000r\000e\000c\000u\000r\000s\000o\000s}{section.4.4}% 64
\BOOKMARK [2][-]{subsection.4.4.4}{\376\377\000C\000o\000n\000c\000l\000u\000s\000i\000\363\000n\000:\000\040\000l\000a\000\040\000a\000n\000a\000l\000o\000g\000\355\000a\000\040\000d\000e\000l\000\040\000g\000a\000t\000o}{section.4.4}% 65
\BOOKMARK [0][-]{chapter.5}{\376\377\000L\000o\000s\000\040\000s\000u\000j\000e\000t\000o\000s\000\040\000d\000e\000l\000\040\000p\000r\000o\000c\000e\000s\000o}{part.3}% 66
\BOOKMARK [1][-]{section.5.1}{\376\377\000E\000l\000\040\000p\000r\000o\000c\000e\000s\000o\000\040\000j\000u\000d\000i\000c\000i\000a\000l\000\040\000c\000o\000m\000o\000\040\000s\000i\000s\000t\000e\000m\000a\000\040\000d\000e\000\040\000r\000e\000s\000o\000l\000u\000c\000i\000\363\000n\000\040\000d\000e\000\040\000c\000o\000n\000f\000l\000i\000c\000t\000o\000s}{chapter.5}% 67
\BOOKMARK [2][-]{subsection.5.1.1}{\376\377\000E\000t\000a\000p\000a\000s\000\040\000d\000e\000l\000\040\000p\000r\000o\000c\000e\000s\000o\000\040\000o\000r\000d\000i\000n\000a\000r\000i\000o}{section.5.1}% 68
\BOOKMARK [2][-]{subsection.5.1.2}{\376\377\000C\000l\000a\000s\000i\000f\000i\000c\000a\000c\000i\000\363\000n\000\040\000d\000e\000\040\000l\000o\000s\000\040\000i\000n\000t\000e\000r\000v\000i\000n\000i\000e\000n\000t\000e\000s}{section.5.1}% 69
\BOOKMARK [1][-]{section.5.2}{\376\377\000L\000o\000s\000\040\000\363\000r\000g\000a\000n\000o\000s\000\040\000d\000e\000\040\000l\000a\000\040\000j\000u\000r\000i\000s\000d\000i\000c\000c\000i\000\363\000n}{chapter.5}% 70
\BOOKMARK [2][-]{subsection.5.2.1}{\376\377\000E\000l\000\040\000j\000u\000e\000z\000\040\000n\000a\000t\000u\000r\000a\000l}{section.5.2}% 71
\BOOKMARK [2][-]{subsection.5.2.2}{\376\377\000O\000r\000g\000a\000n\000i\000z\000a\000c\000i\000\363\000n\000\040\000j\000u\000d\000i\000c\000i\000a\000l\000\040\000e\000n\000\040\000l\000a\000\040\000C\000i\000u\000d\000a\000d\000\040\000d\000e\000\040\000B\000u\000e\000n\000o\000s\000\040\000A\000i\000r\000e\000s}{section.5.2}% 72
\BOOKMARK [2][-]{subsection.5.2.3}{\376\377\000R\000e\000c\000u\000s\000a\000c\000i\000\363\000n}{section.5.2}% 73
\BOOKMARK [2][-]{subsection.5.2.4}{\376\377\000D\000e\000b\000e\000r\000e\000s\000\040\000y\000\040\000f\000a\000c\000u\000l\000t\000a\000d\000e\000s\000\040\000d\000e\000l\000\040\000j\000u\000e\000z\000\040\000\050\000a\000r\000t\000s\000.\000\040\0003\0004\000\040\000a\000\040\0003\0007\000\040\000C\000P\000C\000C\000N\000\051}{section.5.2}% 74
\BOOKMARK [2][-]{subsection.5.2.5}{\376\377\000N\000o\000m\000b\000r\000a\000m\000i\000e\000n\000t\000o\000\040\000y\000\040\000r\000e\000m\000o\000c\000i\000\363\000n}{section.5.2}% 75
\BOOKMARK [2][-]{subsection.5.2.6}{\376\377\000A\000u\000x\000i\000l\000i\000a\000r\000e\000s\000\040\000d\000e\000n\000t\000r\000o\000\040\000d\000e\000l\000\040\000j\000u\000z\000g\000a\000d\000o\000\040\000y\000\040\000o\000r\000g\000a\000n\000i\000s\000m\000o\000s\000\040\000d\000e\000\040\000a\000p\000o\000y\000o}{section.5.2}% 76
\BOOKMARK [2][-]{subsection.5.2.7}{\376\377\000E\000l\000\040\000M\000i\000n\000i\000s\000t\000e\000r\000i\000o\000\040\000P\000\372\000b\000l\000i\000c\000o}{section.5.2}% 77
\BOOKMARK [1][-]{section.5.3}{\376\377\000L\000a\000s\000\040\000p\000a\000r\000t\000e\000s\000\040\000y\000\040\000s\000u\000s\000\040\000c\000o\000l\000a\000b\000o\000r\000a\000d\000o\000r\000e\000s}{chapter.5}% 78
\BOOKMARK [2][-]{subsection.5.3.1}{\376\377\000A\000c\000t\000o\000r\000\040\000y\000\040\000d\000e\000m\000a\000n\000d\000a\000d\000o}{section.5.3}% 79
\BOOKMARK [2][-]{subsection.5.3.2}{\376\377\000C\000a\000p\000a\000c\000i\000d\000a\000d\000,\000\040\000l\000e\000g\000i\000t\000i\000m\000a\000c\000i\000\363\000n\000\040\000y\000\040\000r\000e\000p\000r\000e\000s\000e\000n\000t\000a\000c\000i\000\363\000n}{section.5.3}% 80
\BOOKMARK [2][-]{subsection.5.3.3}{\376\377\000P\000o\000d\000e\000r\000,\000\040\000m\000a\000n\000d\000a\000t\000o\000\040\000y\000\040\000r\000e\000p\000r\000e\000s\000e\000n\000t\000a\000c\000i\000\363\000n}{section.5.3}% 81
\BOOKMARK [2][-]{subsection.5.3.4}{\376\377\000E\000x\000c\000e\000p\000c\000i\000o\000n\000e\000s\000\040\000p\000r\000e\000v\000i\000a\000s\000\040\000d\000e\000\040\000p\000e\000r\000s\000o\000n\000e\000r\000\355\000a\000\040\000y\000\040\000l\000e\000g\000i\000t\000i\000m\000a\000c\000i\000\363\000n\000\040\000\050\000a\000r\000t\000.\000\040\0003\0004\0007\000\040\000C\000P\000C\000C\000N\000\051}{section.5.3}% 82
\BOOKMARK [2][-]{subsection.5.3.5}{\376\377\000D\000o\000m\000i\000c\000i\000l\000i\000o\000\040\000r\000e\000a\000l\000\040\000y\000\040\000d\000o\000m\000i\000c\000i\000l\000i\000o\000\040\000p\000r\000o\000c\000e\000s\000a\000l\000\040\000\050\000a\000r\000t\000.\000\040\0004\0000\000\040\000C\000P\000C\000C\000N\000\051}{section.5.3}% 83
\BOOKMARK [1][-]{section.5.4}{\376\377\000S\000i\000s\000t\000e\000m\000a\000s\000\040\000p\000r\000o\000c\000e\000s\000a\000l\000e\000s\000,\000\040\000c\000a\000r\000g\000a\000s\000\040\000y\000\040\000d\000e\000b\000e\000r\000e\000s}{chapter.5}% 84
\BOOKMARK [1][-]{section.5.5}{\376\377\000L\000i\000t\000i\000s\000c\000o\000n\000s\000o\000r\000c\000i\000o\000\040\000y\000\040\000a\000c\000u\000m\000u\000l\000a\000c\000i\000\363\000n\000\040\000d\000e\000\040\000p\000r\000o\000c\000e\000s\000o\000s}{chapter.5}% 85
\BOOKMARK [1][-]{section.5.6}{\376\377\000P\000r\000o\000c\000e\000s\000o\000\040\000c\000o\000l\000e\000c\000t\000i\000v\000o}{chapter.5}% 86
\BOOKMARK [1][-]{section.5.7}{\376\377\000T\000e\000r\000c\000e\000r\000o\000s\000\040\000i\000n\000t\000e\000r\000v\000i\000n\000i\000e\000n\000t\000e\000s}{chapter.5}% 87
\BOOKMARK [0][-]{chapter.6}{\376\377\000E\000l\000\040\000c\000o\000n\000f\000l\000i\000c\000t\000o\000\040\000y\000\040\000l\000o\000s\000\040\000s\000i\000s\000t\000e\000m\000a\000s\000\040\000d\000e\000\040\000r\000e\000s\000o\000l\000u\000c\000i\000\363\000n\000\040\000d\000e\000\040\000c\000o\000n\000f\000l\000i\000c\000t\000o\000s}{part.3}% 88
\BOOKMARK [1][-]{section.6.1}{\376\377\000T\000e\000o\000r\000\355\000a\000\040\000d\000e\000l\000\040\000c\000o\000n\000f\000l\000i\000c\000t\000o}{chapter.6}% 89
\BOOKMARK [2][-]{subsection.6.1.1}{\376\377\000E\000l\000\040\000a\000b\000o\000g\000a\000d\000o\000\040\000c\000o\000m\000o\000\040\000o\000p\000e\000r\000a\000d\000o\000r\000\040\000d\000e\000\040\000c\000o\000n\000f\000l\000i\000c\000t\000o\000s}{section.6.1}% 90
\BOOKMARK [2][-]{subsection.6.1.2}{\376\377\000R\000e\000s\000o\000l\000u\000c\000i\000\363\000n\000\040\000y\000\040\000s\000o\000l\000u\000c\000i\000\363\000n\000\040\000d\000e\000l\000\040\000c\000o\000n\000f\000l\000i\000c\000t\000o}{section.6.1}% 91
\BOOKMARK [2][-]{subsection.6.1.3}{\376\377\000C\000o\000n\000c\000e\000p\000t\000o\000\040\000d\000e\000\040\000c\000o\000n\000f\000l\000i\000c\000t\000o}{section.6.1}% 92
\BOOKMARK [2][-]{subsection.6.1.4}{\376\377\000E\000l\000e\000m\000e\000n\000t\000o\000s\000\040\000d\000e\000l\000\040\000c\000o\000n\000f\000l\000i\000c\000t\000o\000:\000\040\000a\000n\000\341\000l\000i\000s\000i\000s\000\040\000e\000s\000t\000\341\000t\000i\000c\000o}{section.6.1}% 93
\BOOKMARK [2][-]{subsection.6.1.5}{\376\377\000E\000l\000\040\000m\000a\000p\000e\000o\000\040\000d\000e\000l\000\040\000c\000o\000n\000f\000l\000i\000c\000t\000o}{section.6.1}% 94
\BOOKMARK [1][-]{section.6.2}{\376\377\000C\000l\000a\000s\000i\000f\000i\000c\000a\000c\000i\000\363\000n\000\040\000d\000e\000\040\000l\000o\000s\000\040\000s\000i\000s\000t\000e\000m\000a\000s\000\040\000d\000e\000\040\000r\000e\000s\000o\000l\000u\000c\000i\000\363\000n}{chapter.6}% 95
\BOOKMARK [1][-]{section.6.3}{\376\377\000N\000e\000g\000o\000c\000i\000a\000c\000i\000\363\000n\000:\000\040\000e\000l\000\040\000M\000\351\000t\000o\000d\000o\000\040\000d\000e\000\040\000H\000a\000r\000v\000a\000r\000d}{chapter.6}% 96
\BOOKMARK [1][-]{section.6.4}{\376\377\000M\000e\000d\000i\000a\000c\000i\000\363\000n}{chapter.6}% 97
\BOOKMARK [1][-]{section.6.5}{\376\377\000C\000o\000n\000c\000i\000l\000i\000a\000c\000i\000\363\000n}{chapter.6}% 98
\BOOKMARK [2][-]{subsection.6.5.1}{\376\377\000C\000o\000n\000c\000i\000l\000i\000a\000c\000i\000\363\000n\000\040\000i\000n\000t\000r\000a\000p\000r\000o\000c\000e\000s\000a\000l}{section.6.5}% 99
\BOOKMARK [2][-]{subsection.6.5.2}{\376\377\000C\000o\000n\000c\000i\000l\000i\000a\000c\000i\000\363\000n\000\040\000l\000a\000b\000o\000r\000a\000l\000\040\000o\000b\000l\000i\000g\000a\000t\000o\000r\000i\000a\000:\000\040\000S\000E\000C\000L\000O}{section.6.5}% 100
\BOOKMARK [1][-]{section.6.6}{\376\377\000A\000r\000b\000i\000t\000r\000a\000j\000e}{chapter.6}% 101
\BOOKMARK [-1][-]{part.4}{\376\377\000I\000V\000\040\000L\000o\000s\000\040\000a\000c\000t\000o\000s\000\040\000p\000r\000o\000c\000e\000s\000a\000l\000e\000s}{}% 102
\BOOKMARK [0][-]{chapter.7}{\376\377\000C\000o\000n\000c\000e\000p\000t\000o\000\040\000y\000\040\000c\000l\000a\000s\000i\000f\000i\000c\000a\000c\000i\000\363\000n\000\040\000d\000e\000\040\000l\000o\000s\000\040\000a\000c\000t\000o\000s\000\040\000p\000r\000o\000c\000e\000s\000a\000l\000e\000s}{part.4}% 103
\BOOKMARK [1][-]{section.7.1}{\376\377\000C\000o\000n\000c\000e\000p\000t\000o\000\040\000y\000\040\000s\000u\000j\000e\000t\000o\000s}{chapter.7}% 104
\BOOKMARK [2][-]{subsection.7.1.1}{\376\377\000H\000e\000c\000h\000o\000s\000\040\000y\000\040\000a\000c\000t\000o\000s\000\040\000p\000r\000o\000c\000e\000s\000a\000l\000e\000s}{section.7.1}% 105
\BOOKMARK [1][-]{section.7.2}{\376\377\000C\000l\000a\000s\000i\000f\000i\000c\000a\000c\000i\000\363\000n\000\040\000d\000e\000\040\000l\000o\000s\000\040\000a\000c\000t\000o\000s\000\040\000p\000r\000o\000c\000e\000s\000a\000l\000e\000s\000\040\000\050\000P\000a\000l\000a\000c\000i\000o\000\051}{chapter.7}% 106
\BOOKMARK [2][-]{subsection.7.2.1}{\376\377\000A\000c\000t\000o\000s\000\040\000d\000e\000\040\000i\000n\000i\000c\000i\000a\000c\000i\000\363\000n}{section.7.2}% 107
\BOOKMARK [2][-]{subsection.7.2.2}{\376\377\000A\000c\000t\000o\000s\000\040\000d\000e\000\040\000d\000e\000s\000a\000r\000r\000o\000l\000l\000o}{section.7.2}% 108
\BOOKMARK [2][-]{subsection.7.2.3}{\376\377\000A\000c\000t\000o\000s\000\040\000d\000e\000\040\000c\000o\000n\000c\000l\000u\000s\000i\000\363\000n}{section.7.2}% 109
\BOOKMARK [0][-]{chapter.8}{\376\377\000F\000o\000r\000m\000a\000,\000\040\000l\000u\000g\000a\000r\000\040\000y\000\040\000t\000i\000e\000m\000p\000o\000\040\000d\000e\000\040\000l\000o\000s\000\040\000a\000c\000t\000o\000s\000\040\000p\000r\000o\000c\000e\000s\000a\000l\000e\000s}{part.4}% 110
\BOOKMARK [1][-]{section.8.1}{\376\377\000L\000a\000\040\000f\000o\000r\000m\000a\000\040\000d\000e\000\040\000l\000o\000s\000\040\000a\000c\000t\000o\000s\000\040\000p\000r\000o\000c\000e\000s\000a\000l\000e\000s}{chapter.8}% 111
\BOOKMARK [2][-]{subsection.8.1.1}{\376\377\000I\000d\000i\000o\000m\000a\000\040\000y\000\040\000c\000a\000r\000a\000c\000t\000e\000r\000\355\000s\000t\000i\000c\000a\000s\000\040\000d\000e\000\040\000l\000o\000s\000\040\000e\000s\000c\000r\000i\000t\000o\000s}{section.8.1}% 112
\BOOKMARK [2][-]{subsection.8.1.2}{\376\377\000N\000o\000t\000a\000s\000\040\000m\000a\000n\000u\000s\000c\000r\000i\000t\000a\000s\000\040\000y\000\040\000c\000o\000p\000i\000a\000s}{section.8.1}% 113
\BOOKMARK [2][-]{subsection.8.1.3}{\376\377\000M\000o\000d\000o\000\040\000d\000e\000\040\000r\000e\000c\000e\000p\000c\000i\000\363\000n\000:\000\040\000e\000l\000\040\000c\000a\000r\000g\000o}{section.8.1}% 114
\BOOKMARK [2][-]{subsection.8.1.4}{\376\377\000L\000a\000s\000\040\000a\000u\000d\000i\000e\000n\000c\000i\000a\000s\000:\000\040\000a\000c\000t\000a\000s\000,\000\040\000v\000i\000d\000e\000o\000f\000i\000l\000m\000a\000c\000i\000\363\000n\000\040\000y\000\040\000p\000u\000b\000l\000i\000c\000i\000d\000a\000d}{section.8.1}% 115
\BOOKMARK [1][-]{section.8.2}{\376\377\000E\000l\000\040\000l\000u\000g\000a\000r\000\040\000d\000e\000\040\000l\000o\000s\000\040\000a\000c\000t\000o\000s\000\040\000p\000r\000o\000c\000e\000s\000a\000l\000e\000s}{chapter.8}% 116
\BOOKMARK [1][-]{section.8.3}{\376\377\000E\000l\000\040\000t\000i\000e\000m\000p\000o\000\040\000d\000e\000\040\000l\000o\000s\000\040\000a\000c\000t\000o\000s\000\040\000p\000r\000o\000c\000e\000s\000a\000l\000e\000s\000:\000\040\000h\000o\000r\000a\000r\000i\000o\000s\000\040\000h\000\341\000b\000i\000l\000e\000s}{chapter.8}% 117
\BOOKMARK [0][-]{chapter.9}{\376\377\000P\000l\000a\000z\000o\000s\000\040\000p\000r\000o\000c\000e\000s\000a\000l\000e\000s}{part.4}% 118
\BOOKMARK [1][-]{section.9.1}{\376\377\000C\000l\000a\000s\000i\000f\000i\000c\000a\000c\000i\000\363\000n}{chapter.9}% 119
\BOOKMARK [1][-]{section.9.2}{\376\377\000A\000m\000p\000l\000i\000a\000c\000i\000\363\000n\000\040\000p\000o\000r\000\040\000d\000i\000s\000t\000a\000n\000c\000i\000a\000\040\000\050\000a\000r\000t\000.\000\040\0001\0005\0008\000\040\000C\000P\000C\000C\000N\000\051}{chapter.9}% 120
\BOOKMARK [0][-]{chapter.10}{\376\377\000C\000o\000m\000u\000n\000i\000c\000a\000c\000i\000o\000n\000e\000s\000\040\000y\000\040\000n\000o\000t\000i\000f\000i\000c\000a\000c\000i\000o\000n\000e\000s\000\040\000p\000r\000o\000c\000e\000s\000a\000l\000e\000s}{part.4}% 121
\BOOKMARK [1][-]{section.10.1}{\376\377\000T\000r\000a\000s\000l\000a\000d\000o\000s\000,\000\040\000v\000i\000s\000t\000a\000s\000\040\000y\000\040\000o\000f\000i\000c\000i\000o\000s}{chapter.10}% 122
\BOOKMARK [1][-]{section.10.2}{\376\377\000N\000o\000t\000i\000f\000i\000c\000a\000c\000i\000\363\000n\000\040\000p\000o\000r\000\040\000m\000i\000n\000i\000s\000t\000e\000r\000i\000o\000\040\000d\000e\000\040\000l\000a\000\040\000l\000e\000y}{chapter.10}% 123
\BOOKMARK [1][-]{section.10.3}{\376\377\000N\000o\000t\000i\000f\000i\000c\000a\000c\000i\000\363\000n\000\040\000p\000e\000r\000s\000o\000n\000a\000l\000\040\000o\000\040\000p\000o\000r\000\040\000c\000\351\000d\000u\000l\000a\000\040\000\050\000a\000r\000t\000.\000\040\0001\0003\0005\000\040\000C\000P\000C\000C\000N\000\051}{chapter.10}% 124
\BOOKMARK [2][-]{subsection.10.3.1}{\376\377\000P\000r\000o\000c\000e\000d\000i\000m\000i\000e\000n\000t\000o\000\040\000d\000e\000l\000\040\000o\000f\000i\000c\000i\000a\000l\000\040\000n\000o\000t\000i\000f\000i\000c\000a\000d\000o\000r\000\040\000e\000n\000\040\000e\000l\000\040\000t\000r\000a\000s\000l\000a\000d\000o\000\040\000d\000e\000\040\000d\000e\000m\000a\000n\000d\000a}{section.10.3}% 125
\BOOKMARK [1][-]{section.10.4}{\376\377\000N\000o\000t\000i\000f\000i\000c\000a\000c\000i\000\363\000n\000\040\000p\000o\000r\000\040\000e\000d\000i\000c\000t\000o\000s}{chapter.10}% 126
\BOOKMARK [0][-]{chapter.11}{\376\377\000E\000l\000\040\000e\000s\000c\000r\000i\000t\000o\000\040\000j\000u\000d\000i\000c\000i\000a\000l}{part.4}% 127
\BOOKMARK [1][-]{section.11.1}{\376\377\000L\000o\000s\000\040\000a\000c\000t\000o\000s\000\040\000p\000r\000o\000c\000e\000s\000a\000l\000e\000s\000\040\000s\000e\000g\000\372\000n\000\040\000s\000u\000\040\000f\000i\000n\000a\000l\000i\000d\000a\000d}{chapter.11}% 128
\BOOKMARK [1][-]{section.11.2}{\376\377\000P\000a\000r\000t\000e\000s\000\040\000d\000e\000l\000\040\000e\000s\000c\000r\000i\000t\000o}{chapter.11}% 129
\BOOKMARK [2][-]{subsection.11.2.1}{\376\377\000S\000u\000m\000a\000\040\000o\000\040\000s\000u\000m\000a\000r\000i\000o}{section.11.2}% 130
\BOOKMARK [2][-]{subsection.11.2.2}{\376\377\000D\000e\000s\000t\000i\000n\000a\000t\000a\000r\000i\000o}{section.11.2}% 131
\BOOKMARK [2][-]{subsection.11.2.3}{\376\377\000E\000n\000c\000a\000b\000e\000z\000a\000m\000i\000e\000n\000t\000o}{section.11.2}% 132
\BOOKMARK [2][-]{subsection.11.2.4}{\376\377\000D\000o\000m\000i\000c\000i\000l\000i\000o\000\040\000p\000r\000o\000c\000e\000s\000a\000l\000\040\000y\000\040\000e\000l\000e\000c\000t\000r\000\363\000n\000i\000c\000o}{section.11.2}% 133
\BOOKMARK [2][-]{subsection.11.2.5}{\376\377\000I\000d\000e\000n\000t\000i\000f\000i\000c\000a\000c\000i\000\363\000n\000\040\000d\000e\000\040\000l\000o\000s\000\040\000a\000u\000t\000o\000s}{section.11.2}% 134
\BOOKMARK [2][-]{subsection.11.2.6}{\376\377\000F\000\363\000r\000m\000u\000l\000a\000\040\000d\000e\000\040\000c\000i\000e\000r\000r\000e\000\040\000d\000e\000l\000\040\000e\000n\000c\000a\000b\000e\000z\000a\000m\000i\000e\000n\000t\000o\000,\000\040\000o\000b\000j\000e\000t\000o\000\040\000y\000\040\000p\000e\000t\000i\000t\000o\000r\000i\000o}{section.11.2}% 135
\BOOKMARK [2][-]{subsection.11.2.7}{\376\377\000C\000i\000e\000r\000r\000e\000,\000\040\000f\000i\000r\000m\000a\000s\000\040\000y\000\040\000c\000a\000r\000g\000o}{section.11.2}% 136
\BOOKMARK [1][-]{section.11.3}{\376\377\000T\000r\000a\000m\000i\000t\000a\000c\000i\000\363\000n\000\040\000d\000e\000l\000\040\000e\000s\000c\000r\000i\000t\000o}{chapter.11}% 137
\BOOKMARK [-1][-]{part.5}{\376\377\000V\000\040\000E\000t\000a\000p\000a\000\040\000i\000n\000t\000r\000o\000d\000u\000c\000t\000o\000r\000i\000a\000\040\000d\000e\000l\000\040\000p\000r\000o\000c\000e\000s\000o\000\040\000d\000e\000\040\000c\000o\000n\000o\000c\000i\000m\000i\000e\000n\000t\000o}{}% 138
\BOOKMARK [0][-]{chapter.12}{\376\377\000D\000i\000l\000i\000g\000e\000n\000c\000i\000a\000s\000\040\000p\000r\000e\000l\000i\000m\000i\000n\000a\000r\000e\000s}{part.5}% 139
\BOOKMARK [1][-]{section.12.1}{\376\377\000M\000e\000d\000i\000d\000a\000s\000\040\000p\000r\000e\000p\000a\000r\000a\000t\000o\000r\000i\000a\000s}{chapter.12}% 140
\BOOKMARK [2][-]{subsection.12.1.1}{\376\377\000C\000a\000r\000a\000c\000t\000e\000r\000e\000s}{section.12.1}% 141
\BOOKMARK [2][-]{subsection.12.1.2}{\376\377\000C\000o\000n\000t\000e\000n\000i\000d\000o\000\040\000\050\000a\000r\000t\000.\000\040\0003\0002\0003\000\051}{section.12.1}% 142
\BOOKMARK [2][-]{subsection.12.1.3}{\376\377\000T\000r\000\341\000m\000i\000t\000e\000,\000\040\000s\000a\000n\000c\000i\000o\000n\000e\000s\000\040\000y\000\040\000c\000a\000d\000u\000c\000i\000d\000a\000d}{section.12.1}% 143
\BOOKMARK [1][-]{section.12.2}{\376\377\000P\000r\000u\000e\000b\000a\000\040\000a\000n\000t\000i\000c\000i\000p\000a\000d\000a}{chapter.12}% 144
\BOOKMARK [0][-]{chapter.13}{\376\377\000L\000a\000\040\000d\000e\000m\000a\000n\000d\000a}{part.5}% 145
\BOOKMARK [1][-]{section.13.1}{\376\377\000A\000c\000c\000i\000\363\000n\000,\000\040\000p\000r\000e\000t\000e\000n\000s\000i\000\363\000n\000\040\000y\000\040\000d\000e\000m\000a\000n\000d\000a}{chapter.13}% 146
\BOOKMARK [1][-]{section.13.2}{\376\377\000C\000l\000a\000s\000e\000s\000\040\000d\000e\000\040\000d\000e\000m\000a\000n\000d\000a}{chapter.13}% 147
\BOOKMARK [2][-]{subsection.13.2.1}{\376\377\000A\000c\000u\000m\000u\000l\000a\000c\000i\000\363\000n\000\040\000o\000b\000j\000e\000t\000i\000v\000a\000\040\000d\000e\000\040\000p\000r\000e\000t\000e\000n\000s\000i\000o\000n\000e\000s\000\040\000\050\000a\000r\000t\000.\000\040\0008\0007\000\051}{section.13.2}% 148
\BOOKMARK [1][-]{section.13.3}{\376\377\000D\000e\000m\000a\000n\000d\000a\000\040\000m\000\355\000n\000i\000m\000a\000,\000\040\000a\000d\000m\000i\000s\000i\000b\000l\000e\000\040\000y\000\040\000f\000u\000n\000d\000a\000d\000a}{chapter.13}% 149
\BOOKMARK [1][-]{section.13.4}{\376\377\000R\000e\000q\000u\000i\000s\000i\000t\000o\000s\000\040\000d\000e\000\040\000l\000a\000\040\000d\000e\000m\000a\000n\000d\000a\000\040\000\050\000a\000r\000t\000.\000\040\0003\0003\0000\000\051}{chapter.13}% 150
\BOOKMARK [2][-]{subsection.13.4.1}{\376\377\000P\000r\000u\000e\000b\000a\000\040\000q\000u\000e\000\040\000s\000e\000\040\000a\000c\000o\000m\000p\000a\000\361\000a\000\040\000\050\000a\000r\000t\000.\000\040\0003\0003\0003\000\051}{section.13.4}% 151
\BOOKMARK [1][-]{section.13.5}{\376\377\000E\000f\000e\000c\000t\000o\000s\000\040\000d\000e\000\040\000l\000a\000\040\000d\000e\000m\000a\000n\000d\000a}{chapter.13}% 152
\BOOKMARK [2][-]{subsection.13.5.1}{\376\377\000R\000e\000q\000u\000i\000s\000i\000t\000o\000s\000\040\000f\000i\000s\000c\000a\000l\000e\000s\000\040\000y\000\040\000m\000e\000d\000i\000a\000c\000i\000\363\000n\000\040\000p\000r\000e\000v\000i\000a}{section.13.5}% 153
\BOOKMARK [0][-]{chapter.14}{\376\377\000N\000o\000t\000i\000f\000i\000c\000a\000c\000i\000\363\000n\000\040\000d\000e\000\040\000l\000a\000\040\000d\000e\000m\000a\000n\000d\000a\000\040\000y\000\040\000e\000x\000c\000e\000p\000c\000i\000o\000n\000e\000s\000\040\000p\000r\000e\000v\000i\000a\000s}{part.5}% 154
\BOOKMARK [1][-]{section.14.1}{\376\377\000E\000l\000\040\000d\000e\000s\000p\000a\000c\000h\000o\000\040\000d\000e\000\040\000l\000a\000\040\000d\000e\000m\000a\000n\000d\000a\000\040\000y\000\040\000e\000l\000\040\000t\000r\000a\000s\000l\000a\000d\000o}{chapter.14}% 155
\BOOKMARK [1][-]{section.14.2}{\376\377\000T\000i\000p\000o\000s\000\040\000d\000e\000\040\000n\000o\000t\000i\000f\000i\000c\000a\000c\000i\000\363\000n\000\040\000y\000\040\000t\000r\000a\000b\000a\000\040\000d\000e\000\040\000l\000a\000\040\000l\000i\000t\000i\000s}{chapter.14}% 156
\BOOKMARK [2][-]{subsection.14.2.1}{\376\377\000N\000u\000l\000i\000d\000a\000d\000\040\000d\000e\000\040\000l\000a\000\040\000n\000o\000t\000i\000f\000i\000c\000a\000c\000i\000\363\000n}{section.14.2}% 157
\BOOKMARK [2][-]{subsection.14.2.2}{\376\377\000L\000a\000\040\000t\000r\000a\000b\000a\000\040\000d\000e\000\040\000l\000a\000\040\000l\000i\000t\000i\000s\000:\000\040\000c\000i\000t\000a\000c\000i\000\363\000n\000\040\000y\000\040\000e\000m\000p\000l\000a\000z\000a\000m\000i\000e\000n\000t\000o}{section.14.2}% 158
\BOOKMARK [1][-]{section.14.3}{\376\377\000A\000c\000t\000i\000t\000u\000d\000\040\000d\000e\000l\000\040\000d\000e\000m\000a\000n\000d\000a\000d\000o\000\040\000f\000r\000e\000n\000t\000e\000\040\000a\000\040\000l\000a\000\040\000d\000e\000m\000a\000n\000d\000a}{chapter.14}% 159
\BOOKMARK [1][-]{section.14.4}{\376\377\000L\000a\000s\000\040\000e\000x\000c\000e\000p\000c\000i\000o\000n\000e\000s\000\040\000d\000e\000\040\000p\000r\000e\000v\000i\000o\000\040\000y\000\040\000e\000s\000p\000e\000c\000i\000a\000l\000\040\000p\000r\000o\000n\000u\000n\000c\000i\000a\000m\000i\000e\000n\000t\000o}{chapter.14}% 160
\BOOKMARK [2][-]{subsection.14.4.1}{\376\377\000I\000m\000p\000e\000d\000i\000m\000e\000n\000t\000o\000s\000\040\000p\000r\000o\000c\000e\000s\000a\000l\000e\000s\000:\000\040\000l\000o\000s\000\040\000p\000r\000e\000s\000u\000p\000u\000e\000s\000t\000o\000s\000\040\000p\000r\000o\000c\000e\000s\000a\000l\000e\000s}{section.14.4}% 161
\BOOKMARK [2][-]{subsection.14.4.2}{\376\377\000E\000x\000c\000e\000p\000c\000i\000o\000n\000e\000s\000\040\000p\000r\000o\000p\000i\000a\000m\000e\000n\000t\000e\000\040\000d\000i\000c\000h\000a\000s}{section.14.4}% 162
\BOOKMARK [2][-]{subsection.14.4.3}{\376\377\000D\000e\000f\000e\000n\000s\000a\000s\000\040\000p\000r\000e\000v\000i\000a\000s}{section.14.4}% 163
\BOOKMARK [2][-]{subsection.14.4.4}{\376\377\000C\000\363\000m\000o\000\040\000s\000e\000\040\000d\000e\000d\000u\000c\000e\000n\000\040\000y\000\040\000s\000u\000s\000\040\000e\000f\000e\000c\000t\000o\000s}{section.14.4}% 164
\BOOKMARK [0][-]{chapter.15}{\376\377\000L\000a\000\040\000c\000o\000n\000t\000e\000s\000t\000a\000c\000i\000\363\000n\000\040\000d\000e\000\040\000l\000a\000\040\000d\000e\000m\000a\000n\000d\000a}{part.5}% 165
\BOOKMARK [1][-]{section.15.1}{\376\377\000C\000o\000n\000c\000e\000p\000t\000o\000,\000\040\000p\000l\000a\000z\000o\000\040\000y\000\040\000r\000e\000q\000u\000i\000s\000i\000t\000o\000s}{chapter.15}% 166
\BOOKMARK [1][-]{section.15.2}{\376\377\000C\000o\000n\000t\000e\000n\000i\000d\000o\000\040\000\050\000a\000r\000t\000.\000\040\0003\0005\0006\000\040\000C\000P\000C\000C\000N\000\051}{chapter.15}% 167
\BOOKMARK [2][-]{subsection.15.2.1}{\376\377\000R\000e\000c\000o\000n\000o\000c\000i\000m\000i\000e\000n\000t\000o\000\040\000o\000\040\000n\000e\000g\000a\000c\000i\000\363\000n\000\040\000d\000e\000\040\000h\000e\000c\000h\000o\000s\000\040\000y\000\040\000d\000o\000c\000u\000m\000e\000n\000t\000o\000s\000\040\000\050\000i\000n\000c\000.\000\040\0001\000\051}{section.15.2}% 168
\BOOKMARK [2][-]{subsection.15.2.2}{\376\377\000V\000e\000r\000s\000i\000\363\000n\000\040\000d\000e\000\040\000l\000o\000s\000\040\000h\000e\000c\000h\000o\000s\000\040\000d\000e\000l\000\040\000d\000e\000m\000a\000n\000d\000a\000d\000o\000\040\000\050\000i\000n\000c\000.\000\040\0002\000\051\000,\000\040\000d\000e\000r\000e\000c\000h\000o\000\040\000y\000\040\000p\000e\000t\000i\000c\000i\000\363\000n}{section.15.2}% 169
\BOOKMARK [2][-]{subsection.15.2.3}{\376\377\000O\000f\000r\000e\000c\000i\000m\000i\000e\000n\000t\000o\000\040\000d\000e\000\040\000p\000r\000u\000e\000b\000a\000\040\000\050\000a\000r\000t\000.\000\040\0003\0003\0003\000\051}{section.15.2}% 170
\BOOKMARK [1][-]{section.15.3}{\376\377\000E\000f\000e\000c\000t\000o\000s\000\040\000d\000e\000\040\000l\000a\000\040\000c\000o\000n\000t\000e\000s\000t\000a\000c\000i\000\363\000n}{chapter.15}% 171
\BOOKMARK [1][-]{section.15.4}{\376\377\000D\000o\000c\000u\000m\000e\000n\000t\000o\000s\000\040\000n\000u\000e\000v\000o\000s\000,\000\040\000h\000e\000c\000h\000o\000s\000\040\000n\000o\000\040\000i\000n\000v\000o\000c\000a\000d\000o\000s\000\040\000y\000\040\000h\000e\000c\000h\000o\000s\000\040\000n\000u\000e\000v\000o\000s}{chapter.15}% 172
\BOOKMARK [1][-]{section.15.5}{\376\377\000E\000l\000\040\000a\000l\000l\000a\000n\000a\000m\000i\000e\000n\000t\000o}{chapter.15}% 173
\BOOKMARK [1][-]{section.15.6}{\376\377\000L\000a\000\040\000r\000e\000c\000o\000n\000v\000e\000n\000c\000i\000\363\000n}{chapter.15}% 174
\BOOKMARK [1][-]{section.15.7}{\376\377\000L\000a\000\040\000r\000e\000b\000e\000l\000d\000\355\000a}{chapter.15}% 175
\BOOKMARK [-1][-]{part.6}{\376\377\000V\000I\000\040\000L\000a\000\040\000a\000u\000d\000i\000e\000n\000c\000i\000a\000\040\000p\000r\000e\000l\000i\000m\000i\000n\000a\000r\000\040\000y\000\040\000l\000a\000\040\000p\000r\000u\000e\000b\000a}{}% 176
\BOOKMARK [0][-]{chapter.16}{\376\377\000L\000a\000\040\000a\000u\000d\000i\000e\000n\000c\000i\000a\000\040\000p\000r\000e\000l\000i\000m\000i\000n\000a\000r}{part.6}% 177
\BOOKMARK [1][-]{section.16.1}{\376\377\000A\000n\000t\000e\000c\000e\000d\000e\000n\000t\000e\000s\000\040\000d\000e\000\040\000l\000a\000\040\000o\000r\000a\000l\000i\000d\000a\000d}{chapter.16}% 178
\BOOKMARK [1][-]{section.16.2}{\376\377\000F\000i\000n\000a\000l\000i\000d\000a\000d\000\040\000y\000\040\000r\000\351\000g\000i\000m\000e\000n\000\040\000d\000e\000l\000\040\000a\000r\000t\000.\000\040\0003\0006\0000}{chapter.16}% 179
\BOOKMARK [2][-]{subsection.16.2.1}{\376\377\000I\000n\000d\000e\000l\000e\000g\000a\000b\000i\000l\000i\000d\000a\000d\000\040\000y\000\040\000r\000e\000s\000i\000s\000t\000e\000n\000c\000i\000a\000\040\000j\000u\000d\000i\000c\000i\000a\000l}{section.16.2}% 180
\BOOKMARK [1][-]{section.16.3}{\376\377\000L\000o\000s\000\040\000a\000c\000t\000o\000s\000\040\000d\000e\000\040\000l\000a\000\040\000a\000u\000d\000i\000e\000n\000c\000i\000a}{chapter.16}% 181
\BOOKMARK [1][-]{section.16.4}{\376\377\000H\000e\000c\000h\000o\000s\000\040\000e\000x\000i\000m\000i\000d\000o\000s\000\040\000d\000e\000\040\000p\000r\000u\000e\000b\000a}{chapter.16}% 182
\BOOKMARK [0][-]{chapter.17}{\376\377\000T\000e\000o\000r\000\355\000a\000\040\000g\000e\000n\000e\000r\000a\000l\000\040\000d\000e\000\040\000l\000a\000\040\000p\000r\000u\000e\000b\000a}{part.6}% 183
\BOOKMARK [1][-]{section.17.1}{\376\377\000C\000o\000n\000c\000e\000p\000t\000o\000\040\000d\000e\000\040\000p\000r\000u\000e\000b\000a}{chapter.17}% 184
\BOOKMARK [2][-]{subsection.17.1.1}{\376\377\000L\000a\000\040\000n\000e\000c\000e\000s\000i\000d\000a\000d\000\040\000d\000e\000\040\000p\000r\000o\000b\000a\000r}{section.17.1}% 185
\BOOKMARK [1][-]{section.17.2}{\376\377\000O\000b\000j\000e\000t\000o\000\040\000d\000e\000\040\000l\000a\000\040\000p\000r\000u\000e\000b\000a}{chapter.17}% 186
\BOOKMARK [2][-]{subsection.17.2.1}{\376\377\000\277\000H\000e\000c\000h\000o\000s\000\040\000o\000\040\000a\000f\000i\000r\000m\000a\000c\000i\000o\000n\000e\000s\000\040\000d\000e\000\040\000h\000e\000c\000h\000o\000s\000?}{section.17.2}% 187
\BOOKMARK [2][-]{subsection.17.2.2}{\376\377\000R\000e\000q\000u\000i\000s\000i\000t\000o\000s\000\040\000d\000e\000\040\000l\000o\000s\000\040\000h\000e\000c\000h\000o\000s\000:\000\040\000a\000f\000i\000r\000m\000a\000d\000o\000s\000,\000\040\000c\000o\000n\000d\000u\000c\000e\000n\000t\000e\000s\000,\000\040\000c\000o\000n\000t\000r\000o\000v\000e\000r\000t\000i\000d\000o\000s\000\040\000y\000\040\000a\000d\000m\000i\000s\000i\000b\000l\000e\000s}{section.17.2}% 188
\BOOKMARK [2][-]{subsection.17.2.3}{\376\377\000L\000a\000\040\000p\000r\000u\000e\000b\000a\000\040\000d\000e\000l\000\040\000h\000e\000c\000h\000o\000\040\000n\000e\000g\000a\000t\000i\000v\000o}{section.17.2}% 189
\BOOKMARK [1][-]{section.17.3}{\376\377\000H\000e\000c\000h\000o\000s\000\040\000e\000x\000e\000n\000t\000o\000s\000\040\000d\000e\000\040\000p\000r\000u\000e\000b\000a\000\040\000\050\000p\000r\000o\000f\000u\000n\000d\000i\000z\000a\000c\000i\000\363\000n\000\051}{chapter.17}% 190
\BOOKMARK [1][-]{section.17.4}{\376\377\000F\000i\000n\000a\000l\000i\000d\000a\000d\000\040\000d\000e\000\040\000l\000a\000\040\000p\000r\000u\000e\000b\000a}{chapter.17}% 191
\BOOKMARK [1][-]{section.17.5}{\376\377\000L\000a\000\040\000c\000a\000r\000g\000a\000\040\000d\000e\000\040\000l\000a\000\040\000p\000r\000u\000e\000b\000a}{chapter.17}% 192
\BOOKMARK [1][-]{section.17.6}{\376\377\000P\000r\000o\000d\000u\000c\000c\000i\000\363\000n\000\040\000y\000\040\000v\000a\000l\000o\000r\000a\000c\000i\000\363\000n}{chapter.17}% 193
\BOOKMARK [2][-]{subsection.17.6.1}{\376\377\000M\000e\000d\000i\000o\000s\000\040\000d\000e\000\040\000p\000r\000u\000e\000b\000a\000,\000\040\000p\000e\000r\000t\000i\000n\000e\000n\000c\000i\000a\000\040\000y\000\040\000a\000d\000m\000i\000s\000i\000b\000i\000l\000i\000d\000a\000d}{section.17.6}% 194
\BOOKMARK [2][-]{subsection.17.6.2}{\376\377\000N\000e\000g\000l\000i\000g\000e\000n\000c\000i\000a\000\040\000y\000\040\000c\000a\000d\000u\000c\000i\000d\000a\000d\000\040\000d\000e\000\040\000l\000a\000\040\000p\000r\000u\000e\000b\000a}{section.17.6}% 195
\BOOKMARK [2][-]{subsection.17.6.3}{\376\377\000V\000a\000l\000o\000r\000a\000c\000i\000\363\000n\000\040\000f\000i\000n\000a\000l\000:\000\040\000l\000a\000\040\000s\000a\000n\000a\000\040\000c\000r\000\355\000t\000i\000c\000a}{section.17.6}% 196
\BOOKMARK [0][-]{chapter.18}{\376\377\000L\000a\000\040\000p\000r\000u\000e\000b\000a\000\040\000d\000o\000c\000u\000m\000e\000n\000t\000a\000l\000\040\000y\000\040\000l\000a\000\040\000p\000r\000u\000e\000b\000a\000\040\000i\000n\000f\000o\000r\000m\000a\000t\000i\000v\000a}{part.6}% 197
\BOOKMARK [1][-]{section.18.1}{\376\377\000C\000o\000n\000c\000e\000p\000t\000o\000\040\000y\000\040\000c\000l\000a\000s\000i\000f\000i\000c\000a\000c\000i\000\363\000n\000\040\000d\000e\000l\000\040\000d\000o\000c\000u\000m\000e\000n\000t\000o}{chapter.18}% 198
\BOOKMARK [1][-]{section.18.2}{\376\377\000D\000o\000c\000u\000m\000e\000n\000t\000o\000s\000\040\000e\000n\000\040\000s\000o\000p\000o\000r\000t\000e\000\040\000p\000a\000p\000e\000l}{chapter.18}% 199
\BOOKMARK [2][-]{subsection.18.2.1}{\376\377\000I\000n\000s\000t\000r\000u\000m\000e\000n\000t\000o\000s\000\040\000p\000\372\000b\000l\000i\000c\000o\000s}{section.18.2}% 200
\BOOKMARK [2][-]{subsection.18.2.2}{\376\377\000I\000n\000s\000t\000r\000u\000m\000e\000n\000t\000o\000s\000\040\000p\000r\000i\000v\000a\000d\000o\000s}{section.18.2}% 201
\BOOKMARK [2][-]{subsection.18.2.3}{\376\377\000I\000n\000s\000t\000r\000u\000m\000e\000n\000t\000o\000s\000\040\000p\000a\000r\000t\000i\000c\000u\000l\000a\000r\000e\000s\000\040\000s\000i\000n\000\040\000f\000i\000r\000m\000a}{section.18.2}% 202
\BOOKMARK [1][-]{section.18.3}{\376\377\000D\000o\000c\000u\000m\000e\000n\000t\000o\000s\000\040\000e\000l\000e\000c\000t\000r\000\363\000n\000i\000c\000o\000s}{chapter.18}% 203
\BOOKMARK [1][-]{section.18.4}{\376\377\000C\000o\000r\000r\000e\000s\000p\000o\000n\000d\000e\000n\000c\000i\000a\000\040\000y\000\040\000l\000i\000b\000r\000o\000s\000\040\000c\000o\000n\000t\000a\000b\000l\000e\000s}{chapter.18}% 204
\BOOKMARK [2][-]{subsection.18.4.1}{\376\377\000C\000o\000r\000r\000e\000s\000p\000o\000n\000d\000e\000n\000c\000i\000a}{section.18.4}% 205
\BOOKMARK [2][-]{subsection.18.4.2}{\376\377\000L\000i\000b\000r\000o\000s\000\040\000c\000o\000n\000t\000a\000b\000l\000e\000s}{section.18.4}% 206
\BOOKMARK [1][-]{section.18.5}{\376\377\000O\000f\000r\000e\000c\000i\000m\000i\000e\000n\000t\000o\000\040\000e\000\040\000i\000m\000p\000u\000g\000n\000a\000c\000i\000\363\000n\000\040\000d\000e\000\040\000l\000a\000\040\000p\000r\000u\000e\000b\000a\000\040\000d\000o\000c\000u\000m\000e\000n\000t\000a\000l}{chapter.18}% 207
\BOOKMARK [2][-]{subsection.18.5.1}{\376\377\000O\000p\000o\000r\000t\000u\000n\000i\000d\000a\000d\000\040\000y\000\040\000d\000o\000c\000u\000m\000e\000n\000t\000o\000s\000\040\000e\000n\000\040\000p\000o\000d\000e\000r\000\040\000d\000e\000\040\000o\000t\000r\000o\000s}{section.18.5}% 208
\BOOKMARK [2][-]{subsection.18.5.2}{\376\377\000I\000m\000p\000u\000g\000n\000a\000c\000i\000\363\000n\000\040\000d\000e\000l\000\040\000i\000n\000s\000t\000r\000u\000m\000e\000n\000t\000o\000\040\000p\000\372\000b\000l\000i\000c\000o\000\040\000\050\000a\000r\000t\000.\000\040\0003\0009\0005\000\051}{section.18.5}% 209
\BOOKMARK [1][-]{section.18.6}{\376\377\000L\000a\000\040\000p\000r\000u\000e\000b\000a\000\040\000i\000n\000f\000o\000r\000m\000a\000t\000i\000v\000a}{chapter.18}% 210
\BOOKMARK [2][-]{subsection.18.6.1}{\376\377\000E\000l\000\040\000o\000f\000i\000c\000i\000o\000\040\000\050\000a\000r\000t\000s\000.\000\040\0003\0009\0008\000\040\000y\000\040\0004\0000\0000\000\051}{section.18.6}% 211
\BOOKMARK [2][-]{subsection.18.6.2}{\376\377\000P\000l\000a\000z\000o\000\040\000y\000\040\000c\000a\000d\000u\000c\000i\000d\000a\000d\000\040\000\050\000a\000r\000t\000.\000\040\0004\0000\0002\000\051}{section.18.6}% 212
\BOOKMARK [2][-]{subsection.18.6.3}{\376\377\000M\000o\000d\000e\000r\000n\000i\000z\000a\000c\000i\000\363\000n}{section.18.6}% 213
\BOOKMARK [0][-]{chapter*.65}{\376\377\000B\000i\000b\000l\000i\000o\000g\000r\000a\000f\000\355\000a}{part.6}% 214
