\BOOKMARK [1][-]{chapter*.2}{Resumen}{}% 1
\BOOKMARK [1][-]{section.0.1}{Conocimientos previos}{}% 2
\BOOKMARK [1][-]{section.0.2}{Contenidos M\355nimos}{}% 3
\BOOKMARK [1][-]{section.0.3}{Objetivos Generales}{}% 4
\BOOKMARK [1][-]{section.0.4}{Objetivos Espec\355ficos}{}% 5
\BOOKMARK [0][-]{chapter.1}{Unidad 1}{}% 6
\BOOKMARK [1][-]{section.1.1}{\277Que es el Derecho?:}{chapter.1}% 7
\BOOKMARK [2][-]{subsection.1.1.1}{concepto}{section.1.1}% 8
\BOOKMARK [3][-]{section*.3}{ distintas definiciones articuladas por la doctrina}{subsection.1.1.1}% 9
\BOOKMARK [2][-]{subsection.1.1.2}{Derecho objetivo y subjetivo.}{section.1.1}% 10
\BOOKMARK [0][-]{chapter.2}{clase 2 - Fuentes del derecho.}{}% 11
\BOOKMARK [1][-]{section.2.1}{\277Qui\351n es el int\351rprete?}{chapter.2}% 12
\BOOKMARK [1][-]{section.2.2}{Fuentes Formales}{chapter.2}% 13
\BOOKMARK [2][-]{subsection.2.2.1}{La ley}{section.2.2}% 14
\BOOKMARK [3][-]{section*.4}{Clasificaci\363n de la ley}{subsection.2.2.1}% 15
\BOOKMARK [3][-]{section*.5}{ley en sentido formal y en sentido material}{subsection.2.2.1}% 16
\BOOKMARK [3][-]{section*.6}{La imperativa y ley supletoria}{subsection.2.2.1}% 17
\BOOKMARK [3][-]{section*.7}{Ley supletoria}{subsection.2.2.1}% 18
\BOOKMARK [3][-]{section*.8}{Ley Prohibitiva y dispositiva}{subsection.2.2.1}% 19
\BOOKMARK [3][-]{section*.9}{ley perfecta}{subsection.2.2.1}% 20
\BOOKMARK [3][-]{section*.10}{ley imperfecta}{subsection.2.2.1}% 21
\BOOKMARK [3][-]{section*.11}{ley menos que perfecta}{subsection.2.2.1}% 22
\BOOKMARK [3][-]{section*.12}{ley m\341s que perfecta o pluscuamperfecta}{subsection.2.2.1}% 23
\BOOKMARK [3][-]{section*.13}{\277Cu\341ndo entra en vigencia una ley? Y cuando deja de tener vigencia}{subsection.2.2.1}% 24
\BOOKMARK [3][-]{section*.14}{\277Y hasta cu\341ndo tiene vigencia?}{subsection.2.2.1}% 25
\BOOKMARK [3][-]{section*.15}{Jerarqu\355a de leyes}{subsection.2.2.1}% 26
\BOOKMARK [2][-]{subsection.2.2.2}{La Costumbre}{section.2.2}% 27
\BOOKMARK [3][-]{section*.16}{Podemos hablar de tres tipos de costumbres}{subsection.2.2.2}% 28
\BOOKMARK [3][-]{section*.17}{La costumbre secundum legem}{subsection.2.2.2}% 29
\BOOKMARK [3][-]{section*.18}{La costumbre praeter legem }{subsection.2.2.2}% 30
\BOOKMARK [3][-]{section*.19}{La costumbre contra legem}{subsection.2.2.2}% 31
\BOOKMARK [2][-]{subsection.2.2.3}{Fallos plenarios}{section.2.2}% 32
\BOOKMARK [3][-]{section*.20}{C\363mo se hace}{subsection.2.2.3}% 33
\BOOKMARK [1][-]{section.2.3}{Fuentes Materiales}{chapter.2}% 34
\BOOKMARK [2][-]{subsection.2.3.1}{La Jurisprudencia}{section.2.3}% 35
\BOOKMARK [3][-]{section*.21}{Art\355culo 3 del c\363digo civil}{subsection.2.3.1}% 36
\BOOKMARK [3][-]{section*.22}{C\363mo est\341 organizado el foro civil}{subsection.2.3.1}% 37
\BOOKMARK [2][-]{subsection.2.3.2}{La doctrina}{section.2.3}% 38
\BOOKMARK [2][-]{subsection.2.3.3}{Principios generales del derecho}{section.2.3}% 39
\BOOKMARK [2][-]{subsection.2.3.4}{el derecho comparado}{section.2.3}% 40
\BOOKMARK [2][-]{subsection.2.3.5}{la equidad }{section.2.3}% 41
\BOOKMARK [0][-]{chapter.3}{fuentes del libro ameal}{}% 42
\BOOKMARK [0][-]{chapter.4}{clase 3 - Irretroactividad de la ley}{}% 43
\BOOKMARK [1][-]{subsection.4.0.1}{Ley imperativa y ley supletoria}{chapter.4}% 44
\BOOKMARK [0][-]{chapter.5}{Ejercicio abusivo del derecho}{}% 45
\BOOKMARK [1][-]{section.5.1}{Teor\355a cl\341sica}{chapter.5}% 46
\BOOKMARK [2][-]{subsection.5.1.1}{Definici\363n de variables}{section.5.1}% 47
\BOOKMARK [2][-]{subsection.5.1.2}{Pruebas y refutaciones}{section.5.1}% 48
\BOOKMARK [1][-]{section.5.2}{Hip\363tesis}{chapter.5}% 49
\BOOKMARK [0][-]{chapter.6}{Resultados}{}% 50
\BOOKMARK [1][-]{section.6.1}{Simulaci\363n de resultados}{chapter.6}% 51
\BOOKMARK [2][-]{subsection.6.1.1}{Suposiciones}{section.6.1}% 52
\BOOKMARK [2][-]{subsection.6.1.2}{Modelos}{section.6.1}% 53
\BOOKMARK [1][-]{section.6.2}{Resultados preliminares}{chapter.6}% 54
\BOOKMARK [1][-]{section.6.3}{Resultados postprocesados}{chapter.6}% 55
\BOOKMARK [2][-]{subsection.6.3.1}{Valores at\355picos}{section.6.3}% 56
\BOOKMARK [2][-]{subsection.6.3.2}{Correlaciones}{section.6.3}% 57
\BOOKMARK [0][-]{chapter.7}{Conclusiones}{}% 58
