\BOOKMARK [0][-]{chapter.1}{\376\377\000F\000o\000r\000m\000a\000c\000i\000\363\000n\000\040\000d\000e\000l\000\040\000c\000o\000n\000t\000r\000a\000t\000o\000\040\000e\000n\000\040\000e\000l\000\040\000c\000o\000m\000m\000o\000n\000\040\000l\000a\000w}{}% 1
\BOOKMARK [1][-]{section*.2}{\376\377\000T\000e\000m\000a\000s\000\040\000t\000r\000a\000t\000a\000d\000o\000s\000\040\000e\000n\000\040\000e\000s\000t\000a\000\040\000c\000l\000a\000s\000e}{chapter.1}% 2
\BOOKMARK [1][-]{section*.3}{\376\377\000\315\000n\000d\000i\000c\000e\000\040\000t\000e\000m\000\341\000t\000i\000c\000o}{chapter.1}% 3
\BOOKMARK [1][-]{section*.8}{\376\377\000T\000r\000a\000n\000s\000c\000r\000i\000p\000c\000i\000\363\000n\000\040\000t\000e\000m\000\341\000t\000i\000c\000a\000\040\000d\000e\000\040\000l\000a\000\040\000c\000l\000a\000s\000e}{chapter.1}% 4
\BOOKMARK [1][-]{section.1.1}{\376\377\000L\000a\000\040\000i\000n\000t\000e\000n\000c\000i\000\363\000n\000\040\000d\000e\000\040\000c\000o\000n\000t\000r\000a\000t\000a\000r\000\040\000\050\000I\000n\000t\000e\000n\000t\000i\000o\000n\000\051}{chapter.1}% 5
\BOOKMARK [2][-]{subsection.1.1.1}{\376\377\000I\000n\000t\000e\000n\000c\000i\000\363\000n\000\040\000v\000i\000n\000c\000u\000l\000a\000n\000t\000e\000\040\000\050\000i\000n\000t\000e\000n\000t\000i\000o\000n\000\051}{section.1.1}% 6
\BOOKMARK [2][-]{subsection.1.1.2}{\376\377\000V\000\355\000n\000c\000u\000l\000o\000s\000\040\000f\000a\000m\000i\000l\000i\000a\000r\000e\000s\000\040\000y\000\040\000a\000f\000e\000c\000t\000i\000v\000o\000s}{section.1.1}% 7
\BOOKMARK [2][-]{subsection.1.1.3}{\376\377\000C\000a\000s\000o\000\040\000M\000e\000r\000r\000i\000t\000t\000\040\000v\000.\000\040\000M\000e\000r\000r\000i\000t\000t\000\040\000\050\0001\0009\0007\0000\000\051}{section.1.1}% 8
\BOOKMARK [2][-]{subsection.1.1.4}{\376\377\000V\000\355\000n\000c\000u\000l\000o\000s\000\040\000c\000o\000m\000e\000r\000c\000i\000a\000l\000e\000s}{section.1.1}% 9
\BOOKMARK [1][-]{section.1.2}{\376\377\000O\000f\000e\000r\000t\000a\000\040\000y\000\040\000a\000c\000e\000p\000t\000a\000c\000i\000\363\000n\000\040\000\050\000O\000f\000f\000e\000r\000\040\000a\000n\000d\000\040\000A\000c\000c\000e\000p\000t\000a\000n\000c\000e\000\051}{chapter.1}% 10
\BOOKMARK [2][-]{subsection.1.2.1}{\376\377\000M\000e\000e\000t\000i\000n\000g\000\040\000o\000f\000\040\000t\000h\000e\000\040\000m\000i\000n\000d\000s}{section.1.2}% 11
\BOOKMARK [2][-]{subsection.1.2.2}{\376\377\000R\000e\000q\000u\000i\000s\000i\000t\000o\000s\000\040\000d\000e\000\040\000l\000a\000\040\000o\000f\000e\000r\000t\000a}{section.1.2}% 12
\BOOKMARK [2][-]{subsection.1.2.3}{\376\377\000T\000e\000r\000m\000i\000n\000o\000l\000o\000g\000\355\000a\000\040\000d\000e\000\040\000l\000a\000s\000\040\000p\000a\000r\000t\000e\000s\000\040\000\050\000o\000f\000f\000e\000r\000o\000r\000\040\000/\000\040\000o\000f\000f\000e\000r\000e\000e\000\051}{section.1.2}% 13
\BOOKMARK [2][-]{subsection.1.2.4}{\376\377\000C\000o\000n\000t\000r\000a\000o\000f\000e\000r\000t\000a\000\040\000y\000\040\000c\000o\000m\000u\000n\000i\000c\000a\000c\000i\000\363\000n\000\040\000d\000e\000\040\000l\000a\000\040\000a\000c\000e\000p\000t\000a\000c\000i\000\363\000n}{section.1.2}% 14
\BOOKMARK [1][-]{section.1.3}{\376\377\000L\000a\000\040\000c\000o\000n\000t\000r\000a\000p\000r\000e\000s\000t\000a\000c\000i\000\363\000n\000\040\000\050\000C\000o\000n\000s\000i\000d\000e\000r\000a\000t\000i\000o\000n\000\051}{chapter.1}% 15
\BOOKMARK [2][-]{subsection.1.3.1}{\376\377\000I\000n\000t\000e\000r\000c\000a\000m\000b\000i\000o\000\040\000d\000e\000\040\000p\000r\000o\000m\000e\000s\000a\000s}{section.1.3}% 16
\BOOKMARK [2][-]{subsection.1.3.2}{\376\377\000A\000l\000g\000o\000\040\000d\000e\000\040\000v\000a\000l\000o\000r\000\040\000\050\000s\000o\000m\000e\000t\000h\000i\000n\000g\000\040\000o\000f\000\040\000v\000a\000l\000u\000e\000\051}{section.1.3}% 17
\BOOKMARK [2][-]{subsection.1.3.3}{\376\377\000F\000o\000r\000m\000a\000s\000\040\000d\000e\000\040\000l\000a\000\040\000c\000o\000n\000t\000r\000a\000p\000r\000e\000s\000t\000a\000c\000i\000\363\000n}{section.1.3}% 18
\BOOKMARK [1][-]{section.1.4}{\376\377\000C\000e\000r\000t\000e\000z\000a\000\040\000d\000e\000\040\000l\000o\000s\000\040\000t\000\351\000r\000m\000i\000n\000o\000s\000\040\000\050\000C\000e\000r\000t\000a\000i\000n\000t\000y\000\040\000o\000f\000\040\000T\000e\000r\000m\000s\000\051}{chapter.1}% 19
\BOOKMARK [2][-]{subsection.1.4.1}{\376\377\000C\000l\000a\000r\000i\000d\000a\000d\000\040\000y\000\040\000c\000o\000m\000p\000l\000e\000t\000i\000t\000u\000d}{section.1.4}% 20
\BOOKMARK [2][-]{subsection.1.4.2}{\376\377\000N\000u\000l\000i\000d\000a\000d\000\040\000t\000o\000t\000a\000l\000\040\000o\000\040\000p\000a\000r\000c\000i\000a\000l}{section.1.4}% 21
\BOOKMARK [2][-]{subsection.1.4.3}{\376\377\000I\000n\000t\000e\000r\000p\000r\000e\000t\000a\000c\000i\000\363\000n\000\040\000j\000u\000d\000i\000c\000i\000a\000l\000:\000\040\000l\000o\000s\000\040\000u\000s\000o\000s\000,\000\040\000l\000a\000s\000\040\000t\000r\000a\000t\000a\000t\000i\000v\000a\000s\000\040\000y\000\040\000`\000`\000t\000h\000e\000\040\000f\000o\000u\000r\000\040\000c\000o\000r\000n\000e\000r\000s\000'\000'}{section.1.4}% 22
\BOOKMARK [2][-]{subsection.1.4.4}{\376\377\000V\000a\000l\000i\000d\000e\000z\000\040\000v\000e\000r\000s\000u\000s\000\040\000e\000x\000i\000g\000i\000b\000i\000l\000i\000d\000a\000d\000\040\000\050\000e\000n\000f\000o\000r\000c\000e\000a\000b\000i\000l\000i\000t\000y\000\051}{section.1.4}% 23
\BOOKMARK [1][-]{section*.9}{\376\377\000S\000\355\000n\000t\000e\000s\000i\000s\000\040\000d\000e\000l\000\040\000d\000e\000s\000a\000r\000r\000o\000l\000l\000o\000\040\000t\000e\000\363\000r\000i\000c\000o}{chapter.1}% 24
\BOOKMARK [1][-]{section*.10}{\376\377\000C\000u\000a\000d\000r\000o\000\040\000C\000o\000r\000n\000e\000l\000l\000:\000\040\000r\000e\000p\000a\000s\000o\000\040\000g\000e\000n\000e\000r\000a\000l\000\040\000d\000e\000\040\000l\000a\000\040\000u\000n\000i\000d\000a\000d}{chapter.1}% 25
