\BOOKMARK [0][-]{chapter*.2}{\376\377\000P\000r\000e\000s\000e\000n\000t\000a\000c\000i\000\363\000n}{}% 1
\BOOKMARK [1][-]{section*.3}{\376\377\000E\000s\000q\000u\000e\000m\000a\000\040\000g\000e\000n\000e\000r\000a\000l\000\040\000d\000e\000l\000\040\000c\000o\000n\000t\000e\000n\000i\000d\000o}{chapter*.2}% 2
\BOOKMARK [0][-]{chapter.1}{\376\377\000C\000o\000n\000c\000e\000p\000t\000o\000\040\000d\000e\000\040\000d\000o\000c\000u\000m\000e\000n\000t\000o}{}% 3
\BOOKMARK [1][-]{section.1.1}{\376\377\000E\000l\000\040\000d\000o\000c\000u\000m\000e\000n\000t\000o\000\040\000e\000n\000\040\000l\000a\000\040\000e\000r\000a\000\040\000d\000i\000g\000i\000t\000a\000l}{chapter.1}% 4
\BOOKMARK [1][-]{section.1.2}{\376\377\000I\000m\000p\000a\000c\000t\000o\000\040\000d\000e\000l\000\040\000C\000\363\000d\000i\000g\000o\000\040\000C\000i\000v\000i\000l\000\040\000y\000\040\000C\000o\000m\000e\000r\000c\000i\000a\000l\000\040\000\050\0002\0000\0001\0005\000\051}{chapter.1}% 5
\BOOKMARK [0][-]{chapter.2}{\376\377\000C\000l\000a\000s\000i\000f\000i\000c\000a\000c\000i\000\363\000n\000\040\000d\000e\000\040\000l\000o\000s\000\040\000d\000o\000c\000u\000m\000e\000n\000t\000o\000s}{}% 6
\BOOKMARK [0][-]{chapter.3}{\376\377\000D\000o\000c\000u\000m\000e\000n\000t\000o\000s\000\040\000e\000n\000\040\000s\000o\000p\000o\000r\000t\000e\000\040\000p\000a\000p\000e\000l}{}% 7
\BOOKMARK [1][-]{section.3.1}{\376\377\000I\000n\000s\000t\000r\000u\000m\000e\000n\000t\000o\000s\000\040\000p\000\372\000b\000l\000i\000c\000o\000s}{chapter.3}% 8
\BOOKMARK [2][-]{subsection.3.1.1}{\376\377\000V\000a\000l\000o\000r\000\040\000p\000r\000o\000b\000a\000t\000o\000r\000i\000o\000\040\000d\000e\000l\000\040\000i\000n\000s\000t\000r\000u\000m\000e\000n\000t\000o\000\040\000p\000\372\000b\000l\000i\000c\000o}{section.3.1}% 9
\BOOKMARK [1][-]{section.3.2}{\376\377\000I\000n\000s\000t\000r\000u\000m\000e\000n\000t\000o\000s\000\040\000p\000r\000i\000v\000a\000d\000o\000s}{chapter.3}% 10
\BOOKMARK [2][-]{subsection.3.2.1}{\376\377\000L\000a\000\040\000f\000i\000r\000m\000a\000\040\000e\000n\000\040\000e\000l\000\040\000n\000u\000e\000v\000o\000\040\000C\000\363\000d\000i\000g\000o\000\040\000C\000i\000v\000i\000l}{section.3.2}% 11
\BOOKMARK [2][-]{subsection.3.2.2}{\376\377\000E\000l\000\040\000d\000o\000b\000l\000e\000\040\000e\000j\000e\000m\000p\000l\000a\000r}{section.3.2}% 12
\BOOKMARK [2][-]{subsection.3.2.3}{\376\377\000V\000a\000l\000o\000r\000\040\000p\000r\000o\000b\000a\000t\000o\000r\000i\000o\000\040\000d\000e\000l\000\040\000i\000n\000s\000t\000r\000u\000m\000e\000n\000t\000o\000\040\000p\000r\000i\000v\000a\000d\000o}{section.3.2}% 13
\BOOKMARK [2][-]{subsection.3.2.4}{\376\377\000E\000l\000\040\000c\000o\000t\000e\000j\000o\000\040\000y\000\040\000l\000a\000\040\000p\000e\000r\000i\000c\000i\000a\000\040\000c\000a\000l\000i\000g\000r\000\341\000f\000i\000c\000a}{section.3.2}% 14
\BOOKMARK [2][-]{subsection.3.2.5}{\376\377\000E\000l\000\040\000c\000a\000s\000o\000\040\000d\000e\000l\000\040\000f\000a\000l\000l\000e\000c\000i\000d\000o\000\040\000y\000\040\000r\000e\000g\000i\000s\000t\000r\000o\000s\000\040\000a\000l\000t\000e\000r\000n\000a\000t\000i\000v\000o\000s}{section.3.2}% 15
\BOOKMARK [2][-]{subsection.3.2.6}{\376\377\000E\000l\000\040\000a\000b\000u\000s\000o\000\040\000d\000e\000\040\000f\000i\000r\000m\000a\000\040\000e\000n\000\040\000b\000l\000a\000n\000c\000o\000\040\000\050\000a\000r\000t\000.\000\040\0003\0001\0005\000\040\000C\000C\000y\000C\000\051}{section.3.2}% 16
\BOOKMARK [2][-]{subsection.3.2.7}{\376\377\000I\000n\000s\000t\000r\000u\000m\000e\000n\000t\000o\000\040\000p\000a\000r\000t\000i\000c\000u\000l\000a\000r\000\040\000c\000o\000n\000\040\000i\000m\000p\000r\000e\000s\000i\000\363\000n\000\040\000d\000\355\000g\000i\000t\000o\000-\000p\000u\000l\000g\000a\000r}{section.3.2}% 17
\BOOKMARK [1][-]{section.3.3}{\376\377\000I\000n\000s\000t\000r\000u\000m\000e\000n\000t\000o\000s\000\040\000p\000a\000r\000t\000i\000c\000u\000l\000a\000r\000e\000s\000\040\000\050\000s\000i\000n\000\040\000f\000i\000r\000m\000a\000\051}{chapter.3}% 18
\BOOKMARK [0][-]{chapter.4}{\376\377\000D\000o\000c\000u\000m\000e\000n\000t\000o\000s\000\040\000e\000l\000e\000c\000t\000r\000\363\000n\000i\000c\000o\000s}{}% 19
\BOOKMARK [1][-]{section.4.1}{\376\377\000F\000i\000r\000m\000a\000\040\000d\000i\000g\000i\000t\000a\000l\000\040\000\050\000L\000e\000y\000\040\0002\0005\000.\0005\0000\0006\000\051}{chapter.4}% 20
\BOOKMARK [1][-]{section.4.2}{\376\377\000F\000i\000r\000m\000a\000\040\000e\000l\000e\000c\000t\000r\000\363\000n\000i\000c\000a}{chapter.4}% 21
\BOOKMARK [2][-]{subsection.4.2.1}{\376\377\000D\000i\000f\000e\000r\000e\000n\000c\000i\000a\000\040\000c\000e\000n\000t\000r\000a\000l\000\040\000c\000o\000n\000\040\000l\000a\000\040\000f\000i\000r\000m\000a\000\040\000d\000i\000g\000i\000t\000a\000l\000\040\000y\000\040\000c\000a\000r\000g\000a\000\040\000d\000e\000\040\000l\000a\000\040\000p\000r\000u\000e\000b\000a}{section.4.2}% 22
\BOOKMARK [1][-]{section.4.3}{\376\377\000D\000o\000c\000u\000m\000e\000n\000t\000o\000s\000\040\000e\000l\000e\000c\000t\000r\000\363\000n\000i\000c\000o\000s\000\040\000s\000i\000n\000\040\000f\000i\000r\000m\000a}{chapter.4}% 23
\BOOKMARK [0][-]{chapter.5}{\376\377\000C\000o\000r\000r\000e\000s\000p\000o\000n\000d\000e\000n\000c\000i\000a}{}% 24
\BOOKMARK [0][-]{chapter.6}{\376\377\000L\000i\000b\000r\000o\000s\000\040\000c\000o\000n\000t\000a\000b\000l\000e\000s}{}% 25
\BOOKMARK [1][-]{section.6.1}{\376\377\000V\000a\000l\000o\000r\000\040\000p\000r\000o\000b\000a\000t\000o\000r\000i\000o\000\040\000d\000e\000\040\000l\000o\000s\000\040\000l\000i\000b\000r\000o\000s\000\040\000c\000o\000n\000t\000a\000b\000l\000e\000s\000\040\000\050\000a\000r\000t\000.\000\040\0003\0003\0000\000\040\000C\000C\000y\000C\000\051}{chapter.6}% 26
\BOOKMARK [0][-]{chapter.7}{\376\377\000O\000f\000r\000e\000c\000i\000m\000i\000e\000n\000t\000o\000\040\000e\000\040\000i\000m\000p\000u\000g\000n\000a\000c\000i\000\363\000n\000\040\000d\000e\000\040\000p\000r\000u\000e\000b\000a\000\040\000d\000o\000c\000u\000m\000e\000n\000t\000a\000l}{}% 27
\BOOKMARK [1][-]{section.7.1}{\376\377\000O\000p\000o\000r\000t\000u\000n\000i\000d\000a\000d\000\040\000d\000e\000l\000\040\000o\000f\000r\000e\000c\000i\000m\000i\000e\000n\000t\000o\000\040\000\050\000a\000r\000t\000s\000.\000\040\0003\0003\0003\000\040\000y\000\040\0003\0003\0005\000\040\000C\000P\000C\000C\000\051}{chapter.7}% 28
\BOOKMARK [2][-]{subsection.7.1.1}{\376\377\000E\000x\000c\000e\000p\000c\000i\000\363\000n\000:\000\040\000d\000o\000c\000u\000m\000e\000n\000t\000o\000s\000\040\000p\000o\000s\000t\000e\000r\000i\000o\000r\000e\000s\000\040\000\050\000a\000r\000t\000.\000\040\0003\0003\0005\000\040\000C\000P\000C\000C\000\051}{section.7.1}% 29
\BOOKMARK [1][-]{section.7.2}{\376\377\000D\000o\000c\000u\000m\000e\000n\000t\000o\000s\000\040\000e\000n\000\040\000p\000o\000d\000e\000r\000\040\000d\000e\000\040\000l\000a\000\040\000c\000o\000n\000t\000r\000a\000p\000a\000r\000t\000e\000\040\000\050\000a\000r\000t\000.\000\040\0003\0008\0008\000\040\000C\000P\000C\000C\000\051}{chapter.7}% 30
\BOOKMARK [2][-]{subsection.7.2.1}{\376\377\000D\000o\000c\000u\000m\000e\000n\000t\000o\000s\000\040\000e\000n\000\040\000p\000o\000d\000e\000r\000\040\000d\000e\000\040\000t\000e\000r\000c\000e\000r\000o\000s}{section.7.2}% 31
\BOOKMARK [1][-]{section.7.3}{\376\377\000E\000l\000\040\000t\000r\000a\000s\000l\000a\000d\000o\000\040\000d\000e\000\040\000l\000a\000\040\000d\000o\000c\000u\000m\000e\000n\000t\000a\000c\000i\000\363\000n}{chapter.7}% 32
\BOOKMARK [1][-]{section.7.4}{\376\377\000I\000m\000p\000u\000g\000n\000a\000c\000i\000\363\000n\000\040\000d\000e\000l\000\040\000i\000n\000s\000t\000r\000u\000m\000e\000n\000t\000o\000\040\000p\000\372\000b\000l\000i\000c\000o\000\040\000\050\000a\000r\000t\000.\000\040\0003\0009\0005\000\040\000C\000P\000C\000C\000\051}{chapter.7}% 33
\BOOKMARK [2][-]{subsection.7.4.1}{\376\377\000C\000u\000a\000n\000d\000o\000\040\000N\000O\000\040\000s\000e\000\040\000n\000e\000c\000e\000s\000i\000t\000a\000\040\000l\000a\000\040\000r\000e\000d\000a\000r\000g\000u\000c\000i\000\363\000n\000\040\000d\000e\000\040\000f\000a\000l\000s\000e\000d\000a\000d}{section.7.4}% 34
\BOOKMARK [0][-]{chapter.8}{\376\377\000P\000r\000u\000e\000b\000a\000\040\000i\000n\000f\000o\000r\000m\000a\000t\000i\000v\000a}{}% 35
\BOOKMARK [1][-]{section.8.1}{\376\377\000C\000o\000n\000c\000e\000p\000t\000o}{chapter.8}% 36
\BOOKMARK [1][-]{section.8.2}{\376\377\000F\000o\000r\000m\000a\000t\000o\000\040\000d\000e\000l\000\040\000o\000f\000i\000c\000i\000o\000\040\000\050\000a\000r\000t\000s\000.\000\040\0003\0009\0008\000\040\000y\000\040\0004\0000\0000\000\040\000C\000P\000C\000C\000\051}{chapter.8}% 37
\BOOKMARK [1][-]{section.8.3}{\376\377\000P\000l\000a\000z\000o\000\040\000y\000\040\000c\000a\000d\000u\000c\000i\000d\000a\000d\000\040\000d\000e\000\040\000l\000a\000\040\000p\000r\000u\000e\000b\000a\000\040\000i\000n\000f\000o\000r\000m\000a\000t\000i\000v\000a\000\040\000\050\000a\000r\000t\000.\000\040\0004\0000\0002\000\040\000C\000P\000C\000C\000\051}{chapter.8}% 38
\BOOKMARK [1][-]{section.8.4}{\376\377\000A\000r\000t\000\355\000c\000u\000l\000o\000\040\0003\0008\000\040\000C\000P\000C\000C\000:\000\040\000o\000f\000i\000c\000i\000o\000s\000\040\000d\000i\000r\000i\000g\000i\000d\000o\000s\000\040\000a\000\040\000a\000l\000t\000a\000s\000\040\000a\000u\000t\000o\000r\000i\000d\000a\000d\000e\000s}{chapter.8}% 39
\BOOKMARK [1][-]{section.8.5}{\376\377\000M\000o\000d\000e\000r\000n\000i\000z\000a\000c\000i\000\363\000n\000:\000\040\000s\000i\000s\000t\000e\000m\000a\000s\000\040\000e\000l\000e\000c\000t\000r\000\363\000n\000i\000c\000o\000s\000\040\000d\000e\000\040\000p\000e\000d\000i\000d\000o\000\040\000d\000e\000\040\000i\000n\000f\000o\000r\000m\000e\000s}{chapter.8}% 40
\BOOKMARK [0][-]{chapter.9}{\376\377\000R\000e\000p\000a\000s\000o\000\040\000C\000o\000r\000n\000e\000l\000l\000\040\040\024\000\040\000P\000r\000u\000e\000b\000a\000\040\000d\000o\000c\000u\000m\000e\000n\000t\000a\000l\000\040\000e\000\040\000i\000n\000f\000o\000r\000m\000a\000t\000i\000v\000a}{}% 41
