\BOOKMARK [0][-]{chapter.1}{\376\377\000E\000j\000e\000c\000u\000c\000i\000\363\000n\000\040\000d\000e\000\040\000S\000e\000n\000t\000e\000n\000c\000i\000a}{}% 1
\BOOKMARK [1][-]{section.1.1}{\376\377\000N\000a\000t\000u\000r\000a\000l\000e\000z\000a\000\040\000j\000u\000r\000\355\000d\000i\000c\000a\000\040\000y\000\040\000e\000n\000c\000u\000a\000d\000r\000e\000\040\000d\000e\000\040\000l\000a\000\040\000e\000j\000e\000c\000u\000c\000i\000\363\000n\000\040\000d\000e\000\040\000s\000e\000n\000t\000e\000n\000c\000i\000a}{chapter.1}% 2
\BOOKMARK [2][-]{subsection.1.1.1}{\376\377\000U\000b\000i\000c\000a\000c\000i\000\363\000n\000\040\000n\000o\000r\000m\000a\000t\000i\000v\000a\000\040\000e\000n\000\040\000e\000l\000\040\000C\000\363\000d\000i\000g\000o\000\040\000P\000r\000o\000c\000e\000s\000a\000l}{section.1.1}% 3
\BOOKMARK [2][-]{subsection.1.1.2}{\376\377\000L\000a\000\040\000e\000j\000e\000c\000u\000c\000i\000\363\000n\000\040\000d\000e\000\040\000s\000e\000n\000t\000e\000n\000c\000i\000a\000\040\000n\000o\000\040\000e\000s\000\040\000u\000n\000\040\000p\000r\000o\000c\000e\000s\000o\000\040\000i\000n\000d\000e\000p\000e\000n\000d\000i\000e\000n\000t\000e}{section.1.1}% 4
\BOOKMARK [2][-]{subsection.1.1.3}{\376\377\000D\000i\000f\000e\000r\000e\000n\000c\000i\000a\000s\000\040\000e\000n\000t\000r\000e\000\040\000e\000j\000e\000c\000u\000c\000i\000\363\000n\000\040\000d\000e\000\040\000s\000e\000n\000t\000e\000n\000c\000i\000a\000\040\000y\000\040\000j\000u\000i\000c\000i\000o\000\040\000e\000j\000e\000c\000u\000t\000i\000v\000o}{section.1.1}% 5
\BOOKMARK [2][-]{subsection.1.1.4}{\376\377\000L\000a\000\040\000s\000e\000n\000t\000e\000n\000c\000i\000a\000\040\000c\000o\000m\000o\000\040\000t\000\355\000t\000u\000l\000o\000\040\000e\000j\000e\000c\000u\000t\000o\000r\000i\000o\000:\000\040\000e\000l\000\040\000d\000e\000r\000e\000c\000h\000o\000\040\000c\000i\000e\000r\000t\000o}{section.1.1}% 6
\BOOKMARK [1][-]{section.1.2}{\376\377\000R\000e\000q\000u\000i\000s\000i\000t\000o\000s\000\040\000p\000a\000r\000a\000\040\000e\000j\000e\000c\000u\000t\000a\000r\000\040\000l\000a\000\040\000s\000e\000n\000t\000e\000n\000c\000i\000a}{chapter.1}% 7
\BOOKMARK [2][-]{subsection.1.2.1}{\376\377\000L\000a\000\040\000s\000e\000n\000t\000e\000n\000c\000i\000a\000\040\000c\000o\000n\000s\000e\000n\000t\000i\000d\000a}{section.1.2}% 8
\BOOKMARK [2][-]{subsection.1.2.2}{\376\377\000L\000a\000\040\000s\000e\000n\000t\000e\000n\000c\000i\000a\000\040\000e\000j\000e\000c\000u\000t\000o\000r\000i\000a\000d\000a}{section.1.2}% 9
\BOOKMARK [2][-]{subsection.1.2.3}{\376\377\000P\000l\000a\000z\000o\000\040\000v\000e\000n\000c\000i\000d\000o\000,\000\040\000i\000n\000c\000u\000m\000p\000l\000i\000m\000i\000e\000n\000t\000o\000\040\000e\000\040\000i\000n\000s\000t\000a\000n\000c\000i\000a\000\040\000d\000e\000\040\000p\000a\000r\000t\000e}{section.1.2}% 10
\BOOKMARK [2][-]{subsection.1.2.4}{\376\377\000E\000x\000c\000e\000p\000c\000i\000\363\000n\000:\000\040\000e\000j\000e\000c\000u\000c\000i\000\363\000n\000\040\000p\000r\000o\000v\000i\000s\000o\000r\000i\000a\000\040\000\050\000s\000e\000n\000t\000e\000n\000c\000i\000a\000\040\000n\000o\000\040\000f\000i\000r\000m\000e\000\051}{section.1.2}% 11
\BOOKMARK [2][-]{subsection.1.2.5}{\376\377\000E\000j\000e\000c\000u\000c\000i\000\363\000n\000\040\000p\000a\000r\000c\000i\000a\000l\000\040\000d\000e\000\040\000l\000a\000\040\000s\000e\000n\000t\000e\000n\000c\000i\000a}{section.1.2}% 12
\BOOKMARK [1][-]{section.1.3}{\376\377\000C\000o\000m\000p\000e\000t\000e\000n\000c\000i\000a\000\040\000y\000\040\000p\000r\000o\000c\000e\000d\000i\000m\000i\000e\000n\000t\000o\000\040\000g\000e\000n\000e\000r\000a\000l}{chapter.1}% 13
\BOOKMARK [2][-]{subsection.1.3.1}{\376\377\000C\000o\000m\000p\000e\000t\000e\000n\000c\000i\000a\000:\000\040\000e\000l\000\040\000j\000u\000e\000z\000\040\000q\000u\000e\000\040\000d\000i\000c\000t\000\363\000\040\000l\000a\000\040\000s\000e\000n\000t\000e\000n\000c\000i\000a}{section.1.3}% 14
\BOOKMARK [2][-]{subsection.1.3.2}{\376\377\000P\000r\000o\000c\000e\000d\000i\000m\000i\000e\000n\000t\000o\000:\000\040\000c\000o\000n\000d\000e\000n\000a\000\040\000a\000\040\000p\000a\000g\000a\000r\000\040\000c\000a\000n\000t\000i\000d\000a\000d\000\040\000l\000\355\000q\000u\000i\000d\000a}{section.1.3}% 15
\BOOKMARK [2][-]{subsection.1.3.3}{\376\377\000T\000r\000a\000b\000a\000\040\000d\000e\000l\000\040\000e\000m\000b\000a\000r\000g\000o\000:\000\040\000a\000s\000p\000e\000c\000t\000o\000\040\000c\000e\000n\000t\000r\000a\000l\000\040\000d\000e\000\040\000l\000a\000\040\000e\000j\000e\000c\000u\000c\000i\000\363\000n}{section.1.3}% 16
\BOOKMARK [2][-]{subsection.1.3.4}{\376\377\000E\000f\000e\000c\000t\000o\000s\000\040\000d\000e\000l\000\040\000e\000m\000b\000a\000r\000g\000o}{section.1.3}% 17
\BOOKMARK [2][-]{subsection.1.3.5}{\376\377\000C\000i\000t\000a\000c\000i\000\363\000n\000\040\000d\000e\000\040\000v\000e\000n\000t\000a\000\040\000y\000\040\000e\000x\000c\000e\000p\000c\000i\000o\000n\000e\000s\000\040\000d\000e\000l\000\040\000a\000r\000t\000\355\000c\000u\000l\000o\000\040\0005\0000\0006}{section.1.3}% 18
\BOOKMARK [2][-]{subsection.1.3.6}{\376\377\000L\000a\000s\000\040\000e\000x\000c\000e\000p\000c\000i\000o\000n\000e\000s\000\040\000d\000e\000l\000\040\000a\000r\000t\000\355\000c\000u\000l\000o\000\040\0005\0000\0006\000:\000\040\000a\000n\000\341\000l\000i\000s\000i\000s\000\040\000d\000e\000t\000a\000l\000l\000a\000d\000o}{section.1.3}% 19
\BOOKMARK [2][-]{subsection.1.3.7}{\376\377\000E\000x\000c\000e\000p\000c\000i\000o\000n\000e\000s\000\040\000n\000o\000\040\000e\000n\000u\000m\000e\000r\000a\000d\000a\000s\000\040\000e\000n\000\040\000e\000l\000\040\000a\000r\000t\000\355\000c\000u\000l\000o\000\040\0005\0000\0006\000\040\000a\000d\000m\000i\000t\000i\000d\000a\000s\000\040\000p\000o\000r\000\040\000l\000a\000\040\000j\000u\000r\000i\000s\000p\000r\000u\000d\000e\000n\000c\000i\000a}{section.1.3}% 20
\BOOKMARK [2][-]{subsection.1.3.8}{\376\377\000T\000r\000\341\000m\000i\000t\000e\000\040\000d\000e\000\040\000l\000a\000s\000\040\000e\000x\000c\000e\000p\000c\000i\000o\000n\000e\000s\000\040\000y\000\040\000s\000e\000n\000t\000e\000n\000c\000i\000a\000\040\000d\000e\000\040\000v\000e\000n\000t\000a}{section.1.3}% 21
\BOOKMARK [1][-]{section.1.4}{\376\377\000C\000o\000n\000d\000e\000n\000a\000\040\000a\000\040\000c\000a\000n\000t\000i\000d\000a\000d\000\040\000i\000l\000\355\000q\000u\000i\000d\000a\000\040\000y\000\040\000p\000r\000\341\000c\000t\000i\000c\000a\000\040\000d\000e\000\040\000l\000i\000q\000u\000i\000d\000a\000c\000i\000\363\000n}{chapter.1}% 22
\BOOKMARK [2][-]{subsection.1.4.1}{\376\377\000C\000u\000\341\000n\000d\000o\000\040\000c\000o\000r\000r\000e\000s\000p\000o\000n\000d\000e\000\040\000p\000r\000a\000c\000t\000i\000c\000a\000r\000\040\000l\000i\000q\000u\000i\000d\000a\000c\000i\000\363\000n}{section.1.4}% 23
\BOOKMARK [2][-]{subsection.1.4.2}{\376\377\000Q\000u\000i\000\351\000n\000\040\000p\000r\000a\000c\000t\000i\000c\000a\000\040\000l\000a\000\040\000l\000i\000q\000u\000i\000d\000a\000c\000i\000\363\000n\000\040\000y\000\040\000e\000n\000\040\000q\000u\000\351\000\040\000p\000l\000a\000z\000o}{section.1.4}% 24
\BOOKMARK [2][-]{subsection.1.4.3}{\376\377\000I\000m\000p\000u\000g\000n\000a\000c\000i\000\363\000n\000\040\000d\000e\000\040\000l\000a\000\040\000l\000i\000q\000u\000i\000d\000a\000c\000i\000\363\000n}{section.1.4}% 25
\BOOKMARK [2][-]{subsection.1.4.4}{\376\377\000C\000r\000i\000t\000e\000r\000i\000o\000s\000\040\000d\000e\000\040\000a\000p\000e\000l\000a\000c\000i\000\363\000n\000\040\000s\000o\000b\000r\000e\000\040\000l\000a\000\040\000l\000i\000q\000u\000i\000d\000a\000c\000i\000\363\000n\000\040\000a\000p\000r\000o\000b\000a\000d\000a}{section.1.4}% 26
\BOOKMARK [1][-]{section.1.5}{\376\377\000O\000b\000l\000i\000g\000a\000c\000i\000o\000n\000e\000s\000\040\000d\000e\000\040\000h\000a\000c\000e\000r\000,\000\040\000n\000o\000\040\000h\000a\000c\000e\000r\000\040\000y\000\040\000d\000a\000r\000\040\000c\000o\000s\000a\000s}{chapter.1}% 27
\BOOKMARK [2][-]{subsection.1.5.1}{\376\377\000C\000o\000n\000d\000e\000n\000a\000\040\000a\000\040\000h\000a\000c\000e\000r\000\040\000a\000l\000g\000u\000n\000a\000\040\000c\000o\000s\000a}{section.1.5}% 28
\BOOKMARK [2][-]{subsection.1.5.2}{\376\377\000C\000o\000n\000d\000e\000n\000a\000\040\000a\000\040\000o\000t\000o\000r\000g\000a\000r\000\040\000e\000s\000c\000r\000i\000t\000u\000r\000a\000\040\000p\000\372\000b\000l\000i\000c\000a}{section.1.5}% 29
\BOOKMARK [2][-]{subsection.1.5.3}{\376\377\000C\000o\000n\000d\000e\000n\000a\000\040\000a\000\040\000n\000o\000\040\000h\000a\000c\000e\000r}{section.1.5}% 30
\BOOKMARK [2][-]{subsection.1.5.4}{\376\377\000C\000o\000n\000d\000e\000n\000a\000\040\000a\000\040\000d\000a\000r\000\040\000c\000o\000s\000a\000s\000:\000\040\000m\000a\000n\000d\000a\000m\000i\000e\000n\000t\000o\000\040\000d\000e\000\040\000d\000e\000s\000a\000p\000o\000d\000e\000r\000a\000m\000i\000e\000n\000t\000o}{section.1.5}% 31
\BOOKMARK [2][-]{subsection.1.5.5}{\376\377\000L\000i\000q\000u\000i\000d\000a\000c\000i\000o\000n\000e\000s\000\040\000e\000s\000p\000e\000c\000i\000a\000l\000e\000s}{section.1.5}% 32
\BOOKMARK [2][-]{subsection.1.5.6}{\376\377\000O\000t\000r\000o\000s\000\040\000t\000\355\000t\000u\000l\000o\000s\000\040\000e\000j\000e\000c\000u\000t\000a\000b\000l\000e\000s\000\040\000p\000o\000r\000\040\000e\000s\000t\000e\000\040\000p\000r\000o\000c\000e\000d\000i\000m\000i\000e\000n\000t\000o}{section.1.5}% 33
\BOOKMARK [0][-]{chapter*.13}{\376\377\000C\000u\000a\000d\000r\000o\000\040\000C\000o\000r\000n\000e\000l\000l\000\040\000d\000e\000\040\000r\000e\000p\000a\000s\000o}{}% 34
