\BOOKMARK [0][-]{chapter*.2}{\376\377\000I\000n\000t\000r\000o\000d\000u\000c\000c\000i\000\363\000n\000\040\000g\000e\000n\000e\000r\000a\000l}{}% 1
\BOOKMARK [-1][-]{part.1}{\376\377\000I\000\040\000F\000u\000n\000d\000a\000m\000e\000n\000t\000o\000s\000\040\000m\000e\000t\000o\000d\000o\000l\000\363\000g\000i\000c\000o\000s\000\040\000d\000e\000\040\000l\000a\000\040\000l\000e\000c\000t\000o\000c\000o\000m\000p\000r\000e\000n\000s\000i\000\363\000n\000\040\000j\000u\000r\000\355\000d\000i\000c\000a}{}% 2
\BOOKMARK [0][-]{chapter.1}{\376\377\000L\000a\000\040\000m\000a\000t\000e\000r\000i\000a\000:\000\040\000e\000n\000c\000u\000a\000d\000r\000e\000,\000\040\000o\000b\000j\000e\000t\000i\000v\000o\000s\000\040\000y\000\040\000e\000v\000a\000l\000u\000a\000c\000i\000\363\000n}{part.1}% 3
\BOOKMARK [1][-]{section.1.1}{\376\377\000\277\000Q\000u\000\351\000\040\000e\000s\000\040\000L\000e\000c\000t\000o\000c\000o\000m\000p\000r\000e\000n\000s\000i\000\363\000n\000\040\000d\000e\000\040\000T\000e\000x\000t\000o\000s\000\040\000J\000u\000r\000\355\000d\000i\000c\000o\000s\000\040\000e\000n\000\040\000I\000n\000g\000l\000\351\000s\000?}{chapter.1}% 4
\BOOKMARK [1][-]{section.1.2}{\376\377\000U\000b\000i\000c\000a\000c\000i\000\363\000n\000\040\000e\000n\000\040\000e\000l\000\040\000p\000l\000a\000n\000\040\000d\000e\000\040\000e\000s\000t\000u\000d\000i\000o\000s\000\040\000y\000\040\000r\000e\000l\000a\000c\000i\000\363\000n\000\040\000c\000o\000n\000\040\000e\000l\000\040\000d\000e\000r\000e\000c\000h\000o\000\040\000c\000o\000m\000p\000a\000r\000a\000d\000o}{chapter.1}% 5
\BOOKMARK [1][-]{section.1.3}{\376\377\000E\000l\000\040\000u\000s\000o\000\040\000d\000e\000\040\000l\000a\000\040\000i\000n\000t\000e\000l\000i\000g\000e\000n\000c\000i\000a\000\040\000a\000r\000t\000i\000f\000i\000c\000i\000a\000l\000\040\000y\000\040\000l\000o\000s\000\040\000t\000r\000a\000d\000u\000c\000t\000o\000r\000e\000s\000\040\000a\000u\000t\000o\000m\000\341\000t\000i\000c\000o\000s}{chapter.1}% 6
\BOOKMARK [1][-]{section.1.4}{\376\377\000O\000r\000g\000a\000n\000i\000z\000a\000c\000i\000\363\000n\000\040\000d\000e\000\040\000l\000a\000\040\000c\000u\000r\000s\000a\000d\000a}{chapter.1}% 7
\BOOKMARK [2][-]{subsection.1.4.1}{\376\377\000D\000i\000c\000c\000i\000o\000n\000a\000r\000i\000o\000s\000\040\000y\000\040\000f\000u\000e\000n\000t\000e\000s\000\040\000d\000e\000\040\000r\000e\000f\000e\000r\000e\000n\000c\000i\000a}{section.1.4}% 8
\BOOKMARK [1][-]{section.1.5}{\376\377\000S\000i\000s\000t\000e\000m\000a\000\040\000d\000e\000\040\000e\000v\000a\000l\000u\000a\000c\000i\000\363\000n}{chapter.1}% 9
\BOOKMARK [2][-]{subsection.1.5.1}{\376\377\000P\000r\000i\000m\000e\000r\000\040\000p\000a\000r\000c\000i\000a\000l}{section.1.5}% 10
\BOOKMARK [2][-]{subsection.1.5.2}{\376\377\000T\000r\000a\000b\000a\000j\000o\000\040\000g\000r\000u\000p\000a\000l\000\040\000d\000e\000\040\000i\000n\000v\000e\000s\000t\000i\000g\000a\000c\000i\000\363\000n\000\040\000y\000\040\000e\000x\000p\000o\000s\000i\000c\000i\000\363\000n\000\040\000o\000r\000a\000l}{section.1.5}% 11
\BOOKMARK [0][-]{chapter.2}{\376\377\000E\000s\000t\000r\000a\000t\000e\000g\000i\000a\000s\000\040\000d\000e\000\040\000l\000e\000c\000t\000o\000c\000o\000m\000p\000r\000e\000n\000s\000i\000\363\000n}{part.1}% 12
\BOOKMARK [1][-]{section.2.1}{\376\377\000L\000a\000\040\000m\000a\000c\000r\000o\000e\000s\000t\000r\000u\000c\000t\000u\000r\000a\000\040\000d\000e\000l\000\040\000t\000e\000x\000t\000o}{chapter.2}% 13
\BOOKMARK [1][-]{section.2.2}{\376\377\000T\000\351\000r\000m\000i\000n\000o\000s\000\040\000t\000r\000a\000n\000s\000p\000a\000r\000e\000n\000t\000e\000s\000\040\000y\000\040\000c\000o\000g\000n\000a\000d\000o\000s}{chapter.2}% 14
\BOOKMARK [2][-]{subsection.2.2.1}{\376\377\000P\000a\000l\000a\000b\000r\000a\000s\000\040\000l\000a\000r\000g\000a\000s\000\040\000e\000n\000\040\000i\000n\000g\000l\000\351\000s}{section.2.2}% 15
\BOOKMARK [1][-]{section.2.3}{\376\377\000F\000a\000l\000s\000o\000s\000\040\000c\000o\000g\000n\000a\000d\000o\000s\000\040\000\050\000f\000a\000l\000s\000e\000\040\000f\000r\000i\000e\000n\000d\000s\000\051}{chapter.2}% 16
\BOOKMARK [1][-]{section.2.4}{\376\377\000A\000n\000\341\000l\000i\000s\000i\000s\000\040\000m\000o\000r\000f\000o\000l\000\363\000g\000i\000c\000o\000:\000\040\000p\000r\000e\000f\000i\000j\000o\000s\000,\000\040\000s\000u\000f\000i\000j\000o\000s\000\040\000y\000\040\000p\000a\000l\000a\000b\000r\000a\000s\000\040\000c\000o\000m\000p\000u\000e\000s\000t\000a\000s}{chapter.2}% 17
\BOOKMARK [1][-]{section.2.5}{\376\377\000C\000o\000l\000o\000c\000a\000c\000i\000o\000n\000e\000s\000\040\000l\000\351\000x\000i\000c\000a\000s\000\040\000\050\000c\000o\000l\000l\000o\000c\000a\000t\000i\000o\000n\000s\000\051}{chapter.2}% 18
\BOOKMARK [1][-]{section.2.6}{\376\377\000V\000e\000r\000b\000o\000s\000\040\000m\000o\000d\000a\000l\000e\000s\000\040\000e\000n\000\040\000e\000l\000\040\000l\000e\000n\000g\000u\000a\000j\000e\000\040\000j\000u\000r\000\355\000d\000i\000c\000o}{chapter.2}% 19
\BOOKMARK [1][-]{section.2.7}{\376\377\000L\000a\000\040\000e\000s\000t\000r\000a\000t\000e\000g\000i\000a\000\040\000d\000e\000\040\000f\000r\000a\000c\000c\000i\000o\000n\000a\000m\000i\000e\000n\000t\000o\000\040\000d\000e\000\040\000o\000r\000a\000c\000i\000o\000n\000e\000s\000\040\000c\000o\000m\000p\000l\000e\000j\000a\000s}{chapter.2}% 20
\BOOKMARK [1][-]{section.2.8}{\376\377\000L\000a\000\040\000i\000m\000p\000o\000r\000t\000a\000n\000c\000i\000a\000\040\000d\000e\000l\000\040\000c\000o\000n\000t\000e\000x\000t\000o\000\040\000y\000\040\000c\000u\000\341\000n\000d\000o\000\040\000u\000s\000a\000r\000\040\000e\000l\000\040\000d\000i\000c\000c\000i\000o\000n\000a\000r\000i\000o}{chapter.2}% 21
\BOOKMARK [0][-]{chapter*.6}{\376\377\000C\000u\000a\000d\000r\000o\000\040\000C\000o\000r\000n\000e\000l\000l\000:\000\040\000F\000u\000n\000d\000a\000m\000e\000n\000t\000o\000s\000\040\000m\000e\000t\000o\000d\000o\000l\000\363\000g\000i\000c\000o\000s}{part.1}% 22
\BOOKMARK [-1][-]{part.2}{\376\377\000I\000I\000\040\000U\000n\000i\000d\000a\000d\000\040\0001\000:\000\040\000D\000e\000r\000e\000c\000h\000o\000\040\000c\000o\000n\000s\000t\000i\000t\000u\000c\000i\000o\000n\000a\000l\000\040\000c\000o\000m\000p\000a\000r\000a\000d\000o}{}% 23
\BOOKMARK [0][-]{chapter.3}{\376\377\000L\000a\000\040\000o\000r\000g\000a\000n\000i\000z\000a\000c\000i\000\363\000n\000\040\000d\000e\000l\000\040\000E\000s\000t\000a\000d\000o\000\040\000d\000e\000\040\000l\000o\000s\000\040\000E\000s\000t\000a\000d\000o\000s\000\040\000U\000n\000i\000d\000o\000s}{part.2}% 24
\BOOKMARK [1][-]{section.3.1}{\376\377\000E\000l\000\040\000t\000\351\000r\000m\000i\000n\000o\000\040\000g\000o\000v\000e\000r\000n\000m\000e\000n\000t\000:\000\040\000u\000n\000\040\000f\000a\000l\000s\000o\000\040\000c\000o\000g\000n\000a\000d\000o\000\040\000f\000u\000n\000d\000a\000m\000e\000n\000t\000a\000l}{chapter.3}% 25
\BOOKMARK [1][-]{section.3.2}{\376\377\000L\000a\000\040\000d\000i\000v\000i\000s\000i\000\363\000n\000\040\000d\000e\000\040\000p\000o\000d\000e\000r\000e\000s\000\040\000y\000\040\000e\000l\000\040\000s\000i\000s\000t\000e\000m\000a\000\040\000d\000e\000\040\000f\000r\000e\000n\000o\000s\000\040\000y\000\040\000c\000o\000n\000t\000r\000a\000p\000e\000s\000o\000s}{chapter.3}% 26
\BOOKMARK [1][-]{section.3.3}{\376\377\000E\000l\000\040\000v\000e\000r\000b\000o\000\040\000e\000n\000f\000o\000r\000c\000e\000:\000\040\000h\000a\000c\000e\000r\000\040\000c\000u\000m\000p\000l\000i\000r\000\040\000l\000a\000\040\000l\000e\000y}{chapter.3}% 27
\BOOKMARK [1][-]{section.3.4}{\376\377\000E\000l\000\040\000p\000o\000d\000e\000r\000\040\000l\000e\000g\000i\000s\000l\000a\000t\000i\000v\000o\000:\000\040\000e\000l\000\040\000C\000o\000n\000g\000r\000e\000s\000o\000\040\000e\000s\000t\000a\000d\000o\000u\000n\000i\000d\000e\000n\000s\000e}{chapter.3}% 28
\BOOKMARK [1][-]{section.3.5}{\376\377\000E\000l\000\040\000p\000o\000d\000e\000r\000\040\000e\000j\000e\000c\000u\000t\000i\000v\000o}{chapter.3}% 29
\BOOKMARK [2][-]{subsection.3.5.1}{\376\377\000P\000r\000e\000s\000i\000d\000e\000n\000t\000e\000,\000\040\000v\000i\000c\000e\000p\000r\000e\000s\000i\000d\000e\000n\000t\000e\000\040\000y\000\040\000g\000a\000b\000i\000n\000e\000t\000e}{section.3.5}% 30
\BOOKMARK [2][-]{subsection.3.5.2}{\376\377\000F\000a\000c\000u\000l\000t\000a\000d\000e\000s\000\040\000d\000e\000l\000\040\000p\000r\000e\000s\000i\000d\000e\000n\000t\000e}{section.3.5}% 31
\BOOKMARK [1][-]{section.3.6}{\376\377\000E\000l\000\040\000p\000o\000d\000e\000r\000\040\000j\000u\000d\000i\000c\000i\000a\000l}{chapter.3}% 32
\BOOKMARK [2][-]{subsection.3.6.1}{\376\377\000L\000o\000s\000\040\000j\000u\000s\000t\000i\000c\000e\000s\000\040\000y\000\040\000l\000a\000\040\000d\000i\000s\000t\000i\000n\000c\000i\000\363\000n\000\040\000c\000o\000n\000\040\000j\000u\000d\000g\000e}{section.3.6}% 33
\BOOKMARK [0][-]{chapter.4}{\376\377\000E\000l\000\040\000s\000i\000s\000t\000e\000m\000a\000\040\000j\000u\000d\000i\000c\000i\000a\000l\000\040\000f\000e\000d\000e\000r\000a\000l\000\040\000d\000e\000\040\000l\000o\000s\000\040\000E\000s\000t\000a\000d\000o\000s\000\040\000U\000n\000i\000d\000o\000s}{part.2}% 34
\BOOKMARK [1][-]{section.4.1}{\376\377\000L\000a\000\040\000p\000o\000l\000i\000s\000e\000m\000i\000a\000\040\000d\000e\000\040\000l\000a\000w}{chapter.4}% 35
\BOOKMARK [1][-]{section.4.2}{\376\377\000F\000a\000l\000s\000o\000s\000\040\000c\000o\000g\000n\000a\000d\000o\000s\000\040\000d\000e\000l\000\040\000s\000i\000s\000t\000e\000m\000a\000\040\000j\000u\000d\000i\000c\000i\000a\000l}{chapter.4}% 36
\BOOKMARK [2][-]{subsection.4.2.1}{\376\377\000C\000o\000u\000r\000t\000:\000\040\000n\000o\000\040\000s\000i\000e\000m\000p\000r\000e\000\040\000e\000s\000\040\000`\000`\000c\000o\000r\000t\000e\000'\000'}{section.4.2}% 37
\BOOKMARK [2][-]{subsection.4.2.2}{\376\377\000S\000e\000n\000t\000e\000n\000c\000e\000:\000\040\000p\000e\000n\000a\000,\000\040\000n\000o\000\040\000s\000e\000n\000t\000e\000n\000c\000i\000a}{section.4.2}% 38
\BOOKMARK [2][-]{subsection.4.2.3}{\376\377\000J\000u\000r\000i\000s\000d\000i\000c\000t\000i\000o\000n\000:\000\040\000j\000u\000r\000i\000s\000d\000i\000c\000c\000i\000\363\000n\000\040\000y\000\040\000c\000o\000m\000p\000e\000t\000e\000n\000c\000i\000a\000\040\000e\000n\000\040\000u\000n\000\040\000s\000o\000l\000o\000\040\000t\000\351\000r\000m\000i\000n\000o}{section.4.2}% 39
\BOOKMARK [1][-]{section.4.3}{\376\377\000C\000o\000m\000p\000a\000r\000a\000t\000i\000v\000o\000s\000\040\000y\000\040\000s\000u\000p\000e\000r\000l\000a\000t\000i\000v\000o\000s\000\040\000e\000n\000\040\000e\000l\000\040\000l\000e\000n\000g\000u\000a\000j\000e\000\040\000j\000u\000d\000i\000c\000i\000a\000l}{chapter.4}% 40
\BOOKMARK [1][-]{section.4.4}{\376\377\000L\000a\000\040\000C\000o\000r\000t\000e\000\040\000S\000u\000p\000r\000e\000m\000a\000\040\000d\000e\000\040\000J\000u\000s\000t\000i\000c\000i\000a\000\040\000d\000e\000\040\000l\000o\000s\000\040\000E\000s\000t\000a\000d\000o\000s\000\040\000U\000n\000i\000d\000o\000s}{chapter.4}% 41
\BOOKMARK [2][-]{subsection.4.4.1}{\376\377\000D\000e\000s\000i\000g\000n\000a\000c\000i\000\363\000n\000\040\000d\000e\000\040\000l\000o\000s\000\040\000j\000u\000e\000c\000e\000s}{section.4.4}% 42
\BOOKMARK [1][-]{section.4.5}{\376\377\000E\000l\000\040\000s\000i\000s\000t\000e\000m\000a\000\040\000d\000e\000\040\000t\000r\000i\000b\000u\000n\000a\000l\000e\000s\000\040\000f\000e\000d\000e\000r\000a\000l\000e\000s}{chapter.4}% 43
\BOOKMARK [2][-]{subsection.4.5.1}{\376\377\000L\000a\000\040\000d\000i\000s\000t\000i\000n\000c\000i\000\363\000n\000\040\000e\000n\000t\000r\000e\000\040\000t\000r\000i\000b\000u\000n\000a\000l\000e\000s\000\040\000f\000e\000d\000e\000r\000a\000l\000e\000s\000\040\000y\000\040\000e\000s\000t\000a\000d\000u\000a\000l\000e\000s}{section.4.5}% 44
\BOOKMARK [2][-]{subsection.4.5.2}{\376\377\000D\000i\000s\000t\000i\000n\000t\000a\000s\000\040\000d\000e\000n\000o\000m\000i\000n\000a\000c\000i\000o\000n\000e\000s\000\040\000p\000a\000r\000a\000\040\000l\000o\000s\000\040\000m\000i\000s\000m\000o\000s\000\040\000t\000r\000i\000b\000u\000n\000a\000l\000e\000s}{section.4.5}% 45
\BOOKMARK [1][-]{section.4.6}{\376\377\000E\000l\000\040\000p\000r\000o\000c\000e\000s\000o\000\040\000j\000u\000d\000i\000c\000i\000a\000l\000:\000\040\000d\000e\000\040\000l\000o\000s\000\040\000h\000e\000c\000h\000o\000s\000\040\000a\000l\000\040\000f\000a\000l\000l\000o}{chapter.4}% 46
\BOOKMARK [2][-]{subsection.4.6.1}{\376\377\000L\000a\000\040\000d\000i\000v\000i\000s\000i\000\363\000n\000\040\000d\000e\000\040\000f\000u\000n\000c\000i\000o\000n\000e\000s\000\040\000e\000n\000t\000r\000e\000\040\000j\000u\000r\000a\000d\000o\000\040\000y\000\040\000j\000u\000e\000z}{section.4.6}% 47
\BOOKMARK [2][-]{subsection.4.6.2}{\376\377\000E\000l\000\040\000D\000i\000s\000c\000o\000v\000e\000r\000y\000\040\000y\000\040\000e\000l\000\040\000h\000e\000a\000r\000s\000a\000y}{section.4.6}% 48
\BOOKMARK [2][-]{subsection.4.6.3}{\376\377\000S\000i\000n\000\363\000n\000i\000m\000o\000s\000\040\000d\000e\000\040\000`\000`\000j\000u\000i\000c\000i\000o\000'\000'\000\040\000e\000n\000\040\000i\000n\000g\000l\000\351\000s}{section.4.6}% 49
\BOOKMARK [1][-]{section.4.7}{\376\377\000E\000l\000\040\000c\000a\000m\000i\000n\000o\000\040\000d\000e\000\040\000a\000p\000e\000l\000a\000c\000i\000\363\000n\000\040\000h\000a\000c\000i\000a\000\040\000l\000a\000\040\000C\000o\000r\000t\000e\000\040\000S\000u\000p\000r\000e\000m\000a}{chapter.4}% 50
\BOOKMARK [2][-]{subsection.4.7.1}{\376\377\000V\000o\000t\000o\000s\000\040\000d\000e\000\040\000m\000a\000y\000o\000r\000\355\000a\000\040\000y\000\040\000d\000i\000s\000i\000d\000e\000n\000c\000i\000a}{section.4.7}% 51
\BOOKMARK [1][-]{section.4.8}{\376\377\000C\000o\000m\000p\000a\000r\000a\000c\000i\000\363\000n\000\040\000f\000i\000n\000a\000l\000:\000\040\000E\000s\000t\000a\000d\000o\000s\000\040\000U\000n\000i\000d\000o\000s\000\040\000y\000\040\000A\000r\000g\000e\000n\000t\000i\000n\000a}{chapter.4}% 52
\BOOKMARK [0][-]{chapter.5}{\376\377\000L\000a\000\040\000C\000o\000n\000s\000t\000i\000t\000u\000c\000i\000\363\000n\000\040\000d\000e\000l\000\040\000R\000e\000i\000n\000o\000\040\000U\000n\000i\000d\000o}{part.2}% 53
\BOOKMARK [1][-]{section.5.1}{\376\377\000C\000o\000n\000t\000e\000x\000t\000o\000\040\000g\000e\000o\000g\000r\000\341\000f\000i\000c\000o\000\040\000y\000\040\000p\000o\000l\000\355\000t\000i\000c\000o\000:\000\040\000R\000e\000i\000n\000o\000\040\000U\000n\000i\000d\000o\000\040\000e\000\040\000I\000n\000g\000l\000a\000t\000e\000r\000r\000a}{chapter.5}% 54
\BOOKMARK [1][-]{section.5.2}{\376\377\000\277\000Q\000u\000\351\000\040\000e\000s\000\040\000u\000n\000a\000\040\000C\000o\000n\000s\000t\000i\000t\000u\000c\000i\000\363\000n\000?\000\040\000L\000a\000s\000\040\000t\000r\000e\000s\000\040\000f\000u\000n\000c\000i\000o\000n\000e\000s\000\040\000g\000e\000n\000e\000r\000a\000l\000e\000s}{chapter.5}% 55
\BOOKMARK [1][-]{section.5.3}{\376\377\000U\000n\000w\000r\000i\000t\000t\000e\000n\000\040\000v\000s\000.\000\040\000u\000n\000c\000o\000d\000i\000f\000i\000e\000d\000:\000\040\000u\000n\000a\000\040\000d\000i\000s\000t\000i\000n\000c\000i\000\363\000n\000\040\000c\000l\000a\000v\000e}{chapter.5}% 56
\BOOKMARK [1][-]{section.5.4}{\376\377\000E\000v\000o\000l\000u\000c\000i\000\363\000n\000\040\000f\000r\000e\000n\000t\000e\000\040\000a\000\040\000r\000e\000v\000o\000l\000u\000c\000i\000\363\000n\000:\000\040\000l\000a\000\040\000e\000s\000t\000a\000b\000i\000l\000i\000d\000a\000d\000\040\000h\000i\000s\000t\000\363\000r\000i\000c\000a\000\040\000b\000r\000i\000t\000\341\000n\000i\000c\000a}{chapter.5}% 57
\BOOKMARK [1][-]{section.5.5}{\376\377\000F\000a\000l\000s\000o\000s\000\040\000c\000o\000g\000n\000a\000d\000o\000s\000\040\000j\000u\000r\000\355\000d\000i\000c\000o\000s\000\040\000f\000u\000n\000d\000a\000m\000e\000n\000t\000a\000l\000e\000s\000\040\000d\000e\000l\000\040\000s\000i\000s\000t\000e\000m\000a\000\040\000b\000r\000i\000t\000\341\000n\000i\000c\000o}{chapter.5}% 58
\BOOKMARK [2][-]{subsection.5.5.1}{\376\377\000J\000u\000r\000i\000s\000p\000r\000u\000d\000e\000n\000c\000e\000:\000\040\000f\000i\000l\000o\000s\000o\000f\000\355\000a\000\040\000d\000e\000l\000\040\000d\000e\000r\000e\000c\000h\000o\000,\000\040\000n\000o\000\040\000f\000a\000l\000l\000o\000s\000\040\000j\000u\000d\000i\000c\000i\000a\000l\000e\000s}{section.5.5}% 59
\BOOKMARK [2][-]{subsection.5.5.2}{\376\377\000S\000t\000a\000t\000u\000t\000e\000:\000\040\000l\000e\000y\000\040\000d\000e\000l\000\040\000P\000a\000r\000l\000a\000m\000e\000n\000t\000o\000,\000\040\000n\000o\000\040\000e\000s\000t\000a\000t\000u\000t\000o}{section.5.5}% 60
\BOOKMARK [2][-]{subsection.5.5.3}{\376\377\000C\000o\000n\000v\000e\000n\000t\000i\000o\000n\000:\000\040\000c\000o\000s\000t\000u\000m\000b\000r\000e\000\040\000i\000n\000s\000t\000i\000t\000u\000c\000i\000o\000n\000a\000l\000,\000\040\000n\000o\000\040\000c\000o\000n\000v\000e\000n\000c\000i\000\363\000n\000\040\000i\000n\000t\000e\000r\000n\000a\000c\000i\000o\000n\000a\000l}{section.5.5}% 61
\BOOKMARK [1][-]{section.5.6}{\376\377\000L\000a\000s\000\040\000f\000u\000e\000n\000t\000e\000s\000\040\000d\000e\000\040\000l\000a\000\040\000C\000o\000n\000s\000t\000i\000t\000u\000c\000i\000\363\000n\000\040\000b\000r\000i\000t\000\341\000n\000i\000c\000a}{chapter.5}% 62
\BOOKMARK [2][-]{subsection.5.6.1}{\376\377\000L\000o\000s\000\040\000s\000t\000a\000t\000u\000t\000e\000s\000:\000\040\000l\000e\000y\000e\000s\000\040\000d\000e\000l\000\040\000P\000a\000r\000l\000a\000m\000e\000n\000t\000o}{section.5.6}% 63
\BOOKMARK [2][-]{subsection.5.6.2}{\376\377\000L\000a\000s\000\040\000c\000o\000n\000v\000e\000n\000t\000i\000o\000n\000s\000:\000\040\000c\000o\000s\000t\000u\000m\000b\000r\000e\000\040\000i\000n\000s\000t\000i\000t\000u\000c\000i\000o\000n\000a\000l}{section.5.6}% 64
\BOOKMARK [2][-]{subsection.5.6.3}{\376\377\000E\000l\000\040\000c\000o\000m\000m\000o\000n\000\040\000l\000a\000w\000:\000\040\000d\000e\000c\000i\000s\000i\000o\000n\000e\000s\000\040\000j\000u\000d\000i\000c\000i\000a\000l\000e\000s}{section.5.6}% 65
\BOOKMARK [2][-]{subsection.5.6.4}{\376\377\000E\000l\000\040\000d\000e\000r\000e\000c\000h\000o\000\040\000d\000e\000\040\000l\000a\000\040\000U\000n\000i\000\363\000n\000\040\000E\000u\000r\000o\000p\000e\000a\000\040\000y\000\040\000e\000l\000\040\000B\000r\000e\000x\000i\000t}{section.5.6}% 66
\BOOKMARK [2][-]{subsection.5.6.5}{\376\377\000E\000l\000\040\000d\000e\000r\000e\000c\000h\000o\000\040\000i\000n\000t\000e\000r\000n\000a\000c\000i\000o\000n\000a\000l\000\040\000y\000\040\000l\000a\000s\000\040\000c\000o\000n\000s\000t\000i\000t\000u\000t\000i\000o\000n\000a\000l\000\040\000a\000u\000t\000h\000o\000r\000i\000t\000i\000e\000s}{section.5.6}% 67
\BOOKMARK [1][-]{section.5.7}{\376\377\000S\000o\000b\000e\000r\000a\000n\000\355\000a\000\040\000p\000a\000r\000l\000a\000m\000e\000n\000t\000a\000r\000i\000a\000\040\000y\000\040\000p\000r\000i\000n\000c\000i\000p\000i\000o\000s\000\040\000c\000e\000n\000t\000r\000a\000l\000e\000s\000\040\000d\000e\000l\000\040\000s\000i\000s\000t\000e\000m\000a}{chapter.5}% 68
\BOOKMARK [2][-]{subsection.5.7.1}{\376\377\000E\000l\000\040\000c\000a\000r\000\341\000c\000t\000e\000r\000\040\000`\000`\000m\000\355\000t\000i\000c\000o\000'\000'\000\040\000d\000e\000\040\000a\000l\000g\000u\000n\000o\000s\000\040\000p\000r\000i\000n\000c\000i\000p\000i\000o\000s}{section.5.7}% 69
\BOOKMARK [1][-]{section.5.8}{\376\377\000H\000i\000t\000o\000s\000\040\000h\000i\000s\000t\000\363\000r\000i\000c\000o\000s\000\040\000d\000e\000l\000\040\000c\000o\000n\000s\000t\000i\000t\000u\000c\000i\000o\000n\000a\000l\000i\000s\000m\000o\000\040\000b\000r\000i\000t\000\341\000n\000i\000c\000o}{chapter.5}% 70
\BOOKMARK [2][-]{subsection.5.8.1}{\376\377\000L\000a\000\040\000M\000a\000g\000n\000a\000\040\000C\000a\000r\000t\000a\000\040\000\050\0001\0002\0001\0005\000\051}{section.5.8}% 71
\BOOKMARK [2][-]{subsection.5.8.2}{\376\377\000E\000l\000\040\000B\000i\000l\000l\000\040\000o\000f\000\040\000R\000i\000g\000h\000t\000s\000\040\000\050\0001\0006\0008\0009\000\051}{section.5.8}% 72
\BOOKMARK [1][-]{section.5.9}{\376\377\000P\000r\000o\000b\000l\000e\000m\000a\000s\000\040\000y\000\040\000r\000e\000f\000o\000r\000m\000a\000s\000\040\000c\000o\000n\000s\000t\000i\000t\000u\000c\000i\000o\000n\000a\000l\000e\000s}{chapter.5}% 73
\BOOKMARK [0][-]{chapter*.19}{\376\377\000C\000u\000a\000d\000r\000o\000\040\000C\000o\000r\000n\000e\000l\000l\000:\000\040\000D\000e\000r\000e\000c\000h\000o\000\040\000c\000o\000n\000s\000t\000i\000t\000u\000c\000i\000o\000n\000a\000l\000\040\000c\000o\000m\000p\000a\000r\000a\000d\000o}{part.2}% 74
\BOOKMARK [-1][-]{part.3}{\376\377\000I\000I\000I\000\040\000U\000n\000i\000d\000a\000d\000\040\0002\000:\000\040\000D\000e\000r\000e\000c\000h\000o\000\040\000c\000o\000n\000t\000r\000a\000c\000t\000u\000a\000l\000\040\000c\000o\000m\000p\000a\000r\000a\000d\000o}{}% 75
\BOOKMARK [0][-]{chapter.6}{\376\377\000L\000a\000\040\000f\000o\000r\000m\000a\000c\000i\000\363\000n\000\040\000d\000e\000l\000\040\000c\000o\000n\000t\000r\000a\000t\000o\000\040\000e\000n\000\040\000e\000l\000\040\000c\000o\000m\000m\000o\000n\000\040\000l\000a\000w}{part.3}% 76
\BOOKMARK [1][-]{section.6.1}{\376\377\000L\000o\000s\000\040\000c\000u\000a\000t\000r\000o\000\040\000e\000l\000e\000m\000e\000n\000t\000o\000s\000\040\000d\000e\000\040\000l\000a\000\040\000f\000o\000r\000m\000a\000c\000i\000\363\000n\000\040\000d\000e\000l\000\040\000c\000o\000n\000t\000r\000a\000t\000o}{chapter.6}% 77
\BOOKMARK [1][-]{section.6.2}{\376\377\000L\000a\000\040\000i\000n\000t\000e\000n\000c\000i\000\363\000n\000\040\000d\000e\000\040\000c\000o\000n\000t\000r\000a\000t\000a\000r\000\040\000\050\000i\000n\000t\000e\000n\000t\000i\000o\000n\000\051}{chapter.6}% 78
\BOOKMARK [2][-]{subsection.6.2.1}{\376\377\000L\000a\000\040\000p\000r\000e\000s\000u\000n\000c\000i\000\363\000n\000\040\000e\000n\000\040\000v\000\355\000n\000c\000u\000l\000o\000s\000\040\000f\000a\000m\000i\000l\000i\000a\000r\000e\000s\000\040\000y\000\040\000a\000f\000e\000c\000t\000i\000v\000o\000s}{section.6.2}% 79
\BOOKMARK [2][-]{subsection.6.2.2}{\376\377\000L\000a\000\040\000p\000r\000e\000s\000u\000n\000c\000i\000\363\000n\000\040\000e\000n\000\040\000v\000\355\000n\000c\000u\000l\000o\000s\000\040\000c\000o\000m\000e\000r\000c\000i\000a\000l\000e\000s}{section.6.2}% 80
\BOOKMARK [1][-]{section.6.3}{\376\377\000O\000f\000e\000r\000t\000a\000\040\000y\000\040\000a\000c\000e\000p\000t\000a\000c\000i\000\363\000n\000\040\000\050\000O\000f\000f\000e\000r\000\040\000a\000n\000d\000\040\000A\000c\000c\000e\000p\000t\000a\000n\000c\000e\000\051}{chapter.6}% 81
\BOOKMARK [2][-]{subsection.6.3.1}{\376\377\000R\000e\000q\000u\000i\000s\000i\000t\000o\000s\000\040\000d\000e\000\040\000l\000a\000\040\000o\000f\000e\000r\000t\000a}{section.6.3}% 82
\BOOKMARK [2][-]{subsection.6.3.2}{\376\377\000L\000a\000\040\000v\000i\000g\000e\000n\000c\000i\000a\000\040\000t\000e\000m\000p\000o\000r\000a\000l\000\040\000d\000e\000\040\000l\000a\000s\000\040\000o\000f\000e\000r\000t\000a\000s}{section.6.3}% 83
\BOOKMARK [2][-]{subsection.6.3.3}{\376\377\000L\000a\000\040\000c\000o\000n\000t\000r\000a\000o\000f\000e\000r\000t\000a\000\040\000\050\000c\000o\000u\000n\000t\000e\000r\000\040\000o\000f\000f\000e\000r\000\051}{section.6.3}% 84
\BOOKMARK [1][-]{section.6.4}{\376\377\000L\000a\000\040\000c\000o\000n\000t\000r\000a\000p\000r\000e\000s\000t\000a\000c\000i\000\363\000n\000\040\000\050\000c\000o\000n\000s\000i\000d\000e\000r\000a\000t\000i\000o\000n\000\051}{chapter.6}% 85
\BOOKMARK [2][-]{subsection.6.4.1}{\376\377\000A\000l\000g\000o\000\040\000d\000e\000\040\000v\000a\000l\000o\000r\000\040\000\050\000s\000o\000m\000e\000t\000h\000i\000n\000g\000\040\000o\000f\000\040\000v\000a\000l\000u\000e\000\051}{section.6.4}% 86
\BOOKMARK [2][-]{subsection.6.4.2}{\376\377\000F\000o\000r\000m\000a\000s\000\040\000d\000e\000\040\000l\000a\000\040\000c\000o\000n\000t\000r\000a\000p\000r\000e\000s\000t\000a\000c\000i\000\363\000n}{section.6.4}% 87
\BOOKMARK [1][-]{section.6.5}{\376\377\000C\000e\000r\000t\000e\000z\000a\000\040\000d\000e\000\040\000l\000o\000s\000\040\000t\000\351\000r\000m\000i\000n\000o\000s\000\040\000\050\000C\000e\000r\000t\000a\000i\000n\000t\000y\000\040\000o\000f\000\040\000T\000e\000r\000m\000s\000\051}{chapter.6}% 88
\BOOKMARK [2][-]{subsection.6.5.1}{\376\377\000N\000u\000l\000i\000d\000a\000d\000\040\000t\000o\000t\000a\000l\000\040\000o\000\040\000p\000a\000r\000c\000i\000a\000l}{section.6.5}% 89
\BOOKMARK [2][-]{subsection.6.5.2}{\376\377\000I\000n\000t\000e\000r\000p\000r\000e\000t\000a\000c\000i\000\363\000n\000\040\000j\000u\000d\000i\000c\000i\000a\000l\000:\000\040\000l\000o\000s\000\040\000u\000s\000o\000s\000,\000\040\000l\000a\000s\000\040\000t\000r\000a\000t\000a\000t\000i\000v\000a\000s\000\040\000y\000\040\000`\000`\000t\000h\000e\000\040\000f\000o\000u\000r\000\040\000c\000o\000r\000n\000e\000r\000s\000'\000'}{section.6.5}% 90
\BOOKMARK [2][-]{subsection.6.5.3}{\376\377\000V\000a\000l\000i\000d\000e\000z\000\040\000v\000e\000r\000s\000u\000s\000\040\000e\000x\000i\000g\000i\000b\000i\000l\000i\000d\000a\000d\000\040\000\050\000e\000n\000f\000o\000r\000c\000e\000a\000b\000i\000l\000i\000t\000y\000\051}{section.6.5}% 91
\BOOKMARK [0][-]{chapter.7}{\376\377\000F\000i\000g\000u\000r\000a\000s\000\040\000p\000r\000e\000c\000o\000n\000t\000r\000a\000c\000t\000u\000a\000l\000e\000s\000,\000\040\000a\000n\000\341\000l\000i\000s\000i\000s\000\040\000d\000e\000\040\000j\000u\000r\000i\000s\000p\000r\000u\000d\000e\000n\000c\000i\000a\000\040\000y\000\040\000e\000s\000t\000r\000u\000c\000t\000u\000r\000a\000\040\000d\000e\000\040\000s\000e\000n\000t\000e\000n\000c\000i\000a\000s}{part.3}% 92
\BOOKMARK [1][-]{section.7.1}{\376\377\000L\000a\000\040\000i\000n\000v\000i\000t\000a\000t\000i\000o\000n\000\040\000t\000o\000\040\000t\000r\000e\000a\000t\000:\000\040\000f\000i\000g\000u\000r\000a\000\040\000p\000r\000e\000v\000i\000a\000\040\000a\000\040\000l\000a\000\040\000o\000f\000e\000r\000t\000a}{chapter.7}% 93
\BOOKMARK [1][-]{section.7.2}{\376\377\000A\000n\000\341\000l\000i\000s\000i\000s\000\040\000d\000e\000l\000\040\000f\000a\000l\000l\000o\000\040\000H\000a\000m\000m\000e\000r\000\040\000v\000.\000\040\000S\000i\000d\000w\000a\000y\000\040\000\050\0001\0008\0009\0001\000\051}{chapter.7}% 94
\BOOKMARK [2][-]{subsection.7.2.1}{\376\377\000E\000l\000\040\000c\000a\000s\000o\000\040\000y\000\040\000l\000o\000s\000\040\000h\000e\000c\000h\000o\000s}{section.7.2}% 95
\BOOKMARK [2][-]{subsection.7.2.2}{\376\377\000L\000a\000\040\000c\000u\000e\000s\000t\000i\000\363\000n\000\040\000j\000u\000r\000\355\000d\000i\000c\000a\000\040\000d\000e\000b\000a\000t\000i\000d\000a}{section.7.2}% 96
\BOOKMARK [2][-]{subsection.7.2.3}{\376\377\000E\000l\000\040\000r\000e\000c\000o\000r\000r\000i\000d\000o\000\040\000p\000r\000o\000c\000e\000s\000a\000l\000\040\000y\000\040\000l\000a\000\040\000d\000e\000c\000i\000s\000i\000\363\000n}{section.7.2}% 97
\BOOKMARK [2][-]{subsection.7.2.4}{\376\377\000V\000o\000c\000a\000b\000u\000l\000a\000r\000i\000o\000\040\000c\000l\000a\000v\000e\000\040\000d\000e\000l\000\040\000f\000a\000l\000l\000o}{section.7.2}% 98
\BOOKMARK [2][-]{subsection.7.2.5}{\376\377\000V\000i\000g\000e\000n\000c\000i\000a\000\040\000d\000e\000l\000\040\000f\000a\000l\000l\000o}{section.7.2}% 99
\BOOKMARK [1][-]{section.7.3}{\376\377\000R\000o\000l\000e\000s\000\040\000p\000r\000o\000c\000e\000s\000a\000l\000e\000s\000\040\000e\000n\000\040\000i\000n\000g\000l\000\351\000s}{chapter.7}% 100
\BOOKMARK [1][-]{section.7.4}{\376\377\000L\000a\000\040\000e\000s\000t\000r\000u\000c\000t\000u\000r\000a\000\040\000d\000e\000\040\000l\000a\000s\000\040\000s\000e\000n\000t\000e\000n\000c\000i\000a\000s\000\040\000e\000n\000\040\000i\000n\000g\000l\000\351\000s}{chapter.7}% 101
\BOOKMARK [1][-]{section.7.5}{\376\377\000E\000s\000t\000r\000a\000t\000e\000g\000i\000a\000\040\000d\000e\000\040\000l\000e\000c\000t\000u\000r\000a\000\040\000d\000e\000\040\000t\000e\000x\000t\000o\000s\000\040\000j\000u\000r\000\355\000d\000i\000c\000o\000s\000\040\000c\000o\000m\000p\000l\000e\000j\000o\000s}{chapter.7}% 102
\BOOKMARK [0][-]{chapter.8}{\376\377\000C\000l\000\341\000u\000s\000u\000l\000a\000s\000\040\000e\000s\000t\000\341\000n\000d\000a\000r\000\040\000e\000n\000\040\000c\000o\000n\000t\000r\000a\000t\000o\000s\000\040\000i\000n\000t\000e\000r\000n\000a\000c\000i\000o\000n\000a\000l\000e\000s\000\040\000\050\000b\000o\000i\000l\000e\000r\000p\000l\000a\000t\000e\000\040\000c\000l\000a\000u\000s\000e\000s\000\051}{part.3}% 103
\BOOKMARK [1][-]{section.8.1}{\376\377\000\277\000Q\000u\000\351\000\040\000s\000o\000n\000\040\000l\000a\000s\000\040\000b\000o\000i\000l\000e\000r\000p\000l\000a\000t\000e\000\040\000c\000l\000a\000u\000s\000e\000s\000?}{chapter.8}% 104
\BOOKMARK [1][-]{section.8.2}{\376\377\000J\000u\000r\000i\000s\000d\000i\000c\000c\000i\000\363\000n\000\040\000y\000\040\000d\000e\000r\000e\000c\000h\000o\000\040\000a\000p\000l\000i\000c\000a\000b\000l\000e}{chapter.8}% 105
\BOOKMARK [2][-]{subsection.8.2.1}{\376\377\000G\000o\000v\000e\000r\000n\000i\000n\000g\000\040\000l\000a\000w\000:\000\040\000e\000l\000\040\000d\000e\000r\000e\000c\000h\000o\000\040\000q\000u\000e\000\040\000r\000i\000g\000e\000\040\000e\000l\000\040\000c\000o\000n\000t\000r\000a\000t\000o}{section.8.2}% 106
\BOOKMARK [2][-]{subsection.8.2.2}{\376\377\000J\000u\000r\000i\000s\000d\000i\000c\000t\000i\000o\000n\000:\000\040\000c\000o\000m\000p\000e\000t\000e\000n\000c\000i\000a\000,\000\040\000n\000o\000\040\000j\000u\000r\000i\000s\000d\000i\000c\000c\000i\000\363\000n}{section.8.2}% 107
\BOOKMARK [1][-]{section.8.3}{\376\377\000R\000i\000e\000s\000g\000o\000\040\000y\000\040\000c\000u\000m\000p\000l\000i\000m\000i\000e\000n\000t\000o}{chapter.8}% 108
\BOOKMARK [2][-]{subsection.8.3.1}{\376\377\000E\000n\000t\000i\000r\000e\000\040\000a\000g\000r\000e\000e\000m\000e\000n\000t\000:\000\040\000e\000l\000\040\000c\000o\000n\000t\000r\000a\000t\000o\000\040\000e\000s\000\040\000l\000o\000\040\000q\000u\000e\000\040\000e\000s\000t\000\341\000\040\000e\000s\000c\000r\000i\000t\000o}{section.8.3}% 109
\BOOKMARK [2][-]{subsection.8.3.2}{\376\377\000F\000o\000r\000c\000e\000\040\000m\000a\000j\000e\000u\000r\000e\000\040\000y\000\040\000a\000c\000t\000s\000\040\000o\000f\000\040\000G\000o\000d}{section.8.3}% 110
\BOOKMARK [2][-]{subsection.8.3.3}{\376\377\000T\000e\000r\000m\000i\000n\000a\000t\000e\000\040\000y\000\040\000d\000i\000s\000c\000h\000a\000r\000g\000e\000:\000\040\000e\000x\000t\000i\000n\000c\000i\000\363\000n\000\040\000d\000e\000l\000\040\000c\000o\000n\000t\000r\000a\000t\000o}{section.8.3}% 111
\BOOKMARK [1][-]{section.8.4}{\376\377\000D\000i\000s\000p\000o\000s\000i\000c\000i\000o\000n\000e\000s\000\040\000o\000p\000e\000r\000a\000t\000i\000v\000a\000s}{chapter.8}% 112
\BOOKMARK [2][-]{subsection.8.4.1}{\376\377\000A\000s\000s\000i\000g\000n\000m\000e\000n\000t\000\040\000y\000\040\000n\000o\000v\000a\000t\000i\000o\000n\000:\000\040\000c\000e\000s\000i\000\363\000n\000\040\000e\000\040\000i\000n\000n\000o\000v\000a\000c\000i\000\363\000n}{section.8.4}% 113
\BOOKMARK [2][-]{subsection.8.4.2}{\376\377\000C\000o\000u\000n\000t\000e\000r\000p\000a\000r\000t\000s\000:\000\040\000m\000\372\000l\000t\000i\000p\000l\000e\000s\000\040\000e\000j\000e\000m\000p\000l\000a\000r\000e\000s}{section.8.4}% 114
\BOOKMARK [2][-]{subsection.8.4.3}{\376\377\000S\000e\000v\000e\000r\000a\000n\000c\000e\000\040\000c\000l\000a\000u\000s\000e\000:\000\040\000n\000u\000l\000i\000d\000a\000d\000\040\000p\000a\000r\000c\000i\000a\000l}{section.8.4}% 115
\BOOKMARK [1][-]{section.8.5}{\376\377\000D\000i\000s\000p\000o\000s\000i\000c\000i\000o\000n\000e\000s\000\040\000a\000d\000m\000i\000n\000i\000s\000t\000r\000a\000t\000i\000v\000a\000s}{chapter.8}% 116
\BOOKMARK [2][-]{subsection.8.5.1}{\376\377\000R\000e\000l\000a\000t\000i\000o\000n\000s\000h\000i\000p\000\040\000o\000f\000\040\000t\000h\000e\000\040\000p\000a\000r\000t\000i\000e\000s\000:\000\040\000n\000a\000t\000u\000r\000a\000l\000e\000z\000a\000\040\000d\000e\000l\000\040\000v\000\355\000n\000c\000u\000l\000o}{section.8.5}% 117
\BOOKMARK [2][-]{subsection.8.5.2}{\376\377\000A\000m\000e\000n\000d\000m\000e\000n\000t\000:\000\040\000m\000o\000d\000i\000f\000i\000c\000a\000c\000i\000\363\000n\000\040\000e\000s\000c\000r\000i\000t\000a}{section.8.5}% 118
\BOOKMARK [2][-]{subsection.8.5.3}{\376\377\000N\000o\000t\000i\000c\000e\000s\000:\000\040\000n\000o\000t\000i\000f\000i\000c\000a\000c\000i\000o\000n\000e\000s\000\040\000f\000o\000r\000m\000a\000l\000e\000s}{section.8.5}% 119
\BOOKMARK [1][-]{section.8.6}{\376\377\000C\000o\000l\000o\000c\000a\000c\000i\000o\000n\000e\000s\000\040\000l\000\351\000x\000i\000c\000a\000s\000\040\000e\000n\000\040\000e\000l\000\040\000c\000i\000c\000l\000o\000\040\000d\000e\000\040\000v\000i\000d\000a\000\040\000d\000e\000l\000\040\000c\000o\000n\000t\000r\000a\000t\000o}{chapter.8}% 120
\BOOKMARK [1][-]{section.8.7}{\376\377\000E\000l\000\040\000i\000m\000p\000a\000c\000t\000o\000\040\000d\000e\000\040\000l\000a\000\040\000g\000l\000o\000b\000a\000l\000i\000z\000a\000c\000i\000\363\000n\000\040\000e\000n\000\040\000l\000a\000\040\000c\000o\000n\000t\000r\000a\000t\000a\000c\000i\000\363\000n\000\040\000a\000r\000g\000e\000n\000t\000i\000n\000a}{chapter.8}% 121
\BOOKMARK [0][-]{chapter*.27}{\376\377\000C\000u\000a\000d\000r\000o\000\040\000C\000o\000r\000n\000e\000l\000l\000:\000\040\000D\000e\000r\000e\000c\000h\000o\000\040\000c\000o\000n\000t\000r\000a\000c\000t\000u\000a\000l\000\040\000c\000o\000m\000p\000a\000r\000a\000d\000o}{part.3}% 122
