\BOOKMARK [0][-]{chapter.1}{\376\377\000I\000n\000t\000r\000o\000d\000u\000c\000c\000i\000\363\000n\000\040\000a\000\040\000l\000o\000s\000\040\000p\000r\000o\000c\000e\000s\000o\000s\000\040\000d\000e\000\040\000i\000n\000t\000e\000g\000r\000a\000c\000i\000\363\000n}{}% 1
\BOOKMARK [1][-]{section.1.1}{\376\377\000O\000b\000j\000e\000t\000o\000\040\000d\000e\000\040\000e\000s\000t\000u\000d\000i\000o}{chapter.1}% 2
\BOOKMARK [1][-]{section.1.2}{\376\377\000R\000e\000l\000e\000v\000a\000n\000c\000i\000a\000\040\000p\000r\000o\000f\000e\000s\000i\000o\000n\000a\000l}{chapter.1}% 3
\BOOKMARK [1][-]{section.1.3}{\376\377\000H\000i\000l\000o\000\040\000c\000o\000n\000d\000u\000c\000t\000o\000r\000:\000\040\000l\000a\000\040\000e\000s\000c\000a\000l\000e\000r\000a\000\040\000d\000e\000\040\000l\000a\000\040\000i\000n\000t\000e\000g\000r\000a\000c\000i\000\363\000n}{chapter.1}% 4
\BOOKMARK [1][-]{section.1.4}{\376\377\000M\000a\000p\000a\000\040\000d\000e\000\040\000u\000n\000i\000d\000a\000d\000e\000s}{chapter.1}% 5
\BOOKMARK [1][-]{section.1.5}{\376\377\000R\000e\000p\000a\000s\000o\000\040\000d\000e\000\040\000c\000o\000n\000c\000e\000p\000t\000o\000s\000\040\000p\000r\000e\000v\000i\000o\000s}{chapter.1}% 6
\BOOKMARK [0][-]{chapter.2}{\376\377\000Z\000o\000n\000a\000\040\000d\000e\000\040\000l\000i\000b\000r\000e\000\040\000c\000o\000m\000e\000r\000c\000i\000o\000\040\000y\000\040\000u\000n\000i\000\363\000n\000\040\000a\000d\000u\000a\000n\000e\000r\000a}{}% 7
\BOOKMARK [1][-]{section.2.1}{\376\377\000Z\000o\000n\000a\000\040\000d\000e\000\040\000l\000i\000b\000r\000e\000\040\000c\000o\000m\000e\000r\000c\000i\000o}{chapter.2}% 8
\BOOKMARK [2][-]{subsection.2.1.1}{\376\377\000D\000e\000f\000i\000n\000i\000c\000i\000\363\000n}{section.2.1}% 9
\BOOKMARK [2][-]{subsection.2.1.2}{\376\377\000M\000e\000c\000a\000n\000i\000s\000m\000o\000\040\000p\000a\000r\000a\000\040\000a\000l\000c\000a\000n\000z\000a\000r\000\040\000e\000l\000\040\000l\000i\000b\000r\000e\000\040\000c\000o\000m\000e\000r\000c\000i\000o}{section.2.1}% 10
\BOOKMARK [2][-]{subsection.2.1.3}{\376\377\000E\000l\000\040\000p\000r\000o\000b\000l\000e\000m\000a\000\040\000d\000e\000l\000\040\000o\000r\000i\000g\000e\000n\000\040\000d\000e\000\040\000l\000o\000s\000\040\000p\000r\000o\000d\000u\000c\000t\000o\000s\000:\000\040\000`\000`\000i\000n\000d\000u\000s\000t\000r\000i\000a\000\040\000n\000a\000c\000i\000o\000n\000a\000l\000'\000'}{section.2.1}% 11
\BOOKMARK [1][-]{section.2.2}{\376\377\000C\000a\000s\000o\000\040\000p\000r\000\341\000c\000t\000i\000c\000o\000:\000\040\000e\000l\000\040\000c\000o\000n\000f\000l\000i\000c\000t\000o\000\040\000d\000e\000\040\000l\000a\000s\000\040\000b\000i\000c\000i\000c\000l\000e\000t\000a\000s\000\040\000e\000n\000t\000r\000e\000\040\000A\000r\000g\000e\000n\000t\000i\000n\000a\000\040\000y\000\040\000U\000r\000u\000g\000u\000a\000y}{chapter.2}% 12
\BOOKMARK [1][-]{section.2.3}{\376\377\000U\000n\000i\000\363\000n\000\040\000a\000d\000u\000a\000n\000e\000r\000a}{chapter.2}% 13
\BOOKMARK [2][-]{subsection.2.3.1}{\376\377\000N\000e\000c\000e\000s\000i\000d\000a\000d\000\040\000d\000e\000\040\000u\000n\000\040\000\363\000r\000g\000a\000n\000o\000\040\000e\000s\000p\000e\000c\000\355\000f\000i\000c\000o}{section.2.3}% 14
\BOOKMARK [2][-]{subsection.2.3.2}{\376\377\000D\000i\000f\000e\000r\000e\000n\000c\000i\000a\000s\000\040\000e\000n\000t\000r\000e\000\040\000z\000o\000n\000a\000\040\000d\000e\000\040\000l\000i\000b\000r\000e\000\040\000c\000o\000m\000e\000r\000c\000i\000o\000\040\000y\000\040\000u\000n\000i\000\363\000n\000\040\000a\000d\000u\000a\000n\000e\000r\000a}{section.2.3}% 15
\BOOKMARK [2][-]{subsection.2.3.3}{\376\377\000E\000v\000o\000l\000u\000c\000i\000\363\000n\000\040\000h\000i\000s\000t\000\363\000r\000i\000c\000a\000:\000\040\000A\000L\000A\000L\000C\000\040\000y\000\040\000A\000L\000A\000D\000I}{section.2.3}% 16
\BOOKMARK [2][-]{subsection.2.3.4}{\376\377\000E\000s\000t\000a\000d\000o\000\040\000a\000c\000t\000u\000a\000l\000\040\000d\000e\000l\000\040\000M\000E\000R\000C\000O\000S\000U\000R\000:\000\040\000i\000n\000t\000e\000g\000r\000a\000c\000i\000\363\000n\000\040\000i\000n\000c\000o\000m\000p\000l\000e\000t\000a}{section.2.3}% 17
\BOOKMARK [1][-]{section.2.4}{\376\377\000C\000u\000a\000d\000r\000o\000\040\000C\000o\000r\000n\000e\000l\000l\000:\000\040\000z\000o\000n\000a\000\040\000d\000e\000\040\000l\000i\000b\000r\000e\000\040\000c\000o\000m\000e\000r\000c\000i\000o\000\040\000y\000\040\000u\000n\000i\000\363\000n\000\040\000a\000d\000u\000a\000n\000e\000r\000a}{chapter.2}% 18
\BOOKMARK [0][-]{chapter.3}{\376\377\000M\000e\000r\000c\000a\000d\000o\000\040\000c\000o\000m\000\372\000n}{}% 19
\BOOKMARK [1][-]{section.3.1}{\376\377\000C\000o\000n\000c\000e\000p\000t\000o\000\040\000y\000\040\000f\000a\000c\000t\000o\000r\000e\000s\000\040\000d\000e\000\040\000p\000r\000o\000d\000u\000c\000c\000i\000\363\000n}{chapter.3}% 20
\BOOKMARK [1][-]{section.3.2}{\376\377\000L\000i\000b\000r\000e\000\040\000c\000i\000r\000c\000u\000l\000a\000c\000i\000\363\000n\000\040\000d\000e\000\040\000m\000e\000r\000c\000a\000d\000e\000r\000\355\000a\000s}{chapter.3}% 21
\BOOKMARK [1][-]{section.3.3}{\376\377\000L\000i\000b\000r\000e\000\040\000c\000i\000r\000c\000u\000l\000a\000c\000i\000\363\000n\000\040\000d\000e\000\040\000p\000e\000r\000s\000o\000n\000a\000s\000\040\000\050\000f\000a\000c\000t\000o\000r\000\040\000t\000r\000a\000b\000a\000j\000o\000\051}{chapter.3}% 22
\BOOKMARK [2][-]{subsection.3.3.1}{\376\377\000D\000o\000c\000u\000m\000e\000n\000t\000a\000c\000i\000\363\000n\000\040\000p\000a\000r\000a\000\040\000e\000l\000\040\000l\000i\000b\000r\000e\000\040\000t\000r\000\341\000n\000s\000i\000t\000o\000:\000\040\000e\000l\000\040\000d\000o\000c\000u\000m\000e\000n\000t\000o\000\040\000M\000E\000R\000C\000O\000S\000U\000R}{section.3.3}% 23
\BOOKMARK [1][-]{section.3.4}{\376\377\000L\000i\000b\000r\000e\000\040\000c\000i\000r\000c\000u\000l\000a\000c\000i\000\363\000n\000\040\000d\000e\000\040\000s\000e\000r\000v\000i\000c\000i\000o\000s}{chapter.3}% 24
\BOOKMARK [2][-]{subsection.3.4.1}{\376\377\000R\000e\000v\000\341\000l\000i\000d\000a\000\040\000d\000e\000\040\000t\000\355\000t\000u\000l\000o\000s\000\040\000p\000r\000o\000f\000e\000s\000i\000o\000n\000a\000l\000e\000s}{section.3.4}% 25
\BOOKMARK [1][-]{section.3.5}{\376\377\000L\000i\000b\000r\000e\000\040\000c\000i\000r\000c\000u\000l\000a\000c\000i\000\363\000n\000\040\000d\000e\000\040\000c\000a\000p\000i\000t\000a\000l\000e\000s\000\040\000e\000\040\000i\000n\000v\000e\000r\000s\000i\000o\000n\000e\000s}{chapter.3}% 26
\BOOKMARK [1][-]{section.3.6}{\376\377\000S\000e\000r\000v\000i\000c\000i\000o\000s\000\040\000t\000u\000r\000\355\000s\000t\000i\000c\000o\000s\000\040\000y\000\040\000d\000e\000r\000e\000c\000h\000o\000s\000\040\000d\000e\000l\000\040\000c\000o\000n\000s\000u\000m\000i\000d\000o\000r}{chapter.3}% 27
\BOOKMARK [2][-]{subsection.3.6.1}{\376\377\000D\000e\000r\000e\000c\000h\000o\000s\000\040\000d\000e\000l\000\040\000c\000o\000n\000s\000u\000m\000i\000d\000o\000r\000:\000\040\000u\000n\000\040\000d\000e\000s\000a\000f\000\355\000o\000\040\000p\000e\000n\000d\000i\000e\000n\000t\000e}{section.3.6}% 28
\BOOKMARK [1][-]{section.3.7}{\376\377\000C\000u\000a\000d\000r\000o\000\040\000C\000o\000r\000n\000e\000l\000l\000:\000\040\000m\000e\000r\000c\000a\000d\000o\000\040\000c\000o\000m\000\372\000n}{chapter.3}% 29
\BOOKMARK [0][-]{chapter.4}{\376\377\000C\000o\000m\000u\000n\000i\000d\000a\000d\000\040\000e\000c\000o\000n\000\363\000m\000i\000c\000a\000\040\000y\000\040\000u\000n\000i\000\363\000n\000\040\000e\000c\000o\000n\000\363\000m\000i\000c\000a}{}% 30
\BOOKMARK [1][-]{section.4.1}{\376\377\000C\000o\000m\000u\000n\000i\000d\000a\000d\000\040\000e\000c\000o\000n\000\363\000m\000i\000c\000a}{chapter.4}% 31
\BOOKMARK [2][-]{subsection.4.1.1}{\376\377\000L\000a\000\040\000m\000o\000n\000e\000d\000a\000\040\000\372\000n\000i\000c\000a}{section.4.1}% 32
\BOOKMARK [2][-]{subsection.4.1.2}{\376\377\000L\000a\000\040\000p\000r\000o\000p\000u\000e\000s\000t\000a\000\040\000d\000e\000\040\000d\000o\000l\000a\000r\000i\000z\000a\000r\000\040\000e\000l\000\040\000M\000E\000R\000C\000O\000S\000U\000R}{section.4.1}% 33
\BOOKMARK [1][-]{section.4.2}{\376\377\000U\000n\000i\000\363\000n\000\040\000e\000c\000o\000n\000\363\000m\000i\000c\000a\000\040\000y\000\040\000l\000a\000\040\000U\000n\000i\000\363\000n\000\040\000E\000u\000r\000o\000p\000e\000a}{chapter.4}% 34
\BOOKMARK [2][-]{subsection.4.2.1}{\376\377\000P\000r\000o\000p\000o\000r\000c\000i\000o\000n\000a\000l\000i\000d\000a\000d\000\040\000e\000n\000t\000r\000e\000\040\000i\000n\000t\000e\000g\000r\000a\000c\000i\000\363\000n\000\040\000y\000\040\000c\000o\000m\000p\000l\000e\000j\000i\000d\000a\000d\000\040\000i\000n\000s\000t\000i\000t\000u\000c\000i\000o\000n\000a\000l}{section.4.2}% 35
\BOOKMARK [2][-]{subsection.4.2.2}{\376\377\000S\000i\000s\000t\000e\000m\000a\000s\000\040\000d\000e\000\040\000v\000o\000t\000a\000c\000i\000\363\000n\000\040\000e\000n\000\040\000l\000a\000s\000\040\000i\000n\000s\000t\000i\000t\000u\000c\000i\000o\000n\000e\000s\000\040\000d\000e\000\040\000i\000n\000t\000e\000g\000r\000a\000c\000i\000\363\000n}{section.4.2}% 36
\BOOKMARK [2][-]{subsection.4.2.3}{\376\377\000O\000t\000r\000a\000s\000\040\000e\000x\000p\000e\000r\000i\000e\000n\000c\000i\000a\000s\000\040\000d\000e\000\040\000i\000n\000t\000e\000g\000r\000a\000c\000i\000\363\000n}{section.4.2}% 37
\BOOKMARK [1][-]{section.4.3}{\376\377\000C\000u\000a\000d\000r\000o\000\040\000C\000o\000r\000n\000e\000l\000l\000:\000\040\000c\000o\000m\000u\000n\000i\000d\000a\000d\000\040\000e\000c\000o\000n\000\363\000m\000i\000c\000a\000\040\000y\000\040\000u\000n\000i\000\363\000n\000\040\000e\000c\000o\000n\000\363\000m\000i\000c\000a}{chapter.4}% 38
\BOOKMARK [0][-]{chapter.5}{\376\377\000C\000u\000a\000d\000r\000o\000\040\000c\000o\000m\000p\000a\000r\000a\000t\000i\000v\000o\000\040\000y\000\040\000r\000e\000p\000a\000s\000o\000\040\000g\000e\000n\000e\000r\000a\000l}{}% 39
\BOOKMARK [1][-]{section.5.1}{\376\377\000C\000u\000a\000d\000r\000o\000\040\000c\000o\000m\000p\000a\000r\000a\000t\000i\000v\000o\000\040\000g\000e\000n\000e\000r\000a\000l}{chapter.5}% 40
\BOOKMARK [1][-]{section.5.2}{\376\377\000C\000u\000a\000d\000r\000o\000\040\000C\000o\000r\000n\000e\000l\000l\000:\000\040\000r\000e\000p\000a\000s\000o\000\040\000g\000e\000n\000e\000r\000a\000l}{chapter.5}% 41
