\BOOKMARK [0][-]{chapter.1}{\376\377\000F\000u\000n\000d\000a\000m\000e\000n\000t\000o\000s\000\040\000d\000e\000l\000\040\000f\000i\000d\000e\000i\000c\000o\000m\000i\000s\000o}{}% 1
\BOOKMARK [1][-]{section.1.1}{\376\377\000O\000r\000i\000g\000e\000n\000\040\000y\000\040\000n\000a\000t\000u\000r\000a\000l\000e\000z\000a\000\040\000j\000u\000r\000\355\000d\000i\000c\000a\000\040\000d\000e\000l\000\040\000f\000i\000d\000e\000i\000c\000o\000m\000i\000s\000o}{chapter.1}% 2
\BOOKMARK [1][-]{section.1.2}{\376\377\000R\000i\000e\000s\000g\000o\000s\000\040\000y\000\040\000b\000u\000e\000n\000\040\000u\000s\000o\000\040\000d\000e\000l\000\040\000c\000o\000n\000t\000r\000a\000t\000o}{chapter.1}% 3
\BOOKMARK [0][-]{chapter.2}{\376\377\000S\000u\000j\000e\000t\000o\000s\000\040\000y\000\040\000p\000a\000t\000r\000i\000m\000o\000n\000i\000o\000\040\000f\000i\000d\000u\000c\000i\000a\000r\000i\000o}{}% 4
\BOOKMARK [1][-]{section.2.1}{\376\377\000F\000i\000d\000u\000c\000i\000a\000n\000t\000e\000\040\000y\000\040\000f\000i\000d\000u\000c\000i\000a\000r\000i\000o}{chapter.2}% 5
\BOOKMARK [1][-]{section.2.2}{\376\377\000B\000e\000n\000e\000f\000i\000c\000i\000a\000r\000i\000o\000\040\000y\000\040\000f\000i\000d\000e\000i\000c\000o\000m\000i\000s\000a\000r\000i\000o}{chapter.2}% 6
\BOOKMARK [1][-]{section.2.3}{\376\377\000P\000r\000o\000t\000e\000c\000c\000i\000\363\000n\000\040\000d\000e\000l\000\040\000p\000a\000t\000r\000i\000m\000o\000n\000i\000o\000\040\000f\000i\000d\000u\000c\000i\000a\000r\000i\000o}{chapter.2}% 7
\BOOKMARK [0][-]{chapter.3}{\376\377\000T\000i\000p\000o\000s\000\040\000d\000e\000\040\000f\000i\000d\000e\000i\000c\000o\000m\000i\000s\000o\000\040\000s\000e\000g\000\372\000n\000\040\000s\000u\000\040\000f\000i\000n\000a\000l\000i\000d\000a\000d}{}% 8
\BOOKMARK [1][-]{section.3.1}{\376\377\000F\000i\000d\000e\000i\000c\000o\000m\000i\000s\000o\000\040\000d\000e\000\040\000a\000c\000c\000i\000o\000n\000e\000s\000\040\000\050\000s\000i\000n\000d\000i\000c\000a\000c\000i\000\363\000n\000\051}{chapter.3}% 9
\BOOKMARK [1][-]{section.3.2}{\376\377\000F\000i\000d\000e\000i\000c\000o\000m\000i\000s\000o\000\040\000d\000e\000\040\000a\000d\000m\000i\000n\000i\000s\000t\000r\000a\000c\000i\000\363\000n}{chapter.3}% 10
\BOOKMARK [1][-]{section.3.3}{\376\377\000F\000i\000d\000e\000i\000c\000o\000m\000i\000s\000o\000\040\000i\000n\000m\000o\000b\000i\000l\000i\000a\000r\000i\000o}{chapter.3}% 11
\BOOKMARK [0][-]{chapter.4}{\376\377\000F\000i\000d\000e\000i\000c\000o\000m\000i\000s\000o\000,\000\040\000s\000u\000c\000e\000s\000i\000\363\000n\000\040\000y\000\040\000l\000e\000g\000\355\000t\000i\000m\000a}{}% 12
\BOOKMARK [1][-]{section.4.1}{\376\377\000E\000l\000\040\000f\000i\000d\000e\000i\000c\000o\000m\000i\000s\000o\000\040\000f\000r\000e\000n\000t\000e\000\040\000a\000\040\000l\000a\000\040\000s\000u\000c\000e\000s\000i\000\363\000n}{chapter.4}% 13
\BOOKMARK [1][-]{section.4.2}{\376\377\000L\000e\000g\000\355\000t\000i\000m\000a\000,\000\040\000c\000o\000l\000a\000c\000i\000\363\000n\000\040\000y\000\040\000p\000o\000r\000c\000i\000\363\000n\000\040\000d\000i\000s\000p\000o\000n\000i\000b\000l\000e}{chapter.4}% 14
\BOOKMARK [0][-]{chapter.5}{\376\377\000C\000a\000s\000o\000s\000\040\000d\000e\000\040\000l\000a\000\040\000p\000r\000\341\000c\000t\000i\000c\000a\000\040\000p\000r\000o\000f\000e\000s\000i\000o\000n\000a\000l}{}% 15
\BOOKMARK [1][-]{section.5.1}{\376\377\000T\000e\000s\000t\000a\000m\000e\000n\000t\000o\000,\000\040\000s\000e\000c\000r\000e\000t\000o\000\040\000p\000r\000o\000f\000e\000s\000i\000o\000n\000a\000l\000\040\000y\000\040\000c\000o\000n\000f\000l\000i\000c\000t\000o\000\040\000f\000a\000m\000i\000l\000i\000a\000r}{chapter.5}% 16
\BOOKMARK [1][-]{section.5.2}{\376\377\000I\000n\000c\000a\000p\000a\000c\000i\000d\000a\000d\000\040\000s\000o\000b\000r\000e\000v\000i\000n\000i\000e\000n\000t\000e\000\040\000y\000\040\000r\000i\000e\000s\000g\000o\000s\000\040\000d\000e\000\040\000l\000a\000\040\000a\000d\000m\000i\000n\000i\000s\000t\000r\000a\000c\000i\000\363\000n}{chapter.5}% 17
\BOOKMARK [0][-]{chapter.6}{\376\377\000C\000i\000e\000r\000r\000e\000\040\000y\000\040\000t\000r\000a\000b\000a\000j\000o\000\040\000p\000a\000r\000a\000\040\000l\000a\000\040\000p\000r\000\363\000x\000i\000m\000a\000\040\000c\000l\000a\000s\000e}{}% 18
\BOOKMARK [1][-]{section.6.1}{\376\377\000F\000i\000d\000e\000i\000c\000o\000m\000i\000s\000o\000\040\000e\000n\000\040\000g\000a\000r\000a\000n\000t\000\355\000a\000\040\000y\000\040\000t\000e\000s\000t\000a\000m\000e\000n\000t\000a\000r\000i\000o\000:\000\040\000c\000o\000n\000s\000i\000g\000n\000a}{chapter.6}% 19
\BOOKMARK [0][-]{chapter.7}{\376\377\000C\000u\000a\000d\000r\000o\000\040\000C\000o\000r\000n\000e\000l\000l\000\040\000g\000e\000n\000e\000r\000a\000l\000\040\000d\000e\000\040\000r\000e\000p\000a\000s\000o}{}% 20
