\BOOKMARK [0][-]{chapter.1}{\376\377\000A\000c\000c\000e\000s\000o\000\040\000y\000\040\000g\000e\000s\000t\000i\000\363\000n\000\040\000d\000i\000g\000i\000t\000a\000l\000\040\000d\000e\000l\000\040\000e\000x\000p\000e\000d\000i\000e\000n\000t\000e}{}% 1
\BOOKMARK [1][-]{section.1.1}{\376\377\000E\000l\000\040\000e\000x\000p\000e\000d\000i\000e\000n\000t\000e\000\040\000e\000l\000e\000c\000t\000r\000\363\000n\000i\000c\000o\000\040\000y\000\040\000l\000a\000\040\000a\000u\000d\000i\000e\000n\000c\000i\000a\000\040\000v\000i\000r\000t\000u\000a\000l}{chapter.1}% 2
\BOOKMARK [2][-]{subsection.1.1.1}{\376\377\000C\000\363\000m\000o\000\040\000s\000e\000\040\000i\000n\000g\000r\000e\000s\000a\000\040\000a\000\040\000u\000n\000\040\000e\000x\000p\000e\000d\000i\000e\000n\000t\000e}{section.1.1}% 3
\BOOKMARK [2][-]{subsection.1.1.2}{\376\377\000E\000l\000\040\000a\000c\000c\000e\000s\000o\000\040\000a\000\040\000l\000a\000s\000\040\000s\000a\000l\000a\000s\000\040\000v\000i\000r\000t\000u\000a\000l\000e\000s}{section.1.1}% 4
\BOOKMARK [2][-]{subsection.1.1.3}{\376\377\000L\000a\000\040\000i\000m\000p\000o\000r\000t\000a\000n\000c\000i\000a\000\040\000d\000e\000\040\000l\000a\000\040\000c\000a\000l\000i\000d\000a\000d\000\040\000d\000e\000\040\000i\000m\000a\000g\000e\000n\000\040\000y\000\040\000s\000o\000n\000i\000d\000o\000\040\000e\000n\000\040\000l\000a\000\040\000a\000u\000d\000i\000e\000n\000c\000i\000a\000\040\000v\000i\000r\000t\000u\000a\000l}{section.1.1}% 5
\BOOKMARK [2][-]{subsection.1.1.4}{\376\377\000L\000a\000\040\000s\000o\000l\000e\000m\000n\000i\000d\000a\000d\000\040\000d\000e\000l\000\040\000a\000c\000t\000o\000\040\000j\000u\000d\000i\000c\000i\000a\000l\000\040\000y\000\040\000s\000u\000\040\000r\000a\000\355\000z\000\040\000h\000i\000s\000t\000\363\000r\000i\000c\000a}{section.1.1}% 6
\BOOKMARK [0][-]{chapter.2}{\376\377\000L\000a\000\040\000p\000r\000e\000s\000c\000r\000i\000p\000c\000i\000\363\000n\000\040\000a\000d\000q\000u\000i\000s\000i\000t\000i\000v\000a\000\040\000y\000\040\000l\000a\000\040\000e\000c\000o\000n\000o\000m\000\355\000a\000\040\000d\000e\000l\000\040\000p\000r\000o\000c\000e\000s\000o}{}% 7
\BOOKMARK [1][-]{section.2.1}{\376\377\000C\000o\000n\000c\000e\000p\000t\000o\000,\000\040\000p\000r\000e\000s\000u\000p\000u\000e\000s\000t\000o\000s\000\040\000y\000\040\000a\000l\000t\000e\000r\000n\000a\000t\000i\000v\000a\000s\000\040\000d\000e\000\040\000l\000a\000\040\000u\000s\000u\000c\000a\000p\000i\000\363\000n}{chapter.2}% 8
\BOOKMARK [2][-]{subsection.2.1.1}{\376\377\000C\000o\000n\000c\000e\000p\000t\000o\000\040\000d\000e\000\040\000u\000s\000u\000c\000a\000p\000i\000\363\000n}{section.2.1}% 9
\BOOKMARK [2][-]{subsection.2.1.2}{\376\377\000L\000a\000\040\000c\000o\000n\000t\000r\000a\000p\000a\000r\000t\000i\000d\000a\000:\000\040\000q\000u\000\351\000\040\000p\000u\000e\000d\000e\000\040\000a\000l\000e\000g\000a\000r\000\040\000l\000a\000\040\000p\000a\000r\000t\000e\000\040\000d\000e\000m\000a\000n\000d\000a\000d\000a}{section.2.1}% 10
\BOOKMARK [2][-]{subsection.2.1.3}{\376\377\000U\000n\000\040\000c\000a\000s\000o\000\040\000i\000l\000u\000s\000t\000r\000a\000t\000i\000v\000o\000:\000\040\000l\000a\000\040\000m\000e\000d\000i\000a\000c\000i\000\363\000n\000\040\000i\000m\000p\000o\000s\000i\000b\000l\000e}{section.2.1}% 11
\BOOKMARK [2][-]{subsection.2.1.4}{\376\377\000U\000s\000u\000c\000a\000p\000i\000\363\000n\000\040\000v\000e\000r\000s\000u\000s\000\040\000j\000u\000i\000c\000i\000o\000\040\000d\000e\000\040\000e\000s\000c\000r\000i\000t\000u\000r\000a\000c\000i\000\363\000n}{section.2.1}% 12
\BOOKMARK [1][-]{section.2.2}{\376\377\000T\000a\000s\000a\000\040\000d\000e\000\040\000j\000u\000s\000t\000i\000c\000i\000a\000,\000\040\000b\000o\000n\000o\000\040\000y\000\040\000c\000a\000j\000a\000\040\000p\000r\000e\000v\000i\000s\000i\000o\000n\000a\000l}{chapter.2}% 13
\BOOKMARK [2][-]{subsection.2.2.1}{\376\377\000L\000a\000\040\000t\000a\000s\000a\000\040\000d\000e\000\040\000j\000u\000s\000t\000i\000c\000i\000a\000\040\000y\000\040\000e\000l\000\040\000b\000o\000n\000o\000\040\000d\000e\000\040\000d\000e\000r\000e\000c\000h\000o\000\040\000f\000i\000j\000o}{section.2.2}% 14
\BOOKMARK [2][-]{subsection.2.2.2}{\376\377\000L\000a\000s\000\040\000c\000a\000j\000a\000s\000\040\000d\000e\000\040\000p\000r\000e\000v\000i\000s\000i\000\363\000n\000\040\000p\000r\000o\000f\000e\000s\000i\000o\000n\000a\000l}{section.2.2}% 15
\BOOKMARK [0][-]{chapter.3}{\376\377\000O\000r\000a\000l\000i\000d\000a\000d\000\040\000y\000\040\000a\000u\000d\000i\000e\000n\000c\000i\000a\000\040\000p\000r\000e\000l\000i\000m\000i\000n\000a\000r}{}% 16
\BOOKMARK [1][-]{section.3.1}{\376\377\000E\000l\000\040\000p\000r\000o\000t\000o\000c\000o\000l\000o\000\040\000d\000e\000\040\000o\000r\000a\000l\000i\000d\000a\000d\000\040\000e\000n\000\040\000e\000l\000\040\000p\000r\000o\000c\000e\000s\000o\000\040\000c\000i\000v\000i\000l}{chapter.3}% 17
\BOOKMARK [2][-]{subsection.3.1.1}{\376\377\000O\000r\000i\000g\000e\000n\000\040\000d\000e\000l\000\040\000p\000r\000o\000t\000o\000c\000o\000l\000o\000\040\000d\000e\000\040\000o\000r\000a\000l\000i\000d\000a\000d}{section.3.1}% 18
\BOOKMARK [2][-]{subsection.3.1.2}{\376\377\000P\000o\000r\000\040\000q\000u\000\351\000\040\000l\000a\000\040\000p\000r\000u\000e\000b\000a\000\040\000o\000r\000a\000l\000\040\000r\000e\000s\000u\000l\000t\000a\000\040\000m\000\341\000s\000\040\000c\000l\000a\000r\000a\000\040\000q\000u\000e\000\040\000l\000a\000\040\000e\000s\000c\000r\000i\000t\000a}{section.3.1}% 19
\BOOKMARK [2][-]{subsection.3.1.3}{\376\377\000V\000e\000n\000t\000a\000j\000a\000s\000\040\000y\000\040\000e\000x\000i\000g\000e\000n\000c\000i\000a\000s\000\040\000d\000e\000l\000\040\000p\000r\000o\000t\000o\000c\000o\000l\000o\000\040\000d\000e\000\040\000o\000r\000a\000l\000i\000d\000a\000d}{section.3.1}% 20
\BOOKMARK [2][-]{subsection.3.1.4}{\376\377\000L\000a\000\040\000a\000u\000d\000i\000e\000n\000c\000i\000a\000\040\000d\000e\000\040\000v\000i\000s\000t\000a\000\040\000d\000e\000\040\000c\000a\000u\000s\000a\000\040\000e\000n\000\040\000l\000a\000s\000\040\000p\000r\000o\000v\000i\000n\000c\000i\000a\000s}{section.3.1}% 21
\BOOKMARK [1][-]{section.3.2}{\376\377\000A\000u\000d\000i\000e\000n\000c\000i\000a\000\040\000p\000r\000e\000l\000i\000m\000i\000n\000a\000r\000\040\000e\000n\000\040\000v\000i\000v\000o\000:\000\040\000c\000a\000s\000o\000\040\000d\000e\000\040\000l\000a\000\040\000c\000o\000c\000h\000e\000r\000a}{chapter.3}% 22
\BOOKMARK [2][-]{subsection.3.2.1}{\376\377\000A\000p\000e\000r\000t\000u\000r\000a\000\040\000d\000e\000\040\000l\000a\000\040\000a\000u\000d\000i\000e\000n\000c\000i\000a}{section.3.2}% 23
\BOOKMARK [2][-]{subsection.3.2.2}{\376\377\000E\000l\000\040\000i\000n\000t\000e\000r\000r\000o\000g\000a\000t\000o\000r\000i\000o\000\040\000a\000\040\000l\000a\000\040\000p\000a\000r\000t\000e\000\040\000a\000c\000t\000o\000r\000a}{section.3.2}% 24
\BOOKMARK [2][-]{subsection.3.2.3}{\376\377\000L\000o\000s\000\040\000t\000e\000s\000t\000i\000g\000o\000s\000\040\000o\000f\000r\000e\000c\000i\000d\000o\000s\000\040\000y\000\040\000s\000u\000\040\000v\000i\000n\000c\000u\000l\000a\000c\000i\000\363\000n\000\040\000c\000o\000n\000\040\000l\000o\000s\000\040\000h\000e\000c\000h\000o\000s}{section.3.2}% 25
\BOOKMARK [2][-]{subsection.3.2.4}{\376\377\000P\000r\000o\000d\000u\000c\000c\000i\000\363\000n\000\040\000d\000e\000\040\000l\000a\000\040\000p\000r\000u\000e\000b\000a\000\040\000y\000\040\000p\000r\000u\000e\000b\000a\000\040\000d\000e\000s\000i\000s\000t\000i\000d\000a}{section.3.2}% 26
\BOOKMARK [1][-]{section.3.3}{\376\377\000A\000n\000\341\000l\000i\000s\000i\000s\000\040\000p\000o\000s\000t\000e\000r\000i\000o\000r\000:\000\040\000p\000r\000u\000e\000b\000a\000\040\000y\000\040\000e\000s\000t\000r\000a\000t\000e\000g\000i\000a\000\040\000p\000r\000o\000c\000e\000s\000a\000l}{chapter.3}% 27
\BOOKMARK [2][-]{subsection.3.3.1}{\376\377\000P\000r\000i\000m\000e\000r\000a\000s\000\040\000i\000m\000p\000r\000e\000s\000i\000o\000n\000e\000s\000\040\000d\000e\000\040\000l\000a\000\040\000c\000l\000a\000s\000e}{section.3.3}% 28
\BOOKMARK [2][-]{subsection.3.3.2}{\376\377\000U\000n\000\040\000e\000r\000r\000o\000r\000\040\000c\000o\000m\000\372\000n\000:\000\040\000o\000f\000r\000e\000c\000e\000r\000\040\000t\000e\000s\000t\000i\000g\000o\000s\000\040\000s\000i\000n\000\040\000e\000x\000p\000l\000i\000c\000a\000r\000\040\000p\000a\000r\000a\000\040\000q\000u\000\351}{section.3.3}% 29
\BOOKMARK [2][-]{subsection.3.3.3}{\376\377\000P\000o\000r\000\040\000q\000u\000\351\000\040\000s\000e\000\040\000d\000e\000s\000c\000a\000r\000t\000\363\000\040\000p\000a\000r\000t\000e\000\040\000d\000e\000\040\000l\000a\000\040\000p\000r\000u\000e\000b\000a\000\040\000o\000f\000r\000e\000c\000i\000d\000a}{section.3.3}% 30
\BOOKMARK [2][-]{subsection.3.3.4}{\376\377\000E\000l\000\040\000d\000e\000s\000a\000f\000\355\000o\000\040\000q\000u\000e\000\040\000q\000u\000e\000d\000a\000\040\000p\000l\000a\000n\000t\000e\000a\000d\000o\000:\000\040\000u\000n\000a\000\040\000d\000e\000m\000a\000n\000d\000a\000d\000a\000\040\000d\000i\000s\000u\000e\000l\000t\000a}{section.3.3}% 31
\BOOKMARK [0][-]{chapter.4}{\376\377\000L\000o\000s\000\040\000o\000f\000i\000c\000i\000o\000s\000\040\000j\000u\000d\000i\000c\000i\000a\000l\000e\000s}{}% 32
\BOOKMARK [1][-]{section.4.1}{\376\377\000E\000l\000\040\000a\000r\000t\000\355\000c\000u\000l\000o\000\040\0004\0000\0000\000\040\000d\000e\000l\000\040\000C\000P\000C\000C\000N\000\040\000y\000\040\000s\000u\000\040\000d\000i\000l\000i\000g\000e\000n\000c\000i\000a\000m\000i\000e\000n\000t\000o\000\040\000e\000l\000e\000c\000t\000r\000\363\000n\000i\000c\000o}{chapter.4}% 33
\BOOKMARK [2][-]{subsection.4.1.1}{\376\377\000Q\000u\000\351\000\040\000e\000s\000\040\000u\000n\000\040\000o\000f\000i\000c\000i\000o\000\040\000y\000\040\000a\000\040\000q\000u\000i\000\351\000n\000\040\000s\000e\000\040\000d\000i\000r\000i\000g\000e}{section.4.1}% 34
\BOOKMARK [2][-]{subsection.4.1.2}{\376\377\000E\000l\000\040\000o\000f\000i\000c\000i\000o\000\040\000d\000e\000l\000\040\000a\000r\000t\000\355\000c\000u\000l\000o\000\040\0004\0000\0000\000\040\000y\000\040\000e\000l\000\040\000o\000f\000i\000c\000i\000o\000\040\0003\0000\0000\0003}{section.4.1}% 35
\BOOKMARK [2][-]{subsection.4.1.3}{\376\377\000D\000i\000l\000i\000g\000e\000n\000c\000i\000a\000m\000i\000e\000n\000t\000o\000\040\000e\000l\000e\000c\000t\000r\000\363\000n\000i\000c\000o\000\040\000d\000e\000l\000\040\000o\000f\000i\000c\000i\000o}{section.4.1}% 36
\BOOKMARK [2][-]{subsection.4.1.4}{\376\377\000C\000u\000\341\000n\000d\000o\000\040\000e\000l\000\040\000d\000e\000s\000t\000i\000n\000a\000t\000a\000r\000i\000o\000\040\000n\000o\000\040\000e\000s\000t\000\341\000\040\000e\000n\000\040\000e\000l\000\040\000s\000i\000s\000t\000e\000m\000a\000:\000\040\000e\000l\000\040\000o\000f\000i\000c\000i\000o\000\040\000e\000n\000\040\000p\000a\000p\000e\000l}{section.4.1}% 37
\BOOKMARK [2][-]{subsection.4.1.5}{\376\377\000P\000r\000e\000s\000e\000n\000t\000a\000c\000i\000\363\000n\000\040\000d\000e\000l\000\040\000e\000s\000c\000r\000i\000t\000o\000\040\000y\000\040\000c\000i\000e\000r\000r\000e\000\040\000d\000e\000\040\000l\000a\000\040\000c\000l\000a\000s\000e}{section.4.1}% 38
\BOOKMARK [0][-]{chapter.5}{\376\377\000C\000u\000a\000d\000r\000o\000\040\000C\000o\000r\000n\000e\000l\000l\000\040\000y\000\040\000s\000\355\000n\000t\000e\000s\000i\000s\000\040\000f\000i\000n\000a\000l}{}% 39
\BOOKMARK [1][-]{section*.3}{\376\377\000N\000o\000r\000m\000a\000t\000i\000v\000a\000\040\000c\000i\000t\000a\000d\000a\000\040\000e\000n\000\040\000e\000s\000t\000o\000s\000\040\000a\000p\000u\000n\000t\000e\000s}{chapter.5}% 40
