\BOOKMARK [0][-]{chapter.1}{\376\377\000L\000a\000\040\000c\000o\000m\000p\000r\000a\000\040\000e\000n\000\040\000p\000o\000z\000o}{}% 1
\BOOKMARK [1][-]{section.1.1}{\376\377\000L\000o\000s\000\040\000a\000c\000t\000o\000r\000e\000s\000\040\000y\000\040\000l\000a\000\040\000f\000i\000n\000a\000n\000c\000i\000a\000c\000i\000\363\000n\000\040\000d\000e\000l\000\040\000d\000e\000s\000a\000r\000r\000o\000l\000l\000o\000\040\000i\000n\000m\000o\000b\000i\000l\000i\000a\000r\000i\000o}{chapter.1}% 2
\BOOKMARK [1][-]{section.1.2}{\376\377\000Q\000u\000\351\000\040\000s\000i\000g\000n\000i\000f\000i\000c\000a\000\040\000c\000o\000m\000p\000r\000a\000r\000\040\000u\000n\000\040\000p\000o\000z\000o}{chapter.1}% 3
\BOOKMARK [1][-]{section.1.3}{\376\377\000P\000o\000r\000\040\000q\000u\000\351\000\040\000s\000e\000\040\000p\000r\000o\000d\000u\000c\000e\000n\000\040\000l\000o\000s\000\040\000c\000o\000n\000f\000l\000i\000c\000t\000o\000s}{chapter.1}% 4
\BOOKMARK [2][-]{subsection.1.3.1}{\376\377\000E\000l\000\040\000d\000i\000n\000e\000r\000o\000\040\000n\000o\000\040\000d\000e\000c\000l\000a\000r\000a\000d\000o}{section.1.3}% 5
\BOOKMARK [2][-]{subsection.1.3.2}{\376\377\000L\000a\000\040\000f\000a\000l\000t\000a\000\040\000d\000e\000\040\000p\000u\000b\000l\000i\000c\000i\000d\000a\000d\000\040\000d\000e\000\040\000l\000o\000s\000\040\000b\000o\000l\000e\000t\000o\000s}{section.1.3}% 6
\BOOKMARK [1][-]{section.1.4}{\376\377\000N\000a\000t\000u\000r\000a\000l\000e\000z\000a\000\040\000j\000u\000r\000\355\000d\000i\000c\000a\000\040\000d\000e\000l\000\040\000b\000o\000l\000e\000t\000o\000\040\000d\000e\000\040\000c\000o\000m\000p\000r\000a\000v\000e\000n\000t\000a}{chapter.1}% 7
\BOOKMARK [1][-]{section.1.5}{\376\377\000P\000o\000r\000\040\000q\000u\000\351\000\040\000l\000a\000s\000\040\000u\000n\000i\000d\000a\000d\000e\000s\000\040\000e\000n\000\040\000p\000o\000z\000o\000\040\000s\000o\000l\000o\000\040\000s\000e\000\040\000c\000o\000m\000e\000r\000c\000i\000a\000l\000i\000z\000a\000n\000\040\000p\000o\000r\000\040\000b\000o\000l\000e\000t\000o}{chapter.1}% 8
\BOOKMARK [2][-]{subsection.1.5.1}{\376\377\000L\000a\000\040\000a\000l\000t\000e\000r\000n\000a\000t\000i\000v\000a\000\040\000d\000e\000s\000c\000a\000r\000t\000a\000d\000a\000:\000\040\000t\000r\000a\000n\000s\000m\000i\000t\000i\000r\000\040\000u\000n\000\040\000p\000o\000r\000c\000e\000n\000t\000a\000j\000e\000\040\000d\000e\000\040\000c\000o\000n\000d\000o\000m\000i\000n\000i\000o}{section.1.5}% 9
\BOOKMARK [1][-]{section.1.6}{\376\377\000D\000u\000e\000\361\000o\000\040\000d\000e\000l\000\040\000t\000e\000r\000r\000e\000n\000o\000,\000\040\000c\000o\000n\000s\000t\000r\000u\000c\000t\000o\000r\000a\000\040\000y\000\040\000d\000e\000s\000a\000r\000r\000o\000l\000l\000a\000d\000o\000r\000a}{chapter.1}% 10
\BOOKMARK [1][-]{section.1.7}{\376\377\000R\000e\000c\000o\000m\000e\000n\000d\000a\000c\000i\000o\000n\000e\000s\000\040\000a\000n\000t\000e\000s\000\040\000d\000e\000\040\000i\000n\000v\000e\000r\000t\000i\000r\000\040\000e\000n\000\040\000u\000n\000\040\000p\000o\000z\000o}{chapter.1}% 11
\BOOKMARK [1][-]{section.1.8}{\376\377\000C\000u\000a\000d\000r\000o\000\040\000C\000o\000r\000n\000e\000l\000l\000:\000\040\000l\000a\000\040\000c\000o\000m\000p\000r\000a\000\040\000e\000n\000\040\000p\000o\000z\000o}{chapter.1}% 12
\BOOKMARK [0][-]{chapter.2}{\376\377\000F\000i\000n\000a\000n\000c\000i\000a\000c\000i\000\363\000n\000\040\000d\000e\000l\000\040\000t\000e\000r\000r\000e\000n\000o}{}% 13
\BOOKMARK [1][-]{section.2.1}{\376\377\000L\000a\000s\000\040\000f\000o\000r\000m\000a\000s\000\040\000d\000e\000\040\000p\000a\000g\000a\000r\000\040\000e\000l\000\040\000t\000e\000r\000r\000e\000n\000o}{chapter.2}% 14
\BOOKMARK [1][-]{section.2.2}{\376\377\000C\000\363\000m\000o\000\040\000p\000r\000o\000t\000e\000g\000e\000r\000\040\000a\000l\000\040\000d\000u\000e\000\361\000o\000\040\000d\000e\000l\000\040\000t\000e\000r\000r\000e\000n\000o}{chapter.2}% 15
\BOOKMARK [2][-]{subsection.2.2.1}{\376\377\000P\000a\000c\000t\000o\000\040\000d\000e\000\040\000r\000e\000v\000e\000r\000s\000i\000\363\000n\000\040\000y\000\040\000p\000a\000c\000t\000o\000\040\000d\000e\000\040\000r\000e\000t\000r\000o\000v\000e\000n\000t\000a}{section.2.2}% 16
\BOOKMARK [1][-]{section.2.3}{\376\377\000L\000a\000\040\000a\000n\000a\000l\000o\000g\000\355\000a\000\040\000d\000e\000l\000\040\000v\000i\000a\000j\000e\000\040\000a\000\040\000M\000a\000r\000\040\000d\000e\000l\000\040\000P\000l\000a\000t\000a\000:\000\040\000e\000l\000\040\000v\000e\000h\000\355\000c\000u\000l\000o\000\040\000j\000u\000r\000\355\000d\000i\000c\000o}{chapter.2}% 17
\BOOKMARK [1][-]{section.2.4}{\376\377\000C\000u\000a\000d\000r\000o\000\040\000C\000o\000r\000n\000e\000l\000l\000:\000\040\000f\000i\000n\000a\000n\000c\000i\000a\000c\000i\000\363\000n\000\040\000d\000e\000l\000\040\000t\000e\000r\000r\000e\000n\000o}{chapter.2}% 18
\BOOKMARK [0][-]{chapter.3}{\376\377\000L\000o\000s\000\040\000v\000e\000h\000\355\000c\000u\000l\000o\000s\000\040\000j\000u\000r\000\355\000d\000i\000c\000o\000s}{}% 19
\BOOKMARK [1][-]{section.3.1}{\376\377\000P\000r\000i\000m\000e\000r\000\040\000v\000e\000h\000\355\000c\000u\000l\000o\000:\000\040\000l\000a\000\040\000s\000o\000c\000i\000e\000d\000a\000d}{chapter.3}% 20
\BOOKMARK [1][-]{section.3.2}{\376\377\000S\000e\000g\000u\000n\000d\000o\000\040\000v\000e\000h\000\355\000c\000u\000l\000o\000:\000\040\000e\000l\000\040\000d\000e\000r\000e\000c\000h\000o\000\040\000d\000e\000\040\000s\000u\000p\000e\000r\000f\000i\000c\000i\000e}{chapter.3}% 21
\BOOKMARK [1][-]{section.3.3}{\376\377\000T\000e\000r\000c\000e\000r\000\040\000v\000e\000h\000\355\000c\000u\000l\000o\000:\000\040\000e\000l\000\040\000f\000i\000d\000e\000i\000c\000o\000m\000i\000s\000o}{chapter.3}% 22
\BOOKMARK [2][-]{subsection.3.3.1}{\376\377\000L\000a\000s\000\040\000f\000i\000g\000u\000r\000a\000s\000\040\000d\000e\000l\000\040\000f\000i\000d\000e\000i\000c\000o\000m\000i\000s\000o}{section.3.3}% 23
\BOOKMARK [2][-]{subsection.3.3.2}{\376\377\000V\000e\000n\000t\000a\000j\000a\000s\000\040\000y\000\040\000p\000r\000o\000t\000e\000c\000c\000i\000\363\000n\000\040\000d\000e\000l\000\040\000d\000u\000e\000\361\000o\000\040\000d\000e\000l\000\040\000t\000e\000r\000r\000e\000n\000o}{section.3.3}% 24
\BOOKMARK [2][-]{subsection.3.3.3}{\376\377\000R\000e\000p\000a\000r\000o\000s}{section.3.3}% 25
\BOOKMARK [1][-]{section.3.4}{\376\377\000C\000u\000a\000r\000t\000o\000\040\000v\000e\000h\000\355\000c\000u\000l\000o\000:\000\040\000l\000a\000\040\000h\000i\000p\000o\000t\000e\000c\000a\000\040\000e\000n\000\040\000g\000a\000r\000a\000n\000t\000\355\000a\000\040\000d\000e\000\040\000u\000n\000i\000d\000a\000d\000e\000s\000\040\000f\000u\000t\000u\000r\000a\000s}{chapter.3}% 26
\BOOKMARK [2][-]{subsection.3.4.1}{\376\377\000L\000o\000s\000\040\000d\000e\000r\000e\000c\000h\000o\000s\000\040\000r\000e\000a\000l\000e\000s\000\040\000d\000e\000\040\000g\000a\000r\000a\000n\000t\000\355\000a}{section.3.4}% 27
\BOOKMARK [2][-]{subsection.3.4.2}{\376\377\000E\000j\000e\000c\000u\000c\000i\000\363\000n\000\040\000y\000\040\000p\000r\000i\000v\000i\000l\000e\000g\000i\000o}{section.3.4}% 28
\BOOKMARK [2][-]{subsection.3.4.3}{\376\377\000C\000o\000g\000n\000o\000s\000c\000i\000b\000i\000l\000i\000d\000a\000d\000:\000\040\000p\000u\000b\000l\000i\000c\000i\000d\000a\000d\000\040\000d\000e\000\040\000l\000a\000\040\000h\000i\000p\000o\000t\000e\000c\000a}{section.3.4}% 29
\BOOKMARK [2][-]{subsection.3.4.4}{\376\377\000S\000o\000b\000r\000e\000\040\000q\000u\000\351\000\040\000s\000e\000\040\000c\000o\000n\000s\000t\000i\000t\000u\000y\000e\000\040\000y\000\040\000c\000u\000\341\000n\000t\000o}{section.3.4}% 30
\BOOKMARK [2][-]{subsection.3.4.5}{\376\377\000C\000a\000n\000c\000e\000l\000a\000c\000i\000\363\000n\000\040\000d\000e\000\040\000l\000a\000\040\000h\000i\000p\000o\000t\000e\000c\000a}{section.3.4}% 31
\BOOKMARK [2][-]{subsection.3.4.6}{\376\377\000S\000i\000\040\000n\000o\000\040\000s\000e\000\040\000c\000o\000n\000s\000t\000i\000t\000u\000y\000e\000\040\000h\000i\000p\000o\000t\000e\000c\000a}{section.3.4}% 32
\BOOKMARK [1][-]{section.3.5}{\376\377\000C\000u\000a\000d\000r\000o\000\040\000C\000o\000r\000n\000e\000l\000l\000:\000\040\000l\000o\000s\000\040\000v\000e\000h\000\355\000c\000u\000l\000o\000s\000\040\000j\000u\000r\000\355\000d\000i\000c\000o\000s}{chapter.3}% 33
\BOOKMARK [0][-]{chapter.4}{\376\377\000L\000a\000\040\000h\000i\000p\000o\000t\000e\000c\000a\000\040\000d\000i\000v\000i\000s\000i\000b\000l\000e}{}% 34
\BOOKMARK [1][-]{section.4.1}{\376\377\000T\000e\000r\000c\000e\000r\000o\000s\000\040\000a\000d\000q\000u\000i\000r\000e\000n\000t\000e\000s\000\040\000d\000e\000\040\000b\000u\000e\000n\000a\000\040\000f\000e\000\040\000y\000\040\000n\000e\000c\000e\000s\000i\000d\000a\000d\000\040\000d\000e\000\040\000c\000r\000\351\000d\000i\000t\000o}{chapter.4}% 35
\BOOKMARK [1][-]{section.4.2}{\376\377\000Q\000u\000i\000\351\000n\000\040\000p\000a\000g\000a\000\040\000a\000\040\000q\000u\000i\000\351\000n}{chapter.4}% 36
\BOOKMARK [1][-]{section.4.3}{\376\377\000R\000e\000g\000i\000s\000t\000r\000a\000c\000i\000\363\000n\000\040\000d\000e\000l\000\040\000b\000o\000l\000e\000t\000o\000\040\000y\000\040\000d\000u\000d\000a\000s\000\040\000s\000o\000b\000r\000e\000\040\000l\000a\000\040\000i\000m\000p\000l\000e\000m\000e\000n\000t\000a\000c\000i\000\363\000n}{chapter.4}% 37
\BOOKMARK [2][-]{subsection.4.3.1}{\376\377\000P\000r\000i\000m\000e\000r\000a\000\040\000a\000d\000v\000e\000r\000t\000e\000n\000c\000i\000a\000:\000\040\000c\000a\000p\000a\000c\000i\000d\000a\000d\000\040\000d\000e\000\040\000r\000e\000p\000a\000g\000o\000\040\000d\000e\000l\000\040\000c\000o\000m\000p\000r\000a\000d\000o\000r}{section.4.3}% 38
\BOOKMARK [2][-]{subsection.4.3.2}{\376\377\000S\000e\000g\000u\000n\000d\000a\000\040\000a\000d\000v\000e\000r\000t\000e\000n\000c\000i\000a\000:\000\040\000e\000l\000\040\000r\000e\000g\000i\000s\000t\000r\000o\000\040\000d\000e\000\040\000l\000a\000\040\000p\000r\000o\000p\000i\000e\000d\000a\000d\000\040\000y\000\040\000l\000a\000\040\000l\000e\000g\000i\000s\000l\000a\000c\000i\000\363\000n\000\040\000c\000r\000e\000d\000i\000t\000i\000c\000i\000a}{section.4.3}% 39
\BOOKMARK [1][-]{section.4.4}{\376\377\000\277\000C\000u\000\341\000n\000d\000o\000\040\000s\000e\000\040\000\253\000d\000i\000v\000i\000d\000e\000\273\000\040\000l\000a\000\040\000h\000i\000p\000o\000t\000e\000c\000a\000?}{chapter.4}% 40
\BOOKMARK [1][-]{section.4.5}{\376\377\000C\000u\000a\000d\000r\000o\000\040\000C\000o\000r\000n\000e\000l\000l\000:\000\040\000l\000a\000\040\000h\000i\000p\000o\000t\000e\000c\000a\000\040\000d\000i\000v\000i\000s\000i\000b\000l\000e}{chapter.4}% 41
\BOOKMARK [0][-]{chapter.5}{\376\377\000T\000o\000k\000e\000n\000i\000z\000a\000c\000i\000\363\000n\000\040\000y\000\040\000c\000i\000e\000r\000r\000e}{}% 42
\BOOKMARK [1][-]{section.5.1}{\376\377\000L\000a\000\040\000t\000o\000k\000e\000n\000i\000z\000a\000c\000i\000\363\000n\000:\000\040\000s\000e\000\040\000c\000o\000m\000p\000r\000a\000\040\000u\000n\000\040\000c\000r\000\351\000d\000i\000t\000o\000,\000\040\000n\000o\000\040\000l\000a\000\040\000c\000o\000s\000a}{chapter.5}% 43
\BOOKMARK [1][-]{section.5.2}{\376\377\000L\000a\000s\000\040\000s\000o\000c\000i\000e\000d\000a\000d\000e\000s\000\040\000y\000\040\000s\000u\000\040\000r\000e\000l\000a\000c\000i\000\363\000n\000\040\000c\000o\000n\000\040\000l\000o\000s\000\040\000d\000e\000r\000e\000c\000h\000o\000s\000\040\000r\000e\000a\000l\000e\000s}{chapter.5}% 44
\BOOKMARK [1][-]{section.5.3}{\376\377\000A\000l\000c\000a\000n\000c\000e\000\040\000d\000e\000\040\000l\000a\000\040\000m\000a\000t\000e\000r\000i\000a\000\040\000y\000\040\000m\000o\000d\000a\000l\000i\000d\000a\000d\000\040\000d\000e\000l\000\040\000e\000x\000a\000m\000e\000n}{chapter.5}% 45
\BOOKMARK [1][-]{section.5.4}{\376\377\000D\000o\000n\000a\000c\000i\000\363\000n\000\040\000c\000o\000n\000\040\000u\000s\000u\000f\000r\000u\000c\000t\000o\000\040\000y\000\040\000p\000a\000c\000t\000o\000\040\000d\000e\000\040\000r\000e\000v\000e\000r\000s\000i\000\363\000n}{chapter.5}% 46
\BOOKMARK [2][-]{subsection.5.4.1}{\376\377\000F\000u\000n\000d\000a\000m\000e\000n\000t\000o\000\040\000d\000e\000l\000\040\000p\000l\000a\000z\000o\000\040\000m\000\341\000x\000i\000m\000o}{section.5.4}% 47
\BOOKMARK [2][-]{subsection.5.4.2}{\376\377\000C\000a\000s\000o\000s\000\040\000p\000l\000a\000n\000t\000e\000a\000d\000o\000s}{section.5.4}% 48
\BOOKMARK [1][-]{section.5.5}{\376\377\000C\000i\000e\000r\000r\000e}{chapter.5}% 49
\BOOKMARK [1][-]{section.5.6}{\376\377\000C\000u\000a\000d\000r\000o\000\040\000C\000o\000r\000n\000e\000l\000l\000:\000\040\000t\000o\000k\000e\000n\000i\000z\000a\000c\000i\000\363\000n\000,\000\040\000p\000a\000c\000t\000o\000\040\000d\000e\000\040\000r\000e\000v\000e\000r\000s\000i\000\363\000n\000\040\000y\000\040\000e\000x\000a\000m\000e\000n}{chapter.5}% 50
\BOOKMARK [0][-]{chapter.6}{\376\377\000S\000\355\000n\000t\000e\000s\000i\000s\000\040\000f\000i\000n\000a\000l}{}% 51
