\BOOKMARK [0][-]{chapter.1}{\376\377\000I\000n\000t\000r\000o\000d\000u\000c\000c\000i\000\363\000n\000\040\000a\000l\000\040\000D\000e\000r\000e\000c\000h\000o\000\040\000P\000r\000o\000c\000e\000s\000a\000l\000\040\000C\000i\000v\000i\000l}{}% 1
\BOOKMARK [1][-]{section.1.1}{\376\377\000C\000o\000n\000c\000e\000p\000t\000o\000\040\000e\000\040\000i\000m\000p\000o\000r\000t\000a\000n\000c\000i\000a\000\040\000p\000r\000\341\000c\000t\000i\000c\000a}{chapter.1}% 2
\BOOKMARK [2][-]{subsection.1.1.1}{\376\377\000E\000l\000\040\000c\000o\000n\000f\000l\000i\000c\000t\000o\000\040\000j\000u\000r\000\355\000d\000i\000c\000o\000\040\000c\000o\000m\000o\000\040\000o\000r\000i\000g\000e\000n\000\040\000d\000e\000l\000\040\000p\000r\000o\000c\000e\000s\000o}{section.1.1}% 3
\BOOKMARK [2][-]{subsection.1.1.2}{\376\377\000L\000a\000\040\000s\000e\000n\000t\000e\000n\000c\000i\000a\000\040\000c\000o\000m\000o\000\040\000n\000o\000r\000m\000a\000\040\000i\000n\000d\000i\000v\000i\000d\000u\000a\000l}{section.1.1}% 4
\BOOKMARK [0][-]{chapter.2}{\376\377\000A\000u\000t\000o\000n\000o\000m\000\355\000a\000\040\000e\000\040\000U\000n\000i\000d\000a\000d\000\040\000d\000e\000l\000\040\000D\000e\000r\000e\000c\000h\000o\000\040\000P\000r\000o\000c\000e\000s\000a\000l}{}% 5
\BOOKMARK [1][-]{section.2.1}{\376\377\000C\000a\000r\000\341\000c\000t\000e\000r\000\040\000a\000u\000t\000\363\000n\000o\000m\000o}{chapter.2}% 6
\BOOKMARK [1][-]{section.2.2}{\376\377\000U\000n\000i\000d\000a\000d\000\040\000d\000e\000l\000\040\000D\000e\000r\000e\000c\000h\000o\000\040\000P\000r\000o\000c\000e\000s\000a\000l}{chapter.2}% 7
\BOOKMARK [2][-]{subsection.2.2.1}{\376\377\000E\000s\000p\000e\000c\000i\000a\000l\000i\000d\000a\000d\000e\000s\000\040\000d\000e\000l\000\040\000D\000e\000r\000e\000c\000h\000o\000\040\000P\000r\000o\000c\000e\000s\000a\000l}{section.2.2}% 8
\BOOKMARK [0][-]{chapter.3}{\376\377\000F\000u\000e\000n\000t\000e\000s\000\040\000d\000e\000l\000\040\000D\000e\000r\000e\000c\000h\000o\000\040\000P\000r\000o\000c\000e\000s\000a\000l}{}% 9
\BOOKMARK [1][-]{section.3.1}{\376\377\000C\000o\000n\000s\000t\000i\000t\000u\000c\000i\000\363\000n\000\040\000N\000a\000c\000i\000o\000n\000a\000l}{chapter.3}% 10
\BOOKMARK [1][-]{section.3.2}{\376\377\000T\000r\000a\000t\000a\000d\000o\000s\000\040\000I\000n\000t\000e\000r\000n\000a\000c\000i\000o\000n\000a\000l\000e\000s\000\040\000d\000e\000\040\000D\000e\000r\000e\000c\000h\000o\000s\000\040\000H\000u\000m\000a\000n\000o\000s}{chapter.3}% 11
\BOOKMARK [1][-]{section.3.3}{\376\377\000L\000e\000y\000e\000s\000\040\000n\000a\000c\000i\000o\000n\000a\000l\000e\000s\000\040\000y\000\040\000p\000r\000o\000v\000i\000n\000c\000i\000a\000l\000e\000s}{chapter.3}% 12
\BOOKMARK [1][-]{section.3.4}{\376\377\000D\000e\000c\000r\000e\000t\000o\000s}{chapter.3}% 13
\BOOKMARK [1][-]{section.3.5}{\376\377\000J\000u\000r\000i\000s\000p\000r\000u\000d\000e\000n\000c\000i\000a}{chapter.3}% 14
\BOOKMARK [1][-]{section.3.6}{\376\377\000D\000o\000c\000t\000r\000i\000n\000a}{chapter.3}% 15
\BOOKMARK [2][-]{subsection.3.6.1}{\376\377\000D\000i\000n\000\341\000m\000i\000c\000a\000\040\000e\000s\000p\000e\000c\000i\000a\000l\000\040\000d\000e\000\040\000l\000a\000\040\000n\000o\000r\000m\000a\000\040\000p\000r\000o\000c\000e\000s\000a\000l}{section.3.6}% 16
\BOOKMARK [0][-]{chapter.4}{\376\377\000R\000e\000s\000e\000\361\000a\000\040\000H\000i\000s\000t\000\363\000r\000i\000c\000a\000\040\000d\000e\000l\000\040\000D\000e\000r\000e\000c\000h\000o\000\040\000P\000r\000o\000c\000e\000s\000a\000l}{}% 17
\BOOKMARK [1][-]{section.4.1}{\376\377\000E\000l\000\040\000p\000r\000o\000c\000e\000s\000o\000\040\000e\000n\000\040\000e\000l\000\040\000d\000e\000r\000e\000c\000h\000o\000\040\000r\000o\000m\000a\000n\000o}{chapter.4}% 18
\BOOKMARK [1][-]{section.4.2}{\376\377\000I\000n\000f\000l\000u\000e\000n\000c\000i\000a\000\040\000d\000e\000l\000\040\000d\000e\000r\000e\000c\000h\000o\000\040\000g\000e\000r\000m\000\341\000n\000i\000c\000o\000\040\000y\000\040\000E\000d\000a\000d\000\040\000M\000e\000d\000i\000a}{chapter.4}% 19
\BOOKMARK [1][-]{section.4.3}{\376\377\000D\000i\000v\000e\000r\000s\000i\000d\000a\000d\000\040\000d\000e\000\040\000s\000i\000s\000t\000e\000m\000a\000s\000\040\000p\000r\000o\000c\000e\000s\000a\000l\000e\000s\000\040\000e\000n\000\040\000e\000l\000\040\000m\000u\000n\000d\000o}{chapter.4}% 20
\BOOKMARK [2][-]{subsection.4.3.1}{\376\377\000C\000o\000m\000p\000a\000r\000a\000t\000i\000v\000a\000\040\000d\000e\000\040\000s\000i\000s\000t\000e\000m\000a\000s\000\040\000p\000r\000o\000c\000e\000s\000a\000l\000e\000s\000\040\000c\000o\000n\000t\000e\000m\000p\000o\000r\000\341\000n\000e\000o\000s}{section.4.3}% 21
\BOOKMARK [1][-]{section.4.4}{\376\377\000E\000l\000\040\000C\000\363\000d\000i\000g\000o\000\040\000P\000r\000o\000c\000e\000s\000a\000l\000\040\000C\000i\000v\000i\000l\000\040\000y\000\040\000C\000o\000m\000e\000r\000c\000i\000a\000l\000\040\000d\000e\000\040\0001\0009\0006\0007}{chapter.4}% 22
\BOOKMARK [0][-]{chapter.5}{\376\377\000E\000l\000\040\000P\000e\000d\000e\000s\000t\000a\000l\000\040\000B\000\341\000s\000i\000c\000o\000\040\000d\000e\000l\000\040\000D\000e\000r\000e\000c\000h\000o\000\040\000P\000r\000o\000c\000e\000s\000a\000l}{}% 23
\BOOKMARK [1][-]{section.5.1}{\376\377\000J\000u\000r\000i\000s\000d\000i\000c\000c\000i\000\363\000n}{chapter.5}% 24
\BOOKMARK [2][-]{subsection.5.1.1}{\376\377\000D\000e\000f\000i\000n\000i\000c\000i\000\363\000n\000\040\000y\000\040\000f\000u\000n\000c\000i\000o\000n\000a\000l\000i\000d\000a\000d}{section.5.1}% 25
\BOOKMARK [2][-]{subsection.5.1.2}{\376\377\000D\000i\000s\000t\000i\000n\000c\000i\000\363\000n\000\040\000e\000n\000t\000r\000e\000\040\000j\000u\000r\000i\000s\000d\000i\000c\000c\000i\000\363\000n\000\040\000y\000\040\000c\000o\000m\000p\000e\000t\000e\000n\000c\000i\000a}{section.5.1}% 26
\BOOKMARK [2][-]{subsection.5.1.3}{\376\377\000M\000o\000m\000e\000n\000t\000o\000s\000\040\000d\000e\000\040\000l\000a\000\040\000j\000u\000r\000i\000s\000d\000i\000c\000c\000i\000\363\000n}{section.5.1}% 27
\BOOKMARK [2][-]{subsection.5.1.4}{\376\377\000I\000m\000p\000e\000r\000i\000o\000\040\000v\000e\000r\000s\000u\000s\000\040\000J\000u\000r\000i\000s\000d\000i\000c\000c\000i\000\363\000n}{section.5.1}% 28
\BOOKMARK [2][-]{subsection.5.1.5}{\376\377\000J\000u\000r\000i\000s\000d\000i\000c\000c\000i\000\363\000n\000\040\000e\000n\000\040\000\341\000m\000b\000i\000t\000o\000s\000\040\000n\000o\000\040\000j\000u\000d\000i\000c\000i\000a\000l\000e\000s}{section.5.1}% 29
\BOOKMARK [1][-]{section.5.2}{\376\377\000A\000c\000c\000i\000\363\000n\000\040\000y\000\040\000P\000r\000e\000t\000e\000n\000s\000i\000\363\000n}{chapter.5}% 30
\BOOKMARK [2][-]{subsection.5.2.1}{\376\377\000C\000o\000n\000c\000e\000p\000t\000o\000\040\000d\000e\000\040\000a\000c\000c\000i\000\363\000n}{section.5.2}% 31
\BOOKMARK [2][-]{subsection.5.2.2}{\376\377\000L\000a\000\040\000p\000o\000l\000\351\000m\000i\000c\000a\000\040\000W\000i\000n\000d\000s\000c\000h\000e\000i\000d\000-\000M\000u\000t\000h\000e\000r\000:\000\040\000h\000i\000t\000o\000\040\000f\000u\000n\000d\000a\000c\000i\000o\000n\000a\000l}{section.5.2}% 32
\BOOKMARK [2][-]{subsection.5.2.3}{\376\377\000A\000c\000c\000i\000\363\000n\000\040\000e\000n\000\040\000s\000e\000n\000t\000i\000d\000o\000\040\000a\000b\000s\000t\000r\000a\000c\000t\000o\000\040\000y\000\040\000c\000o\000n\000c\000r\000e\000t\000o}{section.5.2}% 33
\BOOKMARK [2][-]{subsection.5.2.4}{\376\377\000L\000a\000\040\000p\000r\000e\000t\000e\000n\000s\000i\000\363\000n}{section.5.2}% 34
\BOOKMARK [2][-]{subsection.5.2.5}{\376\377\000L\000a\000\040\000d\000e\000m\000a\000n\000d\000a}{section.5.2}% 35
\BOOKMARK [1][-]{section.5.3}{\376\377\000P\000r\000o\000c\000e\000s\000o}{chapter.5}% 36
\BOOKMARK [2][-]{subsection.5.3.1}{\376\377\000C\000o\000n\000c\000e\000p\000t\000o\000\040\000y\000\040\000n\000u\000e\000v\000a\000\040\000r\000e\000l\000a\000c\000i\000\363\000n\000\040\000j\000u\000r\000\355\000d\000i\000c\000a}{section.5.3}% 37
\BOOKMARK [2][-]{subsection.5.3.2}{\376\377\000E\000l\000\040\000p\000r\000o\000c\000e\000s\000o\000\040\000c\000o\000m\000o\000\040\000s\000i\000s\000t\000e\000m\000a}{section.5.3}% 38
\BOOKMARK [0][-]{chapter.6}{\376\377\000D\000i\000v\000i\000s\000i\000\363\000n\000\040\000d\000e\000\040\000P\000o\000d\000e\000r\000e\000s\000\040\000y\000\040\000F\000u\000n\000c\000i\000\363\000n\000\040\000J\000u\000r\000i\000s\000d\000i\000c\000c\000i\000o\000n\000a\000l}{}% 39
\BOOKMARK [1][-]{section.6.1}{\376\377\000E\000n\000t\000r\000e\000c\000r\000u\000z\000a\000m\000i\000e\000n\000t\000o\000\040\000d\000e\000\040\000f\000u\000n\000c\000i\000o\000n\000e\000s}{chapter.6}% 40
\BOOKMARK [1][-]{section.6.2}{\376\377\000L\000a\000\040\000f\000u\000n\000c\000i\000\363\000n\000\040\000j\000u\000r\000i\000s\000d\000i\000c\000c\000i\000o\000n\000a\000l\000\040\000e\000n\000\040\000s\000e\000n\000t\000i\000d\000o\000\040\000e\000s\000t\000r\000i\000c\000t\000o}{chapter.6}% 41
\BOOKMARK [0][-]{chapter.7}{\376\377\000T\000a\000b\000l\000a\000\040\000d\000e\000\040\000R\000e\000p\000a\000s\000o\000\040\000C\000o\000r\000n\000e\000l\000l}{}% 42
\BOOKMARK [1][-]{section.7.1}{\376\377\000C\000u\000a\000d\000r\000o\000\040\000C\000o\000r\000n\000e\000l\000l\000:\000\040\000C\000o\000n\000c\000e\000p\000t\000o\000s\000\040\000F\000u\000n\000d\000a\000m\000e\000n\000t\000a\000l\000e\000s\000\040\000d\000e\000l\000\040\000D\000e\000r\000e\000c\000h\000o\000\040\000P\000r\000o\000c\000e\000s\000a\000l\000\040\000C\000i\000v\000i\000l}{chapter.7}% 43
