\BOOKMARK [0][-]{chapter.1}{\376\377\000P\000r\000e\000s\000e\000n\000t\000a\000c\000i\000\363\000n}{}% 1
\BOOKMARK [1][-]{section.1.1}{\376\377\000O\000r\000i\000e\000n\000t\000a\000c\000i\000\363\000n\000\040\000d\000e\000\040\000l\000a\000\040\000m\000a\000t\000e\000r\000i\000a}{chapter.1}% 2
\BOOKMARK [1][-]{section.1.2}{\376\377\000T\000e\000m\000a\000s\000\040\000t\000r\000a\000t\000a\000d\000o\000s}{chapter.1}% 3
\BOOKMARK [1][-]{section.1.3}{\376\377\000U\000t\000i\000l\000i\000d\000a\000d\000\040\000p\000r\000o\000f\000e\000s\000i\000o\000n\000a\000l\000\040\000y\000\040\000p\000e\000r\000s\000o\000n\000a\000l}{chapter.1}% 4
\BOOKMARK [1][-]{section.1.4}{\376\377\000E\000l\000\040\000c\000r\000i\000t\000e\000r\000i\000o\000\040\000d\000e\000\040\000l\000a\000\040\000e\000s\000c\000a\000l\000e\000r\000a}{chapter.1}% 5
\BOOKMARK [1][-]{section.1.5}{\376\377\000C\000u\000a\000d\000r\000o\000\040\000C\000o\000r\000n\000e\000l\000l}{chapter.1}% 6
\BOOKMARK [0][-]{chapter.2}{\376\377\000G\000o\000b\000i\000e\000r\000n\000o\000\040\000e\000l\000e\000c\000t\000r\000\363\000n\000i\000c\000o}{}% 7
\BOOKMARK [1][-]{section.2.1}{\376\377\000E\000l\000\040\000g\000o\000b\000i\000e\000r\000n\000o\000\040\000e\000l\000e\000c\000t\000r\000\363\000n\000i\000c\000o}{chapter.2}% 8
\BOOKMARK [2][-]{subsection.2.1.1}{\376\377\000E\000l\000\040\000c\000o\000n\000t\000e\000x\000t\000o\000\040\000d\000e\000l\000\040\000a\000\361\000o\000\040\0002\0000\0000\0000}{section.2.1}% 9
\BOOKMARK [2][-]{subsection.2.1.2}{\376\377\000A\000d\000o\000p\000c\000i\000\363\000n\000\040\000d\000e\000\040\000l\000a\000\040\000f\000i\000r\000m\000a\000\040\000d\000i\000g\000i\000t\000a\000l}{section.2.1}% 10
\BOOKMARK [2][-]{subsection.2.1.3}{\376\377\000E\000l\000\040\000f\000a\000c\000t\000o\000r\000\040\000c\000a\000t\000a\000l\000\355\000t\000i\000c\000o\000\040\000y\000\040\000e\000l\000\040\000a\000c\000e\000l\000e\000r\000a\000c\000i\000o\000n\000i\000s\000m\000o}{section.2.1}% 11
\BOOKMARK [1][-]{section.2.2}{\376\377\000L\000a\000s\000\040\000l\000e\000y\000e\000s\000\040\0002\0005\000.\0005\0000\0006\000\040\000y\000\040\0002\0005\000.\0003\0002\0006}{chapter.2}% 12
\BOOKMARK [1][-]{section.2.3}{\376\377\000D\000e\000c\000r\000e\000t\000o\000\040\0001\0008\0002\000/\0002\0000\0001\0009}{chapter.2}% 13
\BOOKMARK [1][-]{section.2.4}{\376\377\000C\000u\000a\000d\000r\000o\000\040\000C\000o\000r\000n\000e\000l\000l}{chapter.2}% 14
\BOOKMARK [0][-]{chapter.3}{\376\377\000W\000e\000b\000\040\0001\000.\0000\000\040\000y\000\040\000W\000e\000b\000\040\0002\000.\0000}{}% 15
\BOOKMARK [1][-]{section.3.1}{\376\377\000E\000l\000\040\000c\000i\000r\000c\000u\000i\000t\000o\000\040\000d\000e\000\040\000l\000a\000\040\000i\000n\000n\000o\000v\000a\000c\000i\000\363\000n\000\040\000t\000e\000c\000n\000o\000l\000\363\000g\000i\000c\000a}{chapter.3}% 16
\BOOKMARK [1][-]{section.3.2}{\376\377\000L\000a\000\040\000W\000e\000b\000\040\0001\000.\0000}{chapter.3}% 17
\BOOKMARK [1][-]{section.3.3}{\376\377\000L\000a\000\040\000W\000e\000b\000\040\0002\000.\0000\000\040\000y\000\040\000l\000a\000s\000\040\000e\000m\000p\000r\000e\000s\000a\000s\000\040\000G\000A\000F\000A\000M}{chapter.3}% 18
\BOOKMARK [2][-]{subsection.3.3.1}{\376\377\000E\000l\000\040\000a\000c\000t\000i\000v\000o\000\040\000p\000r\000i\000n\000c\000i\000p\000a\000l\000\040\000d\000e\000\040\000l\000a\000s\000\040\000p\000l\000a\000t\000a\000f\000o\000r\000m\000a\000s}{section.3.3}% 19
\BOOKMARK [1][-]{section.3.4}{\376\377\000C\000u\000a\000d\000r\000o\000\040\000C\000o\000r\000n\000e\000l\000l}{chapter.3}% 20
\BOOKMARK [0][-]{chapter.4}{\376\377\000P\000r\000u\000e\000b\000a\000\040\000e\000l\000e\000c\000t\000r\000\363\000n\000i\000c\000a}{}% 21
\BOOKMARK [1][-]{section.4.1}{\376\377\000N\000u\000e\000v\000a\000s\000\040\000a\000c\000t\000a\000s\000\040\000n\000o\000t\000a\000r\000i\000a\000l\000e\000s\000\040\000e\000n\000\040\000r\000e\000d\000e\000s\000\040\000s\000o\000c\000i\000a\000l\000e\000s}{chapter.4}% 22
\BOOKMARK [1][-]{section.4.2}{\376\377\000L\000a\000\040\000p\000r\000u\000e\000b\000a\000\040\000e\000l\000e\000c\000t\000r\000\363\000n\000i\000c\000a}{chapter.4}% 23
\BOOKMARK [1][-]{section.4.3}{\376\377\000M\000e\000t\000a\000d\000a\000t\000o\000s}{chapter.4}% 24
\BOOKMARK [1][-]{section.4.4}{\376\377\000L\000\355\000m\000i\000t\000e\000s\000\040\000d\000e\000l\000\040\000c\000o\000n\000o\000c\000i\000m\000i\000e\000n\000t\000o\000\040\000t\000\351\000c\000n\000i\000c\000o\000\040\000d\000e\000l\000\040\000n\000o\000t\000a\000r\000i\000o\000:\000\040\000e\000l\000\040\000p\000e\000r\000i\000t\000o}{chapter.4}% 25
\BOOKMARK [1][-]{section.4.5}{\376\377\000C\000a\000d\000e\000n\000a\000\040\000d\000e\000\040\000c\000u\000s\000t\000o\000d\000i\000a\000\040\000y\000\040\000v\000o\000l\000a\000t\000i\000l\000i\000d\000a\000d\000\040\000d\000e\000\040\000l\000a\000\040\000p\000r\000u\000e\000b\000a\000\040\000d\000i\000g\000i\000t\000a\000l}{chapter.4}% 26
\BOOKMARK [1][-]{section.4.6}{\376\377\000C\000u\000a\000d\000r\000o\000\040\000C\000o\000r\000n\000e\000l\000l}{chapter.4}% 27
\BOOKMARK [0][-]{chapter.5}{\376\377\000C\000o\000n\000t\000r\000a\000t\000a\000c\000i\000\363\000n\000\040\000e\000l\000e\000c\000t\000r\000\363\000n\000i\000c\000a}{}% 28
\BOOKMARK [1][-]{section.5.1}{\376\377\000P\000l\000a\000t\000a\000f\000o\000r\000m\000i\000z\000a\000c\000i\000\363\000n\000\040\000d\000e\000\040\000l\000a\000\040\000e\000c\000o\000n\000o\000m\000\355\000a}{chapter.5}% 29
\BOOKMARK [1][-]{section.5.2}{\376\377\000L\000o\000s\000\040\000c\000o\000n\000t\000r\000a\000t\000o\000s\000\040\000e\000l\000e\000c\000t\000r\000\363\000n\000i\000c\000o\000s\000\040\000e\000n\000\040\000e\000l\000\040\000C\000\363\000d\000i\000g\000o\000\040\000C\000i\000v\000i\000l\000\040\000y\000\040\000C\000o\000m\000e\000r\000c\000i\000a\000l}{chapter.5}% 30
\BOOKMARK [1][-]{section.5.3}{\376\377\000T\000e\000n\000s\000i\000\363\000n\000\040\000e\000n\000t\000r\000e\000\040\000l\000a\000\040\000L\000e\000y\000\040\000d\000e\000\040\000F\000i\000r\000m\000a\000\040\000D\000i\000g\000i\000t\000a\000l\000\040\000y\000\040\000e\000l\000\040\000C\000\363\000d\000i\000g\000o\000\040\000C\000i\000v\000i\000l\000\040\000y\000\040\000C\000o\000m\000e\000r\000c\000i\000a\000l}{chapter.5}% 31
\BOOKMARK [1][-]{section.5.4}{\376\377\000C\000u\000a\000d\000r\000o\000\040\000C\000o\000r\000n\000e\000l\000l}{chapter.5}% 32
\BOOKMARK [0][-]{chapter.6}{\376\377\000W\000e\000b\000\040\0003\000.\0000\000\040\000y\000\040\000b\000l\000o\000c\000k\000c\000h\000a\000i\000n}{}% 33
\BOOKMARK [1][-]{section.6.1}{\376\377\000L\000a\000\040\000W\000e\000b\000\040\0003\000.\0000\000\040\000y\000\040\000e\000l\000\040\000p\000a\000r\000a\000d\000i\000g\000m\000a\000\040\000c\000y\000b\000e\000r\000p\000u\000n\000k}{chapter.6}% 34
\BOOKMARK [1][-]{section.6.2}{\376\377\000L\000a\000\040\000c\000r\000i\000s\000i\000s\000\040\000d\000e\000\040\000l\000a\000s\000\040\000h\000i\000p\000o\000t\000e\000c\000a\000s\000\040\000s\000u\000b\000p\000r\000i\000m\000e}{chapter.6}% 35
\BOOKMARK [1][-]{section.6.3}{\376\377\000S\000a\000t\000o\000s\000h\000i\000\040\000N\000a\000k\000a\000m\000o\000t\000o\000\040\000y\000\040\000e\000l\000\040\000w\000h\000i\000t\000e\000\040\000p\000a\000p\000e\000r\000\040\000d\000e\000\040\000B\000i\000t\000c\000o\000i\000n}{chapter.6}% 36
\BOOKMARK [1][-]{section.6.4}{\376\377\000R\000e\000g\000l\000a\000s\000\040\000d\000e\000\040\000j\000u\000e\000g\000o\000\040\000d\000e\000\040\000l\000a\000s\000\040\000p\000l\000a\000t\000a\000f\000o\000r\000m\000a\000s\000\040\000t\000o\000k\000e\000n\000i\000z\000a\000d\000a\000s}{chapter.6}% 37
\BOOKMARK [1][-]{section.6.5}{\376\377\000C\000u\000a\000d\000r\000o\000\040\000C\000o\000r\000n\000e\000l\000l}{chapter.6}% 38
\BOOKMARK [0][-]{chapter.7}{\376\377\000E\000s\000t\000a\000f\000a\000s\000\040\000y\000\040\000e\000s\000q\000u\000e\000m\000a\000s\000\040\000P\000o\000n\000z\000i}{}% 39
\BOOKMARK [1][-]{section.7.1}{\376\377\000T\000o\000k\000e\000n\000i\000z\000a\000c\000i\000\363\000n\000\040\000y\000\040\000e\000s\000t\000a\000f\000a\000s\000\040\000\050\000s\000c\000a\000m\000s\000\051}{chapter.7}% 40
\BOOKMARK [1][-]{section.7.2}{\376\377\000E\000s\000q\000u\000e\000m\000a\000s\000\040\000p\000i\000r\000a\000m\000i\000d\000a\000l\000e\000s}{chapter.7}% 41
\BOOKMARK [1][-]{section.7.3}{\376\377\000L\000a\000\040\000f\000a\000l\000t\000a\000\040\000d\000e\000\040\000d\000e\000n\000u\000n\000c\000i\000a}{chapter.7}% 42
\BOOKMARK [1][-]{section.7.4}{\376\377\000E\000l\000\040\000r\000i\000e\000s\000g\000o\000\040\000p\000a\000r\000a\000\040\000e\000l\000\040\000o\000p\000e\000r\000a\000d\000o\000r\000\040\000j\000u\000r\000\355\000d\000i\000c\000o}{chapter.7}% 43
\BOOKMARK [1][-]{section.7.5}{\376\377\000C\000u\000a\000d\000r\000o\000\040\000C\000o\000r\000n\000e\000l\000l}{chapter.7}% 44
\BOOKMARK [0][-]{chapter.8}{\376\377\000C\000i\000e\000r\000r\000e\000\040\000y\000\040\000c\000o\000n\000s\000i\000g\000n\000a\000s}{}% 45
\BOOKMARK [1][-]{section.8.1}{\376\377\000S\000e\000n\000t\000i\000d\000o\000\040\000d\000e\000l\000\040\000r\000e\000c\000o\000r\000r\000i\000d\000o\000\040\000r\000e\000a\000l\000i\000z\000a\000d\000o}{chapter.8}% 46
\BOOKMARK [1][-]{section.8.2}{\376\377\000C\000o\000n\000s\000i\000g\000n\000a\000\040\000d\000e\000\040\000l\000e\000c\000t\000u\000r\000a\000\040\000o\000b\000l\000i\000g\000a\000t\000o\000r\000i\000a}{chapter.8}% 47
\BOOKMARK [1][-]{section.8.3}{\376\377\000C\000a\000s\000o\000\040\000d\000i\000s\000p\000a\000r\000a\000d\000o\000r}{chapter.8}% 48
\BOOKMARK [1][-]{section.8.4}{\376\377\000C\000u\000a\000d\000r\000o\000\040\000C\000o\000r\000n\000e\000l\000l}{chapter.8}% 49
