\BOOKMARK [0][-]{chapter.1}{\376\377\000C\000a\000d\000u\000c\000i\000d\000a\000d\000\040\000y\000\040\000N\000e\000g\000l\000i\000g\000e\000n\000c\000i\000a\000\040\000e\000n\000\040\000l\000a\000\040\000P\000r\000o\000d\000u\000c\000c\000i\000\363\000n\000\040\000d\000e\000\040\000l\000a\000\040\000P\000r\000u\000e\000b\000a}{}% 1
\BOOKMARK [1][-]{section.1.1}{\376\377\000C\000o\000n\000t\000e\000x\000t\000o\000\040\000P\000r\000o\000c\000e\000s\000a\000l}{chapter.1}% 2
\BOOKMARK [1][-]{section.1.2}{\376\377\000C\000a\000d\000u\000c\000i\000d\000a\000d\000\040\000d\000e\000\040\000l\000a\000\040\000P\000r\000u\000e\000b\000a}{chapter.1}% 3
\BOOKMARK [2][-]{subsection.1.2.1}{\376\377\000T\000i\000p\000o\000s\000\040\000d\000e\000\040\000C\000a\000d\000u\000c\000i\000d\000a\000d}{section.1.2}% 4
\BOOKMARK [1][-]{section.1.3}{\376\377\000N\000e\000g\000l\000i\000g\000e\000n\000c\000i\000a\000\040\000e\000n\000\040\000l\000a\000\040\000P\000r\000o\000d\000u\000c\000c\000i\000\363\000n\000\040\000d\000e\000\040\000l\000a\000\040\000P\000r\000u\000e\000b\000a}{chapter.1}% 5
\BOOKMARK [1][-]{section.1.4}{\376\377\000D\000i\000f\000e\000r\000e\000n\000c\000i\000a\000s\000\040\000e\000n\000t\000r\000e\000\040\000C\000a\000d\000u\000c\000i\000d\000a\000d\000\040\000y\000\040\000N\000e\000g\000l\000i\000g\000e\000n\000c\000i\000a}{chapter.1}% 6
\BOOKMARK [1][-]{section.1.5}{\376\377\000C\000o\000n\000s\000e\000c\000u\000e\000n\000c\000i\000a\000s\000\040\000P\000r\000o\000c\000e\000s\000a\000l\000e\000s\000\040\000y\000\040\000R\000e\000s\000p\000o\000n\000s\000a\000b\000i\000l\000i\000d\000a\000d\000\040\000d\000e\000l\000\040\000A\000b\000o\000g\000a\000d\000o}{chapter.1}% 7
\BOOKMARK [2][-]{subsection.1.5.1}{\376\377\000R\000e\000p\000l\000a\000n\000t\000e\000o\000\040\000d\000e\000\040\000P\000r\000u\000e\000b\000a\000\040\000e\000n\000\040\000S\000e\000g\000u\000n\000d\000a\000\040\000I\000n\000s\000t\000a\000n\000c\000i\000a}{section.1.5}% 8
\BOOKMARK [2][-]{subsection.1.5.2}{\376\377\000E\000l\000\040\000O\000f\000i\000c\000i\000o\000\040\000R\000e\000i\000t\000e\000r\000a\000t\000o\000r\000i\000o}{section.1.5}% 9
\BOOKMARK [2][-]{subsection.1.5.3}{\376\377\000I\000m\000p\000a\000c\000t\000o\000\040\000s\000o\000b\000r\000e\000\040\000l\000a\000\040\000E\000s\000t\000r\000a\000t\000e\000g\000i\000a\000\040\000P\000r\000o\000b\000a\000t\000o\000r\000i\000a}{section.1.5}% 10
\BOOKMARK [1][-]{section*.4}{\376\377\000C\000u\000a\000d\000r\000o\000\040\000C\000o\000r\000n\000e\000l\000l\000:\000\040\000C\000a\000d\000u\000c\000i\000d\000a\000d\000\040\000y\000\040\000N\000e\000g\000l\000i\000g\000e\000n\000c\000i\000a}{chapter.1}% 11
\BOOKMARK [0][-]{chapter.2}{\376\377\000H\000e\000c\000h\000o\000s\000\040\000N\000u\000e\000v\000o\000s\000,\000\040\000R\000e\000c\000u\000r\000s\000o\000s\000\040\000y\000\040\000E\000f\000e\000c\000t\000o\000\040\000D\000i\000f\000e\000r\000i\000d\000o}{}% 12
\BOOKMARK [1][-]{section.2.1}{\376\377\000C\000o\000n\000c\000e\000p\000t\000o\000\040\000d\000e\000\040\000H\000e\000c\000h\000o\000s\000\040\000N\000u\000e\000v\000o\000s}{chapter.2}% 13
\BOOKMARK [1][-]{section.2.2}{\376\377\000U\000b\000i\000c\000a\000c\000i\000\363\000n\000\040\000T\000e\000m\000p\000o\000r\000a\000l\000\040\000y\000\040\000P\000l\000a\000z\000o}{chapter.2}% 14
\BOOKMARK [1][-]{section.2.3}{\376\377\000T\000r\000a\000s\000l\000a\000d\000o\000\040\000y\000\040\000B\000i\000l\000a\000t\000e\000r\000a\000l\000i\000d\000a\000d}{chapter.2}% 15
\BOOKMARK [1][-]{section.2.4}{\376\377\000E\000l\000\040\000S\000i\000s\000t\000e\000m\000a\000\040\000R\000e\000c\000u\000r\000s\000i\000v\000o}{chapter.2}% 16
\BOOKMARK [2][-]{subsection.2.4.1}{\376\377\000E\000l\000\040\000A\000g\000r\000a\000v\000i\000o\000\040\000c\000o\000m\000o\000\040\000P\000r\000e\000s\000u\000p\000u\000e\000s\000t\000o\000\040\000d\000e\000l\000\040\000R\000e\000c\000u\000r\000s\000o}{section.2.4}% 17
\BOOKMARK [2][-]{subsection.2.4.2}{\376\377\000P\000a\000s\000o\000s\000\040\000d\000e\000l\000\040\000R\000e\000c\000u\000r\000s\000o\000\040\000d\000e\000\040\000A\000p\000e\000l\000a\000c\000i\000\363\000n}{section.2.4}% 18
\BOOKMARK [2][-]{subsection.2.4.3}{\376\377\000E\000l\000\040\000R\000e\000c\000u\000r\000s\000o\000\040\000d\000e\000\040\000Q\000u\000e\000j\000a}{section.2.4}% 19
\BOOKMARK [1][-]{section.2.5}{\376\377\000E\000l\000\040\000E\000f\000e\000c\000t\000o\000\040\000D\000i\000f\000e\000r\000i\000d\000o}{chapter.2}% 20
\BOOKMARK [1][-]{section.2.6}{\376\377\000T\000i\000p\000o\000s\000\040\000d\000e\000\040\000E\000r\000r\000o\000r\000\040\000J\000u\000d\000i\000c\000i\000a\000l\000\040\000e\000n\000\040\000l\000a\000s\000\040\000R\000e\000s\000o\000l\000u\000c\000i\000o\000n\000e\000s\000\040\000R\000e\000c\000u\000r\000r\000i\000b\000l\000e\000s}{chapter.2}% 21
\BOOKMARK [1][-]{section*.9}{\376\377\000C\000u\000a\000d\000r\000o\000\040\000C\000o\000r\000n\000e\000l\000l\000:\000\040\000H\000e\000c\000h\000o\000s\000\040\000N\000u\000e\000v\000o\000s\000,\000\040\000R\000e\000c\000u\000r\000s\000o\000s\000\040\000y\000\040\000E\000f\000e\000c\000t\000o\000\040\000D\000i\000f\000e\000r\000i\000d\000o}{chapter.2}% 22
\BOOKMARK [0][-]{chapter.3}{\376\377\000C\000u\000e\000s\000t\000i\000\363\000n\000\040\000d\000e\000\040\000P\000u\000r\000o\000\040\000D\000e\000r\000e\000c\000h\000o\000\040\000\050\000A\000r\000t\000\355\000c\000u\000l\000o\000\040\0003\0005\0009\000\040\000C\000P\000C\000C\000N\000\051}{}% 23
\BOOKMARK [1][-]{section.3.1}{\376\377\000C\000o\000n\000c\000e\000p\000t\000o\000\040\000y\000\040\000B\000a\000s\000e\000\040\000L\000e\000g\000a\000l}{chapter.3}% 24
\BOOKMARK [1][-]{section.3.2}{\376\377\000D\000i\000f\000e\000r\000e\000n\000c\000i\000a\000\040\000C\000e\000n\000t\000r\000a\000l\000\040\000c\000o\000n\000\040\000e\000l\000\040\000P\000r\000o\000c\000e\000s\000o\000\040\000O\000r\000d\000i\000n\000a\000r\000i\000o}{chapter.3}% 25
\BOOKMARK [1][-]{section.3.3}{\376\377\000S\000u\000p\000u\000e\000s\000t\000o\000s\000\040\000e\000n\000\040\000q\000u\000e\000\040\000P\000r\000o\000c\000e\000d\000e}{chapter.3}% 26
\BOOKMARK [1][-]{section.3.4}{\376\377\000P\000r\000o\000c\000e\000d\000i\000m\000i\000e\000n\000t\000o}{chapter.3}% 27
\BOOKMARK [1][-]{section.3.5}{\376\377\000A\000p\000l\000i\000c\000a\000c\000i\000\363\000n\000\040\000e\000n\000\040\000e\000l\000\040\000J\000u\000i\000c\000i\000o\000\040\000E\000j\000e\000c\000u\000t\000i\000v\000o}{chapter.3}% 28
\BOOKMARK [0][-]{chapter.4}{\376\377\000A\000c\000c\000i\000\363\000n\000\040\000M\000e\000r\000a\000m\000e\000n\000t\000e\000\040\000D\000e\000c\000l\000a\000r\000a\000t\000i\000v\000a\000\040\000e\000\040\000I\000n\000c\000o\000n\000s\000t\000i\000t\000u\000c\000i\000o\000n\000a\000l\000i\000d\000a\000d}{}% 29
\BOOKMARK [1][-]{section.4.1}{\376\377\000C\000o\000n\000c\000e\000p\000t\000o\000\040\000d\000e\000\040\000A\000c\000c\000i\000\363\000n\000\040\000M\000e\000r\000a\000m\000e\000n\000t\000e\000\040\000D\000e\000c\000l\000a\000r\000a\000t\000i\000v\000a}{chapter.4}% 30
\BOOKMARK [1][-]{section.4.2}{\376\377\000R\000e\000q\000u\000i\000s\000i\000t\000o\000\040\000d\000e\000l\000\040\000C\000a\000s\000o\000\040\000C\000o\000n\000c\000r\000e\000t\000o}{chapter.4}% 31
\BOOKMARK [1][-]{section.4.3}{\376\377\000C\000a\000s\000o\000\040\000P\000r\000\341\000c\000t\000i\000c\000o\000:\000\040\000E\000l\000\040\000C\000o\000n\000s\000e\000j\000o\000\040\000F\000e\000d\000e\000r\000a\000l\000\040\000P\000e\000s\000q\000u\000e\000r\000o}{chapter.4}% 32
\BOOKMARK [2][-]{subsection.4.3.1}{\376\377\000C\000o\000n\000t\000e\000x\000t\000o}{section.4.3}% 33
\BOOKMARK [2][-]{subsection.4.3.2}{\376\377\000E\000l\000\040\000P\000r\000o\000b\000l\000e\000m\000a\000\040\000J\000u\000r\000\355\000d\000i\000c\000o\000:\000\040\000A\000u\000s\000e\000n\000c\000i\000a\000\040\000d\000e\000\040\000L\000i\000c\000i\000t\000a\000c\000i\000\363\000n}{section.4.3}% 34
\BOOKMARK [2][-]{subsection.4.3.3}{\376\377\000E\000s\000t\000r\000a\000t\000e\000g\000i\000a\000\040\000J\000u\000r\000\355\000d\000i\000c\000a}{section.4.3}% 35
\BOOKMARK [2][-]{subsection.4.3.4}{\376\377\000P\000l\000a\000n\000t\000e\000o\000\040\000d\000e\000\040\000I\000n\000c\000o\000n\000s\000t\000i\000t\000u\000c\000i\000o\000n\000a\000l\000i\000d\000a\000d}{section.4.3}% 36
\BOOKMARK [2][-]{subsection.4.3.5}{\376\377\000D\000e\000m\000a\000n\000d\000a\000d\000o\000s}{section.4.3}% 37
\BOOKMARK [1][-]{section.4.4}{\376\377\000L\000a\000\040\000C\000u\000e\000s\000t\000i\000\363\000n\000\040\000d\000e\000\040\000P\000u\000r\000o\000\040\000D\000e\000r\000e\000c\000h\000o\000\040\000e\000n\000\040\000e\000s\000t\000e\000\040\000C\000a\000s\000o}{chapter.4}% 38
\BOOKMARK [1][-]{section*.11}{\376\377\000C\000u\000a\000d\000r\000o\000\040\000C\000o\000r\000n\000e\000l\000l\000:\000\040\000C\000u\000e\000s\000t\000i\000\363\000n\000\040\000d\000e\000\040\000P\000u\000r\000o\000\040\000D\000e\000r\000e\000c\000h\000o\000\040\000y\000\040\000A\000c\000c\000i\000\363\000n\000\040\000M\000e\000r\000a\000m\000e\000n\000t\000e\000\040\000D\000e\000c\000l\000a\000r\000a\000t\000i\000v\000a}{chapter.4}% 39
\BOOKMARK [0][-]{chapter.5}{\376\377\000E\000s\000t\000r\000a\000t\000e\000g\000i\000a\000\040\000P\000r\000o\000b\000a\000t\000o\000r\000i\000a\000\040\000e\000n\000\040\000R\000e\000s\000p\000o\000n\000s\000a\000b\000i\000l\000i\000d\000a\000d\000\040\000C\000i\000v\000i\000l}{}% 40
\BOOKMARK [1][-]{section.5.1}{\376\377\000E\000l\000\040\000C\000a\000s\000o\000\040\000P\000r\000\341\000c\000t\000i\000c\000o\000:\000\040\000A\000c\000c\000i\000d\000e\000n\000t\000e\000\040\000e\000n\000\040\000E\000m\000b\000a\000r\000c\000a\000c\000i\000\363\000n}{chapter.5}% 41
\BOOKMARK [1][-]{section.5.2}{\376\377\000E\000l\000\040\000E\000j\000e\000\040\000C\000e\000n\000t\000r\000a\000l\000:\000\040\000P\000r\000o\000b\000a\000r\000\040\000e\000l\000\040\000H\000e\000c\000h\000o\000\040\000v\000s\000.\000\040\000P\000r\000o\000b\000a\000r\000\040\000l\000o\000s\000\040\000D\000a\000\361\000o\000s}{chapter.5}% 42
\BOOKMARK [1][-]{section.5.3}{\376\377\000M\000e\000d\000i\000o\000s\000\040\000d\000e\000\040\000P\000r\000u\000e\000b\000a\000\040\000d\000e\000l\000\040\000H\000e\000c\000h\000o\000\040\000C\000a\000u\000s\000a\000n\000t\000e}{chapter.5}% 43
\BOOKMARK [2][-]{subsection.5.3.1}{\376\377\000P\000r\000u\000e\000b\000a\000\040\000T\000e\000s\000t\000i\000m\000o\000n\000i\000a\000l}{section.5.3}% 44
\BOOKMARK [2][-]{subsection.5.3.2}{\376\377\000P\000r\000u\000e\000b\000a\000\040\000I\000n\000f\000o\000r\000m\000a\000t\000i\000v\000a}{section.5.3}% 45
\BOOKMARK [2][-]{subsection.5.3.3}{\376\377\000P\000r\000u\000e\000b\000a\000\040\000D\000o\000c\000u\000m\000e\000n\000t\000a\000l}{section.5.3}% 46
\BOOKMARK [2][-]{subsection.5.3.4}{\376\377\000P\000r\000u\000e\000b\000a\000\040\000P\000e\000r\000i\000c\000i\000a\000l}{section.5.3}% 47
\BOOKMARK [1][-]{section.5.4}{\376\377\000M\000e\000d\000i\000o\000s\000\040\000d\000e\000\040\000P\000r\000u\000e\000b\000a\000\040\000d\000e\000\040\000l\000o\000s\000\040\000D\000a\000\361\000o\000s}{chapter.5}% 48
\BOOKMARK [2][-]{subsection.5.4.1}{\376\377\000D\000a\000\361\000o\000\040\000M\000o\000r\000a\000l}{section.5.4}% 49
\BOOKMARK [2][-]{subsection.5.4.2}{\376\377\000D\000a\000\361\000o\000\040\000P\000s\000i\000c\000o\000l\000\363\000g\000i\000c\000o}{section.5.4}% 50
\BOOKMARK [2][-]{subsection.5.4.3}{\376\377\000P\000\351\000r\000d\000i\000d\000a\000\040\000d\000e\000\040\000C\000h\000a\000n\000c\000e\000\040\000y\000\040\000L\000u\000c\000r\000o\000\040\000C\000e\000s\000a\000n\000t\000e}{section.5.4}% 51
\BOOKMARK [1][-]{section*.13}{\376\377\000C\000u\000a\000d\000r\000o\000\040\000C\000o\000r\000n\000e\000l\000l\000:\000\040\000E\000s\000t\000r\000a\000t\000e\000g\000i\000a\000\040\000P\000r\000o\000b\000a\000t\000o\000r\000i\000a\000\040\000e\000n\000\040\000R\000e\000s\000p\000o\000n\000s\000a\000b\000i\000l\000i\000d\000a\000d\000\040\000C\000i\000v\000i\000l}{chapter.5}% 52
\BOOKMARK [0][-]{chapter*.15}{\376\377\000C\000u\000a\000d\000r\000o\000\040\000C\000o\000r\000n\000e\000l\000l\000\040\000I\000n\000t\000e\000g\000r\000a\000d\000o\000r}{}% 53
