\BOOKMARK [0][-]{chapter*.2}{\376\377\000P\000r\000e\000s\000e\000n\000t\000a\000c\000i\000\363\000n\000\040\000d\000e\000\040\000e\000s\000t\000o\000s\000\040\000a\000p\000u\000n\000t\000e\000s}{}% 1
\BOOKMARK [0][-]{chapter.1}{\376\377\000P\000u\000n\000t\000o\000\040\000d\000e\000\040\000p\000a\000r\000t\000i\000d\000a}{}% 2
\BOOKMARK [1][-]{section.1.1}{\376\377\000S\000i\000s\000t\000e\000m\000a\000s\000\040\000p\000o\000l\000\355\000t\000i\000c\000o\000s\000\040\000y\000\040\000p\000r\000i\000n\000c\000i\000p\000i\000o\000\040\000d\000e\000\040\000r\000e\000s\000e\000r\000v\000a\000:\000\040\000a\000g\000e\000n\000d\000a\000\040\000d\000e\000\040\000l\000a\000\040\000u\000n\000i\000d\000a\000d}{chapter.1}% 3
\BOOKMARK [1][-]{section.1.2}{\376\377\000\277\000C\000o\000n\000g\000r\000e\000s\000o\000\040\000N\000a\000c\000i\000o\000n\000a\000l\000\040\000o\000\040\000P\000a\000r\000l\000a\000m\000e\000n\000t\000o\000?}{chapter.1}% 4
\BOOKMARK [0][-]{chapter.2}{\376\377\000E\000l\000\040\000s\000i\000s\000t\000e\000m\000a\000\040\000c\000o\000n\000s\000t\000i\000t\000u\000c\000i\000o\000n\000a\000l\000\040\000a\000r\000g\000e\000n\000t\000i\000n\000o}{}% 5
\BOOKMARK [1][-]{section.2.1}{\376\377\000F\000o\000r\000m\000a\000\040\000d\000e\000\040\000g\000o\000b\000i\000e\000r\000n\000o\000:\000\040\000r\000e\000p\000r\000e\000s\000e\000n\000t\000a\000t\000i\000v\000o\000,\000\040\000r\000e\000p\000u\000b\000l\000i\000c\000a\000n\000o\000\040\000y\000\040\000f\000e\000d\000e\000r\000a\000l}{chapter.2}% 6
\BOOKMARK [1][-]{section.2.2}{\376\377\000D\000i\000v\000i\000s\000i\000\363\000n\000\040\000d\000e\000\040\000p\000o\000d\000e\000r\000e\000s\000\040\000e\000\040\000i\000n\000c\000o\000m\000p\000a\000t\000i\000b\000i\000l\000i\000d\000a\000d\000\040\000d\000e\000\040\000c\000a\000r\000g\000o\000s}{chapter.2}% 7
\BOOKMARK [2][-]{subsection.2.2.1}{\376\377\000E\000l\000\040\000P\000o\000d\000e\000r\000\040\000E\000j\000e\000c\000u\000t\000i\000v\000o\000\040\000y\000\040\000l\000o\000s\000\040\000a\000c\000t\000o\000s\000\040\000d\000e\000\040\000n\000a\000t\000u\000r\000a\000l\000e\000z\000a\000\040\000j\000u\000d\000i\000c\000i\000a\000l}{section.2.2}% 8
\BOOKMARK [1][-]{section.2.3}{\376\377\000D\000e\000c\000r\000e\000t\000o\000s\000\040\000d\000e\000l\000\040\000E\000j\000e\000c\000u\000t\000i\000v\000o\000:\000\040\000D\000N\000U\000\040\000y\000\040\000d\000e\000c\000r\000e\000t\000o\000s\000\040\000d\000e\000l\000e\000g\000a\000d\000o\000s}{chapter.2}% 9
\BOOKMARK [2][-]{subsection.2.3.1}{\376\377\000D\000e\000c\000r\000e\000t\000o\000s\000\040\000d\000e\000\040\000n\000e\000c\000e\000s\000i\000d\000a\000d\000\040\000y\000\040\000u\000r\000g\000e\000n\000c\000i\000a\000\040\000\050\000D\000N\000U\000\051}{section.2.3}% 10
\BOOKMARK [2][-]{subsection.2.3.2}{\376\377\000D\000e\000c\000r\000e\000t\000o\000s\000\040\000d\000e\000l\000e\000g\000a\000d\000o\000s}{section.2.3}% 11
\BOOKMARK [1][-]{section.2.4}{\376\377\000L\000\355\000m\000i\000t\000e\000s\000\040\000a\000l\000\040\000P\000o\000d\000e\000r\000\040\000J\000u\000d\000i\000c\000i\000a\000l\000\040\000y\000\040\000a\000l\000\040\000P\000o\000d\000e\000r\000\040\000L\000e\000g\000i\000s\000l\000a\000t\000i\000v\000o\000:\000\040\000e\000l\000\040\000a\000r\000t\000\355\000c\000u\000l\000o\000\040\0002\0009}{chapter.2}% 12
\BOOKMARK [2][-]{subsection.2.4.1}{\376\377\000L\000\355\000m\000i\000t\000e\000s\000\040\000p\000a\000r\000a\000\040\000e\000l\000\040\000P\000o\000d\000e\000r\000\040\000J\000u\000d\000i\000c\000i\000a\000l}{section.2.4}% 13
\BOOKMARK [2][-]{subsection.2.4.2}{\376\377\000L\000\355\000m\000i\000t\000e\000s\000\040\000p\000a\000r\000a\000\040\000e\000l\000\040\000P\000o\000d\000e\000r\000\040\000L\000e\000g\000i\000s\000l\000a\000t\000i\000v\000o}{section.2.4}% 14
\BOOKMARK [2][-]{subsection.2.4.3}{\376\377\000L\000a\000\040\000c\000l\000\341\000u\000s\000u\000l\000a\000\040\000d\000e\000\040\000l\000a\000s\000\040\000f\000a\000c\000u\000l\000t\000a\000d\000e\000s\000\040\000e\000x\000t\000r\000a\000o\000r\000d\000i\000n\000a\000r\000i\000a\000s}{section.2.4}% 15
\BOOKMARK [1][-]{section.2.5}{\376\377\000F\000e\000d\000e\000r\000a\000l\000i\000s\000m\000o\000\040\000y\000\040\000c\000o\000p\000a\000r\000t\000i\000c\000i\000p\000a\000c\000i\000\363\000n}{chapter.2}% 16
\BOOKMARK [1][-]{section.2.6}{\376\377\000V\000a\000s\000o\000s\000\040\000c\000o\000m\000u\000n\000i\000c\000a\000n\000t\000e\000s\000\040\000e\000n\000t\000r\000e\000\040\000p\000o\000d\000e\000r\000e\000s}{chapter.2}% 17
\BOOKMARK [0][-]{chapter.3}{\376\377\000E\000l\000\040\000s\000i\000s\000t\000e\000m\000a\000\040\000p\000a\000r\000l\000a\000m\000e\000n\000t\000a\000r\000i\000o}{}% 18
\BOOKMARK [1][-]{section.3.1}{\376\377\000R\000a\000s\000g\000o\000s\000\040\000d\000e\000l\000\040\000s\000i\000s\000t\000e\000m\000a\000\040\000p\000a\000r\000l\000a\000m\000e\000n\000t\000a\000r\000i\000o}{chapter.3}% 19
\BOOKMARK [2][-]{subsection.3.1.1}{\376\377\000F\000l\000e\000x\000i\000b\000i\000l\000i\000d\000a\000d\000\040\000f\000r\000e\000n\000t\000e\000\040\000a\000\040\000e\000s\000t\000a\000b\000i\000l\000i\000d\000a\000d}{section.3.1}% 20
\BOOKMARK [1][-]{section.3.2}{\376\377\000V\000o\000t\000o\000\040\000d\000e\000\040\000c\000e\000n\000s\000u\000r\000a\000,\000\040\000d\000i\000s\000o\000l\000u\000c\000i\000\363\000n\000\040\000d\000e\000l\000\040\000p\000a\000r\000l\000a\000m\000e\000n\000t\000o\000\040\000y\000\040\000j\000u\000i\000c\000i\000o\000\040\000p\000o\000l\000\355\000t\000i\000c\000o}{chapter.3}% 21
\BOOKMARK [2][-]{subsection.3.2.1}{\376\377\000P\000r\000i\000m\000e\000r\000\040\000m\000e\000c\000a\000n\000i\000s\000m\000o\000:\000\040\000e\000l\000\040\000v\000o\000t\000o\000\040\000d\000e\000\040\000c\000e\000n\000s\000u\000r\000a}{section.3.2}% 22
\BOOKMARK [2][-]{subsection.3.2.2}{\376\377\000S\000e\000g\000u\000n\000d\000o\000\040\000m\000e\000c\000a\000n\000i\000s\000m\000o\000:\000\040\000l\000a\000\040\000d\000i\000s\000o\000l\000u\000c\000i\000\363\000n\000\040\000d\000e\000l\000\040\000p\000a\000r\000l\000a\000m\000e\000n\000t\000o}{section.3.2}% 23
\BOOKMARK [2][-]{subsection.3.2.3}{\376\377\000L\000o\000\040\000q\000u\000e\000\040\000n\000o\000\040\000o\000c\000u\000r\000r\000e\000\040\000e\000n\000\040\000e\000l\000\040\000s\000i\000s\000t\000e\000m\000a\000\040\000a\000r\000g\000e\000n\000t\000i\000n\000o}{section.3.2}% 24
\BOOKMARK [1][-]{section.3.3}{\376\377\000F\000l\000e\000x\000i\000b\000i\000l\000i\000d\000a\000d\000,\000\040\000i\000n\000e\000s\000t\000a\000b\000i\000l\000i\000d\000a\000d\000\040\000y\000\040\000s\000i\000s\000t\000e\000m\000a\000s\000\040\000d\000e\000\040\000p\000a\000r\000t\000i\000d\000o\000s}{chapter.3}% 25
\BOOKMARK [0][-]{chapter.4}{\376\377\000P\000a\000r\000t\000i\000d\000o\000s\000\040\000p\000o\000l\000\355\000t\000i\000c\000o\000s}{}% 26
\BOOKMARK [1][-]{section.4.1}{\376\377\000R\000\351\000g\000i\000m\000e\000n\000\040\000l\000e\000g\000a\000l\000\040\000d\000e\000\040\000l\000o\000s\000\040\000p\000a\000r\000t\000i\000d\000o\000s\000\040\000p\000o\000l\000\355\000t\000i\000c\000o\000s}{chapter.4}% 27
\BOOKMARK [1][-]{section.4.2}{\376\377\000N\000a\000t\000u\000r\000a\000l\000e\000z\000a\000\040\000j\000u\000r\000\355\000d\000i\000c\000a\000\040\000y\000\040\000t\000r\000a\000n\000s\000p\000a\000r\000e\000n\000c\000i\000a\000\040\000d\000e\000l\000\040\000p\000a\000t\000r\000i\000m\000o\000n\000i\000o}{chapter.4}% 28
\BOOKMARK [0][-]{chapter.5}{\376\377\000P\000r\000i\000n\000c\000i\000p\000i\000o\000\040\000d\000e\000\040\000r\000e\000s\000e\000r\000v\000a}{}% 29
\BOOKMARK [1][-]{section.5.1}{\376\377\000E\000l\000\040\000a\000r\000t\000\355\000c\000u\000l\000o\000\040\0001\0009\000\040\000y\000\040\000s\000u\000\040\000a\000l\000c\000a\000n\000c\000e}{chapter.5}% 30
\BOOKMARK [1][-]{section.5.2}{\376\377\000C\000o\000n\000s\000u\000m\000o\000\040\000p\000e\000r\000s\000o\000n\000a\000l\000\040\000d\000e\000\040\000e\000s\000t\000u\000p\000e\000f\000a\000c\000i\000e\000n\000t\000e\000s\000:\000\040\000e\000l\000\040\000c\000a\000s\000o\000\040\000B\000a\000z\000t\000e\000r\000r\000i\000c\000a}{chapter.5}% 31
\BOOKMARK [1][-]{section.5.3}{\376\377\000I\000n\000t\000e\000r\000r\000u\000p\000c\000i\000\363\000n\000\040\000d\000e\000l\000\040\000e\000m\000b\000a\000r\000a\000z\000o\000\040\000y\000\040\000m\000u\000e\000r\000t\000e\000\040\000a\000s\000i\000s\000t\000i\000d\000a}{chapter.5}% 32
\BOOKMARK [2][-]{subsection.5.3.1}{\376\377\000L\000a\000\040\000d\000o\000c\000t\000r\000i\000n\000a\000\040\000R\000o\000e\000\040\000v\000.\000\040\000W\000a\000d\000e}{section.5.3}% 33
\BOOKMARK [2][-]{subsection.5.3.2}{\376\377\000L\000a\000\040\000m\000u\000e\000r\000t\000e\000\040\000a\000s\000i\000s\000t\000i\000d\000a\000\040\000y\000\040\000s\000\355\000n\000t\000e\000s\000i\000s\000\040\000d\000e\000l\000\040\000a\000r\000t\000\355\000c\000u\000l\000o\000\040\0001\0009}{section.5.3}% 34
\BOOKMARK [0][-]{chapter.6}{\376\377\000I\000n\000t\000i\000m\000i\000d\000a\000d\000\040\000y\000\040\000l\000i\000b\000e\000r\000t\000a\000d\000\040\000d\000e\000\040\000p\000r\000e\000n\000s\000a}{}% 35
\BOOKMARK [1][-]{section.6.1}{\376\377\000P\000o\000n\000z\000e\000t\000t\000i\000\040\000d\000e\000\040\000B\000a\000l\000b\000\355\000n\000:\000\040\000i\000n\000t\000i\000m\000i\000d\000a\000d\000\040\000f\000r\000e\000n\000t\000e\000\040\000a\000\040\000p\000r\000e\000n\000s\000a}{chapter.6}% 36
\BOOKMARK [1][-]{section.6.2}{\376\377\000D\000o\000b\000l\000e\000\040\000d\000i\000m\000e\000n\000s\000i\000\363\000n\000\040\000d\000e\000\040\000l\000a\000\040\000l\000i\000b\000e\000r\000t\000a\000d\000\040\000d\000e\000\040\000p\000r\000e\000n\000s\000a}{chapter.6}% 37
\BOOKMARK [1][-]{section.6.3}{\376\377\000D\000o\000c\000t\000r\000i\000n\000a\000\040\000d\000e\000\040\000l\000a\000\040\000r\000e\000a\000l\000\040\000m\000a\000l\000i\000c\000i\000a}{chapter.6}% 38
\BOOKMARK [1][-]{section.6.4}{\376\377\000D\000o\000c\000t\000r\000i\000n\000a\000\040\000C\000a\000m\000p\000i\000l\000l\000a\000y}{chapter.6}% 39
\BOOKMARK [0][-]{chapter.7}{\376\377\000O\000t\000r\000o\000s\000\040\000\341\000m\000b\000i\000t\000o\000s\000\040\000d\000e\000l\000\040\000a\000r\000t\000.\000\040\0001\0009\000\040\000y\000\040\000c\000i\000e\000r\000r\000e}{}% 40
\BOOKMARK [1][-]{section.7.1}{\376\377\000A\000p\000t\000i\000t\000u\000d\000\040\000n\000u\000p\000c\000i\000a\000l\000\040\000y\000\040\000d\000e\000r\000e\000c\000h\000o\000\040\000a\000\040\000e\000q\000u\000i\000v\000o\000c\000a\000r\000s\000e\000:\000\040\000e\000l\000\040\000c\000a\000s\000o\000\040\000S\000e\000j\000e\000a\000n}{chapter.7}% 41
\BOOKMARK [1][-]{section.7.2}{\376\377\000R\000e\000p\000a\000s\000o\000\040\000y\000\040\000g\000u\000\355\000a\000\040\000d\000e\000\040\000e\000v\000a\000l\000u\000a\000c\000i\000\363\000n}{chapter.7}% 42
\BOOKMARK [1][-]{section.7.3}{\376\377\000I\000m\000p\000u\000t\000a\000b\000i\000l\000i\000d\000a\000d\000\040\000p\000e\000n\000a\000l\000\040\000j\000u\000v\000e\000n\000i\000l\000\040\000y\000\040\000C\000o\000n\000v\000e\000n\000c\000i\000\363\000n\000\040\000d\000e\000\040\000l\000o\000s\000\040\000D\000e\000r\000e\000c\000h\000o\000s\000\040\000d\000e\000l\000\040\000N\000i\000\361\000o}{chapter.7}% 43
\BOOKMARK [0][-]{chapter.8}{\376\377\000C\000u\000a\000d\000r\000o\000\040\000C\000o\000r\000n\000e\000l\000l\000:\000\040\000r\000e\000p\000a\000s\000o\000\040\000f\000i\000n\000a\000l}{}% 44
\BOOKMARK [1][-]{section.8.1}{\376\377\000C\000\363\000m\000o\000\040\000u\000s\000a\000r\000\040\000e\000s\000t\000e\000\040\000c\000u\000a\000d\000r\000o}{chapter.8}% 45
