\BOOKMARK [0][]{chapter*.2}{\376\377\000P\000r\000e\000s\000e\000n\000t\000a\000c\000i\000\363\000n}{}% 1
\BOOKMARK [1][]{section*.3}{\376\377\000M\000a\000p\000a\000\040\000d\000e\000\040\000l\000a\000\040\000g\000u\000\355\000a}{chapter*.2}% 2
\BOOKMARK [-1][]{part.1}{\376\377\000I\000\040\000I\000n\000t\000e\000r\000p\000r\000e\000t\000a\000c\000i\000\363\000n\000\040\000c\000o\000n\000s\000t\000i\000t\000u\000c\000i\000o\000n\000a\000l\000\040\000y\000\040\000p\000r\000e\000c\000e\000d\000e\000n\000t\000e\000\040\000j\000u\000d\000i\000c\000i\000a\000l}{}% 3
\BOOKMARK [0][]{chapter.1}{\376\377\000T\000e\000x\000t\000u\000a\000l\000i\000s\000m\000o\000\040\000y\000\040\000n\000o\000\040\000t\000e\000x\000t\000u\000a\000l\000i\000s\000m\000o\000.\000\040\000H\000o\000l\000d\000i\000n\000g\000\040\000y\000\040\000o\000b\000i\000t\000e\000r\000\040\000d\000i\000c\000t\000u\000m\000\040\000e\000n\000\040\000e\000l\000\040\000p\000r\000e\000c\000e\000d\000e\000n\000t\000e\000\040\000j\000u\000d\000i\000c\000i\000a\000l}{part.1}% 4
\BOOKMARK [1][]{section.1.1}{\376\377\000P\000o\000r\000\040\000q\000u\000\351\000\040\000i\000n\000t\000e\000r\000p\000r\000e\000t\000a\000r\000\040\000l\000a\000\040\000C\000o\000n\000s\000t\000i\000t\000u\000c\000i\000\363\000n\000\040\000e\000s\000\040\000u\000n\000\040\000p\000r\000o\000b\000l\000e\000m\000a}{chapter.1}% 5
\BOOKMARK [1][]{section.1.2}{\376\377\000T\000r\000e\000s\000\040\000c\000o\000r\000r\000i\000e\000n\000t\000e\000s\000,\000\040\000o\000r\000d\000e\000n\000a\000d\000a\000s\000\040\000s\000e\000g\000\372\000n\000\040\000s\000u\000\040\000a\000p\000e\000g\000o\000\040\000a\000\040\000l\000a\000\040\000l\000e\000t\000r\000a}{chapter.1}% 6
\BOOKMARK [2][]{subsection.1.2.1}{\376\377\000E\000l\000\040\000t\000e\000x\000t\000u\000a\000l\000i\000s\000m\000o}{section.1.2}% 7
\BOOKMARK [2][]{subsection.1.2.2}{\376\377\000E\000l\000\040\000o\000r\000i\000g\000i\000n\000a\000l\000i\000s\000m\000o}{section.1.2}% 8
\BOOKMARK [2][]{subsection.1.2.3}{\376\377\000E\000l\000\040\000p\000r\000a\000g\000m\000a\000t\000i\000s\000m\000o\000\040\000o\000\040\000i\000n\000t\000e\000r\000p\000r\000e\000t\000a\000c\000i\000\363\000n\000\040\000d\000i\000n\000\341\000m\000i\000c\000a}{section.1.2}% 9
\BOOKMARK [2][]{subsection.1.2.4}{\376\377\000T\000e\000x\000t\000u\000a\000l\000i\000s\000m\000o\000\040\000f\000r\000e\000n\000t\000e\000\040\000a\000\040\000n\000o\000\040\000t\000e\000x\000t\000u\000a\000l\000i\000s\000m\000o}{section.1.2}% 10
\BOOKMARK [1][]{section.1.3}{\376\377\000H\000o\000l\000d\000i\000n\000g\000\040\000y\000\040\000o\000b\000i\000t\000e\000r\000\040\000d\000i\000c\000t\000u\000m\000\040\000e\000n\000\040\000e\000l\000\040\000p\000r\000e\000c\000e\000d\000e\000n\000t\000e\000\040\000j\000u\000d\000i\000c\000i\000a\000l}{chapter.1}% 11
\BOOKMARK [1][]{section.1.4}{\376\377\000C\000u\000a\000d\000r\000o\000\040\000C\000o\000r\000n\000e\000l\000l\000:\000\040\000i\000n\000t\000e\000r\000p\000r\000e\000t\000a\000c\000i\000\363\000n\000\040\000y\000\040\000p\000r\000e\000c\000e\000d\000e\000n\000t\000e}{chapter.1}% 12
\BOOKMARK [-1][]{part.2}{\376\377\000I\000I\000\040\000C\000o\000n\000t\000r\000o\000l\000\040\000d\000e\000\040\000c\000o\000n\000s\000t\000i\000t\000u\000c\000i\000o\000n\000a\000l\000i\000d\000a\000d}{}% 13
\BOOKMARK [0][]{chapter.2}{\376\377\000C\000o\000n\000c\000e\000p\000t\000o\000\040\000y\000\040\000a\000l\000c\000a\000n\000c\000e\000\040\000d\000e\000l\000\040\000c\000o\000n\000t\000r\000o\000l\000\040\000d\000e\000\040\000c\000o\000n\000s\000t\000i\000t\000u\000c\000i\000o\000n\000a\000l\000i\000d\000a\000d\000.\000\040\000E\000l\000\040\000p\000a\000p\000e\000l\000\040\000d\000e\000\040\000l\000o\000s\000\040\000t\000r\000i\000b\000u\000n\000a\000l\000e\000s\000\040\000y\000\040\000d\000e\000\040\000l\000a\000\040\000C\000o\000r\000t\000e\000\040\000S\000u\000p\000r\000e\000m\000a\000.\000\040\000L\000a\000\040\000s\000u\000p\000r\000e\000m\000a\000c\000\355\000a\000\040\000d\000e\000\040\000l\000a\000\040\000C\000o\000n\000s\000t\000i\000t\000u\000c\000i\000\363\000n\000\040\000N\000a\000c\000i\000o\000n\000a\000l}{part.2}% 14
\BOOKMARK [1][]{section.2.1}{\376\377\000E\000l\000\040\000p\000u\000n\000t\000o\000\040\000d\000e\000\040\000p\000a\000r\000t\000i\000d\000a\000:\000\040\000l\000a\000\040\000s\000u\000p\000r\000e\000m\000a\000c\000\355\000a\000\040\000c\000o\000n\000s\000t\000i\000t\000u\000c\000i\000o\000n\000a\000l}{chapter.2}% 15
\BOOKMARK [1][]{section.2.2}{\376\377\000E\000l\000\040\000a\000l\000c\000a\000n\000c\000e\000\040\000d\000e\000l\000\040\000c\000o\000n\000t\000r\000o\000l\000:\000\040\000q\000u\000\351\000\040\000p\000u\000e\000d\000e\000\040\000c\000o\000n\000t\000r\000o\000l\000a\000r\000s\000e\000\040\000y\000\040\000q\000u\000i\000\351\000n\000\040\000l\000o\000\040\000h\000a\000c\000e}{chapter.2}% 16
\BOOKMARK [1][]{section.2.3}{\376\377\000E\000l\000\040\000p\000a\000p\000e\000l\000\040\000d\000e\000\040\000l\000o\000s\000\040\000t\000r\000i\000b\000u\000n\000a\000l\000e\000s\000\040\000i\000n\000f\000e\000r\000i\000o\000r\000e\000s\000\040\000y\000\040\000e\000l\000\040\000r\000o\000l\000\040\000f\000i\000n\000a\000l\000\040\000d\000e\000\040\000l\000a\000\040\000C\000o\000r\000t\000e\000\040\000S\000u\000p\000r\000e\000m\000a}{chapter.2}% 17
\BOOKMARK [1][]{section.2.4}{\376\377\000L\000o\000s\000\040\000f\000a\000l\000l\000o\000s\000\040\000f\000u\000n\000d\000a\000c\000i\000o\000n\000a\000l\000e\000s\000:\000\040\000M\000a\000r\000b\000u\000r\000y\000\040\000v\000.\000\040\000M\000a\000d\000i\000s\000o\000n\000\040\000y\000\040\000S\000o\000j\000o}{chapter.2}% 18
\BOOKMARK [2][]{subsection.2.4.1}{\376\377\000M\000a\000r\000b\000u\000r\000y\000\040\000v\000.\000\040\000M\000a\000d\000i\000s\000o\000n\000\040\000\050\000C\000o\000r\000t\000e\000\040\000S\000u\000p\000r\000e\000m\000a\000\040\000d\000e\000\040\000l\000o\000s\000\040\000E\000s\000t\000a\000d\000o\000s\000\040\000U\000n\000i\000d\000o\000s\000,\000\040\0001\0008\0000\0003\000\051}{section.2.4}% 19
\BOOKMARK [2][]{subsection.2.4.2}{\376\377\000S\000o\000j\000o\000\040\000c\000/\000\040\000P\000o\000d\000e\000r\000\040\000E\000j\000e\000c\000u\000t\000i\000v\000o\000\040\000N\000a\000c\000i\000o\000n\000a\000l\000\040\000\050\000C\000S\000J\000N\000,\000\040\0001\0008\0008\0007\000\051}{section.2.4}% 20
\BOOKMARK [1][]{section.2.5}{\376\377\000C\000u\000a\000d\000r\000o\000\040\000C\000o\000r\000n\000e\000l\000l\000:\000\040\000c\000o\000n\000c\000e\000p\000t\000o\000,\000\040\000a\000l\000c\000a\000n\000c\000e\000\040\000y\000\040\000s\000u\000p\000r\000e\000m\000a\000c\000\355\000a}{chapter.2}% 21
\BOOKMARK [0][]{chapter.3}{\376\377\000C\000o\000n\000t\000r\000o\000l\000\040\000d\000i\000f\000u\000s\000o\000\040\000y\000\040\000c\000o\000n\000c\000e\000n\000t\000r\000a\000d\000o\000\040\000d\000e\000\040\000c\000o\000n\000s\000t\000i\000t\000u\000c\000i\000o\000n\000a\000l\000i\000d\000a\000d\000.\000\040\000D\000i\000f\000e\000r\000e\000n\000c\000i\000a\000s\000,\000\040\000v\000e\000n\000t\000a\000j\000a\000s\000\040\000y\000\040\000d\000e\000s\000v\000e\000n\000t\000a\000j\000a\000s\000;\000\040\000c\000o\000n\000t\000e\000x\000t\000o\000\040\000j\000u\000r\000\355\000d\000i\000c\000o\000\040\000i\000n\000s\000t\000i\000t\000u\000c\000i\000o\000n\000a\000l\000\040\000d\000e\000\040\000c\000a\000d\000a\000\040\000s\000i\000s\000t\000e\000m\000a}{part.2}% 22
\BOOKMARK [1][]{section.3.1}{\376\377\000E\000l\000\040\000s\000i\000s\000t\000e\000m\000a\000\040\000d\000i\000f\000u\000s\000o}{chapter.3}% 23
\BOOKMARK [1][]{section.3.2}{\376\377\000E\000l\000\040\000s\000i\000s\000t\000e\000m\000a\000\040\000c\000o\000n\000c\000e\000n\000t\000r\000a\000d\000o}{chapter.3}% 24
\BOOKMARK [1][]{section.3.3}{\376\377\000C\000o\000m\000p\000a\000r\000a\000c\000i\000\363\000n\000:\000\040\000d\000i\000f\000e\000r\000e\000n\000c\000i\000a\000s\000,\000\040\000v\000e\000n\000t\000a\000j\000a\000s\000\040\000y\000\040\000d\000e\000s\000v\000e\000n\000t\000a\000j\000a\000s}{chapter.3}% 25
\BOOKMARK [2][]{subsection.3.3.1}{\376\377\000V\000e\000n\000t\000a\000j\000a\000s\000\040\000d\000e\000l\000\040\000s\000i\000s\000t\000e\000m\000a\000\040\000d\000i\000f\000u\000s\000o}{section.3.3}% 26
\BOOKMARK [2][]{subsection.3.3.2}{\376\377\000C\000o\000s\000t\000o\000s\000\040\000y\000\040\000d\000e\000s\000v\000e\000n\000t\000a\000j\000a\000s\000\040\000d\000e\000l\000\040\000s\000i\000s\000t\000e\000m\000a\000\040\000d\000i\000f\000u\000s\000o}{section.3.3}% 27
\BOOKMARK [2][]{subsection.3.3.3}{\376\377\000C\000o\000n\000t\000e\000x\000t\000o\000\040\000j\000u\000r\000\355\000d\000i\000c\000o\000-\000i\000n\000s\000t\000i\000t\000u\000c\000i\000o\000n\000a\000l\000\040\000d\000e\000\040\000c\000a\000d\000a\000\040\000s\000i\000s\000t\000e\000m\000a}{section.3.3}% 28
\BOOKMARK [1][]{section.3.4}{\376\377\000C\000u\000a\000d\000r\000o\000\040\000C\000o\000r\000n\000e\000l\000l\000:\000\040\000c\000o\000n\000t\000r\000o\000l\000\040\000d\000i\000f\000u\000s\000o\000\040\000y\000\040\000c\000o\000n\000c\000e\000n\000t\000r\000a\000d\000o}{chapter.3}% 29
\BOOKMARK [0][]{chapter.4}{\376\377\000E\000l\000\040\000P\000o\000d\000e\000r\000\040\000J\000u\000d\000i\000c\000i\000a\000l\000\040\000c\000o\000m\000o\000\040\000p\000o\000d\000e\000r\000\040\000c\000o\000n\000t\000r\000a\000m\000a\000y\000o\000r\000i\000t\000a\000r\000i\000o}{part.2}% 30
\BOOKMARK [1][]{section.4.1}{\376\377\000E\000l\000\040\000p\000r\000o\000b\000l\000e\000m\000a\000:\000\040\000j\000u\000e\000c\000e\000s\000\040\000n\000o\000\040\000e\000l\000e\000c\000t\000o\000s\000\040\000q\000u\000e\000\040\000i\000n\000v\000a\000l\000i\000d\000a\000n\000\040\000l\000e\000y\000e\000s\000\040\000d\000e\000\040\000r\000e\000p\000r\000e\000s\000e\000n\000t\000a\000n\000t\000e\000s\000\040\000e\000l\000e\000c\000t\000o\000s}{chapter.4}% 31
\BOOKMARK [1][]{section.4.2}{\376\377\000L\000a\000\040\000r\000e\000s\000p\000u\000e\000s\000t\000a\000\040\000d\000e\000\040\000E\000l\000y\000:\000\040\000l\000a\000\040\000t\000e\000o\000r\000\355\000a\000\040\000d\000e\000l\000\040\000r\000e\000f\000u\000e\000r\000z\000o\000\040\000d\000e\000\040\000r\000e\000p\000r\000e\000s\000e\000n\000t\000a\000c\000i\000\363\000n}{chapter.4}% 32
\BOOKMARK [2][]{subsection.4.2.1}{\376\377\000L\000a\000\040\000n\000o\000t\000a\000\040\000a\000l\000\040\000p\000i\000e\000\040\000n\000.\000o\000\040\0004\000\040\000d\000e\000\040\000C\000a\000r\000o\000l\000e\000n\000e\000\040\000P\000r\000o\000d\000u\000c\000t\000s}{section.4.2}% 33
\BOOKMARK [1][]{section.4.3}{\376\377\000E\000l\000\040\000p\000o\000d\000e\000r\000\040\000j\000u\000d\000i\000c\000i\000a\000l\000\040\000y\000\040\000l\000o\000s\000\040\000p\000r\000o\000c\000e\000s\000o\000s\000\040\000p\000o\000l\000\355\000t\000i\000c\000o\000s\000:\000\040\000B\000a\000k\000e\000r\000\040\000v\000.\000\040\000C\000a\000r\000r}{chapter.4}% 34
\BOOKMARK [1][]{section.4.4}{\376\377\000S\000\355\000n\000t\000e\000s\000i\000s\000:\000\040\000c\000\363\000m\000o\000\040\000s\000e\000\040\000a\000r\000t\000i\000c\000u\000l\000a\000\040\000l\000a\000\040\000o\000b\000j\000e\000c\000i\000\363\000n\000\040\000c\000o\000n\000t\000r\000a\000m\000a\000y\000o\000r\000i\000t\000a\000r\000i\000a\000\040\000c\000o\000n\000\040\000s\000u\000\040\000r\000e\000s\000p\000u\000e\000s\000t\000a}{chapter.4}% 35
\BOOKMARK [1][]{section.4.5}{\376\377\000C\000u\000a\000d\000r\000o\000\040\000C\000o\000r\000n\000e\000l\000l\000:\000\040\000e\000l\000\040\000P\000o\000d\000e\000r\000\040\000J\000u\000d\000i\000c\000i\000a\000l\000\040\000c\000o\000n\000t\000r\000a\000m\000a\000y\000o\000r\000i\000t\000a\000r\000i\000o}{chapter.4}% 36
\BOOKMARK [-1][]{part.3}{\376\377\000I\000I\000I\000\040\000E\000l\000\040\000r\000e\000c\000u\000r\000s\000o\000\040\000e\000x\000t\000r\000a\000o\000r\000d\000i\000n\000a\000r\000i\000o\000\040\000f\000e\000d\000e\000r\000a\000l}{}% 37
\BOOKMARK [0][]{chapter.5}{\376\377\000C\000u\000e\000s\000t\000i\000\363\000n\000\040\000f\000e\000d\000e\000r\000a\000l\000\040\000s\000i\000m\000p\000l\000e\000\040\000o\000\040\000c\000o\000m\000p\000l\000e\000j\000a\000\040\000\050\000d\000i\000r\000e\000c\000t\000a\000\040\000e\000\040\000i\000n\000d\000i\000r\000e\000c\000t\000a\000\051}{part.3}% 38
\BOOKMARK [1][]{section.5.1}{\376\377\000U\000b\000i\000c\000a\000c\000i\000\363\000n\000\040\000d\000e\000l\000\040\000t\000e\000m\000a\000:\000\040\000e\000l\000\040\000c\000o\000r\000a\000z\000\363\000n\000\040\000d\000e\000l\000\040\000r\000e\000c\000u\000r\000s\000o\000\040\000e\000x\000t\000r\000a\000o\000r\000d\000i\000n\000a\000r\000i\000o}{chapter.5}% 39
\BOOKMARK [1][]{section.5.2}{\376\377\000C\000u\000e\000s\000t\000i\000\363\000n\000\040\000f\000e\000d\000e\000r\000a\000l\000\040\000s\000i\000m\000p\000l\000e}{chapter.5}% 40
\BOOKMARK [1][]{section.5.3}{\376\377\000C\000u\000e\000s\000t\000i\000\363\000n\000\040\000f\000e\000d\000e\000r\000a\000l\000\040\000c\000o\000m\000p\000l\000e\000j\000a\000:\000\040\000d\000i\000r\000e\000c\000t\000a\000\040\000e\000\040\000i\000n\000d\000i\000r\000e\000c\000t\000a}{chapter.5}% 41
\BOOKMARK [1][]{section.5.4}{\376\377\000E\000l\000e\000m\000e\000n\000t\000o\000s\000\040\000a\000d\000i\000c\000i\000o\000n\000a\000l\000e\000s\000:\000\040\000d\000e\000c\000i\000s\000i\000\363\000n\000\040\000c\000o\000n\000t\000r\000a\000r\000i\000a\000\040\000y\000\040\000r\000e\000l\000a\000c\000i\000\363\000n\000\040\000d\000i\000r\000e\000c\000t\000a\000\040\000e\000\040\000i\000n\000m\000e\000d\000i\000a\000t\000a}{chapter.5}% 42
\BOOKMARK [1][]{section.5.5}{\376\377\000C\000u\000a\000d\000r\000o\000\040\000C\000o\000r\000n\000e\000l\000l\000:\000\040\000c\000u\000e\000s\000t\000i\000\363\000n\000\040\000f\000e\000d\000e\000r\000a\000l}{chapter.5}% 43
\BOOKMARK [0][]{chapter.6}{\376\377\000A\000r\000b\000i\000t\000r\000a\000r\000i\000e\000d\000a\000d\000\040\000d\000e\000\040\000s\000e\000n\000t\000e\000n\000c\000i\000a\000.\000\040\000S\000u\000p\000u\000e\000s\000t\000o\000s\000\040\000y\000\040\000a\000l\000c\000a\000n\000c\000e\000\040\000d\000e\000\040\000l\000a\000\040\000r\000e\000v\000i\000s\000i\000\363\000n}{part.3}% 44
\BOOKMARK [1][]{section.6.1}{\376\377\000U\000n\000a\000\040\000v\000\355\000a\000\040\000d\000e\000\040\000r\000e\000v\000i\000s\000i\000\363\000n\000\040\000m\000\341\000s\000\040\000a\000l\000l\000\341\000\040\000d\000e\000\040\000l\000a\000\040\000c\000u\000e\000s\000t\000i\000\363\000n\000\040\000f\000e\000d\000e\000r\000a\000l}{chapter.6}% 45
\BOOKMARK [1][]{section.6.2}{\376\377\000S\000u\000p\000u\000e\000s\000t\000o\000s\000\040\000d\000e\000\040\000a\000r\000b\000i\000t\000r\000a\000r\000i\000e\000d\000a\000d}{chapter.6}% 46
\BOOKMARK [2][]{subsection.6.2.1}{\376\377\000E\000r\000r\000o\000r\000e\000s\000\040\000e\000n\000\040\000l\000a\000\040\000v\000a\000l\000o\000r\000a\000c\000i\000\363\000n\000\040\000d\000e\000\040\000l\000a\000\040\000p\000r\000u\000e\000b\000a}{section.6.2}% 47
\BOOKMARK [2][]{subsection.6.2.2}{\376\377\000E\000r\000r\000o\000r\000e\000s\000\040\000e\000n\000\040\000e\000l\000\040\000e\000n\000c\000u\000a\000d\000r\000a\000m\000i\000e\000n\000t\000o\000\040\000j\000u\000r\000\355\000d\000i\000c\000o}{section.6.2}% 48
\BOOKMARK [2][]{subsection.6.2.3}{\376\377\000V\000i\000o\000l\000a\000c\000i\000\363\000n\000\040\000d\000e\000l\000\040\000p\000r\000i\000n\000c\000i\000p\000i\000o\000\040\000d\000e\000\040\000c\000o\000n\000g\000r\000u\000e\000n\000c\000i\000a}{section.6.2}% 49
\BOOKMARK [2][]{subsection.6.2.4}{\376\377\000E\000x\000c\000e\000s\000o\000\040\000d\000e\000l\000\040\000t\000r\000i\000b\000u\000n\000a\000l\000\040\000d\000e\000\040\000C\000\341\000m\000a\000r\000a\000\040\000r\000e\000s\000p\000e\000c\000t\000o\000\040\000d\000e\000\040\000l\000o\000s\000\040\000a\000g\000r\000a\000v\000i\000o\000s}{section.6.2}% 50
\BOOKMARK [1][]{section.6.3}{\376\377\000A\000l\000c\000a\000n\000c\000e\000\040\000d\000e\000\040\000l\000a\000\040\000r\000e\000v\000i\000s\000i\000\363\000n\000:\000\040\000h\000o\000n\000o\000r\000a\000r\000i\000o\000s\000,\000\040\000i\000n\000t\000e\000r\000e\000s\000e\000s\000\040\000y\000\040\000c\000o\000e\000x\000i\000s\000t\000e\000n\000c\000i\000a\000\040\000c\000o\000n\000\040\000l\000a\000\040\000c\000u\000e\000s\000t\000i\000\363\000n\000\040\000f\000e\000d\000e\000r\000a\000l}{chapter.6}% 51
\BOOKMARK [1][]{section.6.4}{\376\377\000C\000u\000a\000d\000r\000o\000\040\000C\000o\000r\000n\000e\000l\000l\000:\000\040\000a\000r\000b\000i\000t\000r\000a\000r\000i\000e\000d\000a\000d\000\040\000d\000e\000\040\000s\000e\000n\000t\000e\000n\000c\000i\000a}{chapter.6}% 52
\BOOKMARK [0][]{chapter.7}{\376\377\000C\000o\000n\000t\000r\000o\000l\000\040\000d\000e\000\040\000c\000o\000n\000s\000t\000i\000t\000u\000c\000i\000o\000n\000a\000l\000i\000d\000a\000d\000\040\000d\000e\000\040\000o\000f\000i\000c\000i\000o\000.\000\040\000F\000u\000n\000d\000a\000m\000e\000n\000t\000o\000s\000\040\000y\000\040\000p\000r\000e\000c\000e\000d\000e\000n\000t\000e\000s}{part.3}% 53
\BOOKMARK [1][]{section.7.1}{\376\377\000C\000o\000n\000c\000e\000p\000t\000o\000\040\000y\000\040\000f\000u\000n\000d\000a\000m\000e\000n\000t\000o}{chapter.7}% 54
\BOOKMARK [1][]{section.7.2}{\376\377\000E\000l\000\040\000l\000\355\000m\000i\000t\000e\000:\000\040\000l\000a\000\040\000c\000o\000n\000g\000r\000u\000e\000n\000c\000i\000a\000\040\000c\000o\000n\000\040\000l\000a\000\040\000p\000r\000e\000t\000e\000n\000s\000i\000\363\000n\000\040\000d\000e\000\040\000l\000a\000\040\000p\000a\000r\000t\000e}{chapter.7}% 55
\BOOKMARK [1][]{section.7.3}{\376\377\000P\000r\000e\000c\000e\000d\000e\000n\000t\000e\000s\000\040\000h\000i\000s\000t\000\363\000r\000i\000c\000o\000s}{chapter.7}% 56
\BOOKMARK [1][]{section.7.4}{\376\377\000V\000\355\000n\000c\000u\000l\000o\000\040\000c\000o\000n\000\040\000e\000l\000\040\000r\000e\000c\000u\000r\000s\000o\000\040\000e\000x\000t\000r\000a\000o\000r\000d\000i\000n\000a\000r\000i\000o\000\040\000f\000e\000d\000e\000r\000a\000l}{chapter.7}% 57
\BOOKMARK [1][]{section.7.5}{\376\377\000C\000u\000a\000d\000r\000o\000\040\000C\000o\000r\000n\000e\000l\000l\000:\000\040\000i\000n\000c\000o\000n\000s\000t\000i\000t\000u\000c\000i\000o\000n\000a\000l\000i\000d\000a\000d\000\040\000d\000e\000\040\000o\000f\000i\000c\000i\000o}{chapter.7}% 58
\BOOKMARK [0][]{chapter.8}{\376\377\000R\000e\000c\000u\000r\000s\000o\000\040\000e\000x\000t\000r\000a\000o\000r\000d\000i\000n\000a\000r\000i\000o\000:\000\040\000r\000e\000q\000u\000i\000s\000i\000t\000o\000s\000\040\000f\000o\000r\000m\000a\000l\000e\000s\000,\000\040\000c\000o\000m\000u\000n\000e\000s\000\040\000y\000\040\000p\000r\000o\000p\000i\000o\000s}{part.3}% 59
\BOOKMARK [1][]{section.8.1}{\376\377\000E\000l\000\040\000r\000e\000c\000u\000r\000s\000o\000\040\000e\000x\000t\000r\000a\000o\000r\000d\000i\000n\000a\000r\000i\000o\000\040\000c\000o\000m\000o\000\040\000m\000e\000c\000a\000n\000i\000s\000m\000o\000\040\000d\000e\000\040\000i\000m\000p\000u\000g\000n\000a\000c\000i\000\363\000n}{chapter.8}% 60
\BOOKMARK [2][]{subsection.8.1.1}{\376\377\000R\000e\000q\000u\000i\000s\000i\000t\000o\000s\000\040\000f\000o\000r\000m\000a\000l\000e\000s}{section.8.1}% 61
\BOOKMARK [2][]{subsection.8.1.2}{\376\377\000R\000e\000q\000u\000i\000s\000i\000t\000o\000s\000\040\000c\000o\000m\000u\000n\000e\000s\000\040\000a\000\040\000t\000o\000d\000o\000\040\000r\000e\000c\000u\000r\000s\000o\000\040\000j\000u\000d\000i\000c\000i\000a\000l}{section.8.1}% 62
\BOOKMARK [2][]{subsection.8.1.3}{\376\377\000R\000e\000q\000u\000i\000s\000i\000t\000o\000s\000\040\000p\000r\000o\000p\000i\000o\000s\000:\000\040\000s\000e\000n\000t\000e\000n\000c\000i\000a\000\040\000d\000e\000f\000i\000n\000i\000t\000i\000v\000a\000\040\000o\000\040\000a\000s\000i\000m\000i\000l\000a\000b\000l\000e}{section.8.1}% 63
\BOOKMARK [1][]{section.8.2}{\376\377\000C\000u\000a\000d\000r\000o\000\040\000C\000o\000r\000n\000e\000l\000l\000:\000\040\000r\000e\000q\000u\000i\000s\000i\000t\000o\000s\000\040\000d\000e\000l\000\040\000r\000e\000c\000u\000r\000s\000o\000\040\000e\000x\000t\000r\000a\000o\000r\000d\000i\000n\000a\000r\000i\000o}{chapter.8}% 64
\BOOKMARK [0][]{chapter.9}{\376\377\000R\000e\000c\000u\000r\000s\000o\000\040\000d\000e\000\040\000q\000u\000e\000j\000a}{part.3}% 65
\BOOKMARK [1][]{section.9.1}{\376\377\000C\000u\000\341\000n\000d\000o\000\040\000p\000r\000o\000c\000e\000d\000e}{chapter.9}% 66
\BOOKMARK [1][]{section.9.2}{\376\377\000O\000b\000j\000e\000t\000o\000\040\000d\000e\000\040\000l\000a\000\040\000q\000u\000e\000j\000a\000\040\000y\000\040\000e\000f\000e\000c\000t\000o\000s}{chapter.9}% 67
\BOOKMARK [1][]{section.9.3}{\376\377\000C\000u\000a\000d\000r\000o\000\040\000C\000o\000r\000n\000e\000l\000l\000:\000\040\000r\000e\000c\000u\000r\000s\000o\000\040\000d\000e\000\040\000q\000u\000e\000j\000a}{chapter.9}% 68
\BOOKMARK [0][]{chapter.10}{\376\377\000M\000e\000d\000i\000d\000a\000\040\000c\000a\000u\000t\000e\000l\000a\000r\000.\000\040\000P\000r\000e\000s\000u\000p\000u\000e\000s\000t\000o\000s\000.\000\040\000S\000u\000\040\000r\000e\000l\000a\000c\000i\000\363\000n\000\040\000c\000o\000n\000\040\000e\000l\000\040\000r\000e\000c\000u\000r\000s\000o\000\040\000e\000x\000t\000r\000a\000o\000r\000d\000i\000n\000a\000r\000i\000o}{part.3}% 69
\BOOKMARK [1][]{section.10.1}{\376\377\000C\000o\000n\000c\000e\000p\000t\000o\000\040\000y\000\040\000f\000u\000n\000c\000i\000\363\000n}{chapter.10}% 70
\BOOKMARK [1][]{section.10.2}{\376\377\000L\000o\000s\000\040\000t\000r\000e\000s\000\040\000p\000r\000e\000s\000u\000p\000u\000e\000s\000t\000o\000s\000\040\000c\000l\000\341\000s\000i\000c\000o\000s}{chapter.10}% 71
\BOOKMARK [1][]{section.10.3}{\376\377\000R\000e\000l\000a\000c\000i\000\363\000n\000\040\000c\000o\000n\000\040\000e\000l\000\040\000r\000e\000c\000u\000r\000s\000o\000\040\000e\000x\000t\000r\000a\000o\000r\000d\000i\000n\000a\000r\000i\000o}{chapter.10}% 72
\BOOKMARK [1][]{section.10.4}{\376\377\000C\000u\000a\000d\000r\000o\000\040\000C\000o\000r\000n\000e\000l\000l\000:\000\040\000m\000e\000d\000i\000d\000a\000\040\000c\000a\000u\000t\000e\000l\000a\000r}{chapter.10}% 73
\BOOKMARK [0][]{chapter.11}{\376\377\000P\000e\000r\000\040\000s\000a\000l\000t\000u\000m}{part.3}% 74
\BOOKMARK [1][]{section.11.1}{\376\377\000C\000o\000n\000c\000e\000p\000t\000o\000\040\000y\000\040\000m\000a\000r\000c\000o\000\040\000n\000o\000r\000m\000a\000t\000i\000v\000o}{chapter.11}% 75
\BOOKMARK [1][]{section.11.2}{\376\377\000R\000e\000q\000u\000i\000s\000i\000t\000o\000s}{chapter.11}% 76
\BOOKMARK [1][]{section.11.3}{\376\377\000C\000u\000a\000d\000r\000o\000\040\000C\000o\000r\000n\000e\000l\000l\000:\000\040\000p\000e\000r\000\040\000s\000a\000l\000t\000u\000m}{chapter.11}% 77
\BOOKMARK [-1][]{part.4}{\376\377\000I\000V\000\040\000E\000l\000\040\000p\000r\000i\000n\000c\000i\000p\000i\000o\000\040\000d\000e\000\040\000r\000e\000s\000e\000r\000v\000a\000\040\000y\000\040\000l\000o\000s\000\040\000d\000e\000r\000e\000c\000h\000o\000s\000\040\000i\000n\000d\000i\000v\000i\000d\000u\000a\000l\000e\000s}{}% 78
\BOOKMARK [0][]{chapter.12}{\376\377\000P\000r\000i\000n\000c\000i\000p\000i\000o\000\040\000d\000e\000\040\000r\000e\000s\000e\000r\000v\000a\000.\000\040\000O\000b\000j\000e\000c\000i\000\363\000n\000\040\000d\000e\000\040\000c\000o\000n\000c\000i\000e\000n\000c\000i\000a}{part.4}% 79
\BOOKMARK [1][]{section.12.1}{\376\377\000E\000l\000\040\000a\000r\000t\000\355\000c\000u\000l\000o\000\040\0001\0009\000:\000\040\000e\000l\000\040\000p\000r\000i\000n\000c\000i\000p\000i\000o\000\040\000d\000e\000\040\000r\000e\000s\000e\000r\000v\000a}{chapter.12}% 80
\BOOKMARK [1][]{section.12.2}{\376\377\000L\000a\000\040\000o\000b\000j\000e\000c\000i\000\363\000n\000\040\000d\000e\000\040\000c\000o\000n\000c\000i\000e\000n\000c\000i\000a}{chapter.12}% 81
\BOOKMARK [2][]{subsection.12.2.1}{\376\377\000E\000l\000\040\000c\000a\000s\000o\000\040\000`\000`\000P\000o\000r\000t\000i\000l\000l\000o\000'\000'\000\040\000\050\000C\000S\000J\000N\000,\000\040\0001\0009\0008\0009\000\051}{section.12.2}% 82
\BOOKMARK [2][]{subsection.12.2.2}{\376\377\000E\000l\000\040\000c\000a\000s\000o\000\040\000`\000`\000B\000a\000h\000a\000m\000o\000n\000d\000e\000z\000'\000'\000\040\000\050\000C\000S\000J\000N\000,\000\040\0001\0009\0009\0003\000\051}{section.12.2}% 83
\BOOKMARK [1][]{section.12.3}{\376\377\000C\000u\000a\000d\000r\000o\000\040\000C\000o\000r\000n\000e\000l\000l\000:\000\040\000p\000r\000i\000n\000c\000i\000p\000i\000o\000\040\000d\000e\000\040\000r\000e\000s\000e\000r\000v\000a\000\040\000y\000\040\000o\000b\000j\000e\000c\000i\000\363\000n\000\040\000d\000e\000\040\000c\000o\000n\000c\000i\000e\000n\000c\000i\000a}{chapter.12}% 84
\BOOKMARK [0][]{chapter.13}{\376\377\000L\000i\000b\000e\000r\000t\000a\000d\000\040\000r\000e\000l\000i\000g\000i\000o\000s\000a}{part.4}% 85
\BOOKMARK [1][]{section.13.1}{\376\377\000L\000a\000\040\000I\000g\000l\000e\000s\000i\000a\000\040\000c\000o\000m\000o\000\040\000p\000e\000r\000s\000o\000n\000a\000\040\000j\000u\000r\000\355\000d\000i\000c\000a\000\040\000d\000e\000\040\000d\000e\000r\000e\000c\000h\000o\000\040\000p\000\372\000b\000l\000i\000c\000o}{chapter.13}% 86
\BOOKMARK [1][]{section.13.2}{\376\377\000C\000a\000t\000e\000g\000o\000r\000\355\000a\000s\000\040\000s\000o\000s\000p\000e\000c\000h\000o\000s\000a\000s}{chapter.13}% 87
\BOOKMARK [1][]{section.13.3}{\376\377\000E\000l\000\040\000c\000a\000s\000o\000\040\000d\000e\000\040\000l\000a\000\040\000e\000d\000u\000c\000a\000c\000i\000\363\000n\000\040\000r\000e\000l\000i\000g\000i\000o\000s\000a\000\040\000o\000b\000l\000i\000g\000a\000t\000o\000r\000i\000a\000\040\000e\000n\000\040\000S\000a\000l\000t\000a}{chapter.13}% 88
\BOOKMARK [1][]{section.13.4}{\376\377\000O\000t\000r\000o\000s\000\040\000\341\000m\000b\000i\000t\000o\000s\000\040\000d\000e\000\040\000a\000p\000l\000i\000c\000a\000c\000i\000\363\000n}{chapter.13}% 89
\BOOKMARK [2][]{subsection.13.4.1}{\376\377\000T\000e\000s\000t\000i\000g\000o\000s\000\040\000d\000e\000\040\000J\000e\000h\000o\000v\000\341\000\040\000y\000\040\000t\000r\000a\000n\000s\000f\000u\000s\000i\000o\000n\000e\000s\000\040\000d\000e\000\040\000s\000a\000n\000g\000r\000e}{section.13.4}% 90
\BOOKMARK [2][]{subsection.13.4.2}{\376\377\000E\000d\000u\000c\000a\000c\000i\000\363\000n\000\040\000e\000n\000\040\000e\000l\000\040\000h\000o\000g\000a\000r\000\040\000y\000\040\000c\000o\000m\000u\000n\000i\000d\000a\000d\000e\000s\000\040\000m\000e\000n\000o\000n\000i\000t\000a\000s}{section.13.4}% 91
\BOOKMARK [2][]{subsection.13.4.3}{\376\377\000O\000b\000j\000e\000c\000i\000\363\000n\000\040\000r\000e\000l\000i\000g\000i\000o\000s\000a\000\040\000a\000l\000\040\000s\000e\000r\000v\000i\000c\000i\000o\000\040\000m\000i\000l\000i\000t\000a\000r}{section.13.4}% 92
\BOOKMARK [1][]{section.13.5}{\376\377\000C\000u\000a\000d\000r\000o\000\040\000C\000o\000r\000n\000e\000l\000l\000:\000\040\000l\000i\000b\000e\000r\000t\000a\000d\000\040\000r\000e\000l\000i\000g\000i\000o\000s\000a}{chapter.13}% 93
\BOOKMARK [0][]{chapter.14}{\376\377\000L\000i\000b\000e\000r\000t\000a\000d\000\040\000d\000e\000\040\000e\000x\000p\000r\000e\000s\000i\000\363\000n\000.\000\040\000P\000r\000o\000h\000i\000b\000i\000c\000i\000\363\000n\000\040\000d\000e\000\040\000c\000e\000n\000s\000u\000r\000a\000\040\000p\000r\000e\000v\000i\000a\000.\000\040\000D\000o\000c\000t\000r\000i\000n\000a\000\040\000C\000a\000m\000p\000i\000l\000l\000a\000y\000\040\000y\000\040\000d\000o\000c\000t\000r\000i\000n\000a\000\040\000d\000e\000\040\000l\000a\000\040\000r\000e\000a\000l\000\040\000m\000a\000l\000i\000c\000i\000a\000.\000\040\000D\000e\000r\000e\000c\000h\000o\000\040\000d\000e\000\040\000r\000\351\000p\000l\000i\000c\000a}{part.4}% 94
\BOOKMARK [1][]{section.14.1}{\376\377\000L\000a\000\040\000d\000o\000b\000l\000e\000\040\000d\000i\000m\000e\000n\000s\000i\000\363\000n\000\040\000d\000e\000\040\000l\000a\000\040\000l\000i\000b\000e\000r\000t\000a\000d\000\040\000d\000e\000\040\000e\000x\000p\000r\000e\000s\000i\000\363\000n\000\040\000y\000\040\000s\000u\000\040\000i\000m\000p\000o\000r\000t\000a\000n\000c\000i\000a\000\040\000d\000e\000m\000o\000c\000r\000\341\000t\000i\000c\000a}{chapter.14}% 95
\BOOKMARK [1][]{section.14.2}{\376\377\000L\000a\000\040\000p\000r\000o\000h\000i\000b\000i\000c\000i\000\363\000n\000\040\000d\000e\000\040\000c\000e\000n\000s\000u\000r\000a\000\040\000p\000r\000e\000v\000i\000a}{chapter.14}% 96
\BOOKMARK [1][]{section.14.3}{\376\377\000L\000a\000\040\000d\000o\000c\000t\000r\000i\000n\000a\000\040\000d\000e\000\040\000l\000a\000\040\000r\000e\000a\000l\000\040\000m\000a\000l\000i\000c\000i\000a}{chapter.14}% 97
\BOOKMARK [1][]{section.14.4}{\376\377\000L\000a\000\040\000d\000o\000c\000t\000r\000i\000n\000a\000\040\000C\000a\000m\000p\000i\000l\000l\000a\000y}{chapter.14}% 98
\BOOKMARK [1][]{section.14.5}{\376\377\000E\000l\000\040\000d\000e\000r\000e\000c\000h\000o\000\040\000d\000e\000\040\000r\000\351\000p\000l\000i\000c\000a\000:\000\040\000e\000l\000\040\000c\000a\000s\000o\000\040\000`\000`\000E\000k\000m\000e\000k\000d\000j\000i\000a\000n\000\040\000c\000/\000\040\000S\000o\000f\000o\000v\000i\000c\000h\000'\000'}{chapter.14}% 99
\BOOKMARK [2][]{subsection.14.5.1}{\376\377\000L\000o\000s\000\040\000h\000e\000c\000h\000o\000s\000\040\000d\000e\000l\000\040\000c\000a\000s\000o}{section.14.5}% 100
\BOOKMARK [2][]{subsection.14.5.2}{\376\377\000L\000a\000\040\000d\000e\000c\000i\000s\000i\000\363\000n\000\040\000d\000e\000\040\000l\000a\000\040\000C\000o\000r\000t\000e\000\040\000S\000u\000p\000r\000e\000m\000a}{section.14.5}% 101
\BOOKMARK [1][]{section.14.6}{\376\377\000R\000e\000l\000a\000c\000i\000\363\000n\000\040\000e\000n\000t\000r\000e\000\040\000l\000a\000s\000\040\000c\000u\000a\000t\000r\000o\000\040\000d\000o\000c\000t\000r\000i\000n\000a\000s\000\040\000d\000e\000\040\000e\000s\000t\000e\000\040\000c\000a\000p\000\355\000t\000u\000l\000o}{chapter.14}% 102
\BOOKMARK [1][]{section.14.7}{\376\377\000C\000u\000a\000d\000r\000o\000\040\000C\000o\000r\000n\000e\000l\000l\000:\000\040\000l\000i\000b\000e\000r\000t\000a\000d\000\040\000d\000e\000\040\000e\000x\000p\000r\000e\000s\000i\000\363\000n}{chapter.14}% 103
\BOOKMARK [0][]{chapter*.18}{\376\377\000S\000\355\000n\000t\000e\000s\000i\000s\000\040\000f\000i\000n\000a\000l}{part.4}% 104
\BOOKMARK [0][]{chapter*.19}{\376\377\000B\000i\000b\000l\000i\000o\000g\000r\000a\000f\000\355\000a\000\040\000y\000\040\000f\000u\000e\000n\000t\000e\000s}{part.4}% 105
\BOOKMARK [1][]{section*.20}{\376\377\000M\000a\000t\000e\000r\000i\000a\000l\000\040\000p\000r\000o\000p\000o\000r\000c\000i\000o\000n\000a\000d\000o\000\040\000p\000o\000r\000\040\000l\000a\000\040\000c\000\341\000t\000e\000d\000r\000a}{chapter*.19}% 106
\BOOKMARK [1][]{section*.20}{\376\377\000F\000u\000e\000n\000t\000e\000s\000\040\000e\000x\000t\000e\000r\000n\000a\000s\000\040\000c\000o\000n\000s\000u\000l\000t\000a\000d\000a\000s}{chapter*.19}% 107
