\BOOKMARK [0][-]{section*.3}{\376\377\000I\000n\000t\000r\000o\000d\000u\000c\000c\000i\000\363\000n}{}% 1
\BOOKMARK [0][-]{chapter.1}{\376\377\000R\000e\000c\000u\000r\000s\000o\000\040\000e\000x\000t\000r\000a\000o\000r\000d\000i\000n\000a\000r\000i\000o\000\040\000y\000\040\000c\000u\000e\000s\000t\000i\000\363\000n\000\040\000f\000e\000d\000e\000r\000a\000l}{}% 2
\BOOKMARK [1][-]{section.1.1}{\376\377\000R\000e\000p\000a\000s\000o\000:\000\040\000l\000o\000s\000\040\000r\000e\000q\000u\000i\000s\000i\000t\000o\000s\000\040\000d\000e\000l\000\040\000r\000e\000c\000u\000r\000s\000o\000\040\000e\000x\000t\000r\000a\000o\000r\000d\000i\000n\000a\000r\000i\000o\000\040\000f\000e\000d\000e\000r\000a\000l}{chapter.1}% 3
\BOOKMARK [1][-]{section.1.2}{\376\377\000L\000a\000\040\000c\000u\000e\000s\000t\000i\000\363\000n\000\040\000f\000e\000d\000e\000r\000a\000l\000\040\000s\000i\000m\000p\000l\000e}{chapter.1}% 4
\BOOKMARK [1][-]{section.1.3}{\376\377\000L\000a\000\040\000c\000u\000e\000s\000t\000i\000\363\000n\000\040\000f\000e\000d\000e\000r\000a\000l\000\040\000c\000o\000m\000p\000l\000e\000j\000a\000:\000\040\000d\000i\000r\000e\000c\000t\000a\000\040\000e\000\040\000i\000n\000d\000i\000r\000e\000c\000t\000a}{chapter.1}% 5
\BOOKMARK [2][-]{subsection.1.3.1}{\376\377\000E\000j\000e\000m\000p\000l\000o\000\040\000t\000r\000a\000b\000a\000j\000a\000d\000o\000:\000\040\000l\000i\000b\000e\000r\000t\000a\000d\000\040\000d\000e\000\040\000e\000x\000p\000r\000e\000s\000i\000\363\000n\000\040\000y\000\040\000l\000e\000y\000\040\000p\000r\000o\000v\000i\000n\000c\000i\000a\000l}{section.1.3}% 6
\BOOKMARK [2][-]{subsection.1.3.2}{\376\377\000E\000j\000e\000m\000p\000l\000o\000:\000\040\000t\000r\000i\000b\000u\000t\000o\000\040\000c\000o\000n\000f\000i\000s\000c\000a\000t\000o\000r\000i\000o\000\040\000y\000\040\000d\000e\000r\000e\000c\000h\000o\000\040\000d\000e\000\040\000p\000r\000o\000p\000i\000e\000d\000a\000d}{section.1.3}% 7
\BOOKMARK [1][-]{section.1.4}{\376\377\000C\000a\000s\000o\000s\000\040\000d\000e\000\040\000a\000p\000l\000i\000c\000a\000c\000i\000\363\000n\000\040\000p\000r\000\341\000c\000t\000i\000c\000a}{chapter.1}% 8
\BOOKMARK [2][-]{subsection.1.4.1}{\376\377\000P\000l\000a\000n\000\040\000M\000\351\000d\000i\000c\000o\000\040\000O\000b\000l\000i\000g\000a\000t\000o\000r\000i\000o\000\040\000y\000\040\000l\000e\000y\000\040\000d\000e\000\040\000d\000i\000s\000c\000a\000p\000a\000c\000i\000d\000a\000d}{section.1.4}% 9
\BOOKMARK [2][-]{subsection.1.4.2}{\376\377\000R\000e\000e\000l\000e\000c\000c\000i\000o\000n\000e\000s\000\040\000i\000n\000d\000e\000f\000i\000n\000i\000d\000a\000s\000\040\000e\000n\000\040\000u\000n\000a\000\040\000p\000r\000o\000v\000i\000n\000c\000i\000a\000:\000\040\000c\000u\000e\000s\000t\000i\000\363\000n\000\040\000f\000e\000d\000e\000r\000a\000l\000\040\000s\000i\000m\000p\000l\000e}{section.1.4}% 10
\BOOKMARK [2][-]{subsection.1.4.3}{\376\377\000L\000e\000y\000\040\000d\000e\000\040\000f\000i\000n\000a\000n\000c\000i\000a\000m\000i\000e\000n\000t\000o\000\040\000u\000n\000i\000v\000e\000r\000s\000i\000t\000a\000r\000i\000o}{section.1.4}% 11
\BOOKMARK [2][-]{subsection.1.4.4}{\376\377\000L\000i\000b\000e\000r\000t\000a\000d\000\040\000d\000e\000\040\000c\000i\000r\000c\000u\000l\000a\000c\000i\000\363\000n\000\040\000y\000\040\000d\000e\000r\000e\000c\000h\000o\000\040\000d\000e\000\040\000p\000r\000o\000t\000e\000s\000t\000a}{section.1.4}% 12
\BOOKMARK [2][-]{subsection.1.4.5}{\376\377\000C\000u\000a\000d\000r\000o\000\040\000c\000o\000m\000p\000a\000r\000a\000t\000i\000v\000o\000\040\000d\000e\000\040\000l\000o\000s\000\040\000t\000i\000p\000o\000s\000\040\000d\000e\000\040\000c\000u\000e\000s\000t\000i\000\363\000n\000\040\000f\000e\000d\000e\000r\000a\000l}{section.1.4}% 13
\BOOKMARK [2][-]{subsection.1.4.6}{\376\377\000\277\000E\000s\000\040\000o\000b\000l\000i\000g\000a\000t\000o\000r\000i\000o\000\040\000c\000l\000a\000s\000i\000f\000i\000c\000a\000r\000\040\000l\000a\000\040\000c\000u\000e\000s\000t\000i\000\363\000n\000\040\000f\000e\000d\000e\000r\000a\000l\000?}{section.1.4}% 14
\BOOKMARK [1][-]{section.1.5}{\376\377\000C\000u\000a\000d\000r\000o\000\040\000C\000o\000r\000n\000e\000l\000l\000\040\000d\000e\000l\000\040\000c\000a\000p\000\355\000t\000u\000l\000o}{chapter.1}% 15
\BOOKMARK [0][-]{chapter.2}{\376\377\000T\000r\000\341\000m\000i\000t\000e\000\040\000r\000e\000c\000u\000r\000s\000i\000v\000o\000\040\000y\000\040\000v\000\355\000a\000s\000\040\000d\000e\000\040\000e\000x\000c\000e\000p\000c\000i\000\363\000n}{}% 16
\BOOKMARK [1][-]{section.2.1}{\376\377\000C\000o\000n\000c\000e\000s\000i\000\363\000n\000,\000\040\000d\000e\000n\000e\000g\000a\000c\000i\000\363\000n\000\040\000y\000\040\000r\000e\000c\000u\000r\000s\000o\000\040\000d\000e\000\040\000q\000u\000e\000j\000a}{chapter.2}% 17
\BOOKMARK [2][-]{subsection.2.1.1}{\376\377\000A\000n\000t\000e\000\040\000q\000u\000\351\000\040\000t\000r\000i\000b\000u\000n\000a\000l\000\040\000s\000e\000\040\000i\000n\000t\000e\000r\000p\000o\000n\000e\000\040\000e\000l\000\040\000r\000e\000c\000u\000r\000s\000o\000\040\000e\000x\000t\000r\000a\000o\000r\000d\000i\000n\000a\000r\000i\000o}{section.2.1}% 18
\BOOKMARK [2][-]{subsection.2.1.2}{\376\377\000T\000r\000\341\000m\000i\000t\000e\000:\000\040\000i\000n\000t\000e\000r\000p\000o\000s\000i\000c\000i\000\363\000n\000,\000\040\000t\000r\000a\000s\000l\000a\000d\000o\000\040\000y\000\040\000r\000e\000s\000o\000l\000u\000c\000i\000\363\000n}{section.2.1}% 19
\BOOKMARK [2][-]{subsection.2.1.3}{\376\377\000E\000l\000\040\000r\000e\000c\000u\000r\000s\000o\000\040\000d\000e\000\040\000q\000u\000e\000j\000a\000\040\000p\000o\000r\000\040\000r\000e\000c\000u\000r\000s\000o\000\040\000e\000x\000t\000r\000a\000o\000r\000d\000i\000n\000a\000r\000i\000o\000\040\000d\000e\000n\000e\000g\000a\000d\000o}{section.2.1}% 20
\BOOKMARK [2][-]{subsection.2.1.4}{\376\377\000E\000l\000\040\000p\000r\000o\000b\000l\000e\000m\000a\000\040\000p\000r\000\341\000c\000t\000i\000c\000o\000:\000\040\000l\000a\000\040\000q\000u\000e\000j\000a\000\040\000n\000o\000\040\000s\000u\000s\000p\000e\000n\000d\000e\000\040\000l\000a\000\040\000e\000j\000e\000c\000u\000c\000i\000\363\000n}{section.2.1}% 21
\BOOKMARK [1][-]{section.2.2}{\376\377\000E\000l\000\040\000p\000e\000r\000\040\000s\000a\000l\000t\000u\000m}{chapter.2}% 22
\BOOKMARK [2][-]{subsection.2.2.1}{\376\377\000C\000a\000s\000o\000\040\000r\000e\000c\000i\000e\000n\000t\000e\000\040\000d\000e\000\040\000a\000p\000l\000i\000c\000a\000c\000i\000\363\000n\000\040\000\050\000r\000e\000c\000h\000a\000z\000a\000d\000o\000\040\000p\000o\000r\000\040\000l\000a\000\040\000C\000o\000r\000t\000e\000\051}{section.2.2}% 23
\BOOKMARK [2][-]{subsection.2.2.2}{\376\377\000\277\000S\000e\000\040\000a\000p\000l\000i\000c\000a\000\040\000e\000l\000\040\000p\000e\000r\000\040\000s\000a\000l\000t\000u\000m\000\040\000a\000\040\000l\000a\000s\000\040\000p\000r\000o\000v\000i\000n\000c\000i\000a\000s\000?}{section.2.2}% 24
\BOOKMARK [2][-]{subsection.2.2.3}{\376\377\000C\000u\000a\000d\000r\000o\000\040\000c\000o\000m\000p\000a\000r\000a\000t\000i\000v\000o\000\040\000d\000e\000\040\000l\000a\000s\000\040\000v\000\355\000a\000s\000\040\000p\000r\000o\000c\000e\000s\000a\000l\000e\000s}{section.2.2}% 25
\BOOKMARK [1][-]{section.2.3}{\376\377\000C\000u\000a\000d\000r\000o\000\040\000C\000o\000r\000n\000e\000l\000l\000\040\000d\000e\000l\000\040\000c\000a\000p\000\355\000t\000u\000l\000o}{chapter.2}% 26
\BOOKMARK [0][-]{chapter.3}{\376\377\000C\000o\000n\000t\000r\000o\000l\000\040\000d\000e\000\040\000c\000o\000n\000s\000t\000i\000t\000u\000c\000i\000o\000n\000a\000l\000i\000d\000a\000d\000\040\000y\000\040\000t\000u\000t\000e\000l\000a\000\040\000c\000a\000u\000t\000e\000l\000a\000r}{}% 27
\BOOKMARK [1][-]{section.3.1}{\376\377\000C\000o\000n\000t\000r\000o\000l\000\040\000d\000e\000\040\000c\000o\000n\000s\000t\000i\000t\000u\000c\000i\000o\000n\000a\000l\000i\000d\000a\000d\000\040\000d\000e\000\040\000o\000f\000i\000c\000i\000o}{chapter.3}% 28
\BOOKMARK [2][-]{subsection.3.1.1}{\376\377\000F\000u\000n\000d\000a\000m\000e\000n\000t\000o\000s\000\040\000d\000e\000\040\000l\000a\000\040\000d\000e\000c\000l\000a\000r\000a\000c\000i\000\363\000n\000\040\000d\000e\000\040\000o\000f\000i\000c\000i\000o}{section.3.1}% 29
\BOOKMARK [2][-]{subsection.3.1.2}{\376\377\000E\000l\000\040\000l\000\355\000m\000i\000t\000e\000:\000\040\000l\000a\000\040\000c\000o\000n\000g\000r\000u\000e\000n\000c\000i\000a\000\040\000c\000o\000n\000\040\000l\000a\000\040\000p\000r\000e\000t\000e\000n\000s\000i\000\363\000n\000\040\000d\000e\000\040\000l\000a\000\040\000p\000a\000r\000t\000e\000\040\000a\000c\000t\000o\000r\000a}{section.3.1}% 30
\BOOKMARK [1][-]{section.3.2}{\376\377\000L\000a\000\040\000m\000e\000d\000i\000d\000a\000\040\000c\000a\000u\000t\000e\000l\000a\000r}{chapter.3}% 31
\BOOKMARK [2][-]{subsection.3.2.1}{\376\377\000O\000b\000j\000e\000t\000i\000v\000o\000\040\000d\000e\000\040\000l\000a\000\040\000m\000e\000d\000i\000d\000a\000\040\000c\000a\000u\000t\000e\000l\000a\000r}{section.3.2}% 32
\BOOKMARK [2][-]{subsection.3.2.2}{\376\377\000L\000o\000s\000\040\000t\000r\000e\000s\000\040\000p\000r\000e\000s\000u\000p\000u\000e\000s\000t\000o\000s\000\040\000c\000l\000\341\000s\000i\000c\000o\000s}{section.3.2}% 33
\BOOKMARK [2][-]{subsection.3.2.3}{\376\377\000M\000e\000d\000i\000d\000a\000\040\000c\000a\000u\000t\000e\000l\000a\000r\000\040\000y\000\040\000r\000e\000c\000u\000r\000s\000o\000\040\000e\000x\000t\000r\000a\000o\000r\000d\000i\000n\000a\000r\000i\000o\000:\000\040\000u\000n\000a\000\040\000e\000x\000c\000e\000p\000c\000i\000\363\000n\000\040\000m\000u\000y\000\040\000a\000c\000o\000t\000a\000d\000a}{section.3.2}% 34
\BOOKMARK [2][-]{subsection.3.2.4}{\376\377\000R\000\351\000g\000i\000m\000e\000n\000\040\000e\000s\000p\000e\000c\000i\000a\000l\000\040\000d\000e\000\040\000l\000a\000\040\000c\000a\000u\000t\000e\000l\000a\000r\000\040\000c\000o\000n\000t\000r\000a\000\040\000e\000l\000\040\000E\000s\000t\000a\000d\000o\000\040\000N\000a\000c\000i\000o\000n\000a\000l}{section.3.2}% 35
\BOOKMARK [1][-]{section.3.3}{\376\377\000C\000u\000a\000d\000r\000o\000\040\000C\000o\000r\000n\000e\000l\000l\000\040\000d\000e\000l\000\040\000c\000a\000p\000\355\000t\000u\000l\000o}{chapter.3}% 36
\BOOKMARK [0][-]{section*.13}{\376\377\000S\000\355\000n\000t\000e\000s\000i\000s\000\040\000f\000i\000n\000a\000l}{}% 37
