\BOOKMARK [0][-]{chapter.1}{\376\377\000I\000n\000t\000r\000o\000d\000u\000c\000c\000i\000\363\000n\000\040\000a\000l\000\040\000D\000e\000r\000e\000c\000h\000o\000\040\000R\000e\000g\000i\000s\000t\000r\000a\000l}{}% 1
\BOOKMARK [1][-]{section.1.1}{\376\377\000D\000e\000r\000e\000c\000h\000o\000\040\000R\000e\000g\000i\000s\000t\000r\000a\000l\000\040\000y\000\040\000s\000u\000\040\000r\000e\000l\000a\000c\000i\000\363\000n\000\040\000c\000o\000n\000\040\000o\000t\000r\000a\000s\000\040\000r\000a\000m\000a\000s\000\040\000d\000e\000l\000\040\000d\000e\000r\000e\000c\000h\000o}{chapter.1}% 2
\BOOKMARK [0][-]{chapter.2}{\376\377\000T\000e\000o\000r\000\355\000a\000\040\000d\000e\000l\000\040\000t\000\355\000t\000u\000l\000o\000\040\000s\000u\000f\000i\000c\000i\000e\000n\000t\000e\000\040\000y\000\040\000m\000o\000d\000o\000\040\000s\000u\000f\000i\000c\000i\000e\000n\000t\000e}{}% 3
\BOOKMARK [1][-]{section.2.1}{\376\377\000A\000r\000t\000s\000.\000\040\0001\0008\0009\0002\000\040\000y\000\040\0001\0008\0009\0003\000\040\000d\000e\000l\000\040\000C\000\363\000d\000i\000g\000o\000\040\000C\000i\000v\000i\000l\000\040\000y\000\040\000C\000o\000m\000e\000r\000c\000i\000a\000l}{chapter.2}% 4
\BOOKMARK [1][-]{section.2.2}{\376\377\000L\000a\000\040\000d\000u\000a\000l\000i\000d\000a\000d\000\040\000d\000e\000\040\000l\000a\000\040\000p\000a\000l\000a\000b\000r\000a\000\040\000`\000`\000t\000\355\000t\000u\000l\000o\000'\000'}{chapter.2}% 5
\BOOKMARK [1][-]{section.2.3}{\376\377\000\301\000m\000b\000i\000t\000o\000\040\000d\000e\000\040\000a\000p\000l\000i\000c\000a\000c\000i\000\363\000n\000:\000\040\000a\000d\000q\000u\000i\000s\000i\000c\000i\000\363\000n\000\040\000d\000e\000r\000i\000v\000a\000d\000a\000\040\000p\000o\000r\000\040\000a\000c\000t\000o\000\040\000e\000n\000t\000r\000e\000\040\000v\000i\000v\000o\000s}{chapter.2}% 6
\BOOKMARK [1][-]{section.2.4}{\376\377\000R\000e\000q\000u\000i\000s\000i\000t\000o\000s\000\040\000d\000e\000\040\000f\000o\000n\000d\000o\000\040\000d\000e\000l\000\040\000t\000\355\000t\000u\000l\000o\000\040\000s\000u\000f\000i\000c\000i\000e\000n\000t\000e}{chapter.2}% 7
\BOOKMARK [2][-]{subsection.2.4.1}{\376\377\000T\000i\000t\000u\000l\000a\000r\000i\000d\000a\000d}{section.2.4}% 8
\BOOKMARK [2][-]{subsection.2.4.2}{\376\377\000C\000a\000p\000a\000c\000i\000d\000a\000d}{section.2.4}% 9
\BOOKMARK [1][-]{section.2.5}{\376\377\000R\000e\000q\000u\000i\000s\000i\000t\000o\000\040\000d\000e\000\040\000f\000o\000r\000m\000a\000\040\000d\000e\000l\000\040\000t\000\355\000t\000u\000l\000o\000\040\000s\000u\000f\000i\000c\000i\000e\000n\000t\000e\000\040\000e\000n\000\040\000m\000a\000t\000e\000r\000i\000a\000\040\000i\000n\000m\000o\000b\000i\000l\000i\000a\000r\000i\000a}{chapter.2}% 10
\BOOKMARK [1][-]{section.2.6}{\376\377\000J\000u\000s\000t\000o\000\040\000t\000\355\000t\000u\000l\000o\000\040\000y\000\040\000t\000\355\000t\000u\000l\000o\000\040\000p\000u\000t\000a\000t\000i\000v\000o}{chapter.2}% 11
\BOOKMARK [2][-]{subsection.2.6.1}{\376\377\000J\000u\000s\000t\000o\000\040\000t\000\355\000t\000u\000l\000o}{section.2.6}% 12
\BOOKMARK [2][-]{subsection.2.6.2}{\376\377\000T\000\355\000t\000u\000l\000o\000\040\000p\000u\000t\000a\000t\000i\000v\000o}{section.2.6}% 13
\BOOKMARK [0][-]{chapter.3}{\376\377\000M\000o\000d\000o\000\040\000s\000u\000f\000i\000c\000i\000e\000n\000t\000e\000:\000\040\000l\000a\000\040\000t\000r\000a\000d\000i\000c\000i\000\363\000n\000\040\000e\000n\000\040\000i\000n\000m\000u\000e\000b\000l\000e\000s}{}% 14
\BOOKMARK [1][-]{section.3.1}{\376\377\000A\000r\000t\000s\000.\000\040\0001\0009\0002\0003\000,\000\040\0001\0009\0002\0004\000,\000\040\0001\0009\0002\0005\000\040\000y\000\040\0001\0009\0001\0004\000\040\000C\000C\000y\000C}{chapter.3}% 15
\BOOKMARK [1][-]{section.3.2}{\376\377\000A\000c\000t\000o\000s\000\040\000m\000a\000t\000e\000r\000i\000a\000l\000e\000s\000\040\000d\000e\000\040\000e\000n\000t\000r\000e\000g\000a\000\040\000y\000\040\000r\000e\000c\000e\000p\000c\000i\000\363\000n}{chapter.3}% 16
\BOOKMARK [1][-]{section.3.3}{\376\377\000P\000r\000e\000s\000u\000n\000c\000i\000\363\000n\000\040\000d\000e\000\040\000f\000e\000c\000h\000a\000\040\000d\000e\000l\000\040\000a\000r\000t\000.\000\040\0001\0009\0001\0004\000\040\000C\000C\000y\000C}{chapter.3}% 17
\BOOKMARK [0][-]{chapter.4}{\376\377\000P\000u\000b\000l\000i\000c\000i\000d\000a\000d\000\040\000r\000e\000g\000i\000s\000t\000r\000a\000l\000\040\000e\000\040\000i\000n\000s\000c\000r\000i\000p\000c\000i\000\363\000n\000\040\000d\000e\000c\000l\000a\000r\000a\000t\000i\000v\000a}{}% 18
\BOOKMARK [1][-]{section.4.1}{\376\377\000A\000r\000t\000.\000\040\0001\0008\0009\0003\000\040\000C\000C\000y\000C\000\040\000y\000\040\000e\000f\000e\000c\000t\000o\000s\000\040\000d\000e\000\040\000l\000a\000\040\000i\000n\000s\000c\000r\000i\000p\000c\000i\000\363\000n}{chapter.4}% 19
\BOOKMARK [1][-]{section.4.2}{\376\377\000T\000e\000r\000c\000e\000r\000o\000s\000\040\000i\000n\000t\000e\000r\000e\000s\000a\000d\000o\000s\000\040\000y\000\040\000d\000e\000\040\000b\000u\000e\000n\000a\000\040\000f\000e}{chapter.4}% 20
\BOOKMARK [1][-]{section.4.3}{\376\377\000T\000e\000r\000c\000e\000r\000o\000s\000\040\000d\000e\000s\000i\000n\000t\000e\000r\000e\000s\000a\000d\000o\000s}{chapter.4}% 21
\BOOKMARK [0][-]{chapter.5}{\376\377\000O\000r\000g\000a\000n\000i\000z\000a\000c\000i\000\363\000n\000\040\000d\000e\000\040\000l\000o\000s\000\040\000R\000e\000g\000i\000s\000t\000r\000o\000s\000\040\000d\000e\000\040\000l\000a\000\040\000P\000r\000o\000p\000i\000e\000d\000a\000d\000\040\000I\000n\000m\000u\000e\000b\000l\000e}{}% 22
\BOOKMARK [1][-]{section.5.1}{\376\377\000S\000i\000s\000t\000e\000m\000a\000\040\000f\000e\000d\000e\000r\000a\000l\000\040\000y\000\040\000m\000u\000l\000t\000i\000p\000l\000i\000c\000i\000d\000a\000d\000\040\000d\000e\000\040\000R\000P\000I}{chapter.5}% 23
\BOOKMARK [1][-]{section.5.2}{\376\377\000C\000o\000n\000s\000e\000j\000o\000\040\000F\000e\000d\000e\000r\000a\000l\000\040\000d\000e\000\040\000R\000e\000g\000i\000s\000t\000r\000o\000s\000\040\000d\000e\000\040\000l\000a\000\040\000P\000r\000o\000p\000i\000e\000d\000a\000d\000\040\000I\000n\000m\000u\000e\000b\000l\000e}{chapter.5}% 24
\BOOKMARK [1][-]{section.5.3}{\376\377\000U\000b\000i\000c\000a\000c\000i\000\363\000n\000\040\000i\000n\000s\000t\000i\000t\000u\000c\000i\000o\000n\000a\000l\000:\000\040\000P\000o\000d\000e\000r\000\040\000E\000j\000e\000c\000u\000t\000i\000v\000o\000\040\000y\000\040\000P\000o\000d\000e\000r\000\040\000J\000u\000d\000i\000c\000i\000a\000l}{chapter.5}% 25
\BOOKMARK [0][-]{chapter.6}{\376\377\000C\000l\000a\000s\000i\000f\000i\000c\000a\000c\000i\000\363\000n\000\040\000d\000e\000\040\000l\000o\000s\000\040\000R\000P\000I}{}% 26
\BOOKMARK [1][-]{section.6.1}{\376\377\000S\000e\000g\000\372\000n\000\040\000e\000l\000\040\000e\000f\000e\000c\000t\000o\000\040\000q\000u\000e\000\040\000p\000r\000o\000d\000u\000c\000e\000\040\000l\000a\000\040\000i\000n\000s\000c\000r\000i\000p\000c\000i\000\363\000n}{chapter.6}% 27
\BOOKMARK [2][-]{subsection.6.1.1}{\376\377\000R\000e\000g\000i\000s\000t\000r\000o\000\040\000c\000o\000n\000s\000t\000i\000t\000u\000t\000i\000v\000o}{section.6.1}% 28
\BOOKMARK [2][-]{subsection.6.1.2}{\376\377\000R\000e\000g\000i\000s\000t\000r\000o\000\040\000d\000e\000c\000l\000a\000r\000a\000t\000i\000v\000o}{section.6.1}% 29
\BOOKMARK [1][-]{section.6.2}{\376\377\000S\000e\000g\000\372\000n\000\040\000e\000l\000\040\000e\000f\000e\000c\000t\000o\000\040\000s\000a\000n\000e\000a\000t\000o\000r\000i\000o}{chapter.6}% 30
\BOOKMARK [2][-]{subsection.6.2.1}{\376\377\000R\000e\000g\000i\000s\000t\000r\000o\000\040\000c\000o\000n\000v\000a\000l\000i\000d\000a\000n\000t\000e}{section.6.2}% 31
\BOOKMARK [2][-]{subsection.6.2.2}{\376\377\000R\000e\000g\000i\000s\000t\000r\000o\000\040\000n\000o\000\040\000c\000o\000n\000v\000a\000l\000i\000d\000a\000n\000t\000e}{section.6.2}% 32
\BOOKMARK [1][-]{section.6.3}{\376\377\000S\000e\000g\000\372\000n\000\040\000l\000a\000\040\000m\000a\000t\000e\000r\000i\000a\000\040\000r\000e\000g\000i\000s\000t\000r\000a\000b\000l\000e}{chapter.6}% 33
\BOOKMARK [2][-]{subsection.6.3.1}{\376\377\000R\000e\000g\000i\000s\000t\000r\000o\000\040\000d\000e\000\040\000h\000e\000c\000h\000o\000s}{section.6.3}% 34
\BOOKMARK [2][-]{subsection.6.3.2}{\376\377\000R\000e\000g\000i\000s\000t\000r\000o\000\040\000d\000e\000\040\000a\000c\000t\000o\000s}{section.6.3}% 35
\BOOKMARK [2][-]{subsection.6.3.3}{\376\377\000R\000e\000g\000i\000s\000t\000r\000o\000\040\000d\000e\000\040\000d\000e\000r\000e\000c\000h\000o\000s}{section.6.3}% 36
\BOOKMARK [2][-]{subsection.6.3.4}{\376\377\000R\000e\000g\000i\000s\000t\000r\000o\000\040\000d\000e\000\040\000d\000o\000c\000u\000m\000e\000n\000t\000o\000s}{section.6.3}% 37
\BOOKMARK [1][-]{section.6.4}{\376\377\000S\000e\000g\000\372\000n\000\040\000l\000a\000\040\000t\000\351\000c\000n\000i\000c\000a\000\040\000d\000e\000\040\000c\000o\000n\000f\000e\000c\000c\000i\000\363\000n\000\040\000d\000e\000l\000\040\000a\000s\000i\000e\000n\000t\000o}{chapter.6}% 38
\BOOKMARK [2][-]{subsection.6.4.1}{\376\377\000R\000e\000g\000i\000s\000t\000r\000o\000\040\000d\000e\000\040\000i\000n\000c\000o\000r\000p\000o\000r\000a\000c\000i\000\363\000n}{section.6.4}% 39
\BOOKMARK [2][-]{subsection.6.4.2}{\376\377\000R\000e\000g\000i\000s\000t\000r\000o\000\040\000d\000e\000\040\000t\000r\000a\000n\000s\000c\000r\000i\000p\000c\000i\000\363\000n}{section.6.4}% 40
\BOOKMARK [2][-]{subsection.6.4.3}{\376\377\000R\000e\000g\000i\000s\000t\000r\000o\000\040\000d\000e\000\040\000i\000n\000s\000c\000r\000i\000p\000c\000i\000\363\000n}{section.6.4}% 41
\BOOKMARK [1][-]{section.6.5}{\376\377\000R\000a\000d\000i\000o\000g\000r\000a\000f\000\355\000a\000\040\000d\000e\000\040\000l\000o\000s\000\040\000R\000P\000I\000\040\000a\000r\000g\000e\000n\000t\000i\000n\000o\000s}{chapter.6}% 42
\BOOKMARK [0][-]{chapter.7}{\376\377\000M\000a\000r\000c\000o\000\040\000n\000o\000r\000m\000a\000t\000i\000v\000o}{}% 43
\BOOKMARK [1][-]{section.7.1}{\376\377\000L\000e\000y\000\040\0001\0007\000.\0008\0000\0001\000\040\000y\000\040\000n\000o\000r\000m\000a\000s\000\040\000l\000o\000c\000a\000l\000e\000s}{chapter.7}% 44
\BOOKMARK [1][-]{section.7.2}{\376\377\000N\000o\000r\000m\000a\000s\000\040\000a\000d\000m\000i\000n\000i\000s\000t\000r\000a\000t\000i\000v\000a\000s\000\040\000d\000e\000l\000\040\000r\000e\000g\000i\000s\000t\000r\000o}{chapter.7}% 45
\BOOKMARK [2][-]{subsection.7.2.1}{\376\377\000D\000i\000s\000p\000o\000s\000i\000c\000i\000o\000n\000e\000s\000\040\000T\000\351\000c\000n\000i\000c\000o\000-\000R\000e\000g\000i\000s\000t\000r\000a\000l\000e\000s}{section.7.2}% 46
\BOOKMARK [2][-]{subsection.7.2.2}{\376\377\000\323\000r\000d\000e\000n\000e\000s\000\040\000d\000e\000\040\000s\000e\000r\000v\000i\000c\000i\000o\000\040\000e\000\040\000i\000n\000s\000t\000r\000u\000c\000c\000i\000o\000n\000e\000s\000\040\000d\000e\000\040\000t\000r\000a\000b\000a\000j\000o}{section.7.2}% 47
\BOOKMARK [0][-]{chapter.8}{\376\377\000D\000o\000c\000u\000m\000e\000n\000t\000o\000s\000\040\000r\000e\000g\000i\000s\000t\000r\000a\000b\000l\000e\000s}{}% 48
\BOOKMARK [1][-]{section.8.1}{\376\377\000A\000r\000t\000s\000.\000\040\0002\000\040\000y\000\040\0003\000\040\000d\000e\000\040\000l\000a\000\040\000L\000e\000y\000\040\0001\0007\000.\0008\0000\0001}{chapter.8}% 49
\BOOKMARK [1][-]{section.8.2}{\376\377\000A\000r\000t\000.\000\040\0002\000:\000\040\000r\000e\000q\000u\000i\000s\000i\000t\000o\000s\000\040\000d\000e\000\040\000f\000o\000n\000d\000o}{chapter.8}% 50
\BOOKMARK [2][-]{subsection.8.2.1}{\376\377\000I\000n\000c\000i\000s\000o\000\040\000A\000:\000\040\000a\000c\000t\000o\000s\000\040\000s\000o\000b\000r\000e\000\040\000d\000e\000r\000e\000c\000h\000o\000s\000\040\000r\000e\000a\000l\000e\000s\000\040\000s\000o\000b\000r\000e\000\040\000i\000n\000m\000u\000e\000b\000l\000e\000s}{section.8.2}% 51
\BOOKMARK [3][-]{section*.2}{\376\377\000C\000o\000n\000s\000t\000i\000t\000u\000c\000i\000\363\000n}{subsection.8.2.1}% 52
\BOOKMARK [3][-]{section*.3}{\376\377\000T\000r\000a\000n\000s\000m\000i\000s\000i\000\363\000n}{subsection.8.2.1}% 53
\BOOKMARK [3][-]{section*.4}{\376\377\000D\000e\000c\000l\000a\000r\000a\000c\000i\000\363\000n}{subsection.8.2.1}% 54
\BOOKMARK [3][-]{section*.5}{\376\377\000M\000o\000d\000i\000f\000i\000c\000a\000c\000i\000\363\000n}{subsection.8.2.1}% 55
\BOOKMARK [3][-]{section*.6}{\376\377\000E\000x\000t\000i\000n\000c\000i\000\363\000n}{subsection.8.2.1}% 56
\BOOKMARK [2][-]{subsection.8.2.2}{\376\377\000I\000n\000c\000i\000s\000o\000\040\000B\000:\000\040\000m\000e\000d\000i\000d\000a\000s\000\040\000c\000a\000u\000t\000e\000l\000a\000r\000e\000s}{section.8.2}% 57
\BOOKMARK [2][-]{subsection.8.2.3}{\376\377\000I\000n\000c\000i\000s\000o\000\040\000C\000:\000\040\000d\000o\000c\000u\000m\000e\000n\000t\000o\000s\000\040\000e\000s\000t\000a\000b\000l\000e\000c\000i\000d\000o\000s\000\040\000p\000o\000r\000\040\000o\000t\000r\000a\000s\000\040\000l\000e\000y\000e\000s\000\040\000n\000a\000c\000i\000o\000n\000a\000l\000e\000s\000\040\000o\000\040\000p\000r\000o\000v\000i\000n\000c\000i\000a\000l\000e\000s}{section.8.2}% 58
\BOOKMARK [1][-]{section.8.3}{\376\377\000A\000r\000t\000.\000\040\0003\000:\000\040\000r\000e\000q\000u\000i\000s\000i\000t\000o\000s\000\040\000d\000e\000\040\000f\000o\000r\000m\000a\000\040\000y\000\040\000a\000u\000t\000e\000n\000t\000i\000c\000i\000d\000a\000d\000\040\000d\000e\000l\000\040\000d\000o\000c\000u\000m\000e\000n\000t\000o\000\040\000r\000e\000g\000i\000s\000t\000r\000a\000b\000l\000e}{chapter.8}% 59
\BOOKMARK [2][-]{subsection.8.3.1}{\376\377\000E\000x\000c\000e\000p\000c\000i\000\363\000n\000:\000\040\000i\000n\000s\000t\000r\000u\000m\000e\000n\000t\000o\000s\000\040\000p\000r\000i\000v\000a\000d\000o\000s}{section.8.3}% 60
\BOOKMARK [1][-]{section.8.4}{\376\377\000F\000i\000r\000m\000a\000\040\000d\000i\000g\000i\000t\000a\000l\000\040\000y\000\040\000d\000i\000g\000i\000t\000a\000l\000i\000z\000a\000c\000i\000\363\000n\000\040\000d\000e\000\040\000l\000o\000s\000\040\000R\000P\000I}{chapter.8}% 61
