\BOOKMARK [0][-]{chapter.1}{\376\377\000E\000l\000\040\000J\000u\000i\000c\000i\000o\000\040\000E\000j\000e\000c\000u\000t\000i\000v\000o}{}% 1
\BOOKMARK [1][-]{section.1.1}{\376\377\000U\000b\000i\000c\000a\000c\000i\000\363\000n\000\040\000e\000n\000\040\000e\000l\000\040\000C\000\363\000d\000i\000g\000o\000\040\000P\000r\000o\000c\000e\000s\000a\000l}{chapter.1}% 2
\BOOKMARK [1][-]{section.1.2}{\376\377\000C\000o\000n\000c\000e\000p\000t\000o\000\040\000y\000\040\000N\000a\000t\000u\000r\000a\000l\000e\000z\000a\000\040\000J\000u\000r\000\355\000d\000i\000c\000a}{chapter.1}% 3
\BOOKMARK [2][-]{subsection.1.2.1}{\376\377\000E\000l\000\040\000p\000r\000o\000c\000e\000s\000o\000\040\000d\000e\000\040\000c\000o\000n\000o\000c\000i\000m\000i\000e\000n\000t\000o\000\040\000s\000u\000m\000a\000r\000i\000o}{section.1.2}% 4
\BOOKMARK [2][-]{subsection.1.2.2}{\376\377\000L\000a\000\040\000o\000p\000c\000i\000\363\000n\000\040\000p\000o\000r\000\040\000l\000a\000\040\000r\000a\000p\000i\000d\000e\000z}{section.1.2}% 5
\BOOKMARK [1][-]{section.1.3}{\376\377\000D\000i\000f\000e\000r\000e\000n\000c\000i\000a\000\040\000c\000o\000n\000\040\000l\000a\000\040\000E\000j\000e\000c\000u\000c\000i\000\363\000n\000\040\000d\000e\000\040\000S\000e\000n\000t\000e\000n\000c\000i\000a\000s}{chapter.1}% 6
\BOOKMARK [2][-]{subsection.1.3.1}{\376\377\000E\000l\000\040\000d\000e\000s\000d\000o\000b\000l\000a\000m\000i\000e\000n\000t\000o\000\040\000d\000e\000l\000\040\000c\000o\000n\000o\000c\000i\000m\000i\000e\000n\000t\000o\000\040\000d\000e\000l\000\040\000c\000o\000n\000f\000l\000i\000c\000t\000o}{section.1.3}% 7
\BOOKMARK [2][-]{subsection.1.3.2}{\376\377\000L\000a\000\040\000c\000o\000s\000a\000\040\000j\000u\000z\000g\000a\000d\000a\000\040\000m\000i\000x\000t\000a\000\040\000e\000n\000\040\000e\000l\000\040\000j\000u\000i\000c\000i\000o\000\040\000e\000j\000e\000c\000u\000t\000i\000v\000o}{section.1.3}% 8
\BOOKMARK [1][-]{section.1.4}{\376\377\000R\000e\000q\000u\000i\000s\000i\000t\000o\000s\000\040\000p\000a\000r\000a\000\040\000A\000c\000c\000e\000d\000e\000r\000\040\000a\000\040\000l\000a\000\040\000V\000\355\000a\000\040\000E\000j\000e\000c\000u\000t\000i\000v\000a}{chapter.1}% 9
\BOOKMARK [2][-]{subsection.1.4.1}{\376\377\000L\000a\000\040\000e\000x\000i\000g\000i\000b\000i\000l\000i\000d\000a\000d\000\040\000d\000e\000\040\000l\000a\000\040\000o\000b\000l\000i\000g\000a\000c\000i\000\363\000n}{section.1.4}% 10
\BOOKMARK [2][-]{subsection.1.4.2}{\376\377\000L\000a\000\040\000l\000i\000q\000u\000i\000d\000e\000z\000\040\000o\000\040\000f\000\341\000c\000i\000l\000\040\000l\000i\000q\000u\000i\000d\000a\000b\000i\000l\000i\000d\000a\000d}{section.1.4}% 11
\BOOKMARK [2][-]{subsection.1.4.3}{\376\377\000E\000l\000\040\000c\000a\000s\000o\000\040\000d\000e\000\040\000l\000a\000\040\000m\000o\000n\000e\000d\000a\000\040\000e\000x\000t\000r\000a\000n\000j\000e\000r\000a}{section.1.4}% 12
\BOOKMARK [1][-]{section.1.5}{\376\377\000T\000\355\000t\000u\000l\000o\000s\000\040\000E\000j\000e\000c\000u\000t\000i\000v\000o\000s\040\024\000A\000r\000t\000\355\000c\000u\000l\000o\000\040\0005\0002\0003\000\040\000C\000P\000C\000C\000N}{chapter.1}% 13
\BOOKMARK [2][-]{subsection.1.5.1}{\376\377\000E\000l\000\040\000i\000n\000c\000i\000s\000o\000\040\0007\000\260\000:\000\040\000a\000p\000e\000r\000t\000u\000r\000a\000\040\000a\000\040\000t\000\355\000t\000u\000l\000o\000s\000\040\000e\000s\000p\000e\000c\000i\000a\000l\000e\000s}{section.1.5}% 14
\BOOKMARK [1][-]{section.1.6}{\376\377\000T\000\355\000t\000u\000l\000o\000s\000\040\000I\000n\000c\000o\000m\000p\000l\000e\000t\000o\000s\000\040\000y\000\040\000P\000r\000e\000p\000a\000r\000a\000c\000i\000\363\000n\000\040\000d\000e\000\040\000l\000a\000\040\000V\000\355\000a\000\040\000E\000j\000e\000c\000u\000t\000i\000v\000a}{chapter.1}% 15
\BOOKMARK [2][-]{subsection.1.6.1}{\376\377\000E\000j\000e\000m\000p\000l\000o\000:\000\040\000e\000l\000\040\000c\000o\000n\000t\000r\000a\000t\000o\000\040\000d\000e\000\040\000l\000o\000c\000a\000c\000i\000\363\000n}{section.1.6}% 16
\BOOKMARK [1][-]{section.1.7}{\376\377\000E\000l\000\040\000E\000m\000b\000a\000r\000g\000o\000\040\000E\000j\000e\000c\000u\000t\000i\000v\000o}{chapter.1}% 17
\BOOKMARK [1][-]{section.1.8}{\376\377\000L\000a\000\040\000I\000n\000t\000i\000m\000a\000c\000i\000\363\000n\000\040\000d\000e\000\040\000P\000a\000g\000o\040\024\000A\000r\000t\000\355\000c\000u\000l\000o\000\040\0005\0003\0001\000\040\000C\000P\000C\000C\000N}{chapter.1}% 18
\BOOKMARK [1][-]{section.1.9}{\376\377\000A\000m\000p\000l\000i\000a\000c\000i\000\363\000n\000\040\000d\000e\000\040\000l\000a\000\040\000E\000j\000e\000c\000u\000c\000i\000\363\000n\040\024\000A\000r\000t\000\355\000c\000u\000l\000o\000s\000\040\0005\0004\0000\000\040\000y\000\040\0005\0004\0001}{chapter.1}% 19
\BOOKMARK [1][-]{section.1.10}{\376\377\000E\000x\000c\000e\000p\000c\000i\000o\000n\000e\000s\000\040\000A\000d\000m\000i\000s\000i\000b\000l\000e\000s\040\024\000A\000r\000t\000\355\000c\000u\000l\000o\000\040\0005\0004\0004}{chapter.1}% 20
\BOOKMARK [1][-]{section.1.11}{\376\377\000F\000a\000l\000s\000e\000d\000a\000d\000\040\000e\000\040\000I\000n\000h\000a\000b\000i\000l\000i\000d\000a\000d\000\040\000d\000e\000l\000\040\000T\000\355\000t\000u\000l\000o\000\040\000\050\000A\000r\000t\000.\000\040\0005\0004\0004\000,\000\040\000i\000n\000c\000.\000\040\0004\000\260\000\051}{chapter.1}% 21
\BOOKMARK [2][-]{subsection.1.11.1}{\376\377\000F\000a\000l\000s\000e\000d\000a\000d\000\040\000m\000a\000t\000e\000r\000i\000a\000l\000\040\000v\000s\000.\000\040\000f\000a\000l\000s\000e\000d\000a\000d\000\040\000i\000d\000e\000o\000l\000\363\000g\000i\000c\000a}{section.1.11}% 22
\BOOKMARK [2][-]{subsection.1.11.2}{\376\377\000L\000o\000s\000\040\000c\000a\000s\000o\000s\000\040\000e\000x\000t\000r\000e\000m\000o\000s\000:\000\040\000o\000r\000d\000i\000n\000a\000r\000i\000z\000a\000c\000i\000\363\000n\000\040\000d\000e\000l\000\040\000p\000r\000o\000c\000e\000s\000o}{section.1.11}% 23
\BOOKMARK [2][-]{subsection.1.11.3}{\376\377\000L\000a\000\040\000i\000n\000h\000a\000b\000i\000l\000i\000d\000a\000d\000\040\000d\000e\000l\000\040\000t\000\355\000t\000u\000l\000o}{section.1.11}% 24
\BOOKMARK [1][-]{section.1.12}{\376\377\000A\000p\000e\000r\000t\000u\000r\000a\000\040\000a\000\040\000P\000r\000u\000e\000b\000a\000\040\000y\000\040\000S\000e\000n\000t\000e\000n\000c\000i\000a\000\040\000d\000e\000\040\000T\000r\000a\000n\000c\000e\000\040\000y\000\040\000R\000e\000m\000a\000t\000e}{chapter.1}% 25
\BOOKMARK [1][-]{section.1.13}{\376\377\000A\000p\000e\000l\000a\000c\000i\000\363\000n\000\040\000e\000\040\000I\000n\000a\000p\000e\000l\000a\000b\000i\000l\000i\000d\000a\000d\000\040\000e\000n\000\040\000e\000l\000\040\000J\000u\000i\000c\000i\000o\000\040\000E\000j\000e\000c\000u\000t\000i\000v\000o}{chapter.1}% 26
\BOOKMARK [1][-]{section.1.14}{\376\377\000C\000o\000s\000t\000a\000s\000\040\000y\000\040\000J\000u\000i\000c\000i\000o\000\040\000O\000r\000d\000i\000n\000a\000r\000i\000o\000\040\000P\000o\000s\000t\000e\000r\000i\000o\000r}{chapter.1}% 27
\BOOKMARK [1][-]{section.1.15}{\376\377\000E\000j\000e\000c\000u\000c\000i\000o\000n\000e\000s\000\040\000E\000s\000p\000e\000c\000i\000a\000l\000e\000s\040\024\000A\000r\000t\000\355\000c\000u\000l\000o\000\040\0005\0009\0005\000\040\000y\000\040\000s\000s\000.}{chapter.1}% 28
\BOOKMARK [2][-]{subsection.1.15.1}{\376\377\000L\000a\000\040\000e\000j\000e\000c\000u\000c\000i\000\363\000n\000\040\000h\000i\000p\000o\000t\000e\000c\000a\000r\000i\000a}{section.1.15}% 29
\BOOKMARK [0][-]{chapter.2}{\376\377\000C\000u\000m\000p\000l\000i\000m\000i\000e\000n\000t\000o\000\040\000d\000e\000\040\000l\000a\000\040\000S\000e\000n\000t\000e\000n\000c\000i\000a\000\040\000d\000e\000\040\000R\000e\000m\000a\000t\000e}{}% 30
\BOOKMARK [1][-]{section.2.1}{\376\377\000L\000a\000\040\000E\000t\000a\000p\000a\000\040\000C\000o\000e\000r\000c\000i\000t\000i\000v\000a\000\040\000d\000e\000l\000\040\000P\000r\000o\000c\000e\000s\000o}{chapter.2}% 31
\BOOKMARK [1][-]{section.2.2}{\376\377\000T\000\355\000t\000u\000l\000o\000s\000\040\000A\000s\000i\000m\000i\000l\000a\000b\000l\000e\000s\000\040\000a\000\040\000l\000a\000\040\000S\000e\000n\000t\000e\000n\000c\000i\000a}{chapter.2}% 32
\BOOKMARK [1][-]{section.2.3}{\376\377\000I\000n\000a\000p\000e\000l\000a\000b\000i\000l\000i\000d\000a\000d\000\040\000d\000e\000l\000\040\000E\000j\000e\000c\000u\000t\000a\000d\000o\040\024\000A\000r\000t\000\355\000c\000u\000l\000o\000\040\0005\0006\0000}{chapter.2}% 33
\BOOKMARK [1][-]{section.2.4}{\376\377\000E\000l\000\040\000E\000m\000b\000a\000r\000g\000o\000\040\000E\000j\000e\000c\000u\000t\000o\000r\000i\000o\000:\000\040\000P\000r\000e\000s\000u\000p\000u\000e\000s\000t\000o\000\040\000d\000e\000l\000\040\000R\000e\000m\000a\000t\000e}{chapter.2}% 34
\BOOKMARK [1][-]{section.2.5}{\376\377\000B\000i\000e\000n\000e\000s\000\040\000S\000u\000b\000a\000s\000t\000a\000b\000l\000e\000s}{chapter.2}% 35
\BOOKMARK [1][-]{section.2.6}{\376\377\000E\000l\000\040\000M\000a\000r\000t\000i\000l\000l\000e\000r\000o\000:\000\040\000D\000e\000s\000i\000g\000n\000a\000c\000i\000\363\000n\000\040\000y\000\040\000F\000u\000n\000c\000i\000o\000n\000e\000s}{chapter.2}% 36
\BOOKMARK [2][-]{subsection.2.6.1}{\376\377\000O\000b\000l\000i\000g\000a\000c\000i\000o\000n\000e\000s\000\040\000d\000e\000l\000\040\000m\000a\000r\000t\000i\000l\000l\000e\000r\000o}{section.2.6}% 37
\BOOKMARK [1][-]{section.2.7}{\376\377\000L\000a\000\040\000L\000i\000g\000a\000:\000\040\000D\000i\000s\000t\000o\000r\000s\000i\000\363\000n\000\040\000d\000e\000l\000\040\000S\000i\000s\000t\000e\000m\000a\000\040\000d\000e\000\040\000S\000u\000b\000a\000s\000t\000a\000s}{chapter.2}% 38
\BOOKMARK [1][-]{section.2.8}{\376\377\000S\000u\000b\000a\000s\000t\000a\000s\000\040\000E\000l\000e\000c\000t\000r\000\363\000n\000i\000c\000a\000s\000:\000\040\000U\000n\000a\000\040\000N\000e\000c\000e\000s\000i\000d\000a\000d\000\040\000I\000m\000p\000o\000s\000t\000e\000r\000g\000a\000b\000l\000e}{chapter.2}% 39
\BOOKMARK [1][-]{section.2.9}{\376\377\000T\000r\000\341\000m\000i\000t\000e\000s\000\040\000P\000r\000e\000v\000i\000o\000s\000\040\000a\000\040\000l\000a\000\040\000S\000u\000b\000a\000s\000t\000a\000\040\000d\000e\000\040\000I\000n\000m\000u\000e\000b\000l\000e\000s}{chapter.2}% 40
\BOOKMARK [2][-]{subsection.2.9.1}{\376\377\000I\000n\000f\000o\000r\000m\000e\000s\000\040\000r\000e\000g\000i\000s\000t\000r\000a\000l\000e\000s\000\040\000y\000\040\000d\000e\000\040\000d\000e\000u\000d\000a\000s}{section.2.9}% 41
\BOOKMARK [2][-]{subsection.2.9.2}{\376\377\000C\000i\000t\000a\000c\000i\000\363\000n\000\040\000d\000e\000\040\000l\000o\000s\000\040\000a\000c\000r\000e\000e\000d\000o\000r\000e\000s\000\040\000c\000o\000n\000\040\000g\000r\000a\000v\000\341\000m\000e\000n\000e\000s}{section.2.9}% 42
\BOOKMARK [1][-]{section.2.10}{\376\377\000L\000o\000s\000\040\000E\000d\000i\000c\000t\000o\000s\000\040\000y\000\040\000l\000a\000\040\000P\000u\000b\000l\000i\000c\000i\000d\000a\000d\040\024\000A\000r\000t\000\355\000c\000u\000l\000o\000\040\0005\0006\0006}{chapter.2}% 43
\BOOKMARK [1][-]{section.2.11}{\376\377\000L\000a\000\040\000B\000a\000s\000e\000\040\000d\000e\000\040\000l\000a\000\040\000S\000u\000b\000a\000s\000t\000a\040\024\000A\000r\000t\000\355\000c\000u\000l\000o\000\040\0005\0007\0008}{chapter.2}% 44
\BOOKMARK [1][-]{section.2.12}{\376\377\000E\000l\000\040\000A\000c\000t\000o\000\040\000d\000e\000\040\000R\000e\000m\000a\000t\000e}{chapter.2}% 45
\BOOKMARK [2][-]{subsection.2.12.1}{\376\377\000C\000u\000a\000n\000d\000o\000\040\000h\000a\000y\000\040\000c\000o\000m\000p\000r\000a\000d\000o\000r}{section.2.12}% 46
\BOOKMARK [2][-]{subsection.2.12.2}{\376\377\000C\000r\000\355\000t\000i\000c\000a\000\040\000a\000\040\000l\000a\000\040\000e\000x\000i\000g\000e\000n\000c\000i\000a\000\040\000d\000e\000l\000\040\000d\000i\000n\000e\000r\000o\000\040\000e\000n\000\040\000e\000f\000e\000c\000t\000i\000v\000o}{section.2.12}% 47
\BOOKMARK [1][-]{section.2.13}{\376\377\000A\000p\000r\000o\000b\000a\000c\000i\000\363\000n\000\040\000y\000\040\000N\000u\000l\000i\000d\000a\000d\000e\000s}{chapter.2}% 48
\BOOKMARK [2][-]{subsection.2.13.1}{\376\377\000E\000l\000\040\000p\000r\000i\000n\000c\000i\000p\000i\000o\000\040\000d\000e\000\040\000t\000r\000a\000s\000c\000e\000n\000d\000e\000n\000c\000i\000a}{section.2.13}% 49
\BOOKMARK [1][-]{section.2.14}{\376\377\000E\000l\000\040\000S\000o\000b\000r\000e\000s\000e\000i\000m\000i\000e\000n\000t\000o\000\040\000d\000e\000l\000\040\000J\000u\000i\000c\000i\000o\040\024\000A\000r\000t\000\355\000c\000u\000l\000o\000\040\0005\0008\0003}{chapter.2}% 50
\BOOKMARK [1][-]{section.2.15}{\376\377\000T\000\355\000t\000u\000l\000o\000\040\000d\000e\000l\000\040\000A\000d\000q\000u\000i\000r\000e\000n\000t\000e\000\040\000e\000\040\000I\000n\000s\000c\000r\000i\000p\000c\000i\000\363\000n\000\040\000R\000e\000g\000i\000s\000t\000r\000a\000l}{chapter.2}% 51
\BOOKMARK [2][-]{subsection.2.15.1}{\376\377\000L\000e\000v\000a\000n\000t\000a\000m\000i\000e\000n\000t\000o\000\040\000d\000e\000\040\000g\000r\000a\000v\000\341\000m\000e\000n\000e\000s}{section.2.15}% 52
\BOOKMARK [1][-]{section.2.16}{\376\377\000D\000i\000s\000t\000r\000i\000b\000u\000c\000i\000\363\000n\000\040\000d\000e\000l\000\040\000P\000r\000o\000d\000u\000c\000i\000d\000o\040\024\000L\000i\000q\000u\000i\000d\000a\000c\000i\000\363\000n}{chapter.2}% 53
\BOOKMARK [2][-]{subsection.2.16.1}{\376\377\000E\000l\000\040\000r\000e\000m\000a\000n\000e\000n\000t\000e}{section.2.16}% 54
\BOOKMARK [1][-]{section.2.17}{\376\377\000S\000u\000b\000a\000s\000t\000a\000\040\000F\000r\000a\000c\000a\000s\000a\000d\000a\000\040\000y\000\040\000A\000c\000r\000e\000e\000d\000o\000r\000\040\000C\000o\000m\000p\000r\000a\000d\000o\000r}{chapter.2}% 55
\BOOKMARK [2][-]{subsection.2.17.1}{\376\377\000F\000r\000a\000c\000a\000s\000o\000\040\000p\000o\000r\000\040\000f\000a\000l\000t\000a\000\040\000d\000e\000\040\000p\000o\000s\000t\000o\000r\000e\000s}{section.2.17}% 56
\BOOKMARK [2][-]{subsection.2.17.2}{\376\377\000E\000l\000\040\000a\000c\000r\000e\000e\000d\000o\000r\000\040\000e\000j\000e\000c\000u\000t\000a\000n\000t\000e\000\040\000c\000o\000m\000o\000\040\000c\000o\000m\000p\000r\000a\000d\000o\000r}{section.2.17}% 57
\BOOKMARK [1][-]{section.2.18}{\376\377\000L\000o\000s\000\040\000P\000l\000e\000n\000a\000r\000i\000o\000s\000:\000\040\000U\000n\000\040\000A\000s\000p\000e\000c\000t\000o\000\040\000C\000r\000\355\000t\000i\000c\000o\000\040\000p\000a\000r\000a\000\040\000l\000a\000\040\000P\000r\000\341\000c\000t\000i\000c\000a}{chapter.2}% 58
\BOOKMARK [1][-]{section.2.19}{\376\377\000D\000e\000s\000o\000c\000u\000p\000a\000c\000i\000\363\000n\000\040\000d\000e\000l\000\040\000I\000n\000m\000u\000e\000b\000l\000e\040\024\000A\000r\000t\000\355\000c\000u\000l\000o\000\040\0005\0008\0009}{chapter.2}% 59
