\BOOKMARK [0][-]{chapter.1}{\376\377\000I\000n\000t\000r\000o\000d\000u\000c\000c\000i\000\363\000n\000\040\000a\000l\000\040\000D\000e\000r\000e\000c\000h\000o\000\040\000R\000e\000g\000i\000s\000t\000r\000a\000l\000\040\000I\000n\000m\000o\000b\000i\000l\000i\000a\000r\000i\000o}{}% 1
\BOOKMARK [1][-]{section.1.1}{\376\377\000N\000a\000t\000u\000r\000a\000l\000e\000z\000a\000\040\000y\000\040\000a\000l\000c\000a\000n\000c\000e\000\040\000d\000e\000l\000\040\000D\000e\000r\000e\000c\000h\000o\000\040\000R\000e\000g\000i\000s\000t\000r\000a\000l}{chapter.1}% 2
\BOOKMARK [1][-]{section.1.2}{\376\377\000T\000e\000o\000r\000\355\000a\000\040\000d\000e\000l\000\040\000T\000\355\000t\000u\000l\000o\000\040\000S\000u\000f\000i\000c\000i\000e\000n\000t\000e\000\040\000y\000\040\000M\000o\000d\000o\000\040\000S\000u\000f\000i\000c\000i\000e\000n\000t\000e}{chapter.1}% 3
\BOOKMARK [2][-]{subsection.1.2.1}{\376\377\000T\000\355\000t\000u\000l\000o\000\040\000s\000u\000f\000i\000c\000i\000e\000n\000t\000e}{section.1.2}% 4
\BOOKMARK [2][-]{subsection.1.2.2}{\376\377\000J\000u\000s\000t\000o\000\040\000t\000\355\000t\000u\000l\000o\000\040\000y\000\040\000t\000\355\000t\000u\000l\000o\000\040\000p\000u\000t\000a\000t\000i\000v\000o}{section.1.2}% 5
\BOOKMARK [1][-]{section.1.3}{\376\377\000M\000o\000d\000o\000\040\000s\000u\000f\000i\000c\000i\000e\000n\000t\000e\000:\000\040\000L\000a\000\040\000t\000r\000a\000d\000i\000c\000i\000\363\000n\000\040\000e\000n\000\040\000i\000n\000m\000u\000e\000b\000l\000e\000s}{chapter.1}% 6
\BOOKMARK [2][-]{subsection.1.3.1}{\376\377\000A\000c\000t\000o\000s\000\040\000m\000a\000t\000e\000r\000i\000a\000l\000e\000s}{section.1.3}% 7
\BOOKMARK [2][-]{subsection.1.3.2}{\376\377\000P\000r\000e\000s\000u\000n\000c\000i\000\363\000n\000\040\000d\000e\000\040\000f\000e\000c\000h\000a\000\040\000\050\000A\000r\000t\000.\000\040\0001\0009\0001\0004\000\040\000C\000C\000y\000C\000\051}{section.1.3}% 8
\BOOKMARK [1][-]{section.1.4}{\376\377\000P\000u\000b\000l\000i\000c\000i\000d\000a\000d\000\040\000r\000e\000g\000i\000s\000t\000r\000a\000l\000\040\000e\000\040\000i\000n\000s\000c\000r\000i\000p\000c\000i\000\363\000n\000\040\000d\000e\000c\000l\000a\000r\000a\000t\000i\000v\000a}{chapter.1}% 9
\BOOKMARK [2][-]{subsection.1.4.1}{\376\377\000E\000f\000e\000c\000t\000o\000\040\000d\000e\000c\000l\000a\000r\000a\000t\000i\000v\000o\000\040\000d\000e\000\040\000l\000a\000\040\000i\000n\000s\000c\000r\000i\000p\000c\000i\000\363\000n}{section.1.4}% 10
\BOOKMARK [2][-]{subsection.1.4.2}{\376\377\000T\000e\000r\000c\000e\000r\000o\000s\000\040\000i\000n\000t\000e\000r\000e\000s\000a\000d\000o\000s\000\040\000y\000\040\000d\000e\000\040\000b\000u\000e\000n\000a\000\040\000f\000e\000\040\000v\000s\000.\000\040\000T\000e\000r\000c\000e\000r\000o\000s\000\040\000d\000e\000s\000i\000n\000t\000e\000r\000e\000s\000a\000d\000o\000s}{section.1.4}% 11
\BOOKMARK [1][-]{section.1.5}{\376\377\000O\000r\000g\000a\000n\000i\000z\000a\000c\000i\000\363\000n\000\040\000d\000e\000\040\000l\000o\000s\000\040\000R\000e\000g\000i\000s\000t\000r\000o\000s\000\040\000d\000e\000\040\000l\000a\000\040\000P\000r\000o\000p\000i\000e\000d\000a\000d\000\040\000I\000n\000m\000u\000e\000b\000l\000e}{chapter.1}% 12
\BOOKMARK [2][-]{subsection.1.5.1}{\376\377\000S\000i\000s\000t\000e\000m\000a\000\040\000f\000e\000d\000e\000r\000a\000l\000\040\000y\000\040\000d\000e\000m\000a\000r\000c\000a\000c\000i\000o\000n\000e\000s\000\040\000t\000e\000r\000r\000i\000t\000o\000r\000i\000a\000l\000e\000s}{section.1.5}% 13
\BOOKMARK [2][-]{subsection.1.5.2}{\376\377\000E\000l\000\040\000C\000o\000n\000s\000e\000j\000o\000\040\000F\000e\000d\000e\000r\000a\000l\000\040\000d\000e\000\040\000R\000e\000g\000i\000s\000t\000r\000o\000s\000\040\000d\000e\000\040\000l\000a\000\040\000P\000r\000o\000p\000i\000e\000d\000a\000d\000\040\000I\000n\000m\000u\000e\000b\000l\000e}{section.1.5}% 14
\BOOKMARK [2][-]{subsection.1.5.3}{\376\377\000E\000n\000c\000u\000a\000d\000r\000e\000\040\000i\000n\000s\000t\000i\000t\000u\000c\000i\000o\000n\000a\000l}{section.1.5}% 15
\BOOKMARK [1][-]{section.1.6}{\376\377\000C\000l\000a\000s\000i\000f\000i\000c\000a\000c\000i\000\363\000n\000\040\000d\000e\000\040\000l\000o\000s\000\040\000R\000e\000g\000i\000s\000t\000r\000o\000s\000\040\000d\000e\000\040\000l\000a\000\040\000P\000r\000o\000p\000i\000e\000d\000a\000d\000\040\000I\000n\000m\000u\000e\000b\000l\000e}{chapter.1}% 16
\BOOKMARK [2][-]{subsection.1.6.1}{\376\377\000S\000e\000g\000\372\000n\000\040\000e\000l\000\040\000e\000f\000e\000c\000t\000o\000\040\000d\000e\000\040\000l\000a\000\040\000i\000n\000s\000c\000r\000i\000p\000c\000i\000\363\000n}{section.1.6}% 17
\BOOKMARK [2][-]{subsection.1.6.2}{\376\377\000S\000e\000g\000\372\000n\000\040\000e\000l\000\040\000e\000f\000e\000c\000t\000o\000\040\000s\000a\000n\000e\000a\000t\000o\000r\000i\000o}{section.1.6}% 18
\BOOKMARK [2][-]{subsection.1.6.3}{\376\377\000S\000e\000g\000\372\000n\000\040\000l\000a\000\040\000m\000a\000t\000e\000r\000i\000a\000\040\000r\000e\000g\000i\000s\000t\000r\000a\000b\000l\000e}{section.1.6}% 19
\BOOKMARK [2][-]{subsection.1.6.4}{\376\377\000S\000e\000g\000\372\000n\000\040\000l\000a\000\040\000t\000\351\000c\000n\000i\000c\000a\000\040\000d\000e\000\040\000c\000o\000n\000f\000e\000c\000c\000i\000\363\000n\000\040\000d\000e\000l\000\040\000a\000s\000i\000e\000n\000t\000o}{section.1.6}% 20
\BOOKMARK [1][-]{section.1.7}{\376\377\000M\000a\000r\000c\000o\000\040\000n\000o\000r\000m\000a\000t\000i\000v\000o}{chapter.1}% 21
\BOOKMARK [2][-]{subsection.1.7.1}{\376\377\000L\000e\000y\000\040\000N\000a\000c\000i\000o\000n\000a\000l\000\040\000R\000e\000g\000i\000s\000t\000r\000a\000l\000\040\000I\000n\000m\000o\000b\000i\000l\000i\000a\000r\000i\000a\000\040\000N\000\260\000\040\0001\0007\000.\0008\0000\0001}{section.1.7}% 22
\BOOKMARK [2][-]{subsection.1.7.2}{\376\377\000L\000e\000y\000e\000s\000\040\000r\000e\000g\000l\000a\000m\000e\000n\000t\000a\000r\000i\000a\000s\000\040\000l\000o\000c\000a\000l\000e\000s}{section.1.7}% 23
\BOOKMARK [2][-]{subsection.1.7.3}{\376\377\000N\000o\000r\000m\000a\000t\000i\000v\000a\000\040\000a\000d\000m\000i\000n\000i\000s\000t\000r\000a\000t\000i\000v\000a\000\040\000i\000n\000t\000e\000r\000n\000a}{section.1.7}% 24
\BOOKMARK [1][-]{section.1.8}{\376\377\000D\000o\000c\000u\000m\000e\000n\000t\000o\000s\000\040\000r\000e\000g\000i\000s\000t\000r\000a\000b\000l\000e\000s}{chapter.1}% 25
\BOOKMARK [2][-]{subsection.1.8.1}{\376\377\000R\000e\000q\000u\000i\000s\000i\000t\000o\000s\000\040\000d\000e\000\040\000f\000o\000n\000d\000o\000\040\000p\000o\000r\000\040\000e\000l\000\040\000c\000o\000n\000t\000e\000n\000i\000d\000o\000\040\000\050\000A\000r\000t\000.\000\040\0002\000\260\000\040\000L\000e\000y\000\040\0001\0007\000.\0008\0000\0001\000\051}{section.1.8}% 26
\BOOKMARK [2][-]{subsection.1.8.2}{\376\377\000R\000e\000q\000u\000i\000s\000i\000t\000o\000s\000\040\000d\000e\000\040\000f\000o\000r\000m\000a\000\040\000y\000\040\000a\000u\000t\000e\000n\000t\000i\000c\000i\000d\000a\000d\000\040\000\050\000A\000r\000t\000.\000\040\0003\000\260\000\040\000L\000e\000y\000\040\0001\0007\000.\0008\0000\0001\000\051}{section.1.8}% 27
\BOOKMARK [2][-]{subsection.1.8.3}{\376\377\000F\000i\000r\000m\000a\000\040\000d\000i\000g\000i\000t\000a\000l\000\040\000e\000\040\000i\000n\000f\000o\000r\000m\000a\000t\000i\000z\000a\000c\000i\000\363\000n\000\040\000\050\000L\000e\000y\000\040\0002\0005\000.\0005\0000\0006\000\051}{section.1.8}% 28
\BOOKMARK [0][-]{chapter.2}{\376\377\000R\000e\000s\000u\000m\000e\000n\000\040\000C\000o\000r\000n\000e\000l\000l}{}% 29
\BOOKMARK [1][-]{section.2.1}{\376\377\000C\000u\000a\000d\000r\000o\000\040\000d\000e\000\040\000R\000e\000c\000u\000p\000e\000r\000a\000c\000i\000\363\000n\000\040\000A\000c\000t\000i\000v\000a}{chapter.2}% 30
\BOOKMARK [0][-]{appendix.Alph1}{\376\377\000E\000s\000q\000u\000e\000m\000a\000\040\000n\000o\000r\000m\000a\000t\000i\000v\000o\000\040\000b\000\341\000s\000i\000c\000o}{}% 31
\BOOKMARK [1][-]{section.Alph1.1}{\376\377\000C\000u\000a\000d\000r\000o\000\040\000c\000o\000m\000p\000a\000r\000a\000t\000i\000v\000o\000\040\000d\000e\000\040\000n\000o\000r\000m\000a\000s\000\040\000s\000o\000b\000r\000e\000\040\000r\000e\000g\000i\000s\000t\000r\000a\000b\000i\000l\000i\000d\000a\000d}{appendix.Alph1}% 32
