\BOOKMARK [0][-]{chapter*.2}{\376\377\000P\000r\000e\000s\000e\000n\000t\000a\000c\000i\000\363\000n\000\040\000d\000e\000\040\000l\000a\000\040\000u\000n\000i\000d\000a\000d}{}% 1
\BOOKMARK [0][-]{chapter.1}{\376\377\000R\000e\000p\000a\000s\000o\000\040\000d\000e\000l\000\040\000p\000r\000o\000c\000e\000s\000o\000\040\000j\000u\000d\000i\000c\000i\000a\000l\000\040\000y\000\040\000c\000o\000n\000t\000e\000x\000t\000o}{}% 2
\BOOKMARK [1][-]{section.1.1}{\376\377\000C\000o\000n\000t\000e\000x\000t\000o\000\040\000d\000e\000\040\000l\000a\000\040\000u\000n\000i\000d\000a\000d}{chapter.1}% 3
\BOOKMARK [1][-]{section.1.2}{\376\377\000R\000e\000p\000a\000s\000o\000:\000\040\000l\000a\000s\000\040\000e\000t\000a\000p\000a\000s\000\040\000d\000e\000l\000\040\000p\000r\000o\000c\000e\000s\000o\000\040\000j\000u\000d\000i\000c\000i\000a\000l}{chapter.1}% 4
\BOOKMARK [1][-]{section.1.3}{\376\377\000L\000o\000s\000\040\000a\000c\000t\000o\000s\000\040\000p\000r\000o\000c\000e\000s\000a\000l\000e\000s\000\040\000y\000\040\000s\000u\000\040\000c\000l\000a\000s\000i\000f\000i\000c\000a\000c\000i\000\363\000n}{chapter.1}% 5
\BOOKMARK [1][-]{section.1.4}{\376\377\000S\000i\000s\000t\000e\000m\000a\000s\000\040\000a\000l\000t\000e\000r\000n\000a\000t\000i\000v\000o\000s\000\040\000d\000e\000\040\000r\000e\000s\000o\000l\000u\000c\000i\000\363\000n\000\040\000d\000e\000\040\000c\000o\000n\000f\000l\000i\000c\000t\000o\000s\000\040\000\050\000r\000e\000p\000a\000s\000o\000\051}{chapter.1}% 6
\BOOKMARK [1][-]{section.1.5}{\376\377\000L\000a\000\040\000d\000e\000m\000a\000n\000d\000a\000\040\000\050\000r\000e\000p\000a\000s\000o\000\040\000d\000e\000\040\000l\000a\000\040\000u\000n\000i\000d\000a\000d\000\040\000a\000n\000t\000e\000r\000i\000o\000r\000\051}{chapter.1}% 7
\BOOKMARK [1][-]{section.1.6}{\376\377\000A\000c\000t\000i\000t\000u\000d\000e\000s\000\040\000d\000e\000l\000\040\000d\000e\000m\000a\000n\000d\000a\000d\000o\000\040\000t\000r\000a\000s\000\040\000l\000a\000\040\000n\000o\000t\000i\000f\000i\000c\000a\000c\000i\000\363\000n\000:\000\040\000i\000n\000t\000r\000o\000d\000u\000c\000c\000i\000\363\000n}{chapter.1}% 8
\BOOKMARK [1][-]{section.1.7}{\376\377\000L\000a\000s\000\040\000c\000a\000r\000g\000a\000s\000\040\000q\000u\000e\000\040\000n\000a\000c\000e\000n\000\040\000c\000o\000n\000\040\000l\000a\000\040\000n\000o\000t\000i\000f\000i\000c\000a\000c\000i\000\363\000n}{chapter.1}% 9
\BOOKMARK [1][-]{section.1.8}{\376\377\000C\000l\000a\000s\000i\000f\000i\000c\000a\000c\000i\000\363\000n\000\040\000d\000e\000\040\000l\000a\000s\000\040\000a\000c\000t\000i\000t\000u\000d\000e\000s\000\040\000d\000e\000l\000\040\000d\000e\000m\000a\000n\000d\000a\000d\000o}{chapter.1}% 10
\BOOKMARK [1][-]{section*.9}{\376\377\000C\000u\000a\000d\000r\000o\000\040\000C\000o\000r\000n\000e\000l\000l\000\040\000d\000e\000l\000\040\000c\000a\000p\000\355\000t\000u\000l\000o}{chapter.1}% 11
\BOOKMARK [0][-]{chapter.2}{\376\377\000L\000a\000\040\000c\000o\000n\000t\000e\000s\000t\000a\000c\000i\000\363\000n\000\040\000d\000e\000\040\000d\000e\000m\000a\000n\000d\000a}{}% 12
\BOOKMARK [1][-]{section.2.1}{\376\377\000E\000l\000\040\000p\000l\000a\000z\000o\000\040\000p\000a\000r\000a\000\040\000c\000o\000n\000t\000e\000s\000t\000a\000r}{chapter.2}% 13
\BOOKMARK [1][-]{section.2.2}{\376\377\000C\000o\000n\000c\000e\000p\000t\000o\000\040\000d\000e\000\040\000c\000o\000n\000t\000e\000s\000t\000a\000c\000i\000\363\000n\000\040\000d\000e\000\040\000d\000e\000m\000a\000n\000d\000a}{chapter.2}% 14
\BOOKMARK [1][-]{section.2.3}{\376\377\000R\000e\000q\000u\000i\000s\000i\000t\000o\000s\000\040\000f\000i\000s\000c\000a\000l\000e\000s\000\040\000y\000\040\000d\000e\000\040\000a\000d\000m\000i\000s\000i\000b\000i\000l\000i\000d\000a\000d}{chapter.2}% 15
\BOOKMARK [1][-]{section.2.4}{\376\377\000R\000e\000q\000u\000i\000s\000i\000t\000o\000s\000\040\000f\000o\000r\000m\000a\000l\000e\000s\000\040\000c\000o\000m\000u\000n\000e\000s\000\040\000c\000o\000n\000\040\000l\000a\000\040\000d\000e\000m\000a\000n\000d\000a}{chapter.2}% 16
\BOOKMARK [1][-]{section.2.5}{\376\377\000P\000r\000e\000s\000e\000n\000t\000a\000c\000i\000\363\000n\000\040\000d\000i\000g\000i\000t\000a\000l\000\040\000o\000b\000l\000i\000g\000a\000t\000o\000r\000i\000a}{chapter.2}% 17
\BOOKMARK [1][-]{section.2.6}{\376\377\000C\000o\000n\000t\000e\000n\000i\000d\000o\000\040\000s\000u\000s\000t\000a\000n\000c\000i\000a\000l\000:\000\040\000a\000r\000t\000\355\000c\000u\000l\000o\000\040\0003\0005\0006\000\040\000C\000P\000C\000C\000N}{chapter.2}% 18
\BOOKMARK [1][-]{section.2.7}{\376\377\000I\000n\000s\000t\000r\000u\000m\000e\000n\000t\000o\000s\000\040\000p\000\372\000b\000l\000i\000c\000o\000s\000\040\000v\000s\000.\000\040\000i\000n\000s\000t\000r\000u\000m\000e\000n\000t\000o\000s\000\040\000p\000r\000i\000v\000a\000d\000o\000s}{chapter.2}% 19
\BOOKMARK [1][-]{section.2.8}{\376\377\000A\000r\000t\000.\000\040\0003\0005\0006\000\040\000i\000n\000c\000.\000\040\0002\000\260\000:\000\040\000r\000e\000l\000a\000c\000i\000\363\000n\000\040\000d\000e\000\040\000l\000o\000s\000\040\000h\000e\000c\000h\000o\000s\000\040\000d\000e\000l\000\040\000d\000e\000m\000a\000n\000d\000a\000d\000o}{chapter.2}% 20
\BOOKMARK [1][-]{section.2.9}{\376\377\000O\000f\000r\000e\000c\000i\000m\000i\000e\000n\000t\000o\000\040\000d\000e\000\040\000p\000r\000u\000e\000b\000a\000\040\000a\000l\000\040\000c\000o\000n\000t\000e\000s\000t\000a\000r\000\040\000\050\000A\000r\000t\000.\000\040\0003\0003\0003\000\040\000C\000P\000C\000C\000N\000\051}{chapter.2}% 21
\BOOKMARK [1][-]{section.2.10}{\376\377\000E\000l\000\040\000d\000e\000r\000e\000c\000h\000o\000\040\000i\000n\000v\000o\000c\000a\000d\000o\000\040\000y\000\040\000l\000a\000\040\000p\000e\000t\000i\000c\000i\000\363\000n\000\040\000\050\000r\000e\000m\000i\000s\000i\000\363\000n\000\040\000a\000l\000\040\000A\000r\000t\000.\000\040\0003\0003\0000\000\051}{chapter.2}% 22
\BOOKMARK [1][-]{section.2.11}{\376\377\000E\000f\000e\000c\000t\000o\000s\000\040\000d\000e\000\040\000l\000a\000\040\000c\000o\000n\000t\000e\000s\000t\000a\000c\000i\000\363\000n\000\040\000d\000e\000\040\000d\000e\000m\000a\000n\000d\000a}{chapter.2}% 23
\BOOKMARK [1][-]{section.2.12}{\376\377\000T\000r\000a\000s\000l\000a\000d\000o\000\040\000d\000e\000\040\000l\000a\000\040\000d\000o\000c\000u\000m\000e\000n\000t\000a\000c\000i\000\363\000n\000\040\000a\000d\000j\000u\000n\000t\000a\000d\000a\000\040\000p\000o\000r\000\040\000e\000l\000\040\000d\000e\000m\000a\000n\000d\000a\000d\000o}{chapter.2}% 24
\BOOKMARK [1][-]{section*.16}{\376\377\000C\000u\000a\000d\000r\000o\000\040\000C\000o\000r\000n\000e\000l\000l\000\040\000d\000e\000l\000\040\000c\000a\000p\000\355\000t\000u\000l\000o}{chapter.2}% 25
\BOOKMARK [0][-]{chapter.3}{\376\377\000D\000o\000c\000u\000m\000e\000n\000t\000o\000s\000\040\000n\000u\000e\000v\000o\000s\000\040\000y\000\040\000h\000e\000c\000h\000o\000s\000\040\000n\000o\000\040\000i\000n\000v\000o\000c\000a\000d\000o\000s}{}% 26
\BOOKMARK [1][-]{section.3.1}{\376\377\000L\000a\000\040\000r\000e\000g\000l\000a\000\040\000g\000e\000n\000e\000r\000a\000l\000:\000\040\000o\000p\000o\000r\000t\000u\000n\000i\000d\000a\000d\000\040\000p\000a\000r\000a\000\040\000o\000f\000r\000e\000c\000e\000r\000\040\000p\000r\000u\000e\000b\000a}{chapter.3}% 27
\BOOKMARK [1][-]{section.3.2}{\376\377\000D\000o\000c\000u\000m\000e\000n\000t\000o\000s\000\040\000n\000u\000e\000v\000o\000s\000\040\000\050\000A\000r\000t\000.\000\040\0003\0003\0005\000\040\000C\000P\000C\000C\000N\000\051}{chapter.3}% 28
\BOOKMARK [1][-]{section.3.3}{\376\377\000H\000e\000c\000h\000o\000s\000\040\000n\000o\000\040\000i\000n\000v\000o\000c\000a\000d\000o\000s\000\040\000\050\000A\000r\000t\000.\000\040\0003\0003\0004\000\040\000C\000P\000C\000C\000N\000\051}{chapter.3}% 29
\BOOKMARK [1][-]{section.3.4}{\376\377\000H\000e\000c\000h\000o\000s\000\040\000n\000u\000e\000v\000o\000s\000\040\000\050\000A\000r\000t\000.\000\040\0003\0006\0005\000\040\000C\000P\000C\000C\000N\000\051}{chapter.3}% 30
\BOOKMARK [1][-]{section*.20}{\376\377\000C\000u\000a\000d\000r\000o\000\040\000C\000o\000r\000n\000e\000l\000l\000\040\000d\000e\000l\000\040\000c\000a\000p\000\355\000t\000u\000l\000o}{chapter.3}% 31
\BOOKMARK [0][-]{chapter.4}{\376\377\000E\000l\000\040\000a\000l\000l\000a\000n\000a\000m\000i\000e\000n\000t\000o}{}% 32
\BOOKMARK [1][-]{section.4.1}{\376\377\000C\000o\000n\000c\000e\000p\000t\000o\000\040\000y\000\040\000n\000a\000t\000u\000r\000a\000l\000e\000z\000a\000\040\000j\000u\000r\000\355\000d\000i\000c\000a}{chapter.4}% 33
\BOOKMARK [1][-]{section.4.2}{\376\377\000T\000i\000p\000o\000s\000\040\000d\000e\000\040\000a\000l\000l\000a\000n\000a\000m\000i\000e\000n\000t\000o}{chapter.4}% 34
\BOOKMARK [1][-]{section.4.3}{\376\377\000O\000p\000o\000r\000t\000u\000n\000i\000d\000a\000d\000\040\000d\000e\000l\000\040\000a\000l\000l\000a\000n\000a\000m\000i\000e\000n\000t\000o}{chapter.4}% 35
\BOOKMARK [1][-]{section*.24}{\376\377\000C\000u\000a\000d\000r\000o\000\040\000C\000o\000r\000n\000e\000l\000l\000\040\000d\000e\000l\000\040\000c\000a\000p\000\355\000t\000u\000l\000o}{chapter.4}% 36
\BOOKMARK [0][-]{chapter.5}{\376\377\000L\000a\000\040\000r\000e\000c\000o\000n\000v\000e\000n\000c\000i\000\363\000n}{}% 37
\BOOKMARK [1][-]{section.5.1}{\376\377\000C\000o\000n\000c\000e\000p\000t\000o}{chapter.5}% 38
\BOOKMARK [1][-]{section.5.2}{\376\377\000D\000o\000b\000l\000e\000\040\000c\000a\000l\000i\000d\000a\000d\000\040\000d\000e\000\040\000l\000a\000s\000\040\000p\000a\000r\000t\000e\000s}{chapter.5}% 39
\BOOKMARK [1][-]{section.5.3}{\376\377\000O\000p\000o\000r\000t\000u\000n\000i\000d\000a\000d\000\040\000y\000\040\000p\000l\000a\000z\000o}{chapter.5}% 40
\BOOKMARK [1][-]{section.5.4}{\376\377\000T\000r\000\341\000m\000i\000t\000e\000\040\000p\000r\000o\000c\000e\000s\000a\000l\000\040\000d\000e\000\040\000l\000a\000\040\000r\000e\000c\000o\000n\000v\000e\000n\000c\000i\000\363\000n}{chapter.5}% 41
\BOOKMARK [1][-]{section.5.5}{\376\377\000R\000e\000q\000u\000i\000s\000i\000t\000o\000s\000\040\000d\000e\000\040\000l\000a\000\040\000r\000e\000c\000o\000n\000v\000e\000n\000c\000i\000\363\000n}{chapter.5}% 42
\BOOKMARK [1][-]{section.5.6}{\376\377\000A\000l\000t\000e\000r\000n\000a\000t\000i\000v\000a\000\040\000a\000\040\000l\000a\000\040\000r\000e\000c\000o\000n\000v\000e\000n\000c\000i\000\363\000n\000:\000\040\000a\000c\000u\000m\000u\000l\000a\000c\000i\000\363\000n\000\040\000d\000e\000\040\000p\000r\000o\000c\000e\000s\000o\000s}{chapter.5}% 43
\BOOKMARK [1][-]{section.5.7}{\376\377\000E\000j\000e\000m\000p\000l\000o\000s\000\040\000d\000e\000\040\000r\000e\000c\000o\000n\000v\000e\000n\000c\000i\000\363\000n}{chapter.5}% 44
\BOOKMARK [1][-]{section*.26}{\376\377\000C\000u\000a\000d\000r\000o\000\040\000C\000o\000r\000n\000e\000l\000l\000\040\000d\000e\000l\000\040\000c\000a\000p\000\355\000t\000u\000l\000o}{chapter.5}% 45
\BOOKMARK [0][-]{chapter.6}{\376\377\000L\000a\000\040\000r\000e\000b\000e\000l\000d\000\355\000a}{}% 46
\BOOKMARK [1][-]{section.6.1}{\376\377\000C\000o\000n\000c\000e\000p\000t\000o\000\040\000y\000\040\000d\000i\000f\000e\000r\000e\000n\000c\000i\000a\000\040\000c\000o\000n\000\040\000l\000a\000\040\000s\000i\000m\000p\000l\000e\000\040\000i\000n\000c\000o\000m\000p\000a\000r\000e\000c\000e\000n\000c\000i\000a}{chapter.6}% 47
\BOOKMARK [1][-]{section.6.2}{\376\377\000D\000e\000c\000l\000a\000r\000a\000c\000i\000\363\000n\000\040\000d\000e\000\040\000l\000a\000\040\000r\000e\000b\000e\000l\000d\000\355\000a}{chapter.6}% 48
\BOOKMARK [1][-]{section.6.3}{\376\377\000E\000f\000e\000c\000t\000o\000s\000\040\000d\000e\000\040\000l\000a\000\040\000r\000e\000b\000e\000l\000d\000\355\000a}{chapter.6}% 49
\BOOKMARK [1][-]{section.6.4}{\376\377\000C\000e\000s\000a\000c\000i\000\363\000n\000\040\000d\000e\000\040\000l\000a\000\040\000r\000e\000b\000e\000l\000d\000\355\000a\000:\000\040\000e\000l\000\040\000r\000e\000b\000e\000l\000d\000e\000\040\000q\000u\000e\000\040\000s\000e\000\040\000p\000r\000e\000s\000e\000n\000t\000a}{chapter.6}% 50
\BOOKMARK [1][-]{section.6.5}{\376\377\000E\000x\000c\000e\000p\000c\000i\000\363\000n\000\040\000d\000e\000\040\000p\000r\000e\000s\000c\000r\000i\000p\000c\000i\000\363\000n\000\040\000p\000a\000r\000a\000\040\000e\000l\000\040\000r\000e\000b\000e\000l\000d\000e\000\040\000\050\000A\000r\000t\000.\000\040\0003\0004\0006\000\040\000C\000P\000C\000C\000N\000\051}{chapter.6}% 51
\BOOKMARK [1][-]{section.6.6}{\376\377\000N\000u\000l\000i\000d\000a\000d\000\040\000d\000e\000\040\000l\000a\000\040\000n\000o\000t\000i\000f\000i\000c\000a\000c\000i\000\363\000n\000\040\000y\000\040\000r\000e\000t\000r\000o\000a\000c\000c\000i\000\363\000n\000\040\000d\000e\000l\000\040\000p\000r\000o\000c\000e\000s\000o}{chapter.6}% 52
\BOOKMARK [1][-]{section*.31}{\376\377\000C\000u\000a\000d\000r\000o\000\040\000C\000o\000r\000n\000e\000l\000l\000\040\000d\000e\000l\000\040\000c\000a\000p\000\355\000t\000u\000l\000o}{chapter.6}% 53
\BOOKMARK [0][-]{chapter.7}{\376\377\000C\000u\000a\000d\000r\000o\000\040\000C\000o\000r\000n\000e\000l\000l\000\040\000g\000e\000n\000e\000r\000a\000l\000\040\000d\000e\000\040\000r\000e\000p\000a\000s\000o}{}% 54
