\BOOKMARK [0][-]{chapter*.2}{\376\377\000P\000r\000e\000s\000e\000n\000t\000a\000c\000i\000\363\000n\000\040\000d\000e\000\040\000l\000o\000s\000\040\000c\000o\000n\000t\000e\000n\000i\000d\000o\000s}{}% 1
\BOOKMARK [1][-]{section*.3}{\376\377\000T\000e\000m\000a\000s\000\040\000t\000r\000a\000t\000a\000d\000o\000s}{chapter*.2}% 2
\BOOKMARK [1][-]{section*.4}{\376\377\000U\000t\000i\000l\000i\000d\000a\000d\000\040\000p\000a\000r\000a\000\040\000l\000a\000\040\000v\000i\000d\000a\000\040\000p\000r\000o\000f\000e\000s\000i\000o\000n\000a\000l}{chapter*.2}% 3
\BOOKMARK [1][-]{section*.5}{\376\377\000R\000e\000l\000a\000c\000i\000\363\000n\000\040\000e\000n\000t\000r\000e\000\040\000l\000o\000s\000\040\000c\000u\000a\000t\000r\000o\000\040\000b\000l\000o\000q\000u\000e\000s}{chapter*.2}% 4
\BOOKMARK [0][-]{chapter.1}{\376\377\000E\000l\000\040\000d\000o\000m\000i\000n\000i\000o}{}% 5
\BOOKMARK [1][-]{section.1.1}{\376\377\000I\000n\000t\000r\000o\000d\000u\000c\000c\000i\000\363\000n\000\040\000m\000e\000t\000o\000d\000o\000l\000\363\000g\000i\000c\000a\000\040\000y\000\040\000o\000b\000j\000e\000t\000i\000v\000o\000\040\000d\000e\000l\000\040\000c\000u\000r\000s\000o}{chapter.1}% 6
\BOOKMARK [1][-]{section.1.2}{\376\377\000E\000l\000\040\000d\000o\000m\000i\000n\000i\000o\000\040\000c\000o\000m\000o\000\040\000d\000e\000r\000e\000c\000h\000o\000\040\000r\000e\000a\000l\000\040\000a\000b\000s\000o\000l\000u\000t\000o}{chapter.1}% 7
\BOOKMARK [2][-]{subsection.1.2.1}{\376\377\000\277\000S\000e\000\040\000p\000i\000e\000r\000d\000e\000\040\000e\000l\000\040\000d\000o\000m\000i\000n\000i\000o\000\040\000s\000i\000\040\000n\000o\000\040\000s\000e\000\040\000u\000s\000a\000?}{section.1.2}% 8
\BOOKMARK [1][-]{section.1.3}{\376\377\000E\000x\000c\000e\000p\000c\000i\000o\000n\000e\000s\000\040\000a\000\040\000l\000a\000\040\000p\000e\000r\000p\000e\000t\000u\000i\000d\000a\000d\000\040\000d\000e\000l\000\040\000d\000o\000m\000i\000n\000i\000o}{chapter.1}% 9
\BOOKMARK [2][-]{subsection.1.3.1}{\376\377\000C\000a\000u\000s\000a\000l\000e\000s\000\040\000d\000e\000\040\000p\000\351\000r\000d\000i\000d\000a\000\040\000d\000e\000l\000\040\000d\000o\000m\000i\000n\000i\000o\000\040\000p\000e\000r\000f\000e\000c\000t\000o}{section.1.3}% 10
\BOOKMARK [2][-]{subsection.1.3.2}{\376\377\000E\000l\000\040\000a\000b\000a\000n\000d\000o\000n\000o\000\040\000d\000e\000\040\000i\000n\000m\000u\000e\000b\000l\000e\000s\000\040\000y\000\040\000l\000o\000s\000\040\000a\000c\000t\000o\000s\000\040\000p\000o\000s\000e\000s\000o\000r\000i\000o\000s}{section.1.3}% 11
\BOOKMARK [1][-]{section.1.4}{\376\377\000C\000a\000s\000o\000s\000\040\000p\000r\000\341\000c\000t\000i\000c\000o\000s\000\040\000d\000e\000\040\000p\000\351\000r\000d\000i\000d\000a\000\040\000y\000\040\000f\000a\000l\000t\000a\000\040\000d\000e\000\040\000d\000o\000m\000i\000n\000i\000o}{chapter.1}% 12
\BOOKMARK [2][-]{subsection.1.4.1}{\376\377\000E\000l\000\040\000d\000o\000m\000i\000n\000i\000o\000\040\000p\000e\000r\000f\000e\000c\000t\000o\000\040\000e\000\040\000i\000m\000p\000e\000r\000f\000e\000c\000t\000o}{section.1.4}% 13
\BOOKMARK [1][-]{section.1.5}{\376\377\000A\000c\000c\000e\000s\000i\000\363\000n\000\040\000y\000\040\000c\000o\000n\000d\000o\000m\000i\000n\000i\000o}{chapter.1}% 14
\BOOKMARK [1][-]{section.1.6}{\376\377\000C\000u\000a\000d\000r\000o\000\040\000C\000o\000r\000n\000e\000l\000l\000\040\000d\000e\000l\000\040\000c\000a\000p\000\355\000t\000u\000l\000o}{chapter.1}% 15
\BOOKMARK [0][-]{chapter.2}{\376\377\000D\000e\000r\000e\000c\000h\000o\000\040\000s\000o\000c\000i\000e\000t\000a\000r\000i\000o\000\040\000y\000\040\000p\000r\000\341\000c\000t\000i\000c\000a\000\040\000n\000o\000t\000a\000r\000i\000a\000l}{}% 16
\BOOKMARK [1][-]{section.2.1}{\376\377\000N\000a\000c\000i\000m\000i\000e\000n\000t\000o\000\040\000d\000e\000\040\000l\000a\000\040\000s\000o\000c\000i\000e\000d\000a\000d\000\040\000y\000\040\000c\000o\000n\000t\000r\000a\000t\000o\000\040\000p\000l\000u\000r\000i\000l\000a\000t\000e\000r\000a\000l\000\040\000d\000e\000\040\000o\000r\000g\000a\000n\000i\000z\000a\000c\000i\000\363\000n}{chapter.2}% 17
\BOOKMARK [2][-]{subsection.2.1.1}{\376\377\000C\000o\000m\000p\000e\000t\000e\000n\000c\000i\000a\000\040\000p\000r\000o\000v\000i\000n\000c\000i\000a\000l\000\040\000d\000e\000\040\000l\000o\000s\000\040\000r\000e\000g\000i\000s\000t\000r\000o\000s}{section.2.1}% 18
\BOOKMARK [2][-]{subsection.2.1.2}{\376\377\000L\000a\000\040\000s\000o\000c\000i\000e\000d\000a\000d\000\040\000e\000n\000\040\000f\000o\000r\000m\000a\000c\000i\000\363\000n}{section.2.1}% 19
\BOOKMARK [1][-]{section.2.2}{\376\377\000C\000a\000p\000a\000c\000i\000d\000a\000d\000\040\000y\000\040\000r\000e\000s\000p\000o\000n\000s\000a\000b\000i\000l\000i\000d\000a\000d\000\040\000d\000e\000\040\000l\000a\000\040\000s\000o\000c\000i\000e\000d\000a\000d\000\040\000e\000n\000\040\000f\000o\000r\000m\000a\000c\000i\000\363\000n}{chapter.2}% 20
\BOOKMARK [1][-]{section.2.3}{\376\377\000A\000d\000q\000u\000i\000s\000i\000c\000i\000\363\000n\000\040\000d\000e\000\040\000i\000n\000m\000u\000e\000b\000l\000e\000s\000\040\000p\000o\000r\000\040\000s\000o\000c\000i\000e\000d\000a\000d\000e\000s\000\040\000e\000n\000\040\000f\000o\000r\000m\000a\000c\000i\000\363\000n}{chapter.2}% 21
\BOOKMARK [2][-]{subsection.2.3.1}{\376\377\000L\000a\000\040\000c\000o\000m\000p\000r\000a\000\040\000e\000n\000\040\000g\000e\000s\000t\000i\000\363\000n\000\040\000d\000e\000\040\000n\000e\000g\000o\000c\000i\000o\000s\000\040\000y\000\040\000s\000u\000s\000\040\000r\000i\000e\000s\000g\000o\000s}{section.2.3}% 22
\BOOKMARK [2][-]{subsection.2.3.2}{\376\377\000\277\000C\000u\000\341\000n\000d\000o\000\040\000s\000\355\000\040\000c\000o\000n\000v\000i\000e\000n\000e\000\040\000l\000a\000\040\000c\000o\000m\000p\000r\000a\000\040\000e\000n\000\040\000g\000e\000s\000t\000i\000\363\000n\000?}{section.2.3}% 23
\BOOKMARK [2][-]{subsection.2.3.3}{\376\377\000L\000a\000\040\000s\000o\000l\000u\000c\000i\000\363\000n\000\040\000p\000r\000e\000f\000e\000r\000i\000d\000a\000:\000\040\000e\000n\000c\000u\000a\000d\000r\000a\000r\000\040\000d\000e\000n\000t\000r\000o\000\040\000d\000e\000l\000\040\000o\000b\000j\000e\000t\000o\000\040\000s\000o\000c\000i\000a\000l}{section.2.3}% 24
\BOOKMARK [2][-]{subsection.2.3.4}{\376\377\000E\000l\000\040\000p\000l\000a\000z\000o\000\040\000d\000e\000\040\000d\000u\000r\000a\000c\000i\000\363\000n\000:\000\040\000d\000e\000s\000d\000e\000\040\000l\000a\000\040\000c\000o\000n\000s\000t\000i\000t\000u\000c\000i\000\363\000n\000\040\000o\000\040\000d\000e\000s\000d\000e\000\040\000l\000a\000\040\000i\000n\000s\000c\000r\000i\000p\000c\000i\000\363\000n}{section.2.3}% 25
\BOOKMARK [1][-]{section.2.4}{\376\377\000A\000c\000t\000o\000s\000\040\000n\000o\000t\000o\000r\000i\000a\000m\000e\000n\000t\000e\000\040\000e\000x\000t\000r\000a\000\361\000o\000s\000\040\000a\000l\000\040\000o\000b\000j\000e\000t\000o\000\040\000s\000o\000c\000i\000a\000l}{chapter.2}% 26
\BOOKMARK [2][-]{subsection.2.4.1}{\376\377\000R\000\351\000g\000i\000m\000e\000n\000\040\000d\000e\000\040\000r\000e\000s\000p\000o\000n\000s\000a\000b\000i\000l\000i\000d\000a\000d\000\040\000s\000e\000g\000\372\000n\000\040\000l\000a\000\040\000a\000p\000r\000o\000b\000a\000c\000i\000\363\000n\000\040\000d\000e\000l\000\040\000d\000i\000r\000e\000c\000t\000o\000r\000i\000o\000\040\000y\000\040\000d\000e\000\040\000l\000a\000\040\000a\000s\000a\000m\000b\000l\000e\000a}{section.2.4}% 27
\BOOKMARK [2][-]{subsection.2.4.2}{\376\377\000A\000c\000t\000a\000s\000\040\000v\000o\000l\000a\000n\000t\000e\000s\000\040\000y\000\040\000l\000i\000b\000r\000o\000s\000\040\000s\000o\000c\000i\000e\000t\000a\000r\000i\000o\000s\000\040\000d\000u\000r\000a\000n\000t\000e\000\040\000l\000a\000\040\000e\000t\000a\000p\000a\000\040\000d\000e\000\040\000f\000o\000r\000m\000a\000c\000i\000\363\000n}{section.2.4}% 28
\BOOKMARK [1][-]{section.2.5}{\376\377\000P\000l\000a\000z\000o\000,\000\040\000l\000i\000q\000u\000i\000d\000a\000c\000i\000\363\000n\000,\000\040\000c\000a\000n\000c\000e\000l\000a\000c\000i\000\363\000n\000\040\000y\000\040\000r\000e\000c\000o\000n\000d\000u\000c\000c\000i\000\363\000n\000\040\000s\000o\000c\000i\000e\000t\000a\000r\000i\000a}{chapter.2}% 29
\BOOKMARK [1][-]{section.2.6}{\376\377\000C\000u\000a\000d\000r\000o\000\040\000C\000o\000r\000n\000e\000l\000l\000\040\000d\000e\000l\000\040\000c\000a\000p\000\355\000t\000u\000l\000o}{chapter.2}% 30
\BOOKMARK [0][-]{chapter.3}{\376\377\000E\000x\000t\000i\000n\000c\000i\000\363\000n\000\040\000d\000e\000l\000\040\000d\000o\000m\000i\000n\000i\000o\000\040\000y\000\040\000e\000j\000e\000r\000c\000i\000c\000i\000o\000\040\000p\000r\000o\000f\000e\000s\000i\000o\000n\000a\000l}{}% 31
\BOOKMARK [1][-]{section.3.1}{\376\377\000E\000x\000t\000i\000n\000c\000i\000\363\000n\000\040\000d\000e\000l\000\040\000d\000o\000m\000i\000n\000i\000o\000\040\000p\000o\000r\000\040\000p\000r\000e\000s\000c\000r\000i\000p\000c\000i\000\363\000n\000\040\000y\000\040\000s\000u\000s\000\040\000a\000l\000t\000e\000r\000n\000a\000t\000i\000v\000a\000s}{chapter.3}% 32
\BOOKMARK [1][-]{section.3.2}{\376\377\000M\000\351\000t\000o\000d\000o\000s\000\040\000a\000l\000t\000e\000r\000n\000a\000t\000i\000v\000o\000s\000\040\000d\000e\000\040\000r\000e\000s\000o\000l\000u\000c\000i\000\363\000n\000\040\000d\000e\000\040\000c\000o\000n\000f\000l\000i\000c\000t\000o\000s}{chapter.3}% 33
\BOOKMARK [1][-]{section.3.3}{\376\377\000\311\000t\000i\000c\000a\000\040\000p\000r\000o\000f\000e\000s\000i\000o\000n\000a\000l\000\040\000y\000\040\000p\000o\000l\000\355\000t\000i\000c\000a\000\040\000d\000e\000\040\000h\000o\000n\000o\000r\000a\000r\000i\000o\000s}{chapter.3}% 34
\BOOKMARK [2][-]{subsection.3.3.1}{\376\377\000E\000l\000\040\000h\000o\000n\000o\000r\000a\000r\000i\000o\000\040\000m\000\355\000n\000i\000m\000o\000\040\000c\000o\000m\000o\000\040\000p\000i\000s\000o\000\040\000\351\000t\000i\000c\000o\000,\000\040\000n\000o\000\040\000n\000e\000g\000o\000c\000i\000a\000b\000l\000e}{section.3.3}% 35
\BOOKMARK [1][-]{section.3.4}{\376\377\000C\000u\000a\000d\000r\000o\000\040\000C\000o\000r\000n\000e\000l\000l\000\040\000d\000e\000l\000\040\000c\000a\000p\000\355\000t\000u\000l\000o}{chapter.3}% 36
\BOOKMARK [0][-]{chapter.4}{\376\377\000E\000l\000\040\000d\000o\000m\000i\000n\000i\000o\000\040\000r\000e\000v\000o\000c\000a\000b\000l\000e}{}% 37
\BOOKMARK [1][-]{section.4.1}{\376\377\000M\000a\000r\000c\000o\000\040\000n\000o\000r\000m\000a\000t\000i\000v\000o\000\040\000d\000e\000l\000\040\000d\000o\000m\000i\000n\000i\000o\000\040\000r\000e\000v\000o\000c\000a\000b\000l\000e}{chapter.4}% 38
\BOOKMARK [2][-]{subsection.4.1.1}{\376\377\000A\000r\000t\000\355\000c\000u\000l\000o\000\040\0001\0009\0006\0005\000\040\000d\000e\000l\000\040\000C\000\363\000d\000i\000g\000o\000\040\000C\000i\000v\000i\000l\000\040\000y\000\040\000C\000o\000m\000e\000r\000c\000i\000a\000l\000\040\000d\000e\000\040\000l\000a\000\040\000N\000a\000c\000i\000\363\000n}{section.4.1}% 39
\BOOKMARK [1][-]{section.4.2}{\376\377\000P\000l\000a\000z\000o\000s\000\040\000c\000i\000e\000r\000t\000o\000s\000\040\000e\000\040\000i\000n\000c\000i\000e\000r\000t\000o\000s\000\040\000e\000n\000\040\000c\000l\000\341\000u\000s\000u\000l\000a\000s\000\040\000r\000e\000s\000o\000l\000u\000t\000o\000r\000i\000a\000s}{chapter.4}% 40
\BOOKMARK [1][-]{section.4.3}{\376\377\000A\000p\000l\000i\000c\000a\000c\000i\000o\000n\000e\000s\000\040\000p\000r\000\341\000c\000t\000i\000c\000a\000s\000\040\000d\000e\000l\000\040\000d\000o\000m\000i\000n\000i\000o\000\040\000r\000e\000v\000o\000c\000a\000b\000l\000e}{chapter.4}% 41
\BOOKMARK [2][-]{subsection.4.3.1}{\376\377\000E\000l\000\040\000d\000e\000r\000e\000c\000h\000o\000\040\000d\000e\000\040\000a\000c\000r\000e\000c\000e\000r\000\040\000y\000\040\000e\000l\000\040\000d\000e\000r\000e\000c\000h\000o\000\040\000d\000e\000\040\000r\000e\000v\000e\000r\000s\000i\000\363\000n\000\040\000e\000n\000\040\000l\000a\000s\000\040\000d\000o\000n\000a\000c\000i\000o\000n\000e\000s}{section.4.3}% 42
\BOOKMARK [2][-]{subsection.4.3.2}{\376\377\000G\000a\000r\000a\000n\000t\000i\000z\000a\000r\000\040\000e\000l\000\040\000c\000u\000m\000p\000l\000i\000m\000i\000e\000n\000t\000o\000\040\000d\000e\000\040\000u\000n\000a\000\040\000o\000b\000l\000i\000g\000a\000c\000i\000\363\000n\000\040\000s\000i\000n\000\040\000e\000j\000e\000c\000u\000t\000a\000r\000\040\000u\000n\000a\000\040\000h\000i\000p\000o\000t\000e\000c\000a}{section.4.3}% 43
\BOOKMARK [2][-]{subsection.4.3.3}{\376\377\000I\000n\000s\000t\000r\000u\000m\000e\000n\000t\000a\000c\000i\000\363\000n\000\040\000r\000e\000g\000i\000s\000t\000r\000a\000l\000\040\000y\000\040\000e\000j\000e\000c\000u\000c\000i\000\363\000n\000\040\000d\000e\000\040\000l\000a\000\040\000r\000e\000v\000o\000c\000a\000c\000i\000\363\000n}{section.4.3}% 44
\BOOKMARK [1][-]{section.4.4}{\376\377\000C\000u\000a\000d\000r\000o\000\040\000C\000o\000r\000n\000e\000l\000l\000\040\000d\000e\000l\000\040\000c\000a\000p\000\355\000t\000u\000l\000o}{chapter.4}% 45
\BOOKMARK [0][-]{chapter*.10}{\376\377\000S\000\355\000n\000t\000e\000s\000i\000s\000\040\000f\000i\000n\000a\000l}{}% 46
