\BOOKMARK [0][-]{chapter.1}{\376\377\000P\000r\000e\000s\000e\000n\000t\000a\000c\000i\000\363\000n\000\040\000y\000\040\000c\000o\000n\000t\000e\000x\000t\000o\000\040\000d\000e\000l\000\040\000c\000a\000m\000b\000i\000o}{}% 1
\BOOKMARK [1][-]{section.1.1}{\376\377\000M\000e\000t\000o\000d\000o\000l\000o\000g\000\355\000a\000\040\000d\000e\000\040\000l\000a\000\040\000c\000\341\000t\000e\000d\000r\000a}{chapter.1}% 2
\BOOKMARK [2][-]{subsection.1.1.1}{\376\377\000U\000n\000\040\000c\000u\000r\000s\000o\000\040\000v\000a\000r\000i\000a\000b\000l\000e\000\040\000s\000e\000g\000\372\000n\000\040\000e\000l\000\040\000g\000r\000u\000p\000o}{section.1.1}% 3
\BOOKMARK [2][-]{subsection.1.1.2}{\376\377\000F\000o\000r\000m\000a\000\040\000d\000e\000\040\000t\000r\000a\000b\000a\000j\000o\000\040\000y\000\040\000u\000s\000o\000\040\000d\000e\000\040\000h\000e\000r\000r\000a\000m\000i\000e\000n\000t\000a\000s\000\040\000d\000e\000\040\000i\000n\000t\000e\000l\000i\000g\000e\000n\000c\000i\000a\000\040\000a\000r\000t\000i\000f\000i\000c\000i\000a\000l}{section.1.1}% 4
\BOOKMARK [2][-]{subsection.1.1.3}{\376\377\000V\000a\000l\000o\000r\000\040\000d\000e\000\040\000l\000a\000\040\000e\000x\000p\000e\000r\000i\000e\000n\000c\000i\000a\000\040\000p\000r\000o\000f\000e\000s\000i\000o\000n\000a\000l\000\040\000t\000e\000m\000p\000r\000a\000n\000a}{section.1.1}% 5
\BOOKMARK [1][-]{section.1.2}{\376\377\000E\000l\000\040\000m\000u\000n\000d\000o\000\040\000d\000e\000l\000\040\000t\000r\000a\000b\000a\000j\000o\000\040\000e\000n\000\040\000t\000r\000a\000n\000s\000f\000o\000r\000m\000a\000c\000i\000\363\000n}{chapter.1}% 6
\BOOKMARK [1][-]{section.1.3}{\376\377\000L\000a\000\040\000r\000e\000f\000o\000r\000m\000a\000\040\000p\000r\000o\000y\000e\000c\000t\000a\000d\000a\000\040\000d\000e\000\040\000l\000a\000\040\000l\000e\000y\000\040\000s\000o\000c\000i\000e\000t\000a\000r\000i\000a}{chapter.1}% 7
\BOOKMARK [1][-]{section*.2}{\376\377\000C\000u\000a\000d\000r\000o\000\040\000C\000o\000r\000n\000e\000l\000l\000\040\040\024\000\040\000P\000r\000e\000s\000e\000n\000t\000a\000c\000i\000\363\000n\000\040\000y\000\040\000c\000o\000n\000t\000e\000x\000t\000o\000\040\000d\000e\000l\000\040\000c\000a\000m\000b\000i\000o}{chapter.1}% 8
\BOOKMARK [0][-]{chapter.2}{\376\377\000P\000e\000r\000s\000o\000n\000a\000s\000\040\000y\000\040\000f\000u\000e\000n\000t\000e\000s\000\040\000d\000e\000l\000\040\000d\000e\000r\000e\000c\000h\000o}{}% 9
\BOOKMARK [1][-]{section.2.1}{\376\377\000P\000e\000r\000s\000o\000n\000a\000\040\000h\000u\000m\000a\000n\000a\000\040\000y\000\040\000p\000e\000r\000s\000o\000n\000a\000\040\000j\000u\000r\000\355\000d\000i\000c\000a}{chapter.2}% 10
\BOOKMARK [1][-]{section.2.2}{\376\377\000E\000l\000\040\000C\000\363\000d\000i\000g\000o\000\040\000C\000i\000v\000i\000l\000\040\000y\000\040\000C\000o\000m\000e\000r\000c\000i\000a\000l\000\040\000y\000\040\000l\000a\000\040\000a\000u\000t\000o\000n\000o\000m\000\355\000a\000\040\000d\000e\000\040\000l\000a\000\040\000v\000o\000l\000u\000n\000t\000a\000d}{chapter.2}% 11
\BOOKMARK [2][-]{subsection.2.2.1}{\376\377\000A\000u\000t\000o\000n\000o\000m\000\355\000a\000\040\000d\000e\000\040\000l\000a\000\040\000v\000o\000l\000u\000n\000t\000a\000d\000:\000\040\000l\000i\000b\000e\000r\000t\000a\000d\000e\000s\000\040\000y\000\040\000r\000e\000s\000t\000r\000i\000c\000c\000i\000o\000n\000e\000s}{section.2.2}% 12
\BOOKMARK [1][-]{section.2.3}{\376\377\000L\000a\000\040\000p\000i\000r\000\341\000m\000i\000d\000e\000\040\000d\000e\000\040\000K\000e\000l\000s\000e\000n\000\040\000y\000\040\000l\000o\000s\000\040\000v\000a\000l\000o\000r\000e\000s\000\040\000d\000e\000l\000\040\000i\000n\000t\000\351\000r\000p\000r\000e\000t\000e}{chapter.2}% 13
\BOOKMARK [1][-]{section*.4}{\376\377\000C\000u\000a\000d\000r\000o\000\040\000C\000o\000r\000n\000e\000l\000l\000\040\040\024\000\040\000P\000e\000r\000s\000o\000n\000a\000s\000\040\000y\000\040\000f\000u\000e\000n\000t\000e\000s\000\040\000d\000e\000l\000\040\000d\000e\000r\000e\000c\000h\000o}{chapter.2}% 14
\BOOKMARK [0][-]{chapter.3}{\376\377\000E\000l\000\040\000s\000i\000s\000t\000e\000m\000a\000\040\000d\000e\000\040\000t\000i\000p\000i\000c\000i\000d\000a\000d\000\040\000c\000l\000\341\000s\000i\000c\000a}{}% 15
\BOOKMARK [1][-]{section.3.1}{\376\377\000L\000o\000s\000\040\000t\000i\000p\000o\000s\000\040\000s\000o\000c\000i\000e\000t\000a\000r\000i\000o\000s\000\040\000p\000r\000e\000v\000i\000s\000t\000o\000s\000\040\000p\000o\000r\000\040\000l\000a\000\040\000l\000e\000y}{chapter.3}% 16
\BOOKMARK [1][-]{section.3.2}{\376\377\000S\000o\000c\000i\000e\000d\000a\000d\000\040\000A\000n\000\363\000n\000i\000m\000a\000\040\000y\000\040\000S\000o\000c\000i\000e\000d\000a\000d\000\040\000d\000e\000\040\000R\000e\000s\000p\000o\000n\000s\000a\000b\000i\000l\000i\000d\000a\000d\000\040\000L\000i\000m\000i\000t\000a\000d\000a}{chapter.3}% 17
\BOOKMARK [1][-]{section.3.3}{\376\377\000S\000o\000c\000i\000e\000d\000a\000d\000e\000s\000\040\000e\000n\000\040\000e\000x\000t\000i\000n\000c\000i\000\363\000n}{chapter.3}% 18
\BOOKMARK [1][-]{section*.7}{\376\377\000C\000u\000a\000d\000r\000o\000\040\000C\000o\000r\000n\000e\000l\000l\000\040\040\024\000\040\000E\000l\000\040\000s\000i\000s\000t\000e\000m\000a\000\040\000d\000e\000\040\000t\000i\000p\000i\000c\000i\000d\000a\000d\000\040\000c\000l\000\341\000s\000i\000c\000a}{chapter.3}% 19
\BOOKMARK [0][-]{chapter.4}{\376\377\000L\000a\000\040\000c\000r\000i\000s\000i\000s\000\040\000d\000e\000l\000\040\000t\000i\000p\000o\000\040\000y\000\040\000l\000a\000\040\000s\000o\000c\000i\000e\000d\000a\000d\000\040\000u\000n\000i\000p\000e\000r\000s\000o\000n\000a\000l}{}% 20
\BOOKMARK [1][-]{section.4.1}{\376\377\000L\000a\000\040\000s\000o\000c\000i\000e\000d\000a\000d\000\040\000s\000i\000m\000p\000l\000e\000\040\000\050\000e\000x\000\040\000S\000e\000c\000c\000i\000\363\000n\000\040\000I\000V\000\051}{chapter.4}% 21
\BOOKMARK [1][-]{section.4.2}{\376\377\000L\000a\000\040\000S\000o\000c\000i\000e\000d\000a\000d\000\040\000A\000n\000\363\000n\000i\000m\000a\000\040\000U\000n\000i\000p\000e\000r\000s\000o\000n\000a\000l\000\040\000\050\000S\000.\000A\000.\000U\000.\000\051}{chapter.4}% 22
\BOOKMARK [1][-]{section.4.3}{\376\377\000S\000u\000s\000c\000r\000i\000p\000c\000i\000\363\000n\000\040\000e\000\040\000i\000n\000t\000e\000g\000r\000a\000c\000i\000\363\000n\000\040\000d\000e\000l\000\040\000c\000a\000p\000i\000t\000a\000l\000\040\000s\000o\000c\000i\000a\000l}{chapter.4}% 23
\BOOKMARK [1][-]{section*.9}{\376\377\000C\000u\000a\000d\000r\000o\000\040\000C\000o\000r\000n\000e\000l\000l\000\040\040\024\000\040\000L\000a\000\040\000c\000r\000i\000s\000i\000s\000\040\000d\000e\000l\000\040\000t\000i\000p\000o\000\040\000y\000\040\000l\000a\000\040\000s\000o\000c\000i\000e\000d\000a\000d\000\040\000u\000n\000i\000p\000e\000r\000s\000o\000n\000a\000l}{chapter.4}% 24
\BOOKMARK [0][-]{chapter.5}{\376\377\000L\000a\000\040\000s\000o\000c\000i\000e\000d\000a\000d\000\040\000p\000o\000r\000\040\000a\000c\000c\000i\000o\000n\000e\000s\000\040\000s\000i\000m\000p\000l\000i\000f\000i\000c\000a\000d\000a}{}% 25
\BOOKMARK [1][-]{section.5.1}{\376\377\000L\000a\000\040\000L\000e\000y\000\040\000d\000e\000\040\000A\000p\000o\000y\000o\000\040\000a\000l\000\040\000C\000a\000p\000i\000t\000a\000l\000\040\000E\000m\000p\000r\000e\000n\000d\000e\000d\000o\000r\000\040\000y\000\040\000e\000l\000\040\000n\000a\000c\000i\000m\000i\000e\000n\000t\000o\000\040\000d\000e\000\040\000l\000a\000\040\000S\000.\000A\000.\000S\000.}{chapter.5}% 26
\BOOKMARK [1][-]{section.5.2}{\376\377\000L\000a\000\040\000f\000o\000r\000m\000a\000\040\000f\000r\000e\000n\000t\000e\000\040\000a\000l\000\040\000f\000o\000n\000d\000o\000:\000\040\000e\000s\000c\000r\000i\000t\000u\000r\000a\000\040\000p\000\372\000b\000l\000i\000c\000a\000\040\000y\000\040\000f\000i\000r\000m\000a\000\040\000d\000i\000g\000i\000t\000a\000l}{chapter.5}% 27
\BOOKMARK [1][-]{section*.12}{\376\377\000C\000u\000a\000d\000r\000o\000\040\000C\000o\000r\000n\000e\000l\000l\000\040\040\024\000\040\000L\000a\000\040\000s\000o\000c\000i\000e\000d\000a\000d\000\040\000p\000o\000r\000\040\000a\000c\000c\000i\000o\000n\000e\000s\000\040\000s\000i\000m\000p\000l\000i\000f\000i\000c\000a\000d\000a}{chapter.5}% 28
\BOOKMARK [1][-]{section*.14}{\376\377\000S\000\355\000n\000t\000e\000s\000i\000s\000\040\000g\000e\000n\000e\000r\000a\000l\000\040\000d\000e\000\040\000l\000a\000\040\000c\000l\000a\000s\000e}{chapter.5}% 29
