\BOOKMARK [0][-]{chapter*.2}{\376\377\000P\000r\000e\000s\000e\000n\000t\000a\000c\000i\000\363\000n\000\040\000d\000e\000l\000\040\000t\000a\000l\000l\000e\000r}{}% 1
\BOOKMARK [1][-]{section*.3}{\376\377\000T\000e\000m\000a\000s\000\040\000t\000r\000a\000t\000a\000d\000o\000s}{chapter*.2}% 2
\BOOKMARK [1][-]{section*.4}{\376\377\000U\000t\000i\000l\000i\000d\000a\000d\000\040\000p\000r\000o\000f\000e\000s\000i\000o\000n\000a\000l}{chapter*.2}% 3
\BOOKMARK [1][-]{section*.5}{\376\377\000U\000t\000i\000l\000i\000d\000a\000d\000\040\000p\000e\000r\000s\000o\000n\000a\000l}{chapter*.2}% 4
\BOOKMARK [1][-]{section*.6}{\376\377\000G\000u\000\355\000a\000\040\000t\000e\000m\000\341\000t\000i\000c\000a}{chapter*.2}% 5
\BOOKMARK [0][-]{chapter.1}{\376\377\000A\000r\000r\000a\000n\000q\000u\000e\000\040\000y\000\040\000d\000i\000n\000\341\000m\000i\000c\000a\000\040\000d\000e\000l\000\040\000t\000a\000l\000l\000e\000r}{}% 6
\BOOKMARK [1][-]{section*.7}{\376\377\000U\000n\000i\000d\000a\000d\000\040\0001\000.\000\040\000A\000p\000e\000r\000t\000u\000r\000a\000\040\000y\000\040\000m\000o\000d\000a\000l\000i\000d\000a\000d\000\040\000d\000e\000l\000\040\000T\000a\000l\000l\000e\000r\000\040\0002}{chapter.1}% 7
\BOOKMARK [2][-]{section*.8}{\376\377\000R\000e\000c\000a\000p\000i\000t\000u\000l\000a\000c\000i\000\363\000n\000\040\000d\000e\000l\000\040\000c\000a\000s\000o}{section*.7}% 8
\BOOKMARK [2][-]{section*.9}{\376\377\000M\000a\000t\000e\000r\000i\000a\000l\000e\000s\000\040\000d\000e\000l\000\040\000t\000a\000l\000l\000e\000r}{section*.7}% 9
\BOOKMARK [2][-]{section*.10}{\376\377\000D\000i\000n\000\341\000m\000i\000c\000a\000:\000\040\000u\000n\000\040\000t\000r\000a\000b\000a\000j\000o\000\040\000e\000n\000\040\000d\000o\000s\000\040\000m\000u\000n\000d\000o\000s\000\040\000p\000a\000r\000a\000l\000e\000l\000o\000s}{section*.7}% 10
\BOOKMARK [1][-]{section*.11}{\376\377\000U\000n\000i\000d\000a\000d\000\040\0002\000.\000\040\000C\000o\000n\000s\000i\000g\000n\000a\000:\000\040\000l\000o\000s\000\040\000t\000r\000e\000s\000\040\000p\000a\000s\000o\000s\000\040\000d\000e\000\040\000l\000a\000\040\000c\000l\000a\000s\000e}{chapter.1}% 11
\BOOKMARK [0][-]{chapter.2}{\376\377\000L\000a\000\040\000i\000n\000t\000i\000m\000a\000c\000i\000\363\000n\000\040\000y\000\040\000l\000a\000\040\000c\000a\000r\000t\000a\000\040\000d\000o\000c\000u\000m\000e\000n\000t\000o}{}% 12
\BOOKMARK [1][-]{section*.12}{\376\377\000U\000n\000i\000d\000a\000d\000\040\0003\000.\000\040\000L\000a\000\040\000i\000n\000t\000i\000m\000a\000c\000i\000\363\000n\000\040\000p\000r\000e\000v\000i\000a}{chapter.2}% 13
\BOOKMARK [2][-]{section*.13}{\376\377\000\277\000C\000u\000\341\000n\000d\000o\000\040\000e\000s\000\040\000o\000b\000l\000i\000g\000a\000t\000o\000r\000i\000a\000?}{section*.12}% 14
\BOOKMARK [2][-]{section*.15}{\376\377\000P\000o\000r\000\040\000q\000u\000\351\000\040\000e\000n\000v\000i\000a\000r\000l\000a\000\040\000i\000g\000u\000a\000l}{section*.12}% 15
\BOOKMARK [1][-]{section*.16}{\376\377\000U\000n\000i\000d\000a\000d\000\040\0004\000.\000\040\000L\000a\000\040\000c\000a\000r\000t\000a\000\040\000d\000o\000c\000u\000m\000e\000n\000t\000o\000\040\000e\000n\000\040\000l\000a\000\040\000p\000r\000\341\000c\000t\000i\000c\000a}{chapter.2}% 16
\BOOKMARK [2][-]{section*.17}{\376\377\000F\000o\000r\000m\000a\000t\000o\000\040\000p\000a\000p\000e\000l\000\040\000y\000\040\000f\000o\000r\000m\000a\000t\000o\000\040\000d\000i\000g\000i\000t\000a\000l}{section*.16}% 17
\BOOKMARK [2][-]{section*.19}{\376\377\000\277\000E\000s\000\040\000g\000r\000a\000t\000u\000i\000t\000a\000?\000\040\000P\000r\000e\000g\000u\000n\000t\000a\000\040\000d\000e\000\040\000u\000n\000a\000\040\000a\000l\000u\000m\000n\000a}{section*.16}% 18
\BOOKMARK [1][-]{section*.20}{\376\377\000U\000n\000i\000d\000a\000d\000\040\0005\000.\000\040\000P\000a\000r\000t\000e\000s\000\040\000y\000\040\000d\000o\000m\000i\000c\000i\000l\000i\000o\000s\000\040\000d\000e\000\040\000l\000a\000\040\000c\000a\000r\000t\000a}{chapter.2}% 19
\BOOKMARK [2][-]{section*.21}{\376\377\000P\000u\000n\000t\000o\000\040\000d\000e\000\040\000p\000a\000r\000t\000i\000d\000a\000:\000\040\000e\000l\000\040\000c\000a\000s\000o\000\040\000y\000\040\000e\000l\000\040\000c\000o\000n\000t\000r\000a\000t\000o}{section*.20}% 20
\BOOKMARK [2][-]{section*.22}{\376\377\000C\000o\000m\000p\000l\000e\000t\000a\000r\000\040\000l\000o\000s\000\040\000s\000u\000j\000e\000t\000o\000s\000\040\000d\000e\000l\000\040\000c\000o\000n\000t\000r\000a\000t\000o}{section*.20}% 21
\BOOKMARK [2][-]{section*.23}{\376\377\000R\000e\000m\000i\000t\000e\000n\000t\000e\000\040\000y\000\040\000d\000e\000s\000t\000i\000n\000a\000t\000a\000r\000i\000o\000:\000\040\000u\000n\000a\000\040\000c\000a\000r\000t\000a\000\040\000p\000o\000r\000\040\000p\000e\000r\000s\000o\000n\000a}{section*.20}% 22
\BOOKMARK [2][-]{section*.24}{\376\377\000E\000l\000\040\000d\000o\000m\000i\000c\000i\000l\000i\000o\000\040\000d\000e\000l\000\040\000r\000e\000m\000i\000t\000e\000n\000t\000e}{section*.20}% 23
\BOOKMARK [2][-]{section*.25}{\376\377\000E\000l\000\040\000d\000o\000m\000i\000c\000i\000l\000i\000o\000\040\000d\000e\000l\000\040\000d\000e\000s\000t\000i\000n\000a\000t\000a\000r\000i\000o}{section*.20}% 24
\BOOKMARK [1][-]{section*.27}{\376\377\000U\000n\000i\000d\000a\000d\000\040\0006\000.\000\040\000C\000o\000n\000t\000e\000n\000i\000d\000o\000\040\000d\000e\000\040\000l\000a\000\040\000i\000n\000t\000i\000m\000a\000c\000i\000\363\000n\000\040\000p\000o\000r\000\040\000c\000a\000m\000b\000i\000o\000\040\000d\000e\000\040\000d\000e\000s\000t\000i\000n\000o}{chapter.2}% 25
\BOOKMARK [2][-]{section*.28}{\376\377\000C\000o\000m\000i\000e\000n\000z\000o\000\040\000d\000e\000\040\000l\000a\000\040\000c\000a\000r\000t\000a\000\040\000y\000\040\000o\000b\000j\000e\000t\000o\000\040\000d\000e\000l\000\040\000r\000e\000c\000l\000a\000m\000o}{section*.27}% 26
\BOOKMARK [2][-]{section*.29}{\376\377\000C\000o\000s\000t\000a\000s\000\040\000y\000\040\000c\000o\000s\000t\000o\000s}{section*.27}% 27
\BOOKMARK [2][-]{section*.31}{\376\377\000E\000l\000\040\000m\000u\000n\000d\000o\000\040\000p\000a\000r\000a\000l\000e\000l\000o\000:\000\040\000l\000a\000\040\000p\000u\000e\000r\000t\000a\000\040\000a\000\040\000l\000a\000\040\000n\000e\000g\000o\000c\000i\000a\000c\000i\000\363\000n}{section*.27}% 28
\BOOKMARK [2][-]{section*.32}{\376\377\000E\000s\000q\000u\000e\000m\000a\000\040\000d\000e\000l\000\040\000c\000o\000n\000t\000e\000n\000i\000d\000o\000\040\000y\000\040\000c\000i\000e\000r\000r\000e}{section*.27}% 29
\BOOKMARK [0][-]{chapter.3}{\376\377\000N\000e\000g\000o\000c\000i\000a\000c\000i\000\363\000n\000\040\000e\000x\000t\000r\000a\000j\000u\000d\000i\000c\000i\000a\000l}{}% 30
\BOOKMARK [1][-]{section*.33}{\376\377\000U\000n\000i\000d\000a\000d\000\040\0007\000.\000\040\000S\000i\000m\000u\000l\000a\000c\000i\000\363\000n\000:\000\040\000p\000r\000i\000m\000e\000r\000\040\000c\000o\000n\000t\000a\000c\000t\000o\000\040\000c\000o\000n\000\040\000e\000l\000\040\000l\000o\000c\000a\000t\000a\000r\000i\000o}{chapter.3}% 31
\BOOKMARK [2][-]{section*.34}{\376\377\000E\000s\000c\000e\000n\000a\000\040\0001\000:\000\040\000l\000a\000\040\000l\000l\000a\000m\000a\000d\000a\000\040\000a\000l\000\040\000l\000o\000c\000a\000t\000a\000r\000i\000o}{section*.33}% 32
\BOOKMARK [2][-]{section*.35}{\376\377\000E\000s\000c\000e\000n\000a\000\040\0002\000:\000\040\000M\000a\000r\000t\000\355\000n\000\040\000l\000l\000a\000m\000a\000\040\000a\000\040\000s\000u\000\040\000a\000b\000o\000g\000a\000d\000a}{section*.33}% 33
\BOOKMARK [2][-]{section*.36}{\376\377\000L\000a\000\040\000p\000o\000s\000i\000c\000i\000\363\000n\000\040\000d\000e\000l\000\040\000a\000b\000o\000g\000a\000d\000o\000\040\000d\000e\000l\000\040\000d\000e\000m\000a\000n\000d\000a\000d\000o}{section*.33}% 34
\BOOKMARK [1][-]{section*.37}{\376\377\000U\000n\000i\000d\000a\000d\000\040\0008\000.\000\040\000S\000i\000m\000u\000l\000a\000c\000i\000\363\000n\000:\000\040\000d\000i\000\341\000l\000o\000g\000o\000\040\000e\000n\000t\000r\000e\000\040\000e\000s\000t\000u\000d\000i\000o\000s}{chapter.3}% 35
\BOOKMARK [2][-]{section*.38}{\376\377\000E\000s\000c\000e\000n\000a\000\040\0003\000:\000\040\000l\000l\000a\000m\000a\000d\000a\000\040\000e\000n\000t\000r\000e\000\040\000l\000o\000s\000\040\000a\000b\000o\000g\000a\000d\000o\000s}{section*.37}% 36
\BOOKMARK [2][-]{section*.39}{\376\377\000C\000\363\000m\000o\000\040\000d\000e\000b\000e\000\040\000r\000e\000s\000p\000o\000n\000d\000e\000r\000\040\000e\000l\000\040\000e\000s\000t\000u\000d\000i\000o\000\040\000d\000e\000l\000\040\000l\000o\000c\000a\000d\000o\000r}{section*.37}% 37
\BOOKMARK [0][-]{chapter.4}{\376\377\000L\000a\000\040\000d\000e\000m\000a\000n\000d\000a\000\040\000I\000:\000\040\000p\000r\000e\000s\000e\000n\000t\000a\000c\000i\000\363\000n\000\040\000y\000\040\000e\000n\000c\000a\000b\000e\000z\000a\000d\000o}{}% 38
\BOOKMARK [1][-]{section*.40}{\376\377\000U\000n\000i\000d\000a\000d\000\040\0009\000.\000\040\000A\000n\000t\000e\000s\000\040\000d\000e\000\040\000d\000e\000m\000a\000n\000d\000a\000r\000:\000\040\000f\000i\000r\000m\000a\000\040\000y\000\040\000s\000o\000r\000t\000e\000o}{chapter.4}% 39
\BOOKMARK [2][-]{section*.41}{\376\377\000A\000c\000t\000o\000\040\000t\000r\000e\000s\000:\000\040\000i\000n\000i\000c\000i\000a\000r\000\040\000l\000a\000\040\000d\000e\000m\000a\000n\000d\000a}{section*.40}% 40
\BOOKMARK [2][-]{section*.42}{\376\377\000\277\000C\000u\000\341\000n\000d\000o\000\040\000s\000e\000\040\000s\000o\000r\000t\000e\000a\000?\000\040\000L\000a\000\040\000f\000i\000r\000m\000a\000\040\000d\000e\000\040\000l\000o\000s\000\040\000t\000r\000e\000s\000\040\000c\000l\000i\000e\000n\000t\000e\000s}{section*.40}% 41
\BOOKMARK [1][-]{section*.43}{\376\377\000U\000n\000i\000d\000a\000d\000\040\0001\0000\000.\000\040\000E\000n\000c\000a\000b\000e\000z\000a\000m\000i\000e\000n\000t\000o\000\040\000y\000\040\000d\000o\000m\000i\000c\000i\000l\000i\000o\000s}{chapter.4}% 42
\BOOKMARK [2][-]{section*.44}{\376\377\000P\000a\000t\000r\000o\000c\000i\000n\000i\000o\000\040\000l\000e\000t\000r\000a\000d\000o\000\040\000o\000\040\000a\000p\000o\000d\000e\000r\000a\000d\000o}{section*.43}% 43
\BOOKMARK [2][-]{section*.45}{\376\377\000D\000o\000m\000i\000c\000i\000l\000i\000o\000\040\000p\000r\000o\000c\000e\000s\000a\000l\000,\000\040\000l\000e\000g\000a\000l\000\040\000y\000\040\000e\000l\000e\000c\000t\000r\000\363\000n\000i\000c\000o}{section*.43}% 44
\BOOKMARK [2][-]{section*.47}{\376\377\000L\000a\000\040\000z\000o\000n\000a\000\040\000d\000e\000\040\000n\000o\000t\000i\000f\000i\000c\000a\000c\000i\000\363\000n}{section*.43}% 45
\BOOKMARK [1][-]{section*.48}{\376\377\000U\000n\000i\000d\000a\000d\000\040\0001\0001\000.\000\040\000C\000a\000r\000\341\000t\000u\000l\000a\000\040\000y\000\040\000c\000\363\000d\000i\000g\000o\000\040\000d\000e\000\040\000o\000b\000j\000e\000t\000o}{chapter.4}% 46
\BOOKMARK [2][-]{section*.49}{\376\377\000C\000\363\000m\000o\000\040\000s\000e\000\040\000c\000a\000r\000a\000t\000u\000l\000a\000n\000\040\000l\000o\000s\000\040\000a\000u\000t\000o\000s}{section*.48}% 47
\BOOKMARK [2][-]{section*.50}{\376\377\000E\000l\000\040\000l\000i\000s\000t\000a\000d\000o\000\040\000d\000e\000\040\000o\000b\000j\000e\000t\000o\000s\000\040\000d\000e\000l\000\040\000C\000o\000l\000e\000g\000i\000o}{section*.48}% 48
\BOOKMARK [1][-]{section*.51}{\376\377\000U\000n\000i\000d\000a\000d\000\040\0001\0002\000.\000\040\000O\000b\000j\000e\000t\000o\000\040\000d\000e\000\040\000l\000a\000\040\000d\000e\000m\000a\000n\000d\000a}{chapter.4}% 49
\BOOKMARK [0][-]{chapter.5}{\376\377\000L\000a\000\040\000d\000e\000m\000a\000n\000d\000a\000\040\000I\000I\000:\000\040\000f\000u\000n\000d\000a\000m\000e\000n\000t\000o\000s\000\040\000y\000\040\000p\000r\000u\000e\000b\000a}{}% 50
\BOOKMARK [1][-]{section*.52}{\376\377\000U\000n\000i\000d\000a\000d\000\040\0001\0003\000.\000\040\000C\000o\000m\000p\000e\000t\000e\000n\000c\000i\000a\000\040\000y\000\040\000l\000e\000g\000i\000t\000i\000m\000a\000c\000i\000\363\000n\000\040\000a\000c\000t\000i\000v\000a}{chapter.5}% 51
\BOOKMARK [2][-]{section*.53}{\376\377\000C\000o\000m\000p\000e\000t\000e\000n\000c\000i\000a}{section*.52}% 52
\BOOKMARK [2][-]{section*.54}{\376\377\000L\000e\000g\000i\000t\000i\000m\000a\000c\000i\000\363\000n\000\040\000a\000c\000t\000i\000v\000a}{section*.52}% 53
\BOOKMARK [1][-]{section*.55}{\376\377\000U\000n\000i\000d\000a\000d\000\040\0001\0004\000.\000\040\000R\000e\000l\000a\000c\000i\000\363\000n\000\040\000l\000o\000c\000a\000t\000i\000v\000a\000,\000\040\000i\000n\000c\000u\000m\000p\000l\000i\000m\000i\000e\000n\000t\000o\000\040\000e\000\040\000i\000n\000t\000i\000m\000a\000c\000i\000\363\000n}{chapter.5}% 54
\BOOKMARK [2][-]{section*.56}{\376\377\000R\000e\000l\000a\000c\000i\000\363\000n\000\040\000l\000o\000c\000a\000t\000i\000v\000a\000\040\000e\000\040\000i\000n\000c\000u\000m\000p\000l\000i\000m\000i\000e\000n\000t\000o}{section*.55}% 55
\BOOKMARK [2][-]{section*.57}{\376\377\000I\000n\000t\000i\000m\000a\000c\000i\000\363\000n\000\040\000y\000\040\000r\000e\000s\000o\000l\000u\000c\000i\000\363\000n}{section*.55}% 56
\BOOKMARK [2][-]{section*.58}{\376\377\000D\000a\000\361\000o\000s\000\040\000y\000\040\000p\000e\000r\000j\000u\000i\000c\000i\000o\000s\000:\000\040\000o\000t\000r\000a\000\040\000a\000c\000c\000i\000\363\000n}{section*.55}% 57
\BOOKMARK [2][-]{section*.59}{\376\377\000D\000o\000c\000u\000m\000e\000n\000t\000a\000l\000\040\000q\000u\000e\000\040\000s\000e\000\040\000a\000c\000o\000m\000p\000a\000\361\000a}{section*.55}% 58
\BOOKMARK [1][-]{section*.60}{\376\377\000U\000n\000i\000d\000a\000d\000\040\0001\0005\000.\000\040\000D\000e\000r\000e\000c\000h\000o\000\040\000y\000\040\000a\000r\000t\000\355\000c\000u\000l\000o\000\040\0006\0008\0000\000\040\000t\000e\000r\000\040\000d\000e\000l\000\040\000C\000P\000C\000C\000N}{chapter.5}% 59
\BOOKMARK [2][-]{section*.61}{\376\377\000C\000\363\000m\000o\000\040\000s\000e\000\040\000f\000u\000n\000d\000a\000\040\000e\000n\000\040\000d\000e\000r\000e\000c\000h\000o}{section*.60}% 60
\BOOKMARK [2][-]{section*.62}{\376\377\000E\000l\000\040\0006\0008\0000\000\040\000t\000e\000r\000:\000\040\000l\000o\000\040\000q\000u\000e\000\040\000n\000o\000s\000\040\000h\000a\000b\000i\000l\000i\000t\000\363\000\040\000e\000l\000\040\000l\000e\000g\000i\000s\000l\000a\000d\000o\000r}{section*.60}% 61
\BOOKMARK [1][-]{section*.63}{\376\377\000U\000n\000i\000d\000a\000d\000\040\0001\0006\000.\000\040\000C\000a\000s\000o\000s\000\040\000p\000r\000\341\000c\000t\000i\000c\000o\000s\000\040\000d\000e\000\040\000c\000a\000m\000b\000i\000o\000\040\000d\000e\000\040\000d\000e\000s\000t\000i\000n\000o}{chapter.5}% 62
\BOOKMARK [1][-]{section*.64}{\376\377\000U\000n\000i\000d\000a\000d\000\040\0001\0007\000.\000\040\000S\000u\000b\000i\000n\000q\000u\000i\000l\000i\000n\000o\000s\000,\000\040\000o\000c\000u\000p\000a\000n\000t\000e\000s\000\040\000y\000\040\000p\000r\000u\000e\000b\000a}{chapter.5}% 63
\BOOKMARK [2][-]{section*.65}{\376\377\000D\000e\000n\000u\000n\000c\000i\000a\000\040\000d\000e\000\040\000s\000u\000b\000i\000n\000q\000u\000i\000l\000i\000n\000o\000s\000\040\000y\000\040\000o\000c\000u\000p\000a\000n\000t\000e\000s}{section*.64}% 64
\BOOKMARK [2][-]{section*.66}{\376\377\000T\000o\000d\000a\000\040\000l\000a\000\040\000p\000r\000u\000e\000b\000a\000\040\000v\000a\000\040\000c\000o\000n\000\040\000l\000a\000\040\000d\000e\000m\000a\000n\000d\000a}{section*.64}% 65
\BOOKMARK [2][-]{section*.67}{\376\377\000A\000c\000t\000a\000\040\000n\000o\000t\000a\000r\000i\000a\000l\000\040\000y\000\040\000r\000e\000c\000o\000n\000o\000c\000i\000m\000i\000e\000n\000t\000o\000\040\000j\000u\000d\000i\000c\000i\000a\000l}{section*.64}% 66
\BOOKMARK [2][-]{section*.69}{\376\377\000O\000f\000r\000e\000c\000e\000r\000\040\000t\000o\000d\000a\000\040\000l\000a\000\040\000p\000r\000u\000e\000b\000a\000\040\000c\000o\000n\000d\000u\000c\000e\000n\000t\000e}{section*.64}% 67
\BOOKMARK [0][-]{chapter.6}{\376\377\000C\000i\000e\000r\000r\000e\000\040\000y\000\040\000p\000r\000e\000s\000e\000n\000t\000a\000c\000i\000\363\000n}{}% 68
\BOOKMARK [1][-]{section*.70}{\376\377\000U\000n\000i\000d\000a\000d\000\040\0001\0008\000.\000\040\000A\000u\000t\000o\000r\000i\000z\000a\000d\000o\000s\000,\000\040\000p\000e\000t\000i\000t\000o\000r\000i\000o\000\040\000y\000\040\000f\000i\000r\000m\000a}{chapter.6}% 69
\BOOKMARK [1][-]{section*.71}{\376\377\000U\000n\000i\000d\000a\000d\000\040\0001\0009\000.\000\040\000F\000o\000r\000m\000u\000l\000a\000r\000i\000o\000\040\000d\000e\000\040\000i\000n\000i\000c\000i\000o\000\040\000y\000\040\000n\000\372\000m\000e\000r\000o\000\040\000d\000e\000\040\000e\000x\000p\000e\000d\000i\000e\000n\000t\000e}{chapter.6}% 70
\BOOKMARK [2][-]{section*.72}{\376\377\000C\000\363\000m\000o\000\040\000s\000e\000\040\000l\000l\000e\000n\000a\000\040\000e\000l\000\040\000f\000o\000r\000m\000u\000l\000a\000r\000i\000o}{section*.71}% 71
\BOOKMARK [0][-]{chapter.7}{\376\377\000R\000e\000s\000u\000m\000e\000n\000\040\000C\000o\000r\000n\000e\000l\000l}{}% 72
