\BOOKMARK [0][-]{chapter.1}{\376\377\000E\000l\000\040\000p\000r\000o\000c\000e\000s\000o\000\040\000j\000u\000d\000i\000c\000i\000a\000l\000\040\000c\000o\000m\000o\000\040\000s\000i\000s\000t\000e\000m\000a}{}% 1
\BOOKMARK [1][-]{section.1.1}{\376\377\000E\000l\000\040\000d\000e\000b\000i\000d\000o\000\040\000p\000r\000o\000c\000e\000s\000o\000\040\000l\000e\000g\000a\000l}{chapter.1}% 2
\BOOKMARK [1][-]{section.1.2}{\376\377\000E\000t\000a\000p\000a\000s\000\040\000d\000e\000l\000\040\000p\000r\000o\000c\000e\000s\000o\000\040\000o\000r\000d\000i\000n\000a\000r\000i\000o\000\040\000\050\000p\000r\000o\000c\000e\000s\000o\000\040\000d\000e\000\040\000c\000o\000n\000o\000c\000i\000m\000i\000e\000n\000t\000o\000\051}{chapter.1}% 3
\BOOKMARK [1][-]{section.1.3}{\376\377\000C\000l\000a\000s\000i\000f\000i\000c\000a\000c\000i\000\363\000n\000\040\000d\000e\000\040\000l\000o\000s\000\040\000i\000n\000t\000e\000r\000v\000i\000n\000i\000e\000n\000t\000e\000s\000\040\000p\000r\000o\000c\000e\000s\000a\000l\000e\000s}{chapter.1}% 4
\BOOKMARK [1][-]{section*.2}{\376\377\000R\000e\000p\000a\000s\000o\000\040\000C\000o\000r\000n\000e\000l\000l\000\040\000d\000e\000l\000\040\000c\000a\000p\000\355\000t\000u\000l\000o}{chapter.1}% 5
\BOOKMARK [0][-]{chapter.2}{\376\377\000\323\000r\000g\000a\000n\000o\000s\000\040\000d\000e\000\040\000l\000a\000\040\000j\000u\000r\000i\000s\000d\000i\000c\000c\000i\000\363\000n}{}% 6
\BOOKMARK [1][-]{section.2.1}{\376\377\000E\000l\000\040\000j\000u\000e\000z\000\040\000c\000o\000m\000o\000\040\000s\000u\000j\000e\000t\000o\000\040\000p\000r\000o\000c\000e\000s\000a\000l\000\040\000p\000r\000i\000n\000c\000i\000p\000a\000l}{chapter.2}% 7
\BOOKMARK [2][-]{subsection.2.1.1}{\376\377\000O\000r\000g\000a\000n\000i\000z\000a\000c\000i\000\363\000n\000\040\000j\000u\000d\000i\000c\000i\000a\000l\000\040\000e\000n\000\040\000l\000a\000\040\000C\000i\000u\000d\000a\000d\000\040\000d\000e\000\040\000B\000u\000e\000n\000o\000s\000\040\000A\000i\000r\000e\000s}{section.2.1}% 8
\BOOKMARK [2][-]{subsection.2.1.2}{\376\377\000A\000s\000i\000g\000n\000a\000c\000i\000\363\000n\000\040\000d\000e\000\040\000j\000u\000e\000c\000e\000s\000\040\000p\000o\000r\000\040\000s\000o\000r\000t\000e\000o}{section.2.1}% 9
\BOOKMARK [1][-]{section.2.2}{\376\377\000S\000i\000s\000t\000e\000m\000a\000\040\000d\000e\000\040\000r\000e\000c\000u\000s\000a\000c\000i\000o\000n\000e\000s}{chapter.2}% 10
\BOOKMARK [2][-]{subsection.2.2.1}{\376\377\000R\000e\000c\000u\000s\000a\000c\000i\000\363\000n\000\040\000s\000i\000n\000\040\000c\000a\000u\000s\000a\000\040\000\050\000a\000r\000t\000.\000\040\0001\0004\000\040\000C\000P\000C\000C\000N\000\051}{section.2.2}% 11
\BOOKMARK [2][-]{subsection.2.2.2}{\376\377\000R\000e\000c\000u\000s\000a\000c\000i\000\363\000n\000\040\000c\000o\000n\000\040\000c\000a\000u\000s\000a\000\040\000\050\000a\000r\000t\000s\000.\000\040\0001\0007\000\040\000y\000\040\0003\0000\000\040\000C\000P\000C\000C\000N\000\051}{section.2.2}% 12
\BOOKMARK [1][-]{section.2.3}{\376\377\000D\000e\000b\000e\000r\000e\000s\000\040\000y\000\040\000f\000a\000c\000u\000l\000t\000a\000d\000e\000s\000\040\000d\000e\000l\000\040\000j\000u\000e\000z\000\040\000\050\000a\000r\000t\000s\000.\000\040\0003\0004\000\040\000a\000\040\0003\0007\000\040\000C\000P\000C\000C\000N\000\051}{chapter.2}% 13
\BOOKMARK [1][-]{section.2.4}{\376\377\000N\000o\000m\000b\000r\000a\000m\000i\000e\000n\000t\000o\000\040\000y\000\040\000r\000e\000m\000o\000c\000i\000\363\000n\000\040\000d\000e\000\040\000l\000o\000s\000\040\000j\000u\000e\000c\000e\000s}{chapter.2}% 14
\BOOKMARK [1][-]{section.2.5}{\376\377\000A\000u\000x\000i\000l\000i\000a\000r\000e\000s\000\040\000y\000\040\000o\000r\000g\000a\000n\000i\000s\000m\000o\000s\000\040\000d\000e\000\040\000l\000a\000\040\000j\000u\000r\000i\000s\000d\000i\000c\000c\000i\000\363\000n}{chapter.2}% 15
\BOOKMARK [2][-]{subsection.2.5.1}{\376\377\000A\000u\000x\000i\000l\000i\000a\000r\000e\000s\000\040\000d\000e\000l\000\040\000j\000u\000e\000z\000\040\000d\000e\000n\000t\000r\000o\000\040\000d\000e\000l\000\040\000j\000u\000z\000g\000a\000d\000o}{section.2.5}% 16
\BOOKMARK [2][-]{subsection.2.5.2}{\376\377\000O\000t\000r\000a\000s\000\040\000o\000f\000i\000c\000i\000n\000a\000s\000\040\000y\000\040\000o\000r\000g\000a\000n\000i\000s\000m\000o\000s\000\040\000a\000u\000x\000i\000l\000i\000a\000r\000e\000s}{section.2.5}% 17
\BOOKMARK [2][-]{subsection.2.5.3}{\376\377\000E\000l\000\040\000M\000i\000n\000i\000s\000t\000e\000r\000i\000o\000\040\000P\000\372\000b\000l\000i\000c\000o}{section.2.5}% 18
\BOOKMARK [1][-]{section*.4}{\376\377\000R\000e\000p\000a\000s\000o\000\040\000C\000o\000r\000n\000e\000l\000l\000\040\000d\000e\000l\000\040\000c\000a\000p\000\355\000t\000u\000l\000o}{chapter.2}% 19
\BOOKMARK [0][-]{chapter.3}{\376\377\000L\000a\000s\000\040\000p\000a\000r\000t\000e\000s\000\040\000y\000\040\000s\000u\000s\000\040\000c\000o\000l\000a\000b\000o\000r\000a\000d\000o\000r\000e\000s}{}% 20
\BOOKMARK [1][-]{section.3.1}{\376\377\000C\000o\000n\000c\000e\000p\000t\000o\000\040\000d\000e\000\040\000p\000a\000r\000t\000e\000:\000\040\000a\000c\000t\000o\000r\000\040\000y\000\040\000d\000e\000m\000a\000n\000d\000a\000d\000o}{chapter.3}% 21
\BOOKMARK [1][-]{section.3.2}{\376\377\000L\000a\000\040\000r\000e\000c\000o\000n\000v\000e\000n\000c\000i\000\363\000n}{chapter.3}% 22
\BOOKMARK [1][-]{section.3.3}{\376\377\000C\000a\000p\000a\000c\000i\000d\000a\000d\000,\000\040\000l\000e\000g\000i\000t\000i\000m\000a\000c\000i\000\363\000n\000\040\000y\000\040\000r\000e\000p\000r\000e\000s\000e\000n\000t\000a\000c\000i\000\363\000n}{chapter.3}% 23
\BOOKMARK [2][-]{subsection.3.3.1}{\376\377\000P\000o\000d\000e\000r\000,\000\040\000m\000a\000n\000d\000a\000t\000o\000\040\000y\000\040\000r\000e\000p\000r\000e\000s\000e\000n\000t\000a\000c\000i\000\363\000n}{section.3.3}% 24
\BOOKMARK [1][-]{section.3.4}{\376\377\000E\000x\000c\000e\000p\000c\000i\000o\000n\000e\000s\000\040\000p\000r\000e\000v\000i\000a\000s\000:\000\040\000f\000a\000l\000t\000a\000\040\000d\000e\000\040\000p\000e\000r\000s\000o\000n\000e\000r\000\355\000a\000\040\000y\000\040\000f\000a\000l\000t\000a\000\040\000d\000e\000\040\000l\000e\000g\000i\000t\000i\000m\000a\000c\000i\000\363\000n\000\040\000\050\000a\000r\000t\000.\000\040\0003\0004\0007\000\040\000C\000P\000C\000C\000N\000\051}{chapter.3}% 25
\BOOKMARK [1][-]{section.3.5}{\376\377\000D\000o\000m\000i\000c\000i\000l\000i\000o\000\040\000r\000e\000a\000l\000\040\000y\000\040\000d\000o\000m\000i\000c\000i\000l\000i\000o\000\040\000p\000r\000o\000c\000e\000s\000a\000l\000\040\000\050\000a\000r\000t\000.\000\040\0004\0000\000\040\000C\000P\000C\000C\000N\000\051}{chapter.3}% 26
\BOOKMARK [1][-]{section*.6}{\376\377\000R\000e\000p\000a\000s\000o\000\040\000C\000o\000r\000n\000e\000l\000l\000\040\000d\000e\000l\000\040\000c\000a\000p\000\355\000t\000u\000l\000o}{chapter.3}% 27
\BOOKMARK [0][-]{chapter.4}{\376\377\000S\000i\000s\000t\000e\000m\000a\000s\000,\000\040\000c\000a\000r\000g\000a\000s\000\040\000y\000\040\000l\000i\000t\000i\000s\000\040\000c\000o\000n\000s\000o\000r\000c\000i\000o}{}% 28
\BOOKMARK [1][-]{section.4.1}{\376\377\000P\000r\000i\000n\000c\000i\000p\000i\000o\000s\000\040\000y\000\040\000s\000i\000s\000t\000e\000m\000a\000s\000\040\000p\000r\000o\000c\000e\000s\000a\000l\000e\000s}{chapter.4}% 29
\BOOKMARK [1][-]{section.4.2}{\376\377\000C\000a\000r\000g\000a\000s\000,\000\040\000d\000e\000b\000e\000r\000e\000s\000\040\000y\000\040\000o\000b\000l\000i\000g\000a\000c\000i\000o\000n\000e\000s\000\040\000p\000r\000o\000c\000e\000s\000a\000l\000e\000s}{chapter.4}% 30
\BOOKMARK [1][-]{section.4.3}{\376\377\000L\000i\000t\000i\000s\000\040\000c\000o\000n\000s\000o\000r\000c\000i\000o}{chapter.4}% 31
\BOOKMARK [2][-]{subsection.4.3.1}{\376\377\000A\000c\000u\000m\000u\000l\000a\000c\000i\000\363\000n\000\040\000d\000e\000\040\000p\000r\000o\000c\000e\000s\000o\000s}{section.4.3}% 32
\BOOKMARK [1][-]{section*.8}{\376\377\000R\000e\000p\000a\000s\000o\000\040\000C\000o\000r\000n\000e\000l\000l\000\040\000d\000e\000l\000\040\000c\000a\000p\000\355\000t\000u\000l\000o}{chapter.4}% 33
\BOOKMARK [0][-]{chapter.5}{\376\377\000P\000r\000o\000c\000e\000s\000o\000\040\000c\000o\000l\000e\000c\000t\000i\000v\000o\000\040\000y\000\040\000t\000e\000r\000c\000e\000r\000o\000s\000\040\000i\000n\000t\000e\000r\000v\000i\000n\000i\000e\000n\000t\000e\000s}{}% 34
\BOOKMARK [1][-]{section.5.1}{\376\377\000E\000l\000\040\000p\000r\000o\000c\000e\000s\000o\000\040\000c\000o\000l\000e\000c\000t\000i\000v\000o}{chapter.5}% 35
\BOOKMARK [1][-]{section.5.2}{\376\377\000T\000e\000r\000c\000e\000r\000o\000s\000\040\000i\000n\000t\000e\000r\000v\000i\000n\000i\000e\000n\000t\000e\000s}{chapter.5}% 36
\BOOKMARK [2][-]{subsection.5.2.1}{\376\377\000I\000n\000t\000e\000r\000v\000e\000n\000c\000i\000\363\000n\000\040\000o\000b\000l\000i\000g\000a\000d\000a\000\040\000d\000e\000\040\000t\000e\000r\000c\000e\000r\000o\000s\000\040\000\050\000a\000r\000t\000s\000.\000\040\0009\0004\000\040\000y\000\040\0009\0006\000\040\000C\000P\000C\000C\000N\000\051}{section.5.2}% 37
\BOOKMARK [2][-]{subsection.5.2.2}{\376\377\000I\000n\000t\000e\000r\000v\000e\000n\000c\000i\000\363\000n\000\040\000v\000o\000l\000u\000n\000t\000a\000r\000i\000a\000:\000\040\000l\000i\000t\000i\000s\000\040\000c\000o\000n\000s\000o\000r\000c\000i\000a\000l\000\040\000\050\000a\000r\000t\000s\000.\000\040\0009\0000\000\040\000y\000\040\0009\0001\000\040\000C\000P\000C\000C\000N\000\051}{section.5.2}% 38
\BOOKMARK [2][-]{subsection.5.2.3}{\376\377\000I\000n\000t\000e\000r\000v\000e\000n\000c\000i\000\363\000n\000\040\000v\000o\000l\000u\000n\000t\000a\000r\000i\000a\000\040\000a\000d\000h\000e\000s\000i\000v\000a\000\040\000\050\000a\000r\000t\000.\000\040\0009\0000\000\040\000C\000P\000C\000C\000N\000\051}{section.5.2}% 39
\BOOKMARK [1][-]{section*.10}{\376\377\000R\000e\000p\000a\000s\000o\000\040\000C\000o\000r\000n\000e\000l\000l\000\040\000d\000e\000l\000\040\000c\000a\000p\000\355\000t\000u\000l\000o}{chapter.5}% 40
