\BOOKMARK [0][-]{chapter*.2}{\376\377\000I\000n\000t\000r\000o\000d\000u\000c\000c\000i\000\363\000n\000\040\000g\000e\000n\000e\000r\000a\000l}{}% 1
\BOOKMARK [-1][-]{part.1}{\376\377\000I\000\040\000F\000u\000n\000d\000a\000m\000e\000n\000t\000o\000s\000:\000\040\000l\000a\000s\000\040\000f\000u\000e\000n\000t\000e\000s\000\040\000d\000e\000l\000\040\000d\000e\000r\000e\000c\000h\000o\000\040\000y\000\040\000e\000l\000\040\000e\000j\000e\000r\000c\000i\000c\000i\000o\000\040\000d\000e\000\040\000l\000o\000s\000\040\000d\000e\000r\000e\000c\000h\000o\000s}{}% 2
\BOOKMARK [0][-]{chapter.1}{\376\377\000C\000o\000n\000c\000e\000p\000t\000o\000\040\000y\000\040\000c\000l\000a\000s\000i\000f\000i\000c\000a\000c\000i\000\363\000n\000\040\000d\000e\000\040\000l\000a\000s\000\040\000f\000u\000e\000n\000t\000e\000s}{part.1}% 3
\BOOKMARK [1][-]{section.1.1}{\376\377\000C\000o\000n\000c\000e\000p\000t\000o\000\040\000d\000e\000\040\000f\000u\000e\000n\000t\000e\000s\000\040\000d\000e\000l\000\040\000d\000e\000r\000e\000c\000h\000o}{chapter.1}% 4
\BOOKMARK [1][-]{section.1.2}{\376\377\000F\000u\000e\000n\000t\000e\000s\000\040\000f\000o\000r\000m\000a\000l\000e\000s\000\040\000y\000\040\000f\000u\000e\000n\000t\000e\000s\000\040\000m\000a\000t\000e\000r\000i\000a\000l\000e\000s}{chapter.1}% 5
\BOOKMARK [2][-]{subsection.1.2.1}{\376\377\000F\000u\000e\000n\000t\000e\000s\000\040\000f\000o\000r\000m\000a\000l\000e\000s\000\040\000e\000n\000\040\000e\000l\000\040\000d\000e\000r\000e\000c\000h\000o\000\040\000a\000r\000g\000e\000n\000t\000i\000n\000o}{section.1.2}% 6
\BOOKMARK [2][-]{subsection.1.2.2}{\376\377\000F\000u\000e\000n\000t\000e\000s\000\040\000m\000a\000t\000e\000r\000i\000a\000l\000e\000s\000\040\000e\000n\000\040\000e\000l\000\040\000d\000e\000r\000e\000c\000h\000o\000\040\000a\000r\000g\000e\000n\000t\000i\000n\000o}{section.1.2}% 7
\BOOKMARK [1][-]{section.1.3}{\376\377\000E\000l\000\040\000d\000e\000s\000b\000o\000r\000d\000e\000\040\000d\000e\000\040\000l\000a\000s\000\040\000f\000u\000e\000n\000t\000e\000s}{chapter.1}% 8
\BOOKMARK [1][-]{section.1.4}{\376\377\000C\000u\000a\000d\000r\000o\000\040\000C\000o\000r\000n\000e\000l\000l\000:\000\040\000c\000o\000n\000c\000e\000p\000t\000o\000\040\000y\000\040\000c\000l\000a\000s\000i\000f\000i\000c\000a\000c\000i\000\363\000n\000\040\000d\000e\000\040\000l\000a\000s\000\040\000f\000u\000e\000n\000t\000e\000s}{chapter.1}% 9
\BOOKMARK [0][-]{chapter.2}{\376\377\000A\000r\000t\000s\000.\000\040\0001\000\040\000y\000\040\0002\000\040\000d\000e\000l\000\040\000C\000\363\000d\000i\000g\000o\000\040\000C\000i\000v\000i\000l\000\040\000y\000\040\000C\000o\000m\000e\000r\000c\000i\000a\000l}{part.1}% 10
\BOOKMARK [1][-]{section.2.1}{\376\377\000A\000r\000t\000\355\000c\000u\000l\000o\000\040\0001\000:\000\040\000f\000u\000e\000n\000t\000e\000s\000\040\000y\000\040\000a\000p\000l\000i\000c\000a\000c\000i\000\363\000n}{chapter.2}% 11
\BOOKMARK [2][-]{subsection.2.1.1}{\376\377\000T\000r\000a\000t\000a\000d\000o\000s\000\040\000q\000u\000e\000\040\000n\000o\000\040\000s\000o\000n\000\040\000d\000e\000\040\000d\000e\000r\000e\000c\000h\000o\000s\000\040\000h\000u\000m\000a\000n\000o\000s}{section.2.1}% 12
\BOOKMARK [1][-]{section.2.2}{\376\377\000L\000a\000\040\000j\000u\000r\000i\000s\000p\000r\000u\000d\000e\000n\000c\000i\000a\000\040\000e\000n\000\040\000e\000l\000\040\000a\000r\000t\000\355\000c\000u\000l\000o\000\040\0001\000:\000\040\000e\000l\000\040\000d\000e\000b\000a\000t\000e\000\040\000l\000e\000g\000i\000s\000l\000a\000t\000i\000v\000o}{chapter.2}% 13
\BOOKMARK [1][-]{section.2.3}{\376\377\000A\000r\000t\000\355\000c\000u\000l\000o\000\040\0002\000:\000\040\000i\000n\000t\000e\000r\000p\000r\000e\000t\000a\000c\000i\000\363\000n\000\040\000d\000e\000\040\000l\000a\000\040\000l\000e\000y}{chapter.2}% 14
\BOOKMARK [1][-]{section.2.4}{\376\377\000C\000u\000a\000d\000r\000o\000\040\000C\000o\000r\000n\000e\000l\000l\000:\000\040\000a\000r\000t\000\355\000c\000u\000l\000o\000s\000\040\0001\000\040\000y\000\040\0002\000\040\000d\000e\000l\000\040\000C\000\363\000d\000i\000g\000o}{chapter.2}% 15
\BOOKMARK [0][-]{chapter.3}{\376\377\000L\000a\000\040\000l\000e\000y\000\040\000c\000o\000m\000o\000\040\000f\000u\000e\000n\000t\000e\000\040\000f\000o\000r\000m\000a\000l}{part.1}% 16
\BOOKMARK [1][-]{section.3.1}{\376\377\000C\000o\000n\000c\000e\000p\000t\000o\000\040\000d\000e\000\040\000l\000e\000y\000:\000\040\000d\000e\000f\000i\000n\000i\000c\000i\000\363\000n\000\040\000i\000u\000s\000n\000a\000t\000u\000r\000a\000l\000i\000s\000t\000a}{chapter.3}% 17
\BOOKMARK [1][-]{section.3.2}{\376\377\000L\000e\000y\000\040\000e\000n\000\040\000s\000e\000n\000t\000i\000d\000o\000\040\000f\000o\000r\000m\000a\000l\000\040\000y\000\040\000l\000e\000y\000\040\000e\000n\000\040\000s\000e\000n\000t\000i\000d\000o\000\040\000m\000a\000t\000e\000r\000i\000a\000l}{chapter.3}% 18
\BOOKMARK [1][-]{section.3.3}{\376\377\000C\000a\000r\000a\000c\000t\000e\000r\000e\000s\000\040\000d\000e\000\040\000l\000a\000\040\000l\000e\000y\000\040\000c\000o\000m\000o\000\040\000f\000u\000e\000n\000t\000e\000\040\000f\000o\000r\000m\000a\000l}{chapter.3}% 19
\BOOKMARK [1][-]{section.3.4}{\376\377\000P\000r\000o\000c\000e\000d\000i\000m\000i\000e\000n\000t\000o\000\040\000d\000e\000\040\000f\000o\000r\000m\000a\000c\000i\000\363\000n\000\040\000d\000e\000\040\000l\000a\000s\000\040\000l\000e\000y\000e\000s}{chapter.3}% 20
\BOOKMARK [1][-]{section.3.5}{\376\377\000C\000l\000a\000s\000i\000f\000i\000c\000a\000c\000i\000\363\000n\000\040\000d\000e\000\040\000l\000a\000s\000\040\000l\000e\000y\000e\000s}{chapter.3}% 21
\BOOKMARK [2][-]{subsection.3.5.1}{\376\377\000E\000j\000e\000m\000p\000l\000o\000\040\000p\000r\000o\000b\000l\000e\000m\000\341\000t\000i\000c\000o\000:\000\040\000e\000l\000\040\000a\000r\000t\000\355\000c\000u\000l\000o\000\040\0007\0006\0005\000\040\000C\000C\000y\000C}{section.3.5}% 22
\BOOKMARK [1][-]{section.3.6}{\376\377\000O\000r\000d\000e\000n\000\040\000j\000e\000r\000\341\000r\000q\000u\000i\000c\000o\000\040\000d\000e\000\040\000l\000a\000s\000\040\000l\000e\000y\000e\000s\000\040\000e\000n\000\040\000e\000l\000\040\000d\000e\000r\000e\000c\000h\000o\000\040\000a\000r\000g\000e\000n\000t\000i\000n\000o}{chapter.3}% 23
\BOOKMARK [1][-]{section.3.7}{\376\377\000C\000u\000a\000d\000r\000o\000\040\000C\000o\000r\000n\000e\000l\000l\000:\000\040\000l\000a\000\040\000l\000e\000y\000\040\000c\000o\000m\000o\000\040\000f\000u\000e\000n\000t\000e\000\040\000f\000o\000r\000m\000a\000l}{chapter.3}% 24
\BOOKMARK [0][-]{chapter.4}{\376\377\000V\000i\000g\000e\000n\000c\000i\000a\000\040\000d\000e\000\040\000l\000a\000\040\000l\000e\000y\000\040\000y\000\040\000c\000\363\000m\000p\000u\000t\000o\000\040\000d\000e\000\040\000p\000l\000a\000z\000o\000s}{part.1}% 25
\BOOKMARK [1][-]{section.4.1}{\376\377\000V\000i\000g\000e\000n\000c\000i\000a\000\040\000t\000e\000m\000p\000o\000r\000a\000l\000\040\000d\000e\000\040\000l\000a\000\040\000l\000e\000y}{chapter.4}% 26
\BOOKMARK [2][-]{subsection.4.1.1}{\376\377\000M\000o\000d\000o\000s\000\040\000d\000e\000\040\000d\000e\000r\000o\000g\000a\000c\000i\000\363\000n}{section.4.1}% 27
\BOOKMARK [1][-]{section.4.2}{\376\377\000M\000o\000d\000o\000\040\000d\000e\000\040\000c\000o\000n\000t\000a\000r\000\040\000l\000o\000s\000\040\000i\000n\000t\000e\000r\000v\000a\000l\000o\000s\000\040\000d\000e\000l\000\040\000d\000e\000r\000e\000c\000h\000o\000\040\000\050\000a\000r\000t\000.\000\040\0006\000\040\000C\000C\000y\000C\000\051}{chapter.4}% 28
\BOOKMARK [1][-]{section.4.3}{\376\377\000C\000u\000a\000d\000r\000o\000\040\000C\000o\000r\000n\000e\000l\000l\000:\000\040\000v\000i\000g\000e\000n\000c\000i\000a\000\040\000d\000e\000\040\000l\000a\000\040\000l\000e\000y\000\040\000y\000\040\000c\000\363\000m\000p\000u\000t\000o\000\040\000d\000e\000\040\000p\000l\000a\000z\000o\000s}{chapter.4}% 29
\BOOKMARK [0][-]{chapter.5}{\376\377\000L\000a\000\040\000c\000o\000s\000t\000u\000m\000b\000r\000e\000\040\000j\000u\000r\000\355\000d\000i\000c\000a}{part.1}% 30
\BOOKMARK [1][-]{section.5.1}{\376\377\000C\000o\000n\000c\000e\000p\000t\000o\000\040\000y\000\040\000e\000l\000e\000m\000e\000n\000t\000o\000s}{chapter.5}% 31
\BOOKMARK [1][-]{section.5.2}{\376\377\000I\000m\000p\000o\000r\000t\000a\000n\000c\000i\000a\000\040\000h\000i\000s\000t\000\363\000r\000i\000c\000a\000\040\000d\000e\000\040\000l\000a\000\040\000c\000o\000s\000t\000u\000m\000b\000r\000e}{chapter.5}% 32
\BOOKMARK [1][-]{section.5.3}{\376\377\000T\000i\000p\000o\000s\000\040\000d\000e\000\040\000c\000o\000s\000t\000u\000m\000b\000r\000e}{chapter.5}% 33
\BOOKMARK [1][-]{section.5.4}{\376\377\000L\000a\000\040\000c\000o\000s\000t\000u\000m\000b\000r\000e\000\040\000e\000n\000\040\000e\000l\000\040\000C\000\363\000d\000i\000g\000o\000\040\000C\000i\000v\000i\000l\000\040\000y\000\040\000C\000o\000m\000e\000r\000c\000i\000a\000l}{chapter.5}% 34
\BOOKMARK [2][-]{subsection.5.4.1}{\376\377\000P\000r\000e\000s\000e\000n\000c\000i\000a\000\040\000d\000e\000\040\000l\000a\000\040\000c\000o\000s\000t\000u\000m\000b\000r\000e\000\040\000e\000n\000\040\000m\000a\000t\000e\000r\000i\000a\000\040\000d\000e\000\040\000c\000o\000n\000t\000r\000a\000t\000o\000s}{section.5.4}% 35
\BOOKMARK [1][-]{section.5.5}{\376\377\000C\000u\000a\000d\000r\000o\000\040\000C\000o\000r\000n\000e\000l\000l\000:\000\040\000l\000a\000\040\000c\000o\000s\000t\000u\000m\000b\000r\000e\000\040\000j\000u\000r\000\355\000d\000i\000c\000a}{chapter.5}% 36
\BOOKMARK [0][-]{chapter.6}{\376\377\000J\000u\000r\000i\000s\000p\000r\000u\000d\000e\000n\000c\000i\000a\000,\000\040\000p\000l\000e\000n\000a\000r\000i\000o\000s\000\040\000y\000\040\000d\000o\000c\000t\000r\000i\000n\000a}{part.1}% 37
\BOOKMARK [1][-]{section.6.1}{\376\377\000L\000a\000\040\000j\000u\000r\000i\000s\000p\000r\000u\000d\000e\000n\000c\000i\000a\000\040\000c\000o\000m\000o\000\040\000f\000u\000e\000n\000t\000e\000\040\000m\000a\000t\000e\000r\000i\000a\000l}{chapter.6}% 38
\BOOKMARK [1][-]{section.6.2}{\376\377\000L\000o\000s\000\040\000f\000a\000l\000l\000o\000s\000\040\000p\000l\000e\000n\000a\000r\000i\000o\000s\000\040\000c\000o\000m\000o\000\040\000f\000u\000e\000n\000t\000e\000\040\000f\000o\000r\000m\000a\000l}{chapter.6}% 39
\BOOKMARK [1][-]{section.6.3}{\376\377\000D\000i\000f\000u\000s\000i\000\363\000n\000\040\000d\000e\000\040\000l\000a\000\040\000j\000u\000r\000i\000s\000p\000r\000u\000d\000e\000n\000c\000i\000a}{chapter.6}% 40
\BOOKMARK [1][-]{section.6.4}{\376\377\000L\000a\000\040\000d\000o\000c\000t\000r\000i\000n\000a\000\040\000c\000o\000m\000o\000\040\000f\000u\000e\000n\000t\000e\000\040\000m\000a\000t\000e\000r\000i\000a\000l}{chapter.6}% 41
\BOOKMARK [1][-]{section.6.5}{\376\377\000O\000t\000r\000a\000s\000\040\000f\000u\000e\000n\000t\000e\000s\000\040\000m\000a\000t\000e\000r\000i\000a\000l\000e\000s\000:\000\040\000d\000e\000r\000e\000c\000h\000o\000\040\000c\000o\000m\000p\000a\000r\000a\000d\000o\000\040\000y\000\040\000p\000r\000i\000n\000c\000i\000p\000i\000o\000s\000\040\000j\000u\000r\000\355\000d\000i\000c\000o\000s}{chapter.6}% 42
\BOOKMARK [1][-]{section.6.6}{\376\377\000C\000u\000a\000d\000r\000o\000\040\000C\000o\000r\000n\000e\000l\000l\000:\000\040\000j\000u\000r\000i\000s\000p\000r\000u\000d\000e\000n\000c\000i\000a\000,\000\040\000p\000l\000e\000n\000a\000r\000i\000o\000s\000\040\000y\000\040\000d\000o\000c\000t\000r\000i\000n\000a}{chapter.6}% 43
\BOOKMARK [1][-]{section.6.7}{\376\377\000S\000\355\000n\000t\000e\000s\000i\000s\000\040\000d\000e\000\040\000l\000a\000s\000\040\000f\000u\000e\000n\000t\000e\000s\000\040\000d\000e\000l\000\040\000d\000e\000r\000e\000c\000h\000o}{chapter.6}% 44
\BOOKMARK [0][-]{chapter.7}{\376\377\000E\000l\000\040\000p\000r\000o\000b\000l\000e\000m\000a\000\040\000c\000o\000n\000c\000e\000p\000t\000u\000a\000l\000\040\000d\000e\000l\000\040\000a\000b\000u\000s\000o\000\040\000d\000e\000l\000\040\000d\000e\000r\000e\000c\000h\000o}{part.1}% 45
\BOOKMARK [1][-]{section.7.1}{\376\377\000I\000n\000t\000r\000o\000d\000u\000c\000c\000i\000\363\000n}{chapter.7}% 46
\BOOKMARK [1][-]{section.7.2}{\376\377\000E\000l\000\040\000d\000i\000l\000e\000m\000a\000\040\000d\000e\000l\000\040\000a\000b\000u\000s\000o\000\040\000d\000e\000l\000\040\000d\000e\000r\000e\000c\000h\000o}{chapter.7}% 47
\BOOKMARK [2][-]{subsection.7.2.1}{\376\377\000L\000a\000\040\000n\000o\000c\000i\000\363\000n\000\040\000d\000e\000\040\000d\000e\000r\000e\000c\000h\000o\000\040\000s\000u\000b\000j\000e\000t\000i\000v\000o\000\040\000c\000o\000m\000o\000\040\000p\000u\000n\000t\000o\000\040\000d\000e\000\040\000p\000a\000r\000t\000i\000d\000a}{section.7.2}% 48
\BOOKMARK [1][-]{section.7.3}{\376\377\000C\000a\000s\000o\000\040\000p\000r\000\341\000c\000t\000i\000c\000o\000:\000\040\000p\000r\000o\000p\000i\000e\000d\000a\000d\000\040\000h\000o\000r\000i\000z\000o\000n\000t\000a\000l}{chapter.7}% 49
\BOOKMARK [1][-]{section.7.4}{\376\377\000C\000r\000\355\000t\000i\000c\000a\000s\000\040\000a\000\040\000l\000a\000\040\000n\000o\000c\000i\000\363\000n\000\040\000d\000e\000\040\000a\000b\000u\000s\000o\000\040\000d\000e\000l\000\040\000d\000e\000r\000e\000c\000h\000o}{chapter.7}% 50
\BOOKMARK [1][-]{section.7.5}{\376\377\000T\000e\000r\000m\000i\000n\000o\000l\000o\000g\000\355\000a\000\040\000t\000\351\000c\000n\000i\000c\000a\000\040\000c\000o\000r\000r\000e\000c\000t\000a}{chapter.7}% 51
\BOOKMARK [1][-]{section.7.6}{\376\377\000C\000u\000a\000d\000r\000o\000\040\000C\000o\000r\000n\000e\000l\000l\000:\000\040\000e\000l\000\040\000p\000r\000o\000b\000l\000e\000m\000a\000\040\000c\000o\000n\000c\000e\000p\000t\000u\000a\000l\000\040\000d\000e\000l\000\040\000a\000b\000u\000s\000o}{chapter.7}% 52
\BOOKMARK [0][-]{chapter.8}{\376\377\000C\000r\000i\000t\000e\000r\000i\000o\000s\000\040\000t\000e\000\363\000r\000i\000c\000o\000s\000\040\000p\000a\000r\000a\000\040\000d\000e\000t\000e\000r\000m\000i\000n\000a\000r\000\040\000e\000l\000\040\000a\000b\000u\000s\000o}{part.1}% 53
\BOOKMARK [1][-]{section.8.1}{\376\377\000C\000r\000i\000t\000e\000r\000i\000o\000s\000\040\000s\000u\000b\000j\000e\000t\000i\000v\000o\000s}{chapter.8}% 54
\BOOKMARK [1][-]{section.8.2}{\376\377\000C\000r\000i\000t\000e\000r\000i\000o\000s\000\040\000o\000b\000j\000e\000t\000i\000v\000o\000s}{chapter.8}% 55
\BOOKMARK [1][-]{section.8.3}{\376\377\000C\000r\000i\000t\000e\000r\000i\000o\000\040\000m\000i\000x\000t\000o}{chapter.8}% 56
\BOOKMARK [1][-]{section.8.4}{\376\377\000C\000u\000a\000d\000r\000o\000\040\000C\000o\000r\000n\000e\000l\000l\000:\000\040\000c\000r\000i\000t\000e\000r\000i\000o\000s\000\040\000p\000a\000r\000a\000\040\000d\000e\000t\000e\000r\000m\000i\000n\000a\000r\000\040\000e\000l\000\040\000a\000b\000u\000s\000o}{chapter.8}% 57
\BOOKMARK [0][-]{chapter.9}{\376\377\000E\000l\000\040\000a\000b\000u\000s\000o\000\040\000d\000e\000l\000\040\000d\000e\000r\000e\000c\000h\000o\000\040\000e\000n\000\040\000e\000l\000\040\000d\000e\000r\000e\000c\000h\000o\000\040\000a\000r\000g\000e\000n\000t\000i\000n\000o}{part.1}% 58
\BOOKMARK [1][-]{section.9.1}{\376\377\000E\000l\000\040\000C\000\363\000d\000i\000g\000o\000\040\000C\000i\000v\000i\000l\000\040\000d\000e\000\040\000V\000\351\000l\000e\000z\000\040\000S\000\341\000r\000s\000f\000i\000e\000l\000d\000\040\000\050\0001\0008\0007\0001\000\051}{chapter.9}% 59
\BOOKMARK [1][-]{section.9.2}{\376\377\000L\000a\000\040\000j\000u\000r\000i\000s\000p\000r\000u\000d\000e\000n\000c\000i\000a\000\040\000a\000n\000t\000e\000r\000i\000o\000r\000\040\000a\000\040\000l\000a\000\040\000r\000e\000f\000o\000r\000m\000a\000\040\000d\000e\000\040\0001\0009\0006\0008}{chapter.9}% 60
\BOOKMARK [1][-]{section.9.3}{\376\377\000L\000a\000\040\000C\000o\000n\000s\000t\000i\000t\000u\000c\000i\000\363\000n\000\040\000d\000e\000\040\0001\0009\0004\0009}{chapter.9}% 61
\BOOKMARK [1][-]{section.9.4}{\376\377\000E\000l\000\040\000f\000a\000l\000l\000o\000\040\000R\000e\000i\000n\000a\000\040\000\050\000C\000o\000r\000t\000e\000\040\000S\000u\000p\000r\000e\000m\000a\000,\000\040\0001\0009\0005\0006\000\051}{chapter.9}% 62
\BOOKMARK [1][-]{section.9.5}{\376\377\000L\000a\000\040\000L\000e\000y\000\040\0001\0007\000.\0007\0001\0001\000\040\000\050\0001\0009\0006\0008\000\051\000:\000\040\000r\000e\000f\000o\000r\000m\000a\000\040\000d\000e\000l\000\040\000a\000r\000t\000\355\000c\000u\000l\000o\000\040\0001\0000\0007\0001}{chapter.9}% 63
\BOOKMARK [2][-]{subsection.9.5.1}{\376\377\000T\000r\000e\000s\000\040\000c\000a\000m\000b\000i\000o\000s\000\040\000f\000u\000n\000d\000a\000m\000e\000n\000t\000a\000l\000e\000s}{section.9.5}% 64
\BOOKMARK [1][-]{section.9.6}{\376\377\000E\000l\000\040\000C\000\363\000d\000i\000g\000o\000\040\000C\000i\000v\000i\000l\000\040\000y\000\040\000C\000o\000m\000e\000r\000c\000i\000a\000l\000\040\000d\000e\000\040\000l\000a\000\040\000N\000a\000c\000i\000\363\000n\000\040\000\050\0002\0000\0001\0005\000\051}{chapter.9}% 65
\BOOKMARK [2][-]{subsection.9.6.1}{\376\377\000T\000r\000e\000s\000\040\000c\000a\000m\000b\000i\000o\000s\000\040\000r\000e\000s\000p\000e\000c\000t\000o\000\040\000d\000e\000\040\000l\000a\000\040\000L\000e\000y\000\040\0001\0007\000.\0007\0001\0001}{section.9.6}% 66
\BOOKMARK [1][-]{section.9.7}{\376\377\000O\000t\000r\000o\000s\000\040\000a\000r\000t\000\355\000c\000u\000l\000o\000s\000\040\000r\000e\000l\000a\000c\000i\000o\000n\000a\000d\000o\000s\000\040\000d\000e\000l\000\040\000C\000\363\000d\000i\000g\000o\000\040\000C\000i\000v\000i\000l\000\040\000y\000\040\000C\000o\000m\000e\000r\000c\000i\000a\000l}{chapter.9}% 67
\BOOKMARK [1][-]{section.9.8}{\376\377\000C\000u\000a\000d\000r\000o\000\040\000C\000o\000r\000n\000e\000l\000l\000:\000\040\000e\000l\000\040\000a\000b\000u\000s\000o\000\040\000d\000e\000l\000\040\000d\000e\000r\000e\000c\000h\000o\000\040\000e\000n\000\040\000e\000l\000\040\000d\000e\000r\000e\000c\000h\000o\000\040\000a\000r\000g\000e\000n\000t\000i\000n\000o}{chapter.9}% 68
\BOOKMARK [-1][-]{part.2}{\376\377\000I\000I\000\040\000E\000l\000\040\000s\000u\000j\000e\000t\000o\000\040\000d\000e\000\040\000l\000a\000\040\000r\000e\000l\000a\000c\000i\000\363\000n\000\040\000j\000u\000r\000\355\000d\000i\000c\000a\000:\000\040\000l\000a\000\040\000p\000e\000r\000s\000o\000n\000a\000\040\000h\000u\000m\000a\000n\000a}{}% 69
\BOOKMARK [0][-]{chapter.10}{\376\377\000M\000a\000r\000c\000o\000\040\000c\000o\000n\000v\000e\000n\000c\000i\000o\000n\000a\000l\000\040\000y\000\040\000a\000n\000t\000e\000c\000e\000d\000e\000n\000t\000e\000s}{part.2}% 70
\BOOKMARK [1][-]{section.10.1}{\376\377\000P\000r\000e\000s\000e\000n\000t\000a\000c\000i\000\363\000n\000\040\000d\000e\000l\000\040\000t\000e\000m\000a}{chapter.10}% 71
\BOOKMARK [1][-]{section.10.2}{\376\377\000L\000a\000\040\000C\000o\000n\000v\000e\000n\000c\000i\000\363\000n\000\040\000s\000o\000b\000r\000e\000\040\000l\000o\000s\000\040\000D\000e\000r\000e\000c\000h\000o\000s\000\040\000d\000e\000\040\000l\000a\000s\000\040\000P\000e\000r\000s\000o\000n\000a\000s\000\040\000c\000o\000n\000\040\000D\000i\000s\000c\000a\000p\000a\000c\000i\000d\000a\000d\000\040\000\050\000C\000D\000P\000D\000\051}{chapter.10}% 72
\BOOKMARK [2][-]{subsection.10.2.1}{\376\377\000E\000l\000\040\000a\000r\000t\000\355\000c\000u\000l\000o\000\040\0001\0002\000\040\000d\000e\000\040\000l\000a\000\040\000C\000D\000P\000D\000:\000\040\000i\000g\000u\000a\000l\000\040\000r\000e\000c\000o\000n\000o\000c\000i\000m\000i\000e\000n\000t\000o\000\040\000c\000o\000m\000o\000\040\000p\000e\000r\000s\000o\000n\000a\000\040\000a\000n\000t\000e\000\040\000l\000a\000\040\000l\000e\000y}{section.10.2}% 73
\BOOKMARK [2][-]{subsection.10.2.2}{\376\377\000E\000l\000\040\000C\000o\000m\000i\000t\000\351\000\040\000d\000e\000\040\000l\000a\000\040\000C\000D\000P\000D\000\040\000y\000\040\000e\000l\000\040\000m\000o\000d\000e\000l\000o\000\040\000d\000e\000\040\000a\000p\000o\000y\000o\000\040\000a\000\040\000l\000a\000\040\000d\000e\000c\000i\000s\000i\000\363\000n}{section.10.2}% 74
\BOOKMARK [1][-]{section.10.3}{\376\377\000E\000l\000\040\000r\000\351\000g\000i\000m\000e\000n\000\040\000d\000e\000l\000\040\000C\000\363\000d\000i\000g\000o\000\040\000C\000i\000v\000i\000l\000\040\000d\000e\000r\000o\000g\000a\000d\000o\000:\000\040\000i\000n\000c\000a\000p\000a\000c\000e\000s\000\040\000e\000\040\000i\000n\000h\000a\000b\000i\000l\000i\000t\000a\000d\000o\000s}{chapter.10}% 75
\BOOKMARK [2][-]{subsection.10.3.1}{\376\377\000F\000i\000g\000u\000r\000a\000\040\0001\000:\000\040\000l\000o\000s\000\040\000i\000n\000c\000a\000p\000a\000c\000e\000s\000\040\000d\000e\000\040\000h\000e\000c\000h\000o\000\040\000d\000e\000c\000l\000a\000r\000a\000d\000o\000s\000\040\000j\000u\000d\000i\000c\000i\000a\000l\000m\000e\000n\000t\000e}{section.10.3}% 76
\BOOKMARK [2][-]{subsection.10.3.2}{\376\377\000F\000i\000g\000u\000r\000a\000\040\0002\000:\000\040\000l\000o\000s\000\040\000i\000n\000h\000a\000b\000i\000l\000i\000t\000a\000d\000o\000s\000\040\000\050\000a\000r\000t\000\355\000c\000u\000l\000o\000\040\0001\0005\0002\000\040\000b\000i\000s\000\051}{section.10.3}% 77
\BOOKMARK [1][-]{section.10.4}{\376\377\000L\000a\000\040\000L\000e\000y\000\040\000d\000e\000\040\000S\000a\000l\000u\000d\000\040\000M\000e\000n\000t\000a\000l\000\040\0002\0006\000.\0006\0005\0007\000\040\000y\000\040\000e\000l\000\040\000a\000r\000t\000\355\000c\000u\000l\000o\000\040\0001\0005\0002\000\040\000t\000e\000r}{chapter.10}% 78
\BOOKMARK [1][-]{section.10.5}{\376\377\000C\000u\000a\000d\000r\000o\000\040\000C\000o\000r\000n\000e\000l\000l\000\040\040\024\000\040\000B\000l\000o\000q\000u\000e\000\040\0001}{chapter.10}% 79
\BOOKMARK [0][-]{chapter.11}{\376\377\000T\000i\000p\000o\000s\000\040\000d\000e\000\040\000r\000e\000s\000t\000r\000i\000c\000c\000i\000o\000n\000e\000s\000\040\000a\000\040\000l\000a\000\040\000c\000a\000p\000a\000c\000i\000d\000a\000d\000\040\000e\000n\000\040\000e\000l\000\040\000C\000\363\000d\000i\000g\000o\000\040\000C\000i\000v\000i\000l\000\040\000y\000\040\000C\000o\000m\000e\000r\000c\000i\000a\000l}{part.2}% 80
\BOOKMARK [1][-]{section.11.1}{\376\377\000R\000e\000g\000l\000a\000s\000\040\000g\000e\000n\000e\000r\000a\000l\000e\000s\000\040\000d\000e\000l\000\040\000a\000r\000t\000\355\000c\000u\000l\000o\000\040\0003\0001}{chapter.11}% 81
\BOOKMARK [1][-]{section.11.2}{\376\377\000P\000e\000r\000s\000o\000n\000a\000s\000\040\000c\000o\000n\000\040\000c\000a\000p\000a\000c\000i\000d\000a\000d\000\040\000r\000e\000s\000t\000r\000i\000n\000g\000i\000d\000a\000\040\000\050\000a\000r\000t\000\355\000c\000u\000l\000o\000\040\0003\0002\000,\000\040\000p\000r\000i\000m\000e\000r\000\040\000p\000\341\000r\000r\000a\000f\000o\000\051}{chapter.11}% 82
\BOOKMARK [2][-]{subsection.11.2.1}{\376\377\000R\000e\000q\000u\000i\000s\000i\000t\000o\000s\000\040\000d\000e\000l\000\040\000a\000r\000t\000\355\000c\000u\000l\000o\000\040\0003\0002}{section.11.2}% 83
\BOOKMARK [2][-]{subsection.11.2.2}{\376\377\000R\000\351\000g\000i\000m\000e\000n\000\040\000d\000e\000\040\000l\000a\000s\000\040\000p\000e\000r\000s\000o\000n\000a\000s\000\040\000c\000o\000n\000\040\000c\000a\000p\000a\000c\000i\000d\000a\000d\000\040\000r\000e\000s\000t\000r\000i\000n\000g\000i\000d\000a}{section.11.2}% 84
\BOOKMARK [1][-]{section.11.3}{\376\377\000P\000e\000r\000s\000o\000n\000a\000s\000\040\000i\000n\000c\000a\000p\000a\000c\000e\000s\000\040\000\050\000a\000r\000t\000\355\000c\000u\000l\000o\000\040\0003\0002\000,\000\040\000\372\000l\000t\000i\000m\000o\000\040\000p\000\341\000r\000r\000a\000f\000o\000\051}{chapter.11}% 85
\BOOKMARK [2][-]{subsection.11.3.1}{\376\377\000R\000\351\000g\000i\000m\000e\000n\000\040\000d\000e\000\040\000l\000a\000s\000\040\000p\000e\000r\000s\000o\000n\000a\000s\000\040\000i\000n\000c\000a\000p\000a\000c\000e\000s}{section.11.3}% 86
\BOOKMARK [1][-]{section.11.4}{\376\377\000I\000n\000h\000a\000b\000i\000l\000i\000t\000a\000d\000o\000s\000\040\000p\000o\000r\000\040\000p\000r\000o\000d\000i\000g\000a\000l\000i\000d\000a\000d\000\040\000\050\000a\000r\000t\000\355\000c\000u\000l\000o\000\040\0004\0008\000\051}{chapter.11}% 87
\BOOKMARK [2][-]{subsection.11.4.1}{\376\377\000R\000\351\000g\000i\000m\000e\000n\000\040\000d\000e\000\040\000l\000o\000s\000\040\000i\000n\000h\000a\000b\000i\000l\000i\000t\000a\000d\000o\000s}{section.11.4}% 88
\BOOKMARK [1][-]{section.11.5}{\376\377\000C\000u\000a\000d\000r\000o\000\040\000C\000o\000r\000n\000e\000l\000l\000\040\040\024\000\040\000B\000l\000o\000q\000u\000e\000\040\0002}{chapter.11}% 89
\BOOKMARK [0][-]{chapter.12}{\376\377\000A\000s\000p\000e\000c\000t\000o\000s\000\040\000p\000r\000o\000c\000e\000s\000a\000l\000e\000s}{part.2}% 90
\BOOKMARK [1][-]{section.12.1}{\376\377\000J\000u\000e\000z\000\040\000c\000o\000m\000p\000e\000t\000e\000n\000t\000e\000\040\000y\000\040\000l\000e\000g\000i\000t\000i\000m\000a\000d\000o\000s\000\040\000a\000c\000t\000i\000v\000o\000s}{chapter.12}% 91
\BOOKMARK [2][-]{subsection.12.1.1}{\376\377\000J\000u\000e\000z\000\040\000c\000o\000m\000p\000e\000t\000e\000n\000t\000e\000\040\000\050\000a\000r\000t\000\355\000c\000u\000l\000o\000\040\0003\0006\000\051}{section.12.1}% 92
\BOOKMARK [2][-]{subsection.12.1.2}{\376\377\000L\000e\000g\000i\000t\000i\000m\000a\000d\000o\000s\000\040\000a\000c\000t\000i\000v\000o\000s\000\040\000\050\000a\000r\000t\000\355\000c\000u\000l\000o\000\040\0003\0003\000\051}{section.12.1}% 93
\BOOKMARK [1][-]{section.12.2}{\376\377\000M\000e\000d\000i\000d\000a\000s\000\040\000c\000a\000u\000t\000e\000l\000a\000r\000e\000s\000\040\000y\000\040\000e\000n\000t\000r\000e\000v\000i\000s\000t\000a\000\040\000p\000e\000r\000s\000o\000n\000a\000l}{chapter.12}% 94
\BOOKMARK [2][-]{subsection.12.2.1}{\376\377\000M\000e\000d\000i\000d\000a\000s\000\040\000c\000a\000u\000t\000e\000l\000a\000r\000e\000s\000\040\000\050\000a\000r\000t\000\355\000c\000u\000l\000o\000\040\0003\0004\000\051}{section.12.2}% 95
\BOOKMARK [2][-]{subsection.12.2.2}{\376\377\000E\000n\000t\000r\000e\000v\000i\000s\000t\000a\000\040\000p\000e\000r\000s\000o\000n\000a\000l\000\040\000\050\000a\000r\000t\000\355\000c\000u\000l\000o\000\040\0003\0005\000\051}{section.12.2}% 96
\BOOKMARK [1][-]{section.12.3}{\376\377\000L\000a\000\040\000p\000e\000r\000s\000o\000n\000a\000\040\000c\000o\000m\000o\000\040\000p\000a\000r\000t\000e\000\040\000y\000\040\000a\000s\000i\000s\000t\000e\000n\000c\000i\000a\000\040\000l\000e\000t\000r\000a\000d\000a}{chapter.12}% 97
\BOOKMARK [1][-]{section.12.4}{\376\377\000D\000i\000c\000t\000a\000m\000e\000n\000\040\000i\000n\000t\000e\000r\000d\000i\000s\000c\000i\000p\000l\000i\000n\000a\000r\000i\000o\000\040\000y\000\040\000c\000o\000n\000t\000e\000n\000i\000d\000o\000\040\000d\000e\000\040\000l\000a\000\040\000s\000e\000n\000t\000e\000n\000c\000i\000a}{chapter.12}% 98
\BOOKMARK [2][-]{subsection.12.4.1}{\376\377\000A\000r\000t\000\355\000c\000u\000l\000o\000\040\0003\0007\000:\000\040\000e\000l\000\040\000d\000i\000c\000t\000a\000m\000e\000n\000\040\000i\000n\000t\000e\000r\000d\000i\000s\000c\000i\000p\000l\000i\000n\000a\000r\000i\000o}{section.12.4}% 99
\BOOKMARK [2][-]{subsection.12.4.2}{\376\377\000A\000r\000t\000\355\000c\000u\000l\000o\000\040\0003\0008\000:\000\040\000e\000l\000\040\000c\000o\000n\000t\000e\000n\000i\000d\000o\000\040\000d\000e\000\040\000l\000a\000\040\000s\000e\000n\000t\000e\000n\000c\000i\000a}{section.12.4}% 100
\BOOKMARK [1][-]{section.12.5}{\376\377\000R\000e\000g\000i\000s\000t\000r\000o\000,\000\040\000r\000e\000v\000i\000s\000i\000\363\000n\000,\000\040\000i\000n\000t\000e\000r\000n\000a\000c\000i\000\363\000n\000\040\000y\000\040\000t\000r\000a\000s\000l\000a\000d\000o\000s}{chapter.12}% 101
\BOOKMARK [2][-]{subsection.12.5.1}{\376\377\000R\000e\000g\000i\000s\000t\000r\000o\000\040\000\050\000a\000r\000t\000\355\000c\000u\000l\000o\000\040\0003\0009\000\051}{section.12.5}% 102
\BOOKMARK [2][-]{subsection.12.5.2}{\376\377\000R\000e\000v\000i\000s\000i\000\363\000n\000\040\000\050\000a\000r\000t\000\355\000c\000u\000l\000o\000\040\0004\0000\000\051}{section.12.5}% 103
\BOOKMARK [2][-]{subsection.12.5.3}{\376\377\000I\000n\000t\000e\000r\000n\000a\000c\000i\000\363\000n\000\040\000\050\000a\000r\000t\000\355\000c\000u\000l\000o\000\040\0004\0001\000\051\000\040\000y\000\040\000t\000r\000a\000s\000l\000a\000d\000o\000s\000\040\000\050\000a\000r\000t\000\355\000c\000u\000l\000o\000\040\0004\0002\000\051}{section.12.5}% 104
\BOOKMARK [1][-]{section.12.6}{\376\377\000C\000u\000a\000d\000r\000o\000\040\000C\000o\000r\000n\000e\000l\000l\000\040\040\024\000\040\000B\000l\000o\000q\000u\000e\000\040\0003}{chapter.12}% 105
\BOOKMARK [0][-]{chapter.13}{\376\377\000V\000a\000l\000i\000d\000e\000z\000\040\000d\000e\000\040\000l\000o\000s\000\040\000a\000c\000t\000o\000s\000\040\000y\000\040\000s\000i\000s\000t\000e\000m\000a\000\040\000d\000e\000\040\000a\000p\000o\000y\000o\000s}{part.2}% 106
\BOOKMARK [1][-]{section.13.1}{\376\377\000N\000u\000l\000i\000d\000a\000d\000\040\000d\000e\000\040\000l\000o\000s\000\040\000a\000c\000t\000o\000s\000\040\000p\000o\000s\000t\000e\000r\000i\000o\000r\000e\000s\000\040\000y\000\040\000a\000n\000t\000e\000r\000i\000o\000r\000e\000s\000\040\000a\000\040\000l\000a\000\040\000s\000e\000n\000t\000e\000n\000c\000i\000a}{chapter.13}% 107
\BOOKMARK [2][-]{subsection.13.1.1}{\376\377\000A\000c\000t\000o\000s\000\040\000p\000o\000s\000t\000e\000r\000i\000o\000r\000e\000s\000\040\000a\000\040\000l\000a\000\040\000i\000n\000s\000c\000r\000i\000p\000c\000i\000\363\000n\000\040\000\050\000a\000r\000t\000\355\000c\000u\000l\000o\000\040\0004\0004\000\051}{section.13.1}% 108
\BOOKMARK [2][-]{subsection.13.1.2}{\376\377\000A\000c\000t\000o\000s\000\040\000a\000n\000t\000e\000r\000i\000o\000r\000e\000s\000\040\000a\000\040\000l\000a\000\040\000s\000e\000n\000t\000e\000n\000c\000i\000a\000\040\000\050\000a\000r\000t\000\355\000c\000u\000l\000o\000\040\0004\0005\000\051}{section.13.1}% 109
\BOOKMARK [1][-]{section.13.2}{\376\377\000C\000e\000s\000e\000\040\000d\000e\000\040\000l\000a\000s\000\040\000r\000e\000s\000t\000r\000i\000c\000c\000i\000o\000n\000e\000s\000\040\000\050\000a\000r\000t\000\355\000c\000u\000l\000o\000\040\0004\0007\000\051}{chapter.13}% 110
\BOOKMARK [1][-]{section.13.3}{\376\377\000E\000l\000\040\000s\000i\000s\000t\000e\000m\000a\000\040\000d\000e\000\040\000a\000p\000o\000y\000o\000s\000\040\000\050\000a\000r\000t\000\355\000c\000u\000l\000o\000\040\0004\0003\000\051\000\040\000y\000\040\000c\000o\000n\000c\000l\000u\000s\000i\000o\000n\000e\000s}{chapter.13}% 111
\BOOKMARK [2][-]{subsection.13.3.1}{\376\377\000S\000a\000l\000v\000a\000g\000u\000a\000r\000d\000i\000a\000s\000:\000\040\000c\000o\000n\000f\000l\000i\000c\000t\000o\000\040\000d\000e\000\040\000i\000n\000t\000e\000r\000e\000s\000e\000s\000\040\000e\000\040\000i\000n\000f\000l\000u\000e\000n\000c\000i\000a\000\040\000i\000n\000d\000e\000b\000i\000d\000a}{section.13.3}% 112
\BOOKMARK [2][-]{subsection.13.3.2}{\376\377\000C\000r\000i\000t\000e\000r\000i\000o\000\040\000d\000e\000\040\000a\000c\000t\000u\000a\000c\000i\000\363\000n\000\040\000d\000e\000\040\000l\000o\000s\000\040\000a\000p\000o\000y\000o\000s}{section.13.3}% 113
\BOOKMARK [2][-]{subsection.13.3.3}{\376\377\000C\000o\000n\000c\000l\000u\000s\000i\000o\000n\000e\000s\000\040\000g\000e\000n\000e\000r\000a\000l\000e\000s}{section.13.3}% 114
\BOOKMARK [1][-]{section.13.4}{\376\377\000C\000u\000a\000d\000r\000o\000\040\000c\000o\000m\000p\000a\000r\000a\000t\000i\000v\000o\000:\000\040\000r\000\351\000g\000i\000m\000e\000n\000\040\000a\000n\000t\000e\000r\000i\000o\000r\000\040\000y\000\040\000r\000\351\000g\000i\000m\000e\000n\000\040\000v\000i\000g\000e\000n\000t\000e}{chapter.13}% 115
\BOOKMARK [1][-]{section.13.5}{\376\377\000C\000u\000a\000d\000r\000o\000\040\000C\000o\000r\000n\000e\000l\000l\000\040\000d\000e\000\040\000r\000e\000p\000a\000s\000o\000\040\000g\000e\000n\000e\000r\000a\000l}{chapter.13}% 116
\BOOKMARK [0][-]{chapter.14}{\376\377\000D\000e\000r\000e\000c\000h\000o\000s\000\040\000p\000e\000r\000s\000o\000n\000a\000l\000\355\000s\000i\000m\000o\000s}{part.2}% 117
\BOOKMARK [1][-]{section.14.1}{\376\377\000I\000n\000t\000r\000o\000d\000u\000c\000c\000i\000\363\000n}{chapter.14}% 118
\BOOKMARK [1][-]{section.14.2}{\376\377\000A\000l\000c\000a\000n\000c\000e\000\040\000y\000\040\000o\000r\000d\000e\000n\000\040\000d\000e\000\040\000e\000x\000p\000o\000s\000i\000c\000i\000\363\000n}{chapter.14}% 119
\BOOKMARK [1][-]{section.14.3}{\376\377\000N\000o\000c\000i\000\363\000n\000\040\000d\000e\000\040\000d\000e\000r\000e\000c\000h\000o\000s\000\040\000p\000e\000r\000s\000o\000n\000a\000l\000\355\000s\000i\000m\000o\000s}{chapter.14}% 120
\BOOKMARK [1][-]{section.14.4}{\376\377\000I\000m\000p\000o\000r\000t\000a\000n\000c\000i\000a\000\040\000y\000\040\000c\000o\000n\000t\000e\000x\000t\000o\000\040\000a\000c\000t\000u\000a\000l}{chapter.14}% 121
\BOOKMARK [2][-]{subsection.14.4.1}{\376\377\000D\000a\000t\000o\000s\000\040\000p\000e\000r\000s\000o\000n\000a\000l\000e\000s\000\040\000y\000\040\000p\000r\000i\000v\000a\000c\000i\000d\000a\000d\000\040\000d\000i\000g\000i\000t\000a\000l}{section.14.4}% 122
\BOOKMARK [1][-]{section.14.5}{\376\377\000A\000n\000t\000e\000c\000e\000d\000e\000n\000t\000e\000s\000\040\000e\000n\000\040\000A\000r\000g\000e\000n\000t\000i\000n\000a}{chapter.14}% 123
\BOOKMARK [2][-]{subsection.14.5.1}{\376\377\000E\000l\000\040\000C\000\363\000d\000i\000g\000o\000\040\000d\000e\000\040\000V\000\351\000l\000e\000z}{section.14.5}% 124
\BOOKMARK [2][-]{subsection.14.5.2}{\376\377\000E\000v\000o\000l\000u\000c\000i\000\363\000n\000\040\000l\000e\000g\000i\000s\000l\000a\000t\000i\000v\000a\000\040\000e\000n\000\040\000A\000r\000g\000e\000n\000t\000i\000n\000a}{section.14.5}% 125
\BOOKMARK [2][-]{subsection.14.5.3}{\376\377\000L\000a\000\040\000C\000o\000n\000s\000t\000i\000t\000u\000c\000i\000\363\000n\000\040\000N\000a\000c\000i\000o\000n\000a\000l\000\040\000d\000e\000\040\0001\0009\0009\0004}{section.14.5}% 126
\BOOKMARK [1][-]{section.14.6}{\376\377\000C\000a\000r\000a\000c\000t\000e\000r\000e\000s\000\040\000d\000e\000\040\000l\000o\000s\000\040\000d\000e\000r\000e\000c\000h\000o\000s\000\040\000p\000e\000r\000s\000o\000n\000a\000l\000\355\000s\000i\000m\000o\000s}{chapter.14}% 127
\BOOKMARK [1][-]{section.14.7}{\376\377\000C\000l\000a\000s\000i\000f\000i\000c\000a\000c\000i\000\363\000n\000\040\000t\000r\000i\000p\000a\000r\000t\000i\000t\000a}{chapter.14}% 128
\BOOKMARK [1][-]{section.14.8}{\376\377\000R\000e\000g\000u\000l\000a\000c\000i\000\363\000n\000\040\000e\000n\000\040\000e\000l\000\040\000C\000\363\000d\000i\000g\000o\000\040\000C\000i\000v\000i\000l\000\040\000y\000\040\000C\000o\000m\000e\000r\000c\000i\000a\000l}{chapter.14}% 129
\BOOKMARK [2][-]{subsection.14.8.1}{\376\377\000D\000i\000s\000p\000o\000s\000i\000c\000i\000o\000n\000e\000s\000\040\000g\000e\000n\000e\000r\000a\000l\000e\000s\000:\000\040\000a\000r\000t\000\355\000c\000u\000l\000o\000\040\0005\0001}{section.14.8}% 130
\BOOKMARK [2][-]{subsection.14.8.2}{\376\377\000M\000e\000d\000i\000o\000s\000\040\000d\000e\000\040\000p\000r\000o\000t\000e\000c\000c\000i\000\363\000n\000:\000\040\000p\000r\000e\000v\000e\000n\000c\000i\000\363\000n\000\040\000y\000\040\000r\000e\000p\000a\000r\000a\000c\000i\000\363\000n}{section.14.8}% 131
\BOOKMARK [2][-]{subsection.14.8.3}{\376\377\000D\000i\000s\000p\000o\000n\000i\000b\000i\000l\000i\000d\000a\000d\000\040\000r\000e\000l\000a\000t\000i\000v\000a\000:\000\040\000a\000r\000t\000\355\000c\000u\000l\000o\000\040\0005\0005}{section.14.8}% 132
\BOOKMARK [1][-]{section.14.9}{\376\377\000D\000e\000r\000e\000c\000h\000o\000\040\000a\000\040\000l\000a\000\040\000l\000i\000b\000e\000r\000t\000a\000d}{chapter.14}% 133
\BOOKMARK [1][-]{section.14.10}{\376\377\000C\000u\000a\000d\000r\000o\000\040\000C\000o\000r\000n\000e\000l\000l\000\040\000d\000e\000\040\000r\000e\000p\000a\000s\000o}{chapter.14}% 134
\BOOKMARK [0][-]{chapter.15}{\376\377\000L\000a\000\040\000m\000u\000e\000r\000t\000e\000:\000\040\000f\000i\000n\000\040\000d\000e\000\040\000l\000a\000\040\000e\000x\000i\000s\000t\000e\000n\000c\000i\000a\000\040\000d\000e\000\040\000l\000a\000\040\000p\000e\000r\000s\000o\000n\000a\000\040\000h\000u\000m\000a\000n\000a}{part.2}% 135
\BOOKMARK [1][-]{section.15.1}{\376\377\000U\000b\000i\000c\000a\000c\000i\000\363\000n\000\040\000t\000e\000m\000\341\000t\000i\000c\000a\000\040\000y\000\040\000r\000e\000l\000e\000v\000a\000n\000c\000i\000a\000\040\000p\000r\000\341\000c\000t\000i\000c\000a}{chapter.15}% 136
\BOOKMARK [1][-]{section.15.2}{\376\377\000L\000a\000\040\000m\000u\000e\000r\000t\000e\000:\000\040\000c\000o\000n\000c\000e\000p\000t\000o\000,\000\040\000c\000o\000m\000p\000r\000o\000b\000a\000c\000i\000\363\000n\000\040\000y\000\040\000n\000o\000r\000m\000a\000t\000i\000v\000a}{chapter.15}% 137
\B