\BOOKMARK [0][-]{chapter.1}{CICLO DE VIDA, Modelo en cascada}{}% 1
\BOOKMARK [1][-]{section.1.1}{ETAPAS}{chapter.1}% 2
\BOOKMARK [2][-]{subsection.1.1.1}{Elaboraci\363n}{section.1.1}% 3
\BOOKMARK [2][-]{subsection.1.1.2}{Implantaci\363n}{section.1.1}% 4
\BOOKMARK [2][-]{subsection.1.1.3}{Mantenimiento}{section.1.1}% 5
\BOOKMARK [0][-]{chapter.2}{LA IMPLANTACI\323N Y SUS ETAPAS}{}% 6
\BOOKMARK [1][-]{section.2.1}{M\351todo de Implantaci\363n y definici\363n de la fecha de Puesta Operativa \(go-live\)}{chapter.2}% 7
\BOOKMARK [1][-]{section.2.2}{Calidad de la Informaci\363n}{chapter.2}% 8
\BOOKMARK [1][-]{section.2.3}{Marco Normativo}{chapter.2}% 9
\BOOKMARK [1][-]{section.2.4}{Capacitaci\363n}{chapter.2}% 10
\BOOKMARK [1][-]{section.2.5}{Perfiles de Usuario}{chapter.2}% 11
\BOOKMARK [1][-]{section.2.6}{Pruebas de stress y de hardware y software}{chapter.2}% 12
\BOOKMARK [1][-]{section.2.7}{Plan de Corte}{chapter.2}% 13
\BOOKMARK [1][-]{section.2.8}{Plan de Contingencia}{chapter.2}% 14
\BOOKMARK [1][-]{section.2.9}{An\341lisis Post-Implantaci\363n}{chapter.2}% 15
\BOOKMARK [1][-]{section.2.10}{Ejercicios}{chapter.2}% 16
\BOOKMARK [2][-]{section*.2}{Verdadero o falso}{section.2.10}% 17
\BOOKMARK [0][-]{chapter.3}{Calidad de la informaci\363n}{}% 18
\BOOKMARK [1][-]{section.3.1}{Objetivo:}{chapter.3}% 19
\BOOKMARK [1][-]{section.3.2}{Definici\363n:}{chapter.3}% 20
\BOOKMARK [1][-]{section.3.3}{Situaciones que incitan a la migraci\363n de datos:}{chapter.3}% 21
\BOOKMARK [1][-]{section.3.4}{Proceso de migraci\363n/conversi\363n/depuraci\363n:}{chapter.3}% 22
\BOOKMARK [1][-]{section.3.5}{Ejercicios}{chapter.3}% 23
\BOOKMARK [2][-]{section*.3}{Verdadero o falso}{section.3.5}% 24
\BOOKMARK [0][-]{chapter.4}{Manual de Usuario}{}% 25
\BOOKMARK [1][-]{section.4.1}{Objetivo:}{chapter.4}% 26
\BOOKMARK [1][-]{section.4.2}{Definici\363n:}{chapter.4}% 27
\BOOKMARK [1][-]{section.4.3}{Elaborar el manual de usuario:}{chapter.4}% 28
\BOOKMARK [2][-]{subsection.4.3.1}{evitar los 13 pasos terribles}{section.4.3}% 29
\BOOKMARK [1][-]{section.4.4}{Ejercicios}{chapter.4}% 30
\BOOKMARK [0][-]{chapter.5}{Capacitaci\363n de Usuario}{}% 31
\BOOKMARK [1][-]{section.5.1}{Objetivo:}{chapter.5}% 32
\BOOKMARK [1][-]{section.5.2}{Determinar el personal a formar:}{chapter.5}% 33
\BOOKMARK [1][-]{section.5.3}{Determinar el alcance y la estrategia:}{chapter.5}% 34
\BOOKMARK [1][-]{section.5.4}{Capacitaci\363n y m\351todo de implantaci\363n}{chapter.5}% 35
\BOOKMARK [1][-]{section.5.5}{Ejercicios}{chapter.5}% 36
\BOOKMARK [2][-]{section*.4}{Verdadero o falso}{section.5.5}% 37
\BOOKMARK [0][-]{chapter.6}{PLAN DE PRUEBAS}{}% 38
\BOOKMARK [1][-]{section*.5}{Para los desarrollos a medida:}{chapter.6}% 39
\BOOKMARK [2][-]{section*.6}{Para la implantaci\363n de una soluci\363n standard de mercado}{section*.5}% 40
\BOOKMARK [1][-]{section.6.1}{ESQUEMA TRADICIONAL DE PRUEBAS}{chapter.6}% 41
\BOOKMARK [1][-]{section.6.2}{PREPARAR Y REALIZAR LA PRUEBA DE FUNCIONAMIENTO}{chapter.6}% 42
\BOOKMARK [1][-]{section.6.3}{REALIZAR Y VERIFICAR LA PRUEBA DE ACEPTACI\323N}{chapter.6}% 43
\BOOKMARK [1][-]{section.6.4}{TIPOS DE PRUEBAS}{chapter.6}% 44
\BOOKMARK [1][-]{section.6.5}{EL SIGLO XXI Y LAS PRUEBAS}{chapter.6}% 45
\BOOKMARK [1][-]{section.6.6}{\277VERDADERO O FALSO?}{chapter.6}% 46
\BOOKMARK [0][-]{chapter.7}{MARCO NORMATIVO}{}% 47
\BOOKMARK [1][-]{section.7.1}{Pol\355ticas}{chapter.7}% 48
\BOOKMARK [1][-]{section.7.2}{Manuales de Autorizaci\363n}{chapter.7}% 49
\BOOKMARK [1][-]{section.7.3}{Manuales de Procedimientos}{chapter.7}% 50
\BOOKMARK [1][-]{section.7.4}{Marco normat\355vo y su relaci\363n con el organigrama}{chapter.7}% 51
\BOOKMARK [1][-]{section.7.5}{Ejercicio}{chapter.7}% 52
\BOOKMARK [0][-]{chapter.8}{PERFILES DE USUARIO}{}% 53
\BOOKMARK [0][-]{chapter.9}{Repaso}{}% 54
\BOOKMARK [1][-]{section.9.1}{M\351todo de implantacion}{chapter.9}% 55
\BOOKMARK [1][-]{section.9.2}{Fecha de PO}{chapter.9}% 56
\BOOKMARK [0][-]{chapter.10}{Pr\341cticas}{}% 57
\BOOKMARK [1][-]{section.10.1}{Ejercicio 1}{chapter.10}% 58
\BOOKMARK [2][-]{subsection.10.1.1}{Solucion}{section.10.1}% 59
\BOOKMARK [3][-]{section*.7}{M\351todo de Implantaci\363n}{subsection.10.1.1}% 60
\BOOKMARK [3][-]{section*.8}{Puesta Operativa}{subsection.10.1.1}% 61
\BOOKMARK [3][-]{section*.9}{Interfaces}{subsection.10.1.1}% 62
\BOOKMARK [3][-]{section*.10}{Calidad de la Informaci\363n}{subsection.10.1.1}% 63
\BOOKMARK [0][-]{chapter.11}{Verdadero - Falso}{}% 64
\BOOKMARK [0][-]{chapter.12}{Plan de Implantaci\363n - CheckList}{}% 65
\BOOKMARK [1][-]{section.12.1}{Revisi\363n de Hardware y Software}{chapter.12}% 66
\BOOKMARK [1][-]{section.12.2}{M\351todo de Implantaci\363n}{chapter.12}% 67
\BOOKMARK [1][-]{section.12.3}{Puesta Operativa}{chapter.12}% 68
\BOOKMARK [1][-]{section.12.4}{Interfaces}{chapter.12}% 69
\BOOKMARK [1][-]{section.12.5}{Perfiles}{chapter.12}% 70
\BOOKMARK [1][-]{section.12.6}{Migraci\363n}{chapter.12}% 71
\BOOKMARK [1][-]{section.12.7}{Manual de Usuario}{chapter.12}% 72
\BOOKMARK [1][-]{section.12.8}{Manual de Normas y Procedimientos}{chapter.12}% 73
\BOOKMARK [1][-]{section.12.9}{Manual de Autorizaciones}{chapter.12}% 74
\BOOKMARK [1][-]{section.12.10}{Capacitaci\363n}{chapter.12}% 75
\BOOKMARK [1][-]{section.12.11}{Plan de Pruebas}{chapter.12}% 76
\BOOKMARK [1][-]{section.12.12}{Plan de Corte}{chapter.12}% 77
\BOOKMARK [1][-]{section.12.13}{Plan de Contingencia}{chapter.12}% 78
\BOOKMARK [1][-]{section.12.14}{An\341lisis Post-Implantaci\363n}{chapter.12}% 79
