\BOOKMARK [0][-]{chapter.1}{\376\377\000F\000u\000n\000d\000a\000m\000e\000n\000t\000o\000s\000\040\000y\000\040\000c\000l\000a\000s\000i\000f\000i\000c\000a\000c\000i\000\363\000n\000\040\000d\000e\000\040\000l\000o\000s\000\040\000s\000i\000s\000t\000e\000m\000a\000s\000\040\000c\000a\000u\000t\000e\000l\000a\000r\000e\000s}{}% 1
\BOOKMARK [1][-]{section*.2}{\376\377\000T\000e\000m\000a\000s\000\040\000a\000b\000o\000r\000d\000a\000d\000o\000s}{chapter.1}% 2
\BOOKMARK [1][-]{section.1.1}{\376\377\000L\000a\000\040\000a\000c\000t\000u\000a\000c\000i\000\363\000n\000\040\000d\000e\000\040\000l\000a\000\040\000l\000e\000y\000\040\000e\000n\000\040\000e\000l\000\040\000p\000r\000o\000c\000e\000s\000o}{chapter.1}% 3
\BOOKMARK [2][-]{subsection.1.1.1}{\376\377\000L\000o\000s\000\040\000t\000r\000e\000s\000\040\000m\000o\000d\000o\000s\000\040\000d\000e\000\040\000a\000c\000t\000u\000a\000c\000i\000\363\000n\000\040\000d\000e\000\040\000l\000a\000\040\000l\000e\000y}{section.1.1}% 4
\BOOKMARK [2][-]{subsection.1.1.2}{\376\377\000E\000l\000\040\000p\000o\000d\000e\000r\000\040\000c\000a\000u\000t\000e\000l\000a\000r}{section.1.1}% 5
\BOOKMARK [2][-]{subsection.1.1.3}{\376\377\000C\000a\000u\000t\000e\000l\000a\000\040\000v\000e\000r\000s\000u\000s\000\040\000c\000o\000n\000d\000e\000n\000a}{section.1.1}% 6
\BOOKMARK [1][-]{section.1.2}{\376\377\000C\000l\000a\000s\000i\000f\000i\000c\000a\000c\000i\000\363\000n\000\040\000d\000e\000\040\000l\000o\000s\000\040\000s\000i\000s\000t\000e\000m\000a\000s\000\040\000c\000a\000u\000t\000e\000l\000a\000r\000e\000s}{chapter.1}% 7
\BOOKMARK [2][-]{subsection.1.2.1}{\376\377\000E\000l\000\040\000t\000r\000a\000t\000a\000m\000i\000e\000n\000t\000o\000\040\000c\000o\000m\000o\000\040\000s\000i\000s\000t\000e\000m\000a}{section.1.2}% 8
\BOOKMARK [2][-]{subsection.1.2.2}{\376\377\000\301\000m\000b\000i\000t\000o\000\040\000n\000o\000r\000m\000a\000l\000\040\000y\000\040\000\341\000m\000b\000i\000t\000o\000\040\000e\000x\000c\000e\000p\000c\000i\000o\000n\000a\000l}{section.1.2}% 9
\BOOKMARK [2][-]{subsection.1.2.3}{\376\377\000S\000i\000s\000t\000e\000m\000a\000s\000\040\000a\000s\000e\000g\000u\000r\000a\000t\000i\000v\000o\000s\000\040\000p\000r\000o\000b\000a\000t\000o\000r\000i\000o\000s}{section.1.2}% 10
\BOOKMARK [2][-]{subsection.1.2.4}{\376\377\000S\000i\000s\000t\000e\000m\000a\000s\000\040\000p\000r\000e\000c\000a\000u\000t\000o\000r\000i\000o\000s\000\040\000t\000r\000a\000d\000i\000c\000i\000o\000n\000a\000l\000e\000s}{section.1.2}% 11
\BOOKMARK [2][-]{subsection.1.2.5}{\376\377\000S\000i\000s\000t\000e\000m\000a\000s\000\040\000a\000s\000e\000g\000u\000r\000a\000t\000i\000v\000o\000s\000\040\000g\000a\000r\000a\000n\000t\000i\000z\000a\000d\000o\000r\000e\000s}{section.1.2}% 12
\BOOKMARK [2][-]{subsection.1.2.6}{\376\377\000S\000i\000s\000t\000e\000m\000a\000s\000\040\000a\000s\000e\000g\000u\000r\000a\000t\000i\000v\000o\000s\000\040\000g\000e\000n\000\351\000r\000i\000c\000o\000s}{section.1.2}% 13
\BOOKMARK [2][-]{subsection.1.2.7}{\376\377\000\301\000m\000b\000i\000t\000o\000\040\000e\000x\000c\000e\000p\000c\000i\000o\000n\000a\000l\000:\000\040\000t\000u\000t\000e\000l\000a\000\040\000a\000n\000t\000i\000c\000i\000p\000a\000d\000a\000\040\000y\000\040\000s\000i\000s\000t\000e\000m\000a\000s\000\040\000p\000r\000o\000t\000e\000c\000t\000o\000r\000e\000s}{section.1.2}% 14
\BOOKMARK [0][-]{chapter.2}{\376\377\000M\000e\000d\000i\000d\000a\000s\000\040\000c\000a\000u\000t\000e\000l\000a\000r\000e\000s\000\040\000t\000r\000a\000d\000i\000c\000i\000o\000n\000a\000l\000e\000s\000\040\000y\000\040\000s\000u\000s\000\040\000p\000r\000e\000s\000u\000p\000u\000e\000s\000t\000o\000s}{}% 15
\BOOKMARK [1][-]{section.2.1}{\376\377\000C\000o\000n\000c\000e\000p\000t\000o\000\040\000d\000e\000\040\000m\000e\000d\000i\000d\000a\000s\000\040\000c\000a\000u\000t\000e\000l\000a\000r\000e\000s}{chapter.2}% 16
\BOOKMARK [1][-]{section.2.2}{\376\377\000P\000r\000e\000s\000u\000p\000u\000e\000s\000t\000o\000s\000\040\000d\000e\000\040\000l\000a\000s\000\040\000m\000e\000d\000i\000d\000a\000s\000\040\000c\000a\000u\000t\000e\000l\000a\000r\000e\000s}{chapter.2}% 17
\BOOKMARK [2][-]{subsection.2.2.1}{\376\377\000P\000r\000e\000s\000u\000p\000u\000e\000s\000t\000o\000s\000\040\000s\000u\000s\000t\000a\000n\000c\000i\000a\000l\000e\000s}{section.2.2}% 18
\BOOKMARK [2][-]{subsection.2.2.2}{\376\377\000P\000r\000e\000s\000u\000p\000u\000e\000s\000t\000o\000s\000\040\000p\000r\000o\000c\000e\000s\000a\000l\000e\000s\000\040\040\024\000\040\000A\000r\000t\000\355\000c\000u\000l\000o\000\040\0001\0009\0005\000\040\000C\000P\000C\000C\000N}{section.2.2}% 19
\BOOKMARK [1][-]{section.2.3}{\376\377\000C\000a\000r\000a\000c\000t\000e\000r\000e\000s\000\040\000p\000a\000r\000t\000i\000c\000u\000l\000a\000r\000e\000s\000\040\000d\000e\000\040\000l\000a\000s\000\040\000m\000e\000d\000i\000d\000a\000s\000\040\000c\000a\000u\000t\000e\000l\000a\000r\000e\000s}{chapter.2}% 20
\BOOKMARK [2][-]{subsection.2.3.1}{\376\377\000P\000r\000o\000v\000i\000s\000o\000r\000i\000e\000d\000a\000d\000\040\040\024\000\040\000A\000r\000t\000\355\000c\000u\000l\000o\000\040\0002\0000\0002\000\040\000C\000P\000C\000C\000N}{section.2.3}% 21
\BOOKMARK [2][-]{subsection.2.3.2}{\376\377\000M\000o\000d\000i\000f\000i\000c\000a\000b\000i\000l\000i\000d\000a\000d\000\040\040\024\000\040\000A\000r\000t\000\355\000c\000u\000l\000o\000\040\0002\0000\0003\000\040\000C\000P\000C\000C\000N}{section.2.3}% 22
\BOOKMARK [2][-]{subsection.2.3.3}{\376\377\000F\000a\000c\000u\000l\000t\000a\000d\000e\000s\000\040\000d\000e\000l\000\040\000j\000u\000e\000z\000\040\040\024\000\040\000A\000r\000t\000\355\000c\000u\000l\000o\000\040\0002\0000\0004\000\040\000C\000P\000C\000C\000N}{section.2.3}% 23
\BOOKMARK [2][-]{subsection.2.3.4}{\376\377\000C\000a\000d\000u\000c\000i\000d\000a\000d\000\040\040\024\000\040\000A\000r\000t\000\355\000c\000u\000l\000o\000\040\0002\0000\0007\000\040\000C\000P\000C\000C\000N}{section.2.3}% 24
\BOOKMARK [2][-]{subsection.2.3.5}{\376\377\000T\000r\000a\000m\000i\000t\000a\000c\000i\000\363\000n\000\040\000i\000n\000a\000u\000d\000i\000t\000a\000\040\000p\000a\000r\000t\000e\000\040\000y\000\040\000r\000e\000c\000u\000r\000s\000o\000s\000\040\040\024\000\040\000A\000r\000t\000\355\000c\000u\000l\000o\000\040\0001\0009\0008\000\040\000C\000P\000C\000C\000N}{section.2.3}% 25
\BOOKMARK [1][-]{section.2.4}{\376\377\000C\000l\000a\000s\000i\000f\000i\000c\000a\000c\000i\000\363\000n\000\040\000d\000e\000\040\000l\000a\000s\000\040\000m\000e\000d\000i\000d\000a\000s\000\040\000c\000a\000u\000t\000e\000l\000a\000r\000e\000s\000\040\000s\000e\000g\000\372\000n\000\040\000s\000u\000\040\000o\000b\000j\000e\000t\000o}{chapter.2}% 26
\BOOKMARK [0][-]{chapter.3}{\376\377\000C\000u\000a\000d\000r\000o\000\040\000C\000o\000r\000n\000e\000l\000l\000\040\040\024\000\040\000R\000e\000p\000a\000s\000o\000\040\000i\000n\000t\000e\000g\000r\000a\000d\000o\000r}{}% 27
