\BOOKMARK [1][-]{chapter*.2}{\376\377\000R\000e\000s\000u\000m\000e\000n}{}% 1
\BOOKMARK [1][-]{section.0.1}{\376\377\000C\000o\000n\000o\000c\000i\000m\000i\000e\000n\000t\000o\000s\000\040\000p\000r\000e\000v\000i\000o\000s}{}% 2
\BOOKMARK [1][-]{section.0.2}{\376\377\000C\000o\000n\000t\000e\000n\000i\000d\000o\000s\000\040\000M\000\355\000n\000i\000m\000o\000s}{}% 3
\BOOKMARK [1][-]{section.0.3}{\376\377\000O\000b\000j\000e\000t\000i\000v\000o\000s\000\040\000G\000e\000n\000e\000r\000a\000l\000e\000s}{}% 4
\BOOKMARK [1][-]{section.0.4}{\376\377\000O\000b\000j\000e\000t\000i\000v\000o\000s\000\040\000E\000s\000p\000e\000c\000\355\000f\000i\000c\000o\000s}{}% 5
\BOOKMARK [0][-]{chapter.1}{\376\377\000U\000n\000i\000d\000a\000d\000\040\0001}{}% 6
\BOOKMARK [1][-]{section.1.1}{\376\377\000\277\000Q\000u\000e\000\040\000e\000s\000\040\000e\000l\000\040\000D\000e\000r\000e\000c\000h\000o\000?\000:}{chapter.1}% 7
\BOOKMARK [2][-]{subsection.1.1.1}{\376\377\000c\000o\000n\000c\000e\000p\000t\000o}{section.1.1}% 8
\BOOKMARK [3][-]{section*.3}{\376\377\000\040\000d\000i\000s\000t\000i\000n\000t\000a\000s\000\040\000d\000e\000f\000i\000n\000i\000c\000i\000o\000n\000e\000s\000\040\000a\000r\000t\000i\000c\000u\000l\000a\000d\000a\000s\000\040\000p\000o\000r\000\040\000l\000a\000\040\000d\000o\000c\000t\000r\000i\000n\000a}{subsection.1.1.1}% 9
\BOOKMARK [2][-]{subsection.1.1.2}{\376\377\000D\000e\000r\000e\000c\000h\000o\000\040\000o\000b\000j\000e\000t\000i\000v\000o\000\040\000y\000\040\000s\000u\000b\000j\000e\000t\000i\000v\000o\000.}{section.1.1}% 10
\BOOKMARK [0][-]{chapter.2}{\376\377\000c\000l\000a\000s\000e\000\040\0002\000\040\000-\000\040\000F\000u\000e\000n\000t\000e\000s\000\040\000d\000e\000l\000\040\000d\000e\000r\000e\000c\000h\000o\000.}{}% 11
\BOOKMARK [1][-]{section.2.1}{\376\377\000\277\000Q\000u\000i\000\351\000n\000\040\000e\000s\000\040\000e\000l\000\040\000i\000n\000t\000\351\000r\000p\000r\000e\000t\000e\000?}{chapter.2}% 12
\BOOKMARK [1][-]{section.2.2}{\376\377\000F\000u\000e\000n\000t\000e\000s\000\040\000F\000o\000r\000m\000a\000l\000e\000s}{chapter.2}% 13
\BOOKMARK [2][-]{subsection.2.2.1}{\376\377\000L\000a\000\040\000l\000e\000y}{section.2.2}% 14
\BOOKMARK [3][-]{section*.4}{\376\377\000C\000l\000a\000s\000i\000f\000i\000c\000a\000c\000i\000\363\000n\000\040\000d\000e\000\040\000l\000a\000\040\000l\000e\000y}{subsection.2.2.1}% 15
\BOOKMARK [3][-]{section*.5}{\376\377\000l\000e\000y\000\040\000e\000n\000\040\000s\000e\000n\000t\000i\000d\000o\000\040\000f\000o\000r\000m\000a\000l\000\040\000y\000\040\000e\000n\000\040\000s\000e\000n\000t\000i\000d\000o\000\040\000m\000a\000t\000e\000r\000i\000a\000l}{subsection.2.2.1}% 16
\BOOKMARK [3][-]{section*.6}{\376\377\000L\000a\000\040\000i\000m\000p\000e\000r\000a\000t\000i\000v\000a\000\040\000y\000\040\000l\000e\000y\000\040\000s\000u\000p\000l\000e\000t\000o\000r\000i\000a}{subsection.2.2.1}% 17
\BOOKMARK [3][-]{section*.7}{\376\377\000L\000e\000y\000\040\000s\000u\000p\000l\000e\000t\000o\000r\000i\000a}{subsection.2.2.1}% 18
\BOOKMARK [3][-]{section*.8}{\376\377\000L\000e\000y\000\040\000P\000r\000o\000h\000i\000b\000i\000t\000i\000v\000a\000\040\000y\000\040\000d\000i\000s\000p\000o\000s\000i\000t\000i\000v\000a}{subsection.2.2.1}% 19
\BOOKMARK [3][-]{section*.9}{\376\377\000l\000e\000y\000\040\000p\000e\000r\000f\000e\000c\000t\000a}{subsection.2.2.1}% 20
\BOOKMARK [3][-]{section*.10}{\376\377\000l\000e\000y\000\040\000i\000m\000p\000e\000r\000f\000e\000c\000t\000a}{subsection.2.2.1}% 21
\BOOKMARK [3][-]{section*.11}{\376\377\000l\000e\000y\000\040\000m\000e\000n\000o\000s\000\040\000q\000u\000e\000\040\000p\000e\000r\000f\000e\000c\000t\000a}{subsection.2.2.1}% 22
\BOOKMARK [3][-]{section*.12}{\376\377\000l\000e\000y\000\040\000m\000\341\000s\000\040\000q\000u\000e\000\040\000p\000e\000r\000f\000e\000c\000t\000a\000\040\000o\000\040\000p\000l\000u\000s\000c\000u\000a\000m\000p\000e\000r\000f\000e\000c\000t\000a}{subsection.2.2.1}% 23
\BOOKMARK [3][-]{section*.13}{\376\377\000\277\000C\000u\000\341\000n\000d\000o\000\040\000e\000n\000t\000r\000a\000\040\000e\000n\000\040\000v\000i\000g\000e\000n\000c\000i\000a\000\040\000u\000n\000a\000\040\000l\000e\000y\000?\000\040\000Y\000\040\000c\000u\000a\000n\000d\000o\000\040\000d\000e\000j\000a\000\040\000d\000e\000\040\000t\000e\000n\000e\000r\000\040\000v\000i\000g\000e\000n\000c\000i\000a}{subsection.2.2.1}% 24
\BOOKMARK [3][-]{section*.14}{\376\377\000\277\000Y\000\040\000h\000a\000s\000t\000a\000\040\000c\000u\000\341\000n\000d\000o\000\040\000t\000i\000e\000n\000e\000\040\000v\000i\000g\000e\000n\000c\000i\000a\000?}{subsection.2.2.1}% 25
\BOOKMARK [3][-]{section*.15}{\376\377\000J\000e\000r\000a\000r\000q\000u\000\355\000a\000\040\000d\000e\000\040\000l\000e\000y\000e\000s}{subsection.2.2.1}% 26
\BOOKMARK [2][-]{subsection.2.2.2}{\376\377\000L\000a\000\040\000C\000o\000s\000t\000u\000m\000b\000r\000e}{section.2.2}% 27
\BOOKMARK [3][-]{section*.16}{\376\377\000P\000o\000d\000e\000m\000o\000s\000\040\000h\000a\000b\000l\000a\000r\000\040\000d\000e\000\040\000t\000r\000e\000s\000\040\000t\000i\000p\000o\000s\000\040\000d\000e\000\040\000c\000o\000s\000t\000u\000m\000b\000r\000e\000s}{subsection.2.2.2}% 28
\BOOKMARK [3][-]{section*.17}{\376\377\000L\000a\000\040\000c\000o\000s\000t\000u\000m\000b\000r\000e\000\040\000s\000e\000c\000u\000n\000d\000u\000m\000\040\000l\000e\000g\000e\000m}{subsection.2.2.2}% 29
\BOOKMARK [3][-]{section*.18}{\376\377\000L\000a\000\040\000c\000o\000s\000t\000u\000m\000b\000r\000e\000\040\000p\000r\000a\000e\000t\000e\000r\000\040\000l\000e\000g\000e\000m\000\040}{subsection.2.2.2}% 30
\BOOKMARK [3][-]{section*.19}{\376\377\000L\000a\000\040\000c\000o\000s\000t\000u\000m\000b\000r\000e\000\040\000c\000o\000n\000t\000r\000a\000\040\000l\000e\000g\000e\000m}{subsection.2.2.2}% 31
\BOOKMARK [2][-]{subsection.2.2.3}{\376\377\000F\000a\000l\000l\000o\000s\000\040\000p\000l\000e\000n\000a\000r\000i\000o\000s}{section.2.2}% 32
\BOOKMARK [3][-]{section*.20}{\376\377\000C\000\363\000m\000o\000\040\000s\000e\000\040\000h\000a\000c\000e}{subsection.2.2.3}% 33
\BOOKMARK [1][-]{section.2.3}{\376\377\000F\000u\000e\000n\000t\000e\000s\000\040\000M\000a\000t\000e\000r\000i\000a\000l\000e\000s}{chapter.2}% 34
\BOOKMARK [2][-]{subsection.2.3.1}{\376\377\000L\000a\000\040\000J\000u\000r\000i\000s\000p\000r\000u\000d\000e\000n\000c\000i\000a}{section.2.3}% 35
\BOOKMARK [3][-]{section*.21}{\376\377\000A\000r\000t\000\355\000c\000u\000l\000o\000\040\0003\000\040\000d\000e\000l\000\040\000c\000\363\000d\000i\000g\000o\000\040\000c\000i\000v\000i\000l}{subsection.2.3.1}% 36
\BOOKMARK [3][-]{section*.22}{\376\377\000C\000\363\000m\000o\000\040\000e\000s\000t\000\341\000\040\000o\000r\000g\000a\000n\000i\000z\000a\000d\000o\000\040\000e\000l\000\040\000f\000o\000r\000o\000\040\000c\000i\000v\000i\000l}{subsection.2.3.1}% 37
\BOOKMARK [2][-]{subsection.2.3.2}{\376\377\000L\000a\000\040\000d\000o\000c\000t\000r\000i\000n\000a}{section.2.3}% 38
\BOOKMARK [2][-]{subsection.2.3.3}{\376\377\000P\000r\000i\000n\000c\000i\000p\000i\000o\000s\000\040\000g\000e\000n\000e\000r\000a\000l\000e\000s\000\040\000d\000e\000l\000\040\000d\000e\000r\000e\000c\000h\000o}{section.2.3}% 39
\BOOKMARK [2][-]{subsection.2.3.4}{\376\377\000e\000l\000\040\000d\000e\000r\000e\000c\000h\000o\000\040\000c\000o\000m\000p\000a\000r\000a\000d\000o}{section.2.3}% 40
\BOOKMARK [2][-]{subsection.2.3.5}{\376\377\000l\000a\000\040\000e\000q\000u\000i\000d\000a\000d\000\040}{section.2.3}% 41
\BOOKMARK [0][-]{chapter.3}{\376\377\000f\000u\000e\000n\000t\000e\000s\000\040\000d\000e\000l\000\040\000l\000i\000b\000r\000o\000\040\000a\000m\000e\000a\000l}{}% 42
\BOOKMARK [0][-]{chapter.4}{\376\377\000c\000l\000a\000s\000e\000\040\0003\000\040\000-\000\040\000I\000r\000r\000e\000t\000r\000o\000a\000c\000t\000i\000v\000i\000d\000a\000d\000\040\000d\000e\000\040\000l\000a\000\040\000l\000e\000y}{}% 43
\BOOKMARK [1][-]{subsection.4.0.1}{\376\377\000L\000e\000y\000\040\000i\000m\000p\000e\000r\000a\000t\000i\000v\000a\000\040\000y\000\040\000l\000e\000y\000\040\000s\000u\000p\000l\000e\000t\000o\000r\000i\000a}{chapter.4}% 44
\BOOKMARK [0][-]{chapter.5}{\376\377\000E\000j\000e\000r\000c\000i\000c\000i\000o\000\040\000a\000b\000u\000s\000i\000v\000o\000\040\000d\000e\000l\000\040\000d\000e\000r\000e\000c\000h\000o}{}% 45
\BOOKMARK [1][-]{section.5.1}{\376\377\000T\000e\000o\000r\000\355\000a\000\040\000c\000l\000\341\000s\000i\000c\000a}{chapter.5}% 46
\BOOKMARK [2][-]{subsection.5.1.1}{\376\377\000D\000e\000f\000i\000n\000i\000c\000i\000\363\000n\000\040\000d\000e\000\040\000v\000a\000r\000i\000a\000b\000l\000e\000s}{section.5.1}% 47
\BOOKMARK [2][-]{subsection.5.1.2}{\376\377\000P\000r\000u\000e\000b\000a\000s\000\040\000y\000\040\000r\000e\000f\000u\000t\000a\000c\000i\000o\000n\000e\000s}{section.5.1}% 48
\BOOKMARK [1][-]{section.5.2}{\376\377\000H\000i\000p\000\363\000t\000e\000s\000i\000s}{chapter.5}% 49
\BOOKMARK [0][-]{chapter.6}{\376\377\000R\000e\000s\000u\000l\000t\000a\000d\000o\000s}{}% 50
\BOOKMARK [1][-]{section.6.1}{\376\377\000S\000i\000m\000u\000l\000a\000c\000i\000\363\000n\000\040\000d\000e\000\040\000r\000e\000s\000u\000l\000t\000a\000d\000o\000s}{chapter.6}% 51
\BOOKMARK [2][-]{subsection.6.1.1}{\376\377\000S\000u\000p\000o\000s\000i\000c\000i\000o\000n\000e\000s}{section.6.1}% 52
\BOOKMARK [2][-]{subsection.6.1.2}{\376\377\000M\000o\000d\000e\000l\000o\000s}{section.6.1}% 53
\BOOKMARK [1][-]{section.6.2}{\376\377\000R\000e\000s\000u\000l\000t\000a\000d\000o\000s\000\040\000p\000r\000e\000l\000i\000m\000i\000n\000a\000r\000e\000s}{chapter.6}% 54
\BOOKMARK [1][-]{section.6.3}{\376\377\000R\000e\000s\000u\000l\000t\000a\000d\000o\000s\000\040\000p\000o\000s\000t\000p\000r\000o\000c\000e\000s\000a\000d\000o\000s}{chapter.6}% 55
\BOOKMARK [2][-]{subsection.6.3.1}{\376\377\000V\000a\000l\000o\000r\000e\000s\000\040\000a\000t\000\355\000p\000i\000c\000o\000s}{section.6.3}% 56
\BOOKMARK [2][-]{subsection.6.3.2}{\376\377\000C\000o\000r\000r\000e\000l\000a\000c\000i\000o\000n\000e\000s}{section.6.3}% 57
\BOOKMARK [0][-]{chapter.7}{\376\377\000C\000o\000n\000c\000l\000u\000s\000i\000o\000n\000e\000s}{}% 58
