\BOOKMARK [0][-]{chapter.1}{\376\377\000F\000u\000n\000d\000a\000m\000e\000n\000t\000o\000s\000\040\000d\000e\000l\000\040\000p\000r\000o\000c\000e\000s\000o\000\040\000d\000e\000\040\000d\000e\000s\000a\000l\000o\000j\000o}{}% 1
\BOOKMARK [1][-]{section.1.1}{\376\377\000M\000a\000r\000c\000o\000\040\000g\000e\000n\000e\000r\000a\000l\000\040\000d\000e\000\040\000l\000a\000\040\000c\000l\000a\000s\000e}{chapter.1}% 2
\BOOKMARK [1][-]{section.1.2}{\376\377\000D\000e\000s\000a\000l\000o\000j\000o\000\040\000c\000o\000n\000t\000r\000a\000\040\000i\000n\000t\000r\000u\000s\000o\000s\000\040\000y\000\040\000c\000o\000n\000t\000r\000a\000\040\000l\000o\000c\000a\000t\000a\000r\000i\000o\000s}{chapter.1}% 3
\BOOKMARK [1][-]{section.1.3}{\376\377\000C\000o\000n\000s\000e\000j\000o\000\040\000p\000r\000o\000f\000e\000s\000i\000o\000n\000a\000l\000:\000\040\000p\000r\000e\000c\000i\000s\000i\000\363\000n\000\040\000y\000\040\000c\000o\000n\000s\000i\000s\000t\000e\000n\000c\000i\000a\000\040\000e\000n\000\040\000l\000a\000\040\000d\000e\000m\000a\000n\000d\000a}{chapter.1}% 4
\BOOKMARK [1][-]{section.1.4}{\376\377\000E\000l\000\040\000c\000\363\000d\000i\000g\000o\000\040\000c\000o\000m\000o\000\040\000h\000e\000r\000r\000a\000m\000i\000e\000n\000t\000a\000\040\000p\000r\000o\000f\000e\000s\000i\000o\000n\000a\000l\000\040\000p\000e\000r\000m\000a\000n\000e\000n\000t\000e}{chapter.1}% 5
\BOOKMARK [0][-]{chapter.2}{\376\377\000C\000a\000u\000s\000a\000l\000e\000s\000\040\000d\000e\000\040\000d\000e\000s\000a\000l\000o\000j\000o\000\040\000y\000\040\000e\000s\000t\000r\000u\000c\000t\000u\000r\000a\000\040\000d\000e\000\040\000l\000a\000\040\000d\000e\000m\000a\000n\000d\000a}{}% 6
\BOOKMARK [1][-]{section.2.1}{\376\377\000D\000e\000s\000a\000l\000o\000j\000o\000\040\000p\000o\000r\000\040\000v\000e\000n\000c\000i\000m\000i\000e\000n\000t\000o\000\040\000d\000e\000\040\000c\000o\000n\000t\000r\000a\000t\000o}{chapter.2}% 7
\BOOKMARK [2][-]{subsection.2.1.1}{\376\377\000L\000o\000s\000\040\000h\000e\000c\000h\000o\000s\000\040\000d\000e\000l\000\040\000c\000a\000s\000o}{section.2.1}% 8
\BOOKMARK [2][-]{subsection.2.1.2}{\376\377\000I\000n\000t\000i\000m\000a\000c\000i\000\363\000n\000\040\000p\000r\000e\000v\000i\000a\000:\000\040\000l\000a\000\040\000c\000a\000r\000t\000a\000\040\000d\000o\000c\000u\000m\000e\000n\000t\000o}{section.2.1}% 9
\BOOKMARK [2][-]{subsection.2.1.3}{\376\377\000M\000a\000n\000i\000f\000e\000s\000t\000a\000c\000i\000\363\000n\000\040\000s\000o\000b\000r\000e\000\040\000s\000u\000b\000l\000o\000c\000a\000t\000a\000r\000i\000o\000s\000\040\000y\000\040\000o\000c\000u\000p\000a\000n\000t\000e\000s\000\040\000d\000e\000s\000c\000o\000n\000o\000c\000i\000d\000o\000s}{section.2.1}% 10
\BOOKMARK [2][-]{subsection.2.1.4}{\376\377\000E\000l\000\040\000l\000a\000n\000z\000a\000m\000i\000e\000n\000t\000o\000\040\000i\000n\000m\000e\000d\000i\000a\000t\000o\000\040\000y\000\040\000s\000u\000\040\000n\000a\000t\000u\000r\000a\000l\000e\000z\000a\000\040\000j\000u\000r\000\355\000d\000i\000c\000a}{section.2.1}% 11
\BOOKMARK [1][-]{section.2.2}{\376\377\000D\000e\000s\000a\000l\000o\000j\000o\000\040\000p\000o\000r\000\040\000f\000a\000l\000t\000a\000\040\000d\000e\000\040\000p\000a\000g\000o}{chapter.2}% 12
\BOOKMARK [1][-]{section.2.3}{\376\377\000E\000s\000t\000r\000u\000c\000t\000u\000r\000a\000\040\000d\000e\000\040\000l\000a\000\040\000d\000e\000m\000a\000n\000d\000a\000:\000\040\000e\000l\000\040\000a\000r\000t\000\355\000c\000u\000l\000o\000\040\0003\0003\0000\000\040\000d\000e\000l\000\040\000C\000\363\000d\000i\000g\000o\000\040\000P\000r\000o\000c\000e\000s\000a\000l}{chapter.2}% 13
\BOOKMARK [1][-]{section.2.4}{\376\377\000C\000u\000a\000d\000r\000o\000\040\000c\000o\000m\000p\000a\000r\000a\000t\000i\000v\000o\000\040\000d\000e\000\040\000l\000a\000s\000\040\000c\000a\000u\000s\000a\000l\000e\000s\000\040\000d\000e\000\040\000d\000e\000s\000a\000l\000o\000j\000o}{chapter.2}% 14
\BOOKMARK [0][-]{chapter.3}{\376\377\000L\000a\000\040\000p\000r\000u\000e\000b\000a\000\040\000e\000n\000\040\000e\000l\000\040\000j\000u\000i\000c\000i\000o\000\040\000d\000e\000\040\000d\000e\000s\000a\000l\000o\000j\000o}{}% 15
\BOOKMARK [1][-]{section.3.1}{\376\377\000O\000p\000o\000r\000t\000u\000n\000i\000d\000a\000d\000\040\000p\000r\000o\000c\000e\000s\000a\000l\000\040\000p\000a\000r\000a\000\040\000e\000l\000\040\000o\000f\000r\000e\000c\000i\000m\000i\000e\000n\000t\000o\000\040\000d\000e\000\040\000l\000a\000\040\000p\000r\000u\000e\000b\000a}{chapter.3}% 16
\BOOKMARK [1][-]{section.3.2}{\376\377\000P\000r\000u\000e\000b\000a\000\040\000d\000o\000c\000u\000m\000e\000n\000t\000a\000l}{chapter.3}% 17
\BOOKMARK [1][-]{section.3.3}{\376\377\000P\000r\000u\000e\000b\000a\000\040\000c\000o\000n\000f\000e\000s\000i\000o\000n\000a\000l\000:\000\040\000e\000l\000\040\000p\000l\000i\000e\000g\000o\000\040\000d\000e\000\040\000p\000o\000s\000i\000c\000i\000o\000n\000e\000s}{chapter.3}% 18
\BOOKMARK [1][-]{section.3.4}{\376\377\000P\000r\000u\000e\000b\000a\000\040\000p\000e\000r\000i\000c\000i\000a\000l\000\040\000c\000a\000l\000i\000g\000r\000\341\000f\000i\000c\000a}{chapter.3}% 19
\BOOKMARK [0][-]{chapter.4}{\376\377\000C\000o\000m\000p\000e\000t\000e\000n\000c\000i\000a\000,\000\040\000d\000o\000m\000i\000c\000i\000l\000i\000o\000s\000\040\000y\000\040\000e\000x\000c\000e\000p\000c\000i\000o\000n\000e\000s\000\040\000p\000r\000o\000c\000e\000s\000a\000l\000e\000s}{}% 20
\BOOKMARK [1][-]{section.4.1}{\376\377\000R\000e\000g\000l\000a\000s\000\040\000g\000e\000n\000e\000r\000a\000l\000e\000s\000\040\000d\000e\000\040\000c\000o\000m\000p\000e\000t\000e\000n\000c\000i\000a\000\040\000y\000\040\000p\000r\000\363\000r\000r\000o\000g\000a\000\040\000d\000e\000\040\000j\000u\000r\000i\000s\000d\000i\000c\000c\000i\000\363\000n}{chapter.4}% 21
\BOOKMARK [1][-]{section.4.2}{\376\377\000D\000o\000m\000i\000c\000i\000l\000i\000o\000\040\000r\000e\000a\000l\000,\000\040\000e\000s\000p\000e\000c\000i\000a\000l\000\040\000y\000\040\000e\000l\000e\000c\000t\000r\000\363\000n\000i\000c\000o}{chapter.4}% 22
\BOOKMARK [2][-]{subsection.4.2.1}{\376\377\000C\000\363\000m\000p\000u\000t\000o\000\040\000d\000e\000\040\000l\000o\000s\000\040\000p\000l\000a\000z\000o\000s\000:\000\040\000d\000\355\000a\000s\000\040\000c\000o\000r\000r\000i\000d\000o\000s\000\040\000y\000\040\000d\000\355\000a\000s\000\040\000h\000\341\000b\000i\000l\000e\000s}{section.4.2}% 23
\BOOKMARK [1][-]{section.4.3}{\376\377\000E\000x\000c\000e\000p\000c\000i\000o\000n\000e\000s\000\040\000p\000r\000o\000c\000e\000s\000a\000l\000e\000s\000:\000\040\000l\000a\000\040\000e\000x\000c\000e\000p\000c\000i\000\363\000n\000\040\000d\000e\000\040\000a\000r\000r\000a\000i\000g\000o}{chapter.4}% 24
\BOOKMARK [0][-]{chapter.5}{\376\377\000T\000a\000l\000l\000e\000r\000\040\000p\000r\000\341\000c\000t\000i\000c\000o\000:\000\040\000r\000e\000d\000a\000c\000c\000i\000\363\000n\000\040\000g\000r\000u\000p\000a\000l\000\040\000d\000e\000\040\000u\000n\000a\000\040\000d\000e\000m\000a\000n\000d\000a\000\040\000d\000e\000\040\000d\000e\000s\000a\000l\000o\000j\000o}{}% 25
\BOOKMARK [1][-]{section.5.1}{\376\377\000O\000r\000g\000a\000n\000i\000z\000a\000c\000i\000\363\000n\000\040\000d\000e\000\040\000l\000o\000s\000\040\000g\000r\000u\000p\000o\000s\000\040\000y\000\040\000r\000o\000l\000e\000s\000\040\000p\000r\000o\000c\000e\000s\000a\000l\000e\000s}{chapter.5}% 26
\BOOKMARK [1][-]{section.5.2}{\376\377\000D\000a\000t\000o\000s\000\040\000d\000e\000\040\000l\000a\000s\000\040\000p\000a\000r\000t\000e\000s\000:\000\040\000p\000e\000r\000s\000o\000n\000e\000r\000\355\000a\000,\000\040\000d\000o\000m\000i\000c\000i\000l\000i\000o\000s\000\040\000y\000\040\000p\000a\000t\000r\000o\000c\000i\000n\000i\000o\000\040\000l\000e\000t\000r\000a\000d\000o}{chapter.5}% 27
\BOOKMARK [1][-]{section.5.3}{\376\377\000O\000b\000j\000e\000t\000o\000\040\000d\000e\000\040\000l\000a\000\040\000d\000e\000m\000a\000n\000d\000a\000\040\000y\000\040\000m\000a\000n\000i\000f\000e\000s\000t\000a\000c\000i\000\363\000n\000\040\000s\000o\000b\000r\000e\000\040\000o\000c\000u\000p\000a\000n\000t\000e\000s}{chapter.5}% 28
\BOOKMARK [1][-]{section.5.4}{\376\377\000H\000e\000c\000h\000o\000s\000\040\000y\000\040\000a\000n\000t\000e\000c\000e\000d\000e\000n\000t\000e\000s\000\040\000c\000o\000n\000t\000r\000a\000c\000t\000u\000a\000l\000e\000s}{chapter.5}% 29
\BOOKMARK [1][-]{section.5.5}{\376\377\000T\000a\000s\000a\000\040\000d\000e\000\040\000j\000u\000s\000t\000i\000c\000i\000a\000\040\000y\000\040\000p\000e\000t\000i\000t\000o\000r\000i\000o\000\040\000f\000i\000n\000a\000l}{chapter.5}% 30
\BOOKMARK [0][-]{chapter.6}{\376\377\000C\000u\000a\000d\000r\000o\000\040\000C\000o\000r\000n\000e\000l\000l\000\040\000d\000e\000\040\000r\000e\000p\000a\000s\000o\000\040\000g\000e\000n\000e\000r\000a\000l}{}% 31
